Copyright 1986-2022 Xilinx, Inc. All Rights Reserved.
-----------------------------------------------------------------------------------------------------------------------------------------------------------------------------------------------------------------
| Tool Version      : Vivado v.2022.2 (win64) Build 3671981 Fri Oct 14 05:00:03 MDT 2022
| Date              : Wed Sep 30 17:30:33 2026
| Host              : FLY running 64-bit major release  (build 9200)
| Command           : report_timing -to [get_cells -quiet -hier -filter {NAME =~ *result_value_reg*}] -max_paths 3 -file C:/Users/fly04/Desktop/VLA/PCore_2.0/v3/reports/ooc_dea8_deqacc32_v5/fp_pack_timing.rpt
| Design            : dea8_deqacc32_v5
| Device            : xcu50-fsvh2104
| Speed File        : -2  PRODUCTION 1.30 05-01-2022
| Temperature Grade : E
-----------------------------------------------------------------------------------------------------------------------------------------------------------------------------------------------------------------

Timing Report

Slack (MET) :             2.305ns  (required time - arrival time)
  Source:                 genblk1[0].lanes[0].lane/norm_q_reg[norm][sum_norm][0]/C
                            (rising edge-triggered cell FDRE clocked by core_clk  {rise@0.000ns fall@2.000ns period=4.000ns})
  Destination:            genblk1[0].lanes[0].lane/result_value_reg[0]/D
                            (rising edge-triggered cell FDRE clocked by core_clk  {rise@0.000ns fall@2.000ns period=4.000ns})
  Path Group:             core_clk
  Path Type:              Setup (Max at Slow Process Corner)
  Requirement:            4.000ns  (core_clk rise@4.000ns - core_clk rise@0.000ns)
  Data Path Delay:        1.676ns  (logic 0.624ns (37.231%)  route 1.052ns (62.768%))
  Logic Levels:           9  (CARRY8=4 LUT4=1 LUT6=4)
  Clock Path Skew:        -0.009ns (DCD - SCD + CPR)
    Destination Clock Delay (DCD):    0.021ns = ( 4.021 - 4.000 ) 
    Source Clock Delay      (SCD):    0.030ns
    Clock Pessimism Removal (CPR):    0.000ns
  Clock Uncertainty:      0.035ns  ((TSJ^2 + TIJ^2)^1/2 + DJ) / 2 + PE
    Total System Jitter     (TSJ):    0.071ns
    Total Input Jitter      (TIJ):    0.000ns
    Discrete Jitter          (DJ):    0.000ns
    Phase Error              (PE):    0.000ns

    Location             Delay type                Incr(ns)  Path(ns)    Netlist Resource(s)
  -------------------------------------------------------------------    -------------------
                         (clock core_clk rise edge)
                                                      0.000     0.000 r  
                                                      0.000     0.000 r  clk (IN)
                         net (fo=25913, unset)        0.030     0.030    genblk1[0].lanes[0].lane/clk
                         FDRE                                         r  genblk1[0].lanes[0].lane/norm_q_reg[norm][sum_norm][0]/C
  -------------------------------------------------------------------    -------------------
                         FDRE (Prop_FDRE_C_Q)         0.077     0.107 r  genblk1[0].lanes[0].lane/norm_q_reg[norm][sum_norm][0]/Q
                         net (fo=1, unplaced)         0.092     0.199    genblk1[0].lanes[0].lane/norm_q_reg[norm][sum_norm_n_0_][0]
                         LUT4 (Prop_LUT4_I0_O)        0.100     0.299 r  genblk1[0].lanes[0].lane/result_value[7]_i_4/O
                         net (fo=1, unplaced)         0.020     0.319    genblk1[0].lanes[0].lane/result_value[7]_i_4_n_0
                         CARRY8 (Prop_CARRY8_S[0]_CO[7])
                                                      0.199     0.518 r  genblk1[0].lanes[0].lane/result_value_reg[7]_i_3/CO[7]
                         net (fo=1, unplaced)         0.005     0.523    genblk1[0].lanes[0].lane/result_value_reg[7]_i_3_n_0
                         CARRY8 (Prop_CARRY8_CI_CO[7])
                                                      0.022     0.545 r  genblk1[0].lanes[0].lane/result_value_reg[15]_i_3/CO[7]
                         net (fo=1, unplaced)         0.005     0.550    genblk1[0].lanes[0].lane/result_value_reg[15]_i_3_n_0
                         CARRY8 (Prop_CARRY8_CI_CO[7])
                                                      0.022     0.572 r  genblk1[0].lanes[0].lane/result_value_reg[22]_i_3/CO[7]
                         net (fo=1, unplaced)         0.005     0.577    genblk1[0].lanes[0].lane/result_value_reg[22]_i_3_n_0
                         CARRY8 (Prop_CARRY8_CI_CO[0])
                                                      0.052     0.629 r  genblk1[0].lanes[0].lane/result_value_reg[27]_i_4/CO[0]
                         net (fo=32, unplaced)        0.245     0.874    genblk1[0].lanes[0].lane/p_0_in__0
                         LUT6 (Prop_LUT6_I2_O)        0.038     0.912 r  genblk1[0].lanes[0].lane/result_value[30]_i_6/O
                         net (fo=5, unplaced)         0.203     1.115    genblk1[0].lanes[0].lane/result_value[30]_i_6_n_0
                         LUT6 (Prop_LUT6_I4_O)        0.038     1.153 f  genblk1[0].lanes[0].lane/result_value[30]_i_5/O
                         net (fo=31, unplaced)        0.244     1.397    genblk1[0].lanes[0].lane/fp32_pack_mid1
                         LUT6 (Prop_LUT6_I2_O)        0.038     1.435 r  genblk1[0].lanes[0].lane/result_value[0]_i_2/O
                         net (fo=1, unplaced)         0.185     1.620    genblk1[0].lanes[0].lane/result_value[0]_i_2_n_0
                         LUT6 (Prop_LUT6_I1_O)        0.038     1.658 r  genblk1[0].lanes[0].lane/result_value[0]_i_1/O
                         net (fo=1, unplaced)         0.048     1.706    genblk1[0].lanes[0].lane/result_value[0]_i_1_n_0
                         FDRE                                         r  genblk1[0].lanes[0].lane/result_value_reg[0]/D
  -------------------------------------------------------------------    -------------------

                         (clock core_clk rise edge)
                                                      4.000     4.000 r  
                                                      0.000     4.000 r  clk (IN)
                         net (fo=25913, unset)        0.021     4.021    genblk1[0].lanes[0].lane/clk
                         FDRE                                         r  genblk1[0].lanes[0].lane/result_value_reg[0]/C
                         clock pessimism              0.000     4.021    
                         clock uncertainty           -0.035     3.986    
                         FDRE (Setup_FDRE_C_D)        0.025     4.011    genblk1[0].lanes[0].lane/result_value_reg[0]
  -------------------------------------------------------------------
                         required time                          4.011    
                         arrival time                          -1.706    
  -------------------------------------------------------------------
                         slack                                  2.305    

Slack (MET) :             2.305ns  (required time - arrival time)
  Source:                 genblk1[0].lanes[0].lane/norm_q_reg[norm][sum_norm][0]/C
                            (rising edge-triggered cell FDRE clocked by core_clk  {rise@0.000ns fall@2.000ns period=4.000ns})
  Destination:            genblk1[0].lanes[0].lane/result_value_reg[10]/D
                            (rising edge-triggered cell FDRE clocked by core_clk  {rise@0.000ns fall@2.000ns period=4.000ns})
  Path Group:             core_clk
  Path Type:              Setup (Max at Slow Process Corner)
  Requirement:            4.000ns  (core_clk rise@4.000ns - core_clk rise@0.000ns)
  Data Path Delay:        1.676ns  (logic 0.624ns (37.231%)  route 1.052ns (62.768%))
  Logic Levels:           9  (CARRY8=4 LUT4=1 LUT6=4)
  Clock Path Skew:        -0.009ns (DCD - SCD + CPR)
    Destination Clock Delay (DCD):    0.021ns = ( 4.021 - 4.000 ) 
    Source Clock Delay      (SCD):    0.030ns
    Clock Pessimism Removal (CPR):    0.000ns
  Clock Uncertainty:      0.035ns  ((TSJ^2 + TIJ^2)^1/2 + DJ) / 2 + PE
    Total System Jitter     (TSJ):    0.071ns
    Total Input Jitter      (TIJ):    0.000ns
    Discrete Jitter          (DJ):    0.000ns
    Phase Error              (PE):    0.000ns

    Location             Delay type                Incr(ns)  Path(ns)    Netlist Resource(s)
  -------------------------------------------------------------------    -------------------
                         (clock core_clk rise edge)
                                                      0.000     0.000 r  
                                                      0.000     0.000 r  clk (IN)
                         net (fo=25913, unset)        0.030     0.030    genblk1[0].lanes[0].lane/clk
                         FDRE                                         r  genblk1[0].lanes[0].lane/norm_q_reg[norm][sum_norm][0]/C
  -------------------------------------------------------------------    -------------------
                         FDRE (Prop_FDRE_C_Q)         0.077     0.107 r  genblk1[0].lanes[0].lane/norm_q_reg[norm][sum_norm][0]/Q
                         net (fo=1, unplaced)         0.092     0.199    genblk1[0].lanes[0].lane/norm_q_reg[norm][sum_norm_n_0_][0]
                         LUT4 (Prop_LUT4_I0_O)        0.100     0.299 r  genblk1[0].lanes[0].lane/result_value[7]_i_4/O
                         net (fo=1, unplaced)         0.020     0.319    genblk1[0].lanes[0].lane/result_value[7]_i_4_n_0
                         CARRY8 (Prop_CARRY8_S[0]_CO[7])
                                                      0.199     0.518 r  genblk1[0].lanes[0].lane/result_value_reg[7]_i_3/CO[7]
                         net (fo=1, unplaced)         0.005     0.523    genblk1[0].lanes[0].lane/result_value_reg[7]_i_3_n_0
                         CARRY8 (Prop_CARRY8_CI_CO[7])
                                                      0.022     0.545 r  genblk1[0].lanes[0].lane/result_value_reg[15]_i_3/CO[7]
                         net (fo=1, unplaced)         0.005     0.550    genblk1[0].lanes[0].lane/result_value_reg[15]_i_3_n_0
                         CARRY8 (Prop_CARRY8_CI_CO[7])
                                                      0.022     0.572 r  genblk1[0].lanes[0].lane/result_value_reg[22]_i_3/CO[7]
                         net (fo=1, unplaced)         0.005     0.577    genblk1[0].lanes[0].lane/result_value_reg[22]_i_3_n_0
                         CARRY8 (Prop_CARRY8_CI_CO[0])
                                                      0.052     0.629 r  genblk1[0].lanes[0].lane/result_value_reg[27]_i_4/CO[0]
                         net (fo=32, unplaced)        0.245     0.874    genblk1[0].lanes[0].lane/p_0_in__0
                         LUT6 (Prop_LUT6_I2_O)        0.038     0.912 r  genblk1[0].lanes[0].lane/result_value[30]_i_6/O
                         net (fo=5, unplaced)         0.203     1.115    genblk1[0].lanes[0].lane/result_value[30]_i_6_n_0
                         LUT6 (Prop_LUT6_I4_O)        0.038     1.153 f  genblk1[0].lanes[0].lane/result_value[30]_i_5/O
                         net (fo=31, unplaced)        0.244     1.397    genblk1[0].lanes[0].lane/fp32_pack_mid1
                         LUT6 (Prop_LUT6_I2_O)        0.038     1.435 r  genblk1[0].lanes[0].lane/result_value[10]_i_2/O
                         net (fo=1, unplaced)         0.185     1.620    genblk1[0].lanes[0].lane/result_value[10]_i_2_n_0
                         LUT6 (Prop_LUT6_I1_O)        0.038     1.658 r  genblk1[0].lanes[0].lane/result_value[10]_i_1/O
                         net (fo=1, unplaced)         0.048     1.706    genblk1[0].lanes[0].lane/result_value[10]_i_1_n_0
                         FDRE                                         r  genblk1[0].lanes[0].lane/result_value_reg[10]/D
  -------------------------------------------------------------------    -------------------

                         (clock core_clk rise edge)
                                                      4.000     4.000 r  
                                                      0.000     4.000 r  clk (IN)
                         net (fo=25913, unset)        0.021     4.021    genblk1[0].lanes[0].lane/clk
                         FDRE                                         r  genblk1[0].lanes[0].lane/result_value_reg[10]/C
                         clock pessimism              0.000     4.021    
                         clock uncertainty           -0.035     3.986    
                         FDRE (Setup_FDRE_C_D)        0.025     4.011    genblk1[0].lanes[0].lane/result_value_reg[10]
  -------------------------------------------------------------------
                         required time                          4.011    
                         arrival time                          -1.706    
  -------------------------------------------------------------------
                         slack                                  2.305    

Slack (MET) :             2.305ns  (required time - arrival time)
  Source:                 genblk1[0].lanes[0].lane/norm_q_reg[norm][sum_norm][0]/C
                            (rising edge-triggered cell FDRE clocked by core_clk  {rise@0.000ns fall@2.000ns period=4.000ns})
  Destination:            genblk1[0].lanes[0].lane/result_value_reg[11]/D
                            (rising edge-triggered cell FDRE clocked by core_clk  {rise@0.000ns fall@2.000ns period=4.000ns})
  Path Group:             core_clk
  Path Type:              Setup (Max at Slow Process Corner)
  Requirement:            4.000ns  (core_clk rise@4.000ns - core_clk rise@0.000ns)
  Data Path Delay:        1.676ns  (logic 0.624ns (37.231%)  route 1.052ns (62.768%))
  Logic Levels:           9  (CARRY8=4 LUT4=1 LUT6=4)
  Clock Path Skew:        -0.009ns (DCD - SCD + CPR)
    Destination Clock Delay (DCD):    0.021ns = ( 4.021 - 4.000 ) 
    Source Clock Delay      (SCD):    0.030ns
    Clock Pessimism Removal (CPR):    0.000ns
  Clock Uncertainty:      0.035ns  ((TSJ^2 + TIJ^2)^1/2 + DJ) / 2 + PE
    Total System Jitter     (TSJ):    0.071ns
    Total Input Jitter      (TIJ):    0.000ns
    Discrete Jitter          (DJ):    0.000ns
    Phase Error              (PE):    0.000ns

    Location             Delay type                Incr(ns)  Path(ns)    Netlist Resource(s)
  -------------------------------------------------------------------    -------------------
                         (clock core_clk rise edge)
                                                      0.000     0.000 r  
                                                      0.000     0.000 r  clk (IN)
                         net (fo=25913, unset)        0.030     0.030    genblk1[0].lanes[0].lane/clk
                         FDRE                                         r  genblk1[0].lanes[0].lane/norm_q_reg[norm][sum_norm][0]/C
  -------------------------------------------------------------------    -------------------
                         FDRE (Prop_FDRE_C_Q)         0.077     0.107 r  genblk1[0].lanes[0].lane/norm_q_reg[norm][sum_norm][0]/Q
                         net (fo=1, unplaced)         0.092     0.199    genblk1[0].lanes[0].lane/norm_q_reg[norm][sum_norm_n_0_][0]
                         LUT4 (Prop_LUT4_I0_O)        0.100     0.299 r  genblk1[0].lanes[0].lane/result_value[7]_i_4/O
                         net (fo=1, unplaced)         0.020     0.319    genblk1[0].lanes[0].lane/result_value[7]_i_4_n_0
                         CARRY8 (Prop_CARRY8_S[0]_CO[7])
                                                      0.199     0.518 r  genblk1[0].lanes[0].lane/result_value_reg[7]_i_3/CO[7]
                         net (fo=1, unplaced)         0.005     0.523    genblk1[0].lanes[0].lane/result_value_reg[7]_i_3_n_0
                         CARRY8 (Prop_CARRY8_CI_CO[7])
                                                      0.022     0.545 r  genblk1[0].lanes[0].lane/result_value_reg[15]_i_3/CO[7]
                         net (fo=1, unplaced)         0.005     0.550    genblk1[0].lanes[0].lane/result_value_reg[15]_i_3_n_0
                         CARRY8 (Prop_CARRY8_CI_CO[7])
                                                      0.022     0.572 r  genblk1[0].lanes[0].lane/result_value_reg[22]_i_3/CO[7]
                         net (fo=1, unplaced)         0.005     0.577    genblk1[0].lanes[0].lane/result_value_reg[22]_i_3_n_0
                         CARRY8 (Prop_CARRY8_CI_CO[0])
                                                      0.052     0.629 r  genblk1[0].lanes[0].lane/result_value_reg[27]_i_4/CO[0]
                         net (fo=32, unplaced)        0.245     0.874    genblk1[0].lanes[0].lane/p_0_in__0
                         LUT6 (Prop_LUT6_I2_O)        0.038     0.912 r  genblk1[0].lanes[0].lane/result_value[30]_i_6/O
                         net (fo=5, unplaced)         0.203     1.115    genblk1[0].lanes[0].lane/result_value[30]_i_6_n_0
                         LUT6 (Prop_LUT6_I4_O)        0.038     1.153 f  genblk1[0].lanes[0].lane/result_value[30]_i_5/O
                         net (fo=31, unplaced)        0.244     1.397    genblk1[0].lanes[0].lane/fp32_pack_mid1
                         LUT6 (Prop_LUT6_I2_O)        0.038     1.435 r  genblk1[0].lanes[0].lane/result_value[11]_i_2/O
                         net (fo=1, unplaced)         0.185     1.620    genblk1[0].lanes[0].lane/result_value[11]_i_2_n_0
                         LUT6 (Prop_LUT6_I1_O)        0.038     1.658 r  genblk1[0].lanes[0].lane/result_value[11]_i_1/O
                         net (fo=1, unplaced)         0.048     1.706    genblk1[0].lanes[0].lane/result_value[11]_i_1_n_0
                         FDRE                                         r  genblk1[0].lanes[0].lane/result_value_reg[11]/D
  -------------------------------------------------------------------    -------------------

                         (clock core_clk rise edge)
                                                      4.000     4.000 r  
                                                      0.000     4.000 r  clk (IN)
                         net (fo=25913, unset)        0.021     4.021    genblk1[0].lanes[0].lane/clk
                         FDRE                                         r  genblk1[0].lanes[0].lane/result_value_reg[11]/C
                         clock pessimism              0.000     4.021    
                         clock uncertainty           -0.035     3.986    
                         FDRE (Setup_FDRE_C_D)        0.025     4.011    genblk1[0].lanes[0].lane/result_value_reg[11]
  -------------------------------------------------------------------
                         required time                          4.011    
                         arrival time                          -1.706    
  -------------------------------------------------------------------
                         slack                                  2.305    




