Copyright 1986-2022 Xilinx, Inc. All Rights Reserved.
-----------------------------------------------------------------------------------------------------------------------------------------
| Tool Version      : Vivado v.2022.2 (win64) Build 3671981 Fri Oct 14 05:00:03 MDT 2022
| Date              : Wed Sep 30 17:35:02 2026
| Host              : FLY running 64-bit major release  (build 9200)
| Command           : report_timing_summary -file C:/Users/fly04/Desktop/VLA/PCore_2.0/v3/reports/ooc_dea8_deqacc32_v5/placed_timing.rpt
| Design            : dea8_deqacc32_v5
| Device            : xcu50-fsvh2104
| Speed File        : -2  PRODUCTION 1.30 05-01-2022
| Temperature Grade : E
-----------------------------------------------------------------------------------------------------------------------------------------

Timing Summary Report

------------------------------------------------------------------------------------------------
| Timer Settings
| --------------
------------------------------------------------------------------------------------------------

  Enable Multi Corner Analysis               :  Yes
  Enable Pessimism Removal                   :  Yes
  Pessimism Removal Resolution               :  Nearest Common Node
  Enable Input Delay Default Clock           :  No
  Enable Preset / Clear Arcs                 :  No
  Disable Flight Delays                      :  No
  Ignore I/O Paths                           :  No
  Timing Early Launch at Borrowing Latches   :  No
  Borrow Time for Max Delay Exceptions       :  Yes
  Merge Timing Exceptions                    :  Yes

  Corner  Analyze    Analyze    
  Name    Max Paths  Min Paths  
  ------  ---------  ---------  
  Slow    Yes        Yes        
  Fast    Yes        Yes        


------------------------------------------------------------------------------------------------
| Report Methodology
| ------------------
------------------------------------------------------------------------------------------------

No report available as report_methodology has not been run prior. Run report_methodology on the current design for the summary of methodology violations.



check_timing report

Table of Contents
-----------------
1. checking no_clock (0)
2. checking constant_clock (0)
3. checking pulse_width_clock (0)
4. checking unconstrained_internal_endpoints (0)
5. checking no_input_delay (0)
6. checking no_output_delay (1062)
7. checking multiple_clock (0)
8. checking generated_clocks (0)
9. checking loops (0)
10. checking partial_input_delay (2277)
11. checking partial_output_delay (0)
12. checking latch_loops (0)

1. checking no_clock (0)
------------------------
 There are 0 register/latch pins with no clock.


2. checking constant_clock (0)
------------------------------
 There are 0 register/latch pins with constant_clock.


3. checking pulse_width_clock (0)
---------------------------------
 There are 0 register/latch pins which need pulse_width check


4. checking unconstrained_internal_endpoints (0)
------------------------------------------------
 There are 0 pins that are not constrained for maximum delay.

 There are 0 pins that are not constrained for maximum delay due to constant clock.


5. checking no_input_delay (0)
------------------------------
 There are 0 input ports with no input delay specified.

 There are 0 input ports with no input delay but user has a false path constraint.


6. checking no_output_delay (1062)
----------------------------------
 There are 1062 ports with no output delay specified. (HIGH)

 There are 0 ports with no output delay but user has a false path constraint

 There are 0 ports with no output delay but with a timing clock defined on it or propagating through it


7. checking multiple_clock (0)
------------------------------
 There are 0 register/latch pins with multiple clocks.


8. checking generated_clocks (0)
--------------------------------
 There are 0 generated clocks that are not connected to a clock source.


9. checking loops (0)
---------------------
 There are 0 combinational loops in the design.


10. checking partial_input_delay (2277)
---------------------------------------
 There are 2277 input ports with partial input delay specified. (HIGH)


11. checking partial_output_delay (0)
-------------------------------------
 There are 0 ports with partial output delay specified.


12. checking latch_loops (0)
----------------------------
 There are 0 combinational latch loops in the design through latch input



------------------------------------------------------------------------------------------------
| Design Timing Summary
| ---------------------
------------------------------------------------------------------------------------------------

    WNS(ns)      TNS(ns)  TNS Failing Endpoints  TNS Total Endpoints      WHS(ns)      THS(ns)  THS Failing Endpoints  THS Total Endpoints     WPWS(ns)     TPWS(ns)  TPWS Failing Endpoints  TPWS Total Endpoints  
    -------      -------  ---------------------  -------------------      -------      -------  ---------------------  -------------------     --------     --------  ----------------------  --------------------  
      0.522        0.000                      0                58994        0.021        0.000                      0                42409        1.458        0.000                       0                 25770  


All user specified timing constraints are met.


------------------------------------------------------------------------------------------------
| Clock Summary
| -------------
------------------------------------------------------------------------------------------------

Clock     Waveform(ns)         Period(ns)      Frequency(MHz)
-----     ------------         ----------      --------------
core_clk  {0.000 2.000}        4.000           250.000         


------------------------------------------------------------------------------------------------
| Intra Clock Table
| -----------------
------------------------------------------------------------------------------------------------

Clock             WNS(ns)      TNS(ns)  TNS Failing Endpoints  TNS Total Endpoints      WHS(ns)      THS(ns)  THS Failing Endpoints  THS Total Endpoints     WPWS(ns)     TPWS(ns)  TPWS Failing Endpoints  TPWS Total Endpoints  
-----             -------      -------  ---------------------  -------------------      -------      -------  ---------------------  -------------------     --------     --------  ----------------------  --------------------  
core_clk            0.522        0.000                      0                58994        0.021        0.000                      0                42409        1.458        0.000                       0                 25770  


------------------------------------------------------------------------------------------------
| Inter Clock Table
| -----------------
------------------------------------------------------------------------------------------------

From Clock    To Clock          WNS(ns)      TNS(ns)  TNS Failing Endpoints  TNS Total Endpoints      WHS(ns)      THS(ns)  THS Failing Endpoints  THS Total Endpoints  
----------    --------          -------      -------  ---------------------  -------------------      -------      -------  ---------------------  -------------------  


------------------------------------------------------------------------------------------------
| Other Path Groups Table
| -----------------------
------------------------------------------------------------------------------------------------

Path Group    From Clock    To Clock          WNS(ns)      TNS(ns)  TNS Failing Endpoints  TNS Total Endpoints      WHS(ns)      THS(ns)  THS Failing Endpoints  THS Total Endpoints  
----------    ----------    --------          -------      -------  ---------------------  -------------------      -------      -------  ---------------------  -------------------  


------------------------------------------------------------------------------------------------
| Timing Details
| --------------
------------------------------------------------------------------------------------------------


---------------------------------------------------------------------------------------------------
From Clock:  core_clk
  To Clock:  core_clk

Setup :            0  Failing Endpoints,  Worst Slack        0.522ns,  Total Violation        0.000ns
Hold  :            0  Failing Endpoints,  Worst Slack        0.021ns,  Total Violation        0.000ns
PW    :            0  Failing Endpoints,  Worst Slack        1.458ns,  Total Violation        0.000ns
---------------------------------------------------------------------------------------------------


Max Delay Paths
--------------------------------------------------------------------------------------
Slack (MET) :             0.522ns  (required time - arrival time)
  Source:                 context_q_reg[0][meta][acc_sel][0]/C
                            (rising edge-triggered cell FDRE clocked by core_clk  {rise@0.000ns fall@2.000ns period=4.000ns})
  Destination:            acc_store/banks[1].parity[1].ram/data_q_reg[215]/CE
                            (rising edge-triggered cell FDRE clocked by core_clk  {rise@0.000ns fall@2.000ns period=4.000ns})
  Path Group:             core_clk
  Path Type:              Setup (Max at Slow Process Corner)
  Requirement:            4.000ns  (core_clk rise@4.000ns - core_clk rise@0.000ns)
  Data Path Delay:        3.374ns  (logic 0.469ns (13.900%)  route 2.905ns (86.100%))
  Logic Levels:           5  (LUT2=1 LUT3=1 LUT5=1 LUT6=2)
  Clock Path Skew:        -0.008ns (DCD - SCD + CPR)
    Destination Clock Delay (DCD):    0.021ns = ( 4.021 - 4.000 ) 
    Source Clock Delay      (SCD):    0.029ns
    Clock Pessimism Removal (CPR):    0.000ns
  Clock Uncertainty:      0.035ns  ((TSJ^2 + TIJ^2)^1/2 + DJ) / 2 + PE
    Total System Jitter     (TSJ):    0.071ns
    Total Input Jitter      (TIJ):    0.000ns
    Discrete Jitter          (DJ):    0.000ns
    Phase Error              (PE):    0.000ns

    Location             Delay type                Incr(ns)  Path(ns)    Netlist Resource(s)
  -------------------------------------------------------------------    -------------------
                         (clock core_clk rise edge)
                                                      0.000     0.000 r  
                                                      0.000     0.000 r  clk (IN)
                         net (fo=25769, unset)        0.029     0.029    clk
    SLICE_X108Y70        FDRE                                         r  context_q_reg[0][meta][acc_sel][0]/C
  -------------------------------------------------------------------    -------------------
    SLICE_X108Y70        FDRE (Prop_EFF_SLICEL_C_Q)
                                                      0.079     0.108 r  context_q_reg[0][meta][acc_sel][0]/Q
                         net (fo=124, estimated)      0.507     0.615    acc_store/banks[2].parity[1].ram/mem_reg_7_4[0]
    SLICE_X102Y73        LUT3 (Prop_D6LUT_SLICEM_I0_O)
                                                      0.099     0.714 f  acc_store/banks[2].parity[1].ram/mem_reg_0_i_99/O
                         net (fo=4, estimated)        0.551     1.265    acc_store/banks[1].parity[1].ram/data_q[511]_i_3__1[1]
    SLICE_X109Y66        LUT5 (Prop_E6LUT_SLICEM_I0_O)
                                                      0.052     1.317 f  acc_store/banks[1].parity[1].ram/data_q[511]_i_6/O
                         net (fo=1, estimated)        0.093     1.410    acc_store/banks[1].parity[1].ram/banks[1].ra[6]
    SLICE_X109Y66        LUT6 (Prop_G6LUT_SLICEM_I2_O)
                                                      0.090     1.500 f  acc_store/banks[1].parity[1].ram/data_q[511]_i_4__1/O
                         net (fo=2, estimated)        0.095     1.595    acc_store/banks[1].parity[1].ram/result_rd_addr_8_sn_1
    SLICE_X109Y66        LUT6 (Prop_H6LUT_SLICEM_I1_O)
                                                      0.039     1.634 f  acc_store/banks[1].parity[1].ram/data_q[511]_i_2__0/O
                         net (fo=6, estimated)        0.208     1.842    acc_store/banks[1].parity[1].ram/data_q[511]_i_2__0_n_0
    SLICE_X108Y66        LUT2 (Prop_C5LUT_SLICEL_I1_O)
                                                      0.110     1.952 r  acc_store/banks[1].parity[1].ram/data_q[511]_i_1__2/O
                         net (fo=512, estimated)      1.451     3.403    acc_store/banks[1].parity[1].ram/data_q0
    SLICE_X52Y87         FDRE                                         r  acc_store/banks[1].parity[1].ram/data_q_reg[215]/CE
  -------------------------------------------------------------------    -------------------

                         (clock core_clk rise edge)
                                                      4.000     4.000 r  
                                                      0.000     4.000 r  clk (IN)
                         net (fo=25769, unset)        0.021     4.021    acc_store/banks[1].parity[1].ram/clk
    SLICE_X52Y87         FDRE                                         r  acc_store/banks[1].parity[1].ram/data_q_reg[215]/C
                         clock pessimism              0.000     4.021    
                         clock uncertainty           -0.035     3.986    
    SLICE_X52Y87         FDRE (Setup_EFF2_SLICEM_C_CE)
                                                     -0.061     3.925    acc_store/banks[1].parity[1].ram/data_q_reg[215]
  -------------------------------------------------------------------
                         required time                          3.925    
                         arrival time                          -3.403    
  -------------------------------------------------------------------
                         slack                                  0.522    





Min Delay Paths
--------------------------------------------------------------------------------------
Slack (MET) :             0.021ns  (arrival time - required time)
  Source:                 genblk1[1].lanes[13].lane/align_q_reg[pre][exponent][4]/C
                            (rising edge-triggered cell FDRE clocked by core_clk  {rise@0.000ns fall@2.000ns period=4.000ns})
  Destination:            genblk1[1].lanes[13].lane/raw_q_reg[raw][exponent][4]/D
                            (rising edge-triggered cell FDRE clocked by core_clk  {rise@0.000ns fall@2.000ns period=4.000ns})
  Path Group:             core_clk
  Path Type:              Hold (Min at Fast Process Corner)
  Requirement:            0.000ns  (core_clk rise@0.000ns - core_clk rise@0.000ns)
  Data Path Delay:        0.074ns  (logic 0.039ns (52.703%)  route 0.035ns (47.297%))
  Logic Levels:           0  
  Clock Path Skew:        0.006ns (DCD - SCD - CPR)
    Destination Clock Delay (DCD):    0.018ns
    Source Clock Delay      (SCD):    0.012ns
    Clock Pessimism Removal (CPR):    -0.000ns

    Location             Delay type                Incr(ns)  Path(ns)    Netlist Resource(s)
  -------------------------------------------------------------------    -------------------
                         (clock core_clk rise edge)
                                                      0.000     0.000 r  
                                                      0.000     0.000 r  clk (IN)
                         net (fo=25769, unset)        0.012     0.012    genblk1[1].lanes[13].lane/clk
    SLICE_X73Y107        FDRE                                         r  genblk1[1].lanes[13].lane/align_q_reg[pre][exponent][4]/C
  -------------------------------------------------------------------    -------------------
    SLICE_X73Y107        FDRE (Prop_AFF_SLICEL_C_Q)
                                                      0.039     0.051 r  genblk1[1].lanes[13].lane/align_q_reg[pre][exponent][4]/Q
                         net (fo=1, estimated)        0.035     0.086    genblk1[1].lanes[13].lane/align_q_reg[pre][exponent][4]
    SLICE_X73Y107        FDRE                                         r  genblk1[1].lanes[13].lane/raw_q_reg[raw][exponent][4]/D
  -------------------------------------------------------------------    -------------------

                         (clock core_clk rise edge)
                                                      0.000     0.000 r  
                                                      0.000     0.000 r  clk (IN)
                         net (fo=25769, unset)        0.018     0.018    genblk1[1].lanes[13].lane/clk
    SLICE_X73Y107        FDRE                                         r  genblk1[1].lanes[13].lane/raw_q_reg[raw][exponent][4]/C
                         clock pessimism              0.000     0.018    
    SLICE_X73Y107        FDRE (Hold_BFF2_SLICEL_C_D)
                                                      0.047     0.065    genblk1[1].lanes[13].lane/raw_q_reg[raw][exponent][4]
  -------------------------------------------------------------------
                         required time                         -0.065    
                         arrival time                           0.086    
  -------------------------------------------------------------------
                         slack                                  0.021    





Pulse Width Checks
--------------------------------------------------------------------------------------
Clock Name:         core_clk
Waveform(ns):       { 0.000 2.000 }
Period(ns):         4.000
Sources:            { clk }

Check Type        Corner  Lib Pin             Reference Pin  Required(ns)  Actual(ns)  Slack(ns)  Location     Pin
Min Period        n/a     RAMB36E2/CLKARDCLK  n/a            1.569         4.000       2.431      RAMB36_X7Y9  acc_store/banks[2].parity[0].ram/mem_reg_0/CLKARDCLK
Low Pulse Width   Slow    RAMB36E2/CLKARDCLK  n/a            0.542         2.000       1.458      RAMB36_X7Y9  acc_store/banks[2].parity[0].ram/mem_reg_0/CLKARDCLK
High Pulse Width  Slow    RAMB36E2/CLKARDCLK  n/a            0.542         2.000       1.458      RAMB36_X7Y9  acc_store/banks[2].parity[0].ram/mem_reg_0/CLKARDCLK



