Copyright 1986-2022 Xilinx, Inc. All Rights Reserved.
---------------------------------------------------------------------------------------------------------------------------------------------------------------------------
| Tool Version      : Vivado v.2022.2 (win64) Build 3671981 Fri Oct 14 05:00:03 MDT 2022
| Date              : Wed Sep 30 17:37:00 2026
| Host              : FLY running 64-bit major release  (build 9200)
| Command           : report_timing_summary -delay_type min_max -max_paths 10 -file C:/Users/fly04/Desktop/VLA/PCore_2.0/v3/reports/ooc_dea8_deqacc32_v5/routed_timing.rpt
| Design            : dea8_deqacc32_v5
| Device            : xcu50-fsvh2104
| Speed File        : -2  PRODUCTION 1.30 05-01-2022
| Temperature Grade : E
---------------------------------------------------------------------------------------------------------------------------------------------------------------------------

Timing Summary Report

------------------------------------------------------------------------------------------------
| Timer Settings
| --------------
------------------------------------------------------------------------------------------------

  Enable Multi Corner Analysis               :  Yes
  Enable Pessimism Removal                   :  Yes
  Pessimism Removal Resolution               :  Nearest Common Node
  Enable Input Delay Default Clock           :  No
  Enable Preset / Clear Arcs                 :  No
  Disable Flight Delays                      :  No
  Ignore I/O Paths                           :  No
  Timing Early Launch at Borrowing Latches   :  No
  Borrow Time for Max Delay Exceptions       :  Yes
  Merge Timing Exceptions                    :  Yes

  Corner  Analyze    Analyze    
  Name    Max Paths  Min Paths  
  ------  ---------  ---------  
  Slow    Yes        Yes        
  Fast    Yes        Yes        


------------------------------------------------------------------------------------------------
| Report Methodology
| ------------------
------------------------------------------------------------------------------------------------

No report available as report_methodology has not been run prior. Run report_methodology on the current design for the summary of methodology violations.



check_timing report

Table of Contents
-----------------
1. checking no_clock (0)
2. checking constant_clock (0)
3. checking pulse_width_clock (0)
4. checking unconstrained_internal_endpoints (0)
5. checking no_input_delay (0)
6. checking no_output_delay (1062)
7. checking multiple_clock (0)
8. checking generated_clocks (0)
9. checking loops (0)
10. checking partial_input_delay (2277)
11. checking partial_output_delay (0)
12. checking latch_loops (0)

1. checking no_clock (0)
------------------------
 There are 0 register/latch pins with no clock.


2. checking constant_clock (0)
------------------------------
 There are 0 register/latch pins with constant_clock.


3. checking pulse_width_clock (0)
---------------------------------
 There are 0 register/latch pins which need pulse_width check


4. checking unconstrained_internal_endpoints (0)
------------------------------------------------
 There are 0 pins that are not constrained for maximum delay.

 There are 0 pins that are not constrained for maximum delay due to constant clock.


5. checking no_input_delay (0)
------------------------------
 There are 0 input ports with no input delay specified.

 There are 0 input ports with no input delay but user has a false path constraint.


6. checking no_output_delay (1062)
----------------------------------
 There are 1062 ports with no output delay specified. (HIGH)

 There are 0 ports with no output delay but user has a false path constraint

 There are 0 ports with no output delay but with a timing clock defined on it or propagating through it


7. checking multiple_clock (0)
------------------------------
 There are 0 register/latch pins with multiple clocks.


8. checking generated_clocks (0)
--------------------------------
 There are 0 generated clocks that are not connected to a clock source.


9. checking loops (0)
---------------------
 There are 0 combinational loops in the design.


10. checking partial_input_delay (2277)
---------------------------------------
 There are 2277 input ports with partial input delay specified. (HIGH)


11. checking partial_output_delay (0)
-------------------------------------
 There are 0 ports with partial output delay specified.


12. checking latch_loops (0)
----------------------------
 There are 0 combinational latch loops in the design through latch input



------------------------------------------------------------------------------------------------
| Design Timing Summary
| ---------------------
------------------------------------------------------------------------------------------------

    WNS(ns)      TNS(ns)  TNS Failing Endpoints  TNS Total Endpoints      WHS(ns)      THS(ns)  THS Failing Endpoints  THS Total Endpoints     WPWS(ns)     TPWS(ns)  TPWS Failing Endpoints  TPWS Total Endpoints  
    -------      -------  ---------------------  -------------------      -------      -------  ---------------------  -------------------     --------     --------  ----------------------  --------------------  
      0.331        0.000                      0                58994        0.041        0.000                      0                42409        1.458        0.000                       0                 25770  


All user specified timing constraints are met.


------------------------------------------------------------------------------------------------
| Clock Summary
| -------------
------------------------------------------------------------------------------------------------

Clock     Waveform(ns)         Period(ns)      Frequency(MHz)
-----     ------------         ----------      --------------
core_clk  {0.000 2.000}        4.000           250.000         


------------------------------------------------------------------------------------------------
| Intra Clock Table
| -----------------
------------------------------------------------------------------------------------------------

Clock             WNS(ns)      TNS(ns)  TNS Failing Endpoints  TNS Total Endpoints      WHS(ns)      THS(ns)  THS Failing Endpoints  THS Total Endpoints     WPWS(ns)     TPWS(ns)  TPWS Failing Endpoints  TPWS Total Endpoints  
-----             -------      -------  ---------------------  -------------------      -------      -------  ---------------------  -------------------     --------     --------  ----------------------  --------------------  
core_clk            0.331        0.000                      0                58994        0.041        0.000                      0                42409        1.458        0.000                       0                 25770  


------------------------------------------------------------------------------------------------
| Inter Clock Table
| -----------------
------------------------------------------------------------------------------------------------

From Clock    To Clock          WNS(ns)      TNS(ns)  TNS Failing Endpoints  TNS Total Endpoints      WHS(ns)      THS(ns)  THS Failing Endpoints  THS Total Endpoints  
----------    --------          -------      -------  ---------------------  -------------------      -------      -------  ---------------------  -------------------  


------------------------------------------------------------------------------------------------
| Other Path Groups Table
| -----------------------
------------------------------------------------------------------------------------------------

Path Group    From Clock    To Clock          WNS(ns)      TNS(ns)  TNS Failing Endpoints  TNS Total Endpoints      WHS(ns)      THS(ns)  THS Failing Endpoints  THS Total Endpoints  
----------    ----------    --------          -------      -------  ---------------------  -------------------      -------      -------  ---------------------  -------------------  


------------------------------------------------------------------------------------------------
| Timing Details
| --------------
------------------------------------------------------------------------------------------------


---------------------------------------------------------------------------------------------------
From Clock:  core_clk
  To Clock:  core_clk

Setup :            0  Failing Endpoints,  Worst Slack        0.331ns,  Total Violation        0.000ns
Hold  :            0  Failing Endpoints,  Worst Slack        0.041ns,  Total Violation        0.000ns
PW    :            0  Failing Endpoints,  Worst Slack        1.458ns,  Total Violation        0.000ns
---------------------------------------------------------------------------------------------------


Max Delay Paths
--------------------------------------------------------------------------------------
Slack (MET) :             0.331ns  (required time - arrival time)
  Source:                 acc_store/banks[1].parity[0].ram/initialized_q_reg/C
                            (rising edge-triggered cell FDRE clocked by core_clk  {rise@0.000ns fall@2.000ns period=4.000ns})
  Destination:            s2_reg[0][1][old_value][26]/D
                            (rising edge-triggered cell FDRE clocked by core_clk  {rise@0.000ns fall@2.000ns period=4.000ns})
  Path Group:             core_clk
  Path Type:              Setup (Max at Slow Process Corner)
  Requirement:            4.000ns  (core_clk rise@4.000ns - core_clk rise@0.000ns)
  Data Path Delay:        3.649ns  (logic 0.217ns (5.947%)  route 3.432ns (94.053%))
  Logic Levels:           2  (LUT5=1 LUT6=1)
  Clock Path Skew:        -0.010ns (DCD - SCD + CPR)
    Destination Clock Delay (DCD):    0.020ns = ( 4.020 - 4.000 ) 
    Source Clock Delay      (SCD):    0.030ns
    Clock Pessimism Removal (CPR):    0.000ns
  Clock Uncertainty:      0.035ns  ((TSJ^2 + TIJ^2)^1/2 + DJ) / 2 + PE
    Total System Jitter     (TSJ):    0.071ns
    Total Input Jitter      (TIJ):    0.000ns
    Discrete Jitter          (DJ):    0.000ns
    Phase Error              (PE):    0.000ns

    Location             Delay type                Incr(ns)  Path(ns)    Netlist Resource(s)
  -------------------------------------------------------------------    -------------------
                         (clock core_clk rise edge)
                                                      0.000     0.000 r  
                                                      0.000     0.000 r  clk (IN)
                         net (fo=25769, unset)        0.030     0.030    acc_store/banks[1].parity[0].ram/clk
    SLICE_X109Y68        FDRE                                         r  acc_store/banks[1].parity[0].ram/initialized_q_reg/C
  -------------------------------------------------------------------    -------------------
    SLICE_X109Y68        FDRE (Prop_HFF2_SLICEM_C_Q)
                                                      0.078     0.108 r  acc_store/banks[1].parity[0].ram/initialized_q_reg/Q
                         net (fo=187, routed)         3.295     3.403    acc_store/banks[1].parity[0].ram/initialized_q_reg_n_0
    SLICE_X117Y46        LUT5 (Prop_G6LUT_SLICEL_I0_O)
                                                      0.089     3.492 r  acc_store/banks[1].parity[0].ram/s2[0][1][old_value][26]_i_2/O
                         net (fo=1, routed)           0.088     3.580    acc_store/banks[2].parity[0].ram/s2_reg[0][1][old_value][26]
    SLICE_X117Y46        LUT6 (Prop_D6LUT_SLICEL_I4_O)
                                                      0.050     3.630 r  acc_store/banks[2].parity[0].ram/s2[0][1][old_value][26]_i_1/O
                         net (fo=1, routed)           0.049     3.679    acc_store_n_454
    SLICE_X117Y46        FDRE                                         r  s2_reg[0][1][old_value][26]/D
  -------------------------------------------------------------------    -------------------

                         (clock core_clk rise edge)
                                                      4.000     4.000 r  
                                                      0.000     4.000 r  clk (IN)
                         net (fo=25769, unset)        0.020     4.020    clk
    SLICE_X117Y46        FDRE                                         r  s2_reg[0][1][old_value][26]/C
                         clock pessimism              0.000     4.020    
                         clock uncertainty           -0.035     3.985    
    SLICE_X117Y46        FDRE (Setup_DFF_SLICEL_C_D)
                                                      0.025     4.010    s2_reg[0][1][old_value][26]
  -------------------------------------------------------------------
                         required time                          4.010    
                         arrival time                          -3.679    
  -------------------------------------------------------------------
                         slack                                  0.331    

Slack (MET) :             0.425ns  (required time - arrival time)
  Source:                 rsp[psum][1][7][0]
                            (input port clocked by core_clk  {rise@0.000ns fall@2.000ns period=4.000ns})
  Destination:            s0_reg[1][7][exponent][10]/D
                            (rising edge-triggered cell FDRE clocked by core_clk  {rise@0.000ns fall@2.000ns period=4.000ns})
  Path Group:             core_clk
  Path Type:              Setup (Max at Slow Process Corner)
  Requirement:            4.000ns  (core_clk rise@4.000ns - core_clk rise@0.000ns)
  Data Path Delay:        3.584ns  (logic 1.300ns (36.267%)  route 2.284ns (63.733%))
  Logic Levels:           15  (CARRY8=6 LUT1=1 LUT2=1 LUT5=2 LUT6=5)
  Input Delay:            0.000ns
  Clock Path Skew:        0.020ns (DCD - SCD + CPR)
    Destination Clock Delay (DCD):    0.020ns = ( 4.020 - 4.000 ) 
    Source Clock Delay      (SCD):    0.000ns
    Clock Pessimism Removal (CPR):    0.000ns
  Clock Uncertainty:      0.035ns  ((TSJ^2 + TIJ^2)^1/2 + DJ) / 2 + PE
    Total System Jitter     (TSJ):    0.071ns
    Total Input Jitter      (TIJ):    0.000ns
    Discrete Jitter          (DJ):    0.000ns
    Phase Error              (PE):    0.000ns

    Location             Delay type                Incr(ns)  Path(ns)    Netlist Resource(s)
  -------------------------------------------------------------------    -------------------
                         (clock core_clk rise edge)
                                                      0.000     0.000 r  
                         input delay                  0.000     0.000    
                                                      0.000     0.000 f  rsp[psum][1][7][0] (IN)
                         net (fo=6, unset)            0.000     0.000    rsp[psum][1][7][0]
    SLICE_X37Y56         LUT1 (Prop_C6LUT_SLICEM_I0_O)
                                                      0.037     0.037 r  s0[1][7][norm][2]_i_9/O
                         net (fo=1, routed)           0.131     0.168    s0[1][7][norm][2]_i_9_n_0
    SLICE_X38Y56         CARRY8 (Prop_CARRY8_SLICEL_CI_CO[7])
                                                      0.151     0.319 r  s0_reg[1][7][norm][2]_i_6/CO[7]
                         net (fo=1, routed)           0.026     0.345    s0_reg[1][7][norm][2]_i_6_n_0
    SLICE_X38Y57         CARRY8 (Prop_CARRY8_SLICEL_CI_CO[7])
                                                      0.015     0.360 r  s0_reg[1][7][norm][24]_i_4/CO[7]
                         net (fo=1, routed)           0.026     0.386    s0_reg[1][7][norm][24]_i_4_n_0
    SLICE_X38Y58         CARRY8 (Prop_CARRY8_SLICEL_CI_CO[7])
                                                      0.015     0.401 r  s0_reg[1][7][is_zero]_i_40/CO[7]
                         net (fo=1, routed)           0.026     0.427    s0_reg[1][7][is_zero]_i_40_n_0
    SLICE_X38Y59         CARRY8 (Prop_CARRY8_SLICEL_CI_O[5])
                                                      0.116     0.543 r  s0_reg[1][7][norm][2]_i_18/O[5]
                         net (fo=2, routed)           0.198     0.741    p_1_out[30]
    SLICE_X38Y60         LUT5 (Prop_D5LUT_SLICEL_I4_O)
                                                      0.133     0.874 r  s0[1][7][is_zero]_i_44/O
                         net (fo=2, routed)           0.165     1.039    s0[1][7][is_zero]_i_44_n_0
    SLICE_X39Y59         LUT6 (Prop_F6LUT_SLICEM_I5_O)
                                                      0.088     1.127 r  s0[1][7][is_zero]_i_31/O
                         net (fo=19, routed)          0.406     1.533    s0[1][7][is_zero]_i_31_n_0
    SLICE_X40Y56         LUT6 (Prop_F6LUT_SLICEL_I4_O)
                                                      0.035     1.568 r  s0[1][7][norm][30]_i_4/O
                         net (fo=2, routed)           0.368     1.936    s0[1][7][norm][30]_i_4_n_0
    SLICE_X39Y60         LUT6 (Prop_B6LUT_SLICEM_I0_O)
                                                      0.100     2.036 f  s0[1][7][is_zero]_i_6/O
                         net (fo=7, routed)           0.351     2.387    s0[1][7][is_zero]_i_6_n_0
    SLICE_X40Y58         LUT6 (Prop_G6LUT_SLICEL_I5_O)
                                                      0.035     2.422 r  s0[1][7][norm][2]_i_3/O
                         net (fo=41, routed)          0.204     2.626    s0[1][7][norm][2]_i_3_n_0
    SLICE_X40Y59         LUT2 (Prop_F6LUT_SLICEL_I1_O)
                                                      0.049     2.675 r  s0[1][7][exponent][7]_i_24/O
                         net (fo=2, routed)           0.224     2.899    s0[1][7][exponent][7]_i_24_n_0
    SLICE_X42Y62         LUT5 (Prop_G6LUT_SLICEM_I0_O)
                                                      0.150     3.049 r  s0[1][7][exponent][7]_i_6/O
                         net (fo=2, routed)           0.099     3.148    s0[1][7][exponent][7]_i_6_n_0
    SLICE_X43Y62         LUT6 (Prop_D6LUT_SLICEL_I0_O)
                                                      0.146     3.294 r  s0[1][7][exponent][7]_i_13/O
                         net (fo=1, routed)           0.009     3.303    s0[1][7][exponent][7]_i_13_n_0
    SLICE_X43Y62         CARRY8 (Prop_CARRY8_SLICEL_S[3]_CO[7])
                                                      0.154     3.457 r  s0_reg[1][7][exponent][7]_i_1/CO[7]
                         net (fo=1, routed)           0.026     3.483    s0_reg[1][7][exponent][7]_i_1_n_0
    SLICE_X43Y63         CARRY8 (Prop_CARRY8_SLICEL_CI_O[1])
                                                      0.076     3.559 r  s0_reg[1][7][exponent][10]_i_1/O[1]
                         net (fo=1, routed)           0.025     3.584    s0_reg[1][7][exponent][10]_i_1_n_14
    SLICE_X43Y63         FDRE                                         r  s0_reg[1][7][exponent][10]/D
  -------------------------------------------------------------------    -------------------

                         (clock core_clk rise edge)
                                                      4.000     4.000 r  
                                                      0.000     4.000 r  clk (IN)
                         net (fo=25769, unset)        0.020     4.020    clk
    SLICE_X43Y63         FDRE                                         r  s0_reg[1][7][exponent][10]/C
                         clock pessimism              0.000     4.020    
                         clock uncertainty           -0.035     3.985    
    SLICE_X43Y63         FDRE (Setup_BFF_SLICEL_C_D)
                                                      0.025     4.010    s0_reg[1][7][exponent][10]
  -------------------------------------------------------------------
                         required time                          4.010    
                         arrival time                          -3.584    
  -------------------------------------------------------------------
                         slack                                  0.425    

Slack (MET) :             0.444ns  (required time - arrival time)
  Source:                 clear
                            (input port clocked by core_clk  {rise@0.000ns fall@2.000ns period=4.000ns})
  Destination:            s2_reg[1][7][partial][1]/R
                            (rising edge-triggered cell FDRE clocked by core_clk  {rise@0.000ns fall@2.000ns period=4.000ns})
  Path Group:             core_clk
  Path Type:              Setup (Max at Slow Process Corner)
  Requirement:            4.000ns  (core_clk rise@4.000ns - core_clk rise@0.000ns)
  Data Path Delay:        3.468ns  (logic 0.211ns (6.084%)  route 3.257ns (93.916%))
  Logic Levels:           2  (LUT2=1 LUT5=1)
  Input Delay:            0.000ns
  Clock Path Skew:        0.021ns (DCD - SCD + CPR)
    Destination Clock Delay (DCD):    0.021ns = ( 4.021 - 4.000 ) 
    Source Clock Delay      (SCD):    0.000ns
    Clock Pessimism Removal (CPR):    0.000ns
  Clock Uncertainty:      0.035ns  ((TSJ^2 + TIJ^2)^1/2 + DJ) / 2 + PE
    Total System Jitter     (TSJ):    0.071ns
    Total Input Jitter      (TIJ):    0.000ns
    Discrete Jitter          (DJ):    0.000ns
    Phase Error              (PE):    0.000ns

    Location             Delay type                Incr(ns)  Path(ns)    Netlist Resource(s)
  -------------------------------------------------------------------    -------------------
                         (clock core_clk rise edge)
                                                      0.000     0.000 r  
                         input delay                  0.000     0.000    
                                                      0.000     0.000 r  clear (IN)
                         net (fo=60, unset)           0.000     0.000    acc_store/banks[1].parity[0].ram/clear
    SLICE_X129Y65        LUT2 (Prop_C6LUT_SLICEM_I0_O)
                                                      0.088     0.088 r  acc_store/banks[1].parity[0].ram/commit_valid_i_1/O
                         net (fo=33, routed)          2.978     3.066    clear_0_bufg_place
    SLICE_X45Y73         LUT5 (Prop_F6LUT_SLICEL_I0_O)
                                                      0.123     3.189 r  s2[1][7][partial][22]_i_1/O
                         net (fo=23, routed)          0.279     3.468    s2[1][7][partial][22]_i_1_n_0
    SLICE_X46Y73         FDRE                                         r  s2_reg[1][7][partial][1]/R
  -------------------------------------------------------------------    -------------------

                         (clock core_clk rise edge)
                                                      4.000     4.000 r  
                                                      0.000     4.000 r  clk (IN)
                         net (fo=25769, unset)        0.021     4.021    clk
    SLICE_X46Y73         FDRE                                         r  s2_reg[1][7][partial][1]/C
                         clock pessimism              0.000     4.021    
                         clock uncertainty           -0.035     3.986    
    SLICE_X46Y73         FDRE (Setup_CFF_SLICEM_C_R)
                                                     -0.074     3.912    s2_reg[1][7][partial][1]
  -------------------------------------------------------------------
                         required time                          3.912    
                         arrival time                          -3.468    
  -------------------------------------------------------------------
                         slack                                  0.444    

Slack (MET) :             0.444ns  (required time - arrival time)
  Source:                 clear
                            (input port clocked by core_clk  {rise@0.000ns fall@2.000ns period=4.000ns})
  Destination:            s2_reg[1][7][partial][2]/R
                            (rising edge-triggered cell FDRE clocked by core_clk  {rise@0.000ns fall@2.000ns period=4.000ns})
  Path Group:             core_clk
  Path Type:              Setup (Max at Slow Process Corner)
  Requirement:            4.000ns  (core_clk rise@4.000ns - core_clk rise@0.000ns)
  Data Path Delay:        3.468ns  (logic 0.211ns (6.084%)  route 3.257ns (93.916%))
  Logic Levels:           2  (LUT2=1 LUT5=1)
  Input Delay:            0.000ns
  Clock Path Skew:        0.021ns (DCD - SCD + CPR)
    Destination Clock Delay (DCD):    0.021ns = ( 4.021 - 4.000 ) 
    Source Clock Delay      (SCD):    0.000ns
    Clock Pessimism Removal (CPR):    0.000ns
  Clock Uncertainty:      0.035ns  ((TSJ^2 + TIJ^2)^1/2 + DJ) / 2 + PE
    Total System Jitter     (TSJ):    0.071ns
    Total Input Jitter      (TIJ):    0.000ns
    Discrete Jitter          (DJ):    0.000ns
    Phase Error              (PE):    0.000ns

    Location             Delay type                Incr(ns)  Path(ns)    Netlist Resource(s)
  -------------------------------------------------------------------    -------------------
                         (clock core_clk rise edge)
                                                      0.000     0.000 r  
                         input delay                  0.000     0.000    
                                                      0.000     0.000 r  clear (IN)
                         net (fo=60, unset)           0.000     0.000    acc_store/banks[1].parity[0].ram/clear
    SLICE_X129Y65        LUT2 (Prop_C6LUT_SLICEM_I0_O)
                                                      0.088     0.088 r  acc_store/banks[1].parity[0].ram/commit_valid_i_1/O
                         net (fo=33, routed)          2.978     3.066    clear_0_bufg_place
    SLICE_X45Y73         LUT5 (Prop_F6LUT_SLICEL_I0_O)
                                                      0.123     3.189 r  s2[1][7][partial][22]_i_1/O
                         net (fo=23, routed)          0.279     3.468    s2[1][7][partial][22]_i_1_n_0
    SLICE_X46Y73         FDRE                                         r  s2_reg[1][7][partial][2]/R
  -------------------------------------------------------------------    -------------------

                         (clock core_clk rise edge)
                                                      4.000     4.000 r  
                                                      0.000     4.000 r  clk (IN)
                         net (fo=25769, unset)        0.021     4.021    clk
    SLICE_X46Y73         FDRE                                         r  s2_reg[1][7][partial][2]/C
                         clock pessimism              0.000     4.021    
                         clock uncertainty           -0.035     3.986    
    SLICE_X46Y73         FDRE (Setup_BFF_SLICEM_C_R)
                                                     -0.074     3.912    s2_reg[1][7][partial][2]
  -------------------------------------------------------------------
                         required time                          3.912    
                         arrival time                          -3.468    
  -------------------------------------------------------------------
                         slack                                  0.444    

Slack (MET) :             0.444ns  (required time - arrival time)
  Source:                 clear
                            (input port clocked by core_clk  {rise@0.000ns fall@2.000ns period=4.000ns})
  Destination:            s2_reg[1][7][partial][3]/R
                            (rising edge-triggered cell FDRE clocked by core_clk  {rise@0.000ns fall@2.000ns period=4.000ns})
  Path Group:             core_clk
  Path Type:              Setup (Max at Slow Process Corner)
  Requirement:            4.000ns  (core_clk rise@4.000ns - core_clk rise@0.000ns)
  Data Path Delay:        3.468ns  (logic 0.211ns (6.084%)  route 3.257ns (93.916%))
  Logic Levels:           2  (LUT2=1 LUT5=1)
  Input Delay:            0.000ns
  Clock Path Skew:        0.021ns (DCD - SCD + CPR)
    Destination Clock Delay (DCD):    0.021ns = ( 4.021 - 4.000 ) 
    Source Clock Delay      (SCD):    0.000ns
    Clock Pessimism Removal (CPR):    0.000ns
  Clock Uncertainty:      0.035ns  ((TSJ^2 + TIJ^2)^1/2 + DJ) / 2 + PE
    Total System Jitter     (TSJ):    0.071ns
    Total Input Jitter      (TIJ):    0.000ns
    Discrete Jitter          (DJ):    0.000ns
    Phase Error              (PE):    0.000ns

    Location             Delay type                Incr(ns)  Path(ns)    Netlist Resource(s)
  -------------------------------------------------------------------    -------------------
                         (clock core_clk rise edge)
                                                      0.000     0.000 r  
                         input delay                  0.000     0.000    
                                                      0.000     0.000 r  clear (IN)
                         net (fo=60, unset)           0.000     0.000    acc_store/banks[1].parity[0].ram/clear
    SLICE_X129Y65        LUT2 (Prop_C6LUT_SLICEM_I0_O)
                                                      0.088     0.088 r  acc_store/banks[1].parity[0].ram/commit_valid_i_1/O
                         net (fo=33, routed)          2.978     3.066    clear_0_bufg_place
    SLICE_X45Y73         LUT5 (Prop_F6LUT_SLICEL_I0_O)
                                                      0.123     3.189 r  s2[1][7][partial][22]_i_1/O
                         net (fo=23, routed)          0.279     3.468    s2[1][7][partial][22]_i_1_n_0
    SLICE_X46Y73         FDRE                                         r  s2_reg[1][7][partial][3]/R
  -------------------------------------------------------------------    -------------------

                         (clock core_clk rise edge)
                                                      4.000     4.000 r  
                                                      0.000     4.000 r  clk (IN)
                         net (fo=25769, unset)        0.021     4.021    clk
    SLICE_X46Y73         FDRE                                         r  s2_reg[1][7][partial][3]/C
                         clock pessimism              0.000     4.021    
                         clock uncertainty           -0.035     3.986    
    SLICE_X46Y73         FDRE (Setup_AFF_SLICEM_C_R)
                                                     -0.074     3.912    s2_reg[1][7][partial][3]
  -------------------------------------------------------------------
                         required time                          3.912    
                         arrival time                          -3.468    
  -------------------------------------------------------------------
                         slack                                  0.444    

Slack (MET) :             0.445ns  (required time - arrival time)
  Source:                 rsp[psum][1][7][0]
                            (input port clocked by core_clk  {rise@0.000ns fall@2.000ns period=4.000ns})
  Destination:            s0_reg[1][7][exponent][8]/D
                            (rising edge-triggered cell FDRE clocked by core_clk  {rise@0.000ns fall@2.000ns period=4.000ns})
  Path Group:             core_clk
  Path Type:              Setup (Max at Slow Process Corner)
  Requirement:            4.000ns  (core_clk rise@4.000ns - core_clk rise@0.000ns)
  Data Path Delay:        3.564ns  (logic 1.280ns (35.910%)  route 2.284ns (64.090%))
  Logic Levels:           15  (CARRY8=6 LUT1=1 LUT2=1 LUT5=2 LUT6=5)
  Input Delay:            0.000ns
  Clock Path Skew:        0.020ns (DCD - SCD + CPR)
    Destination Clock Delay (DCD):    0.020ns = ( 4.020 - 4.000 ) 
    Source Clock Delay      (SCD):    0.000ns
    Clock Pessimism Removal (CPR):    0.000ns
  Clock Uncertainty:      0.035ns  ((TSJ^2 + TIJ^2)^1/2 + DJ) / 2 + PE
    Total System Jitter     (TSJ):    0.071ns
    Total Input Jitter      (TIJ):    0.000ns
    Discrete Jitter          (DJ):    0.000ns
    Phase Error              (PE):    0.000ns

    Location             Delay type                Incr(ns)  Path(ns)    Netlist Resource(s)
  -------------------------------------------------------------------    -------------------
                         (clock core_clk rise edge)
                                                      0.000     0.000 r  
                         input delay                  0.000     0.000    
                                                      0.000     0.000 f  rsp[psum][1][7][0] (IN)
                         net (fo=6, unset)            0.000     0.000    rsp[psum][1][7][0]
    SLICE_X37Y56         LUT1 (Prop_C6LUT_SLICEM_I0_O)
                                                      0.037     0.037 r  s0[1][7][norm][2]_i_9/O
                         net (fo=1, routed)           0.131     0.168    s0[1][7][norm][2]_i_9_n_0
    SLICE_X38Y56         CARRY8 (Prop_CARRY8_SLICEL_CI_CO[7])
                                                      0.151     0.319 r  s0_reg[1][7][norm][2]_i_6/CO[7]
                         net (fo=1, routed)           0.026     0.345    s0_reg[1][7][norm][2]_i_6_n_0
    SLICE_X38Y57         CARRY8 (Prop_CARRY8_SLICEL_CI_CO[7])
                                                      0.015     0.360 r  s0_reg[1][7][norm][24]_i_4/CO[7]
                         net (fo=1, routed)           0.026     0.386    s0_reg[1][7][norm][24]_i_4_n_0
    SLICE_X38Y58         CARRY8 (Prop_CARRY8_SLICEL_CI_CO[7])
                                                      0.015     0.401 r  s0_reg[1][7][is_zero]_i_40/CO[7]
                         net (fo=1, routed)           0.026     0.427    s0_reg[1][7][is_zero]_i_40_n_0
    SLICE_X38Y59         CARRY8 (Prop_CARRY8_SLICEL_CI_O[5])
                                                      0.116     0.543 r  s0_reg[1][7][norm][2]_i_18/O[5]
                         net (fo=2, routed)           0.198     0.741    p_1_out[30]
    SLICE_X38Y60         LUT5 (Prop_D5LUT_SLICEL_I4_O)
                                                      0.133     0.874 r  s0[1][7][is_zero]_i_44/O
                         net (fo=2, routed)           0.165     1.039    s0[1][7][is_zero]_i_44_n_0
    SLICE_X39Y59         LUT6 (Prop_F6LUT_SLICEM_I5_O)
                                                      0.088     1.127 r  s0[1][7][is_zero]_i_31/O
                         net (fo=19, routed)          0.406     1.533    s0[1][7][is_zero]_i_31_n_0
    SLICE_X40Y56         LUT6 (Prop_F6LUT_SLICEL_I4_O)
                                                      0.035     1.568 r  s0[1][7][norm][30]_i_4/O
                         net (fo=2, routed)           0.368     1.936    s0[1][7][norm][30]_i_4_n_0
    SLICE_X39Y60         LUT6 (Prop_B6LUT_SLICEM_I0_O)
                                                      0.100     2.036 f  s0[1][7][is_zero]_i_6/O
                         net (fo=7, routed)           0.351     2.387    s0[1][7][is_zero]_i_6_n_0
    SLICE_X40Y58         LUT6 (Prop_G6LUT_SLICEL_I5_O)
                                                      0.035     2.422 r  s0[1][7][norm][2]_i_3/O
                         net (fo=41, routed)          0.204     2.626    s0[1][7][norm][2]_i_3_n_0
    SLICE_X40Y59         LUT2 (Prop_F6LUT_SLICEL_I1_O)
                                                      0.049     2.675 r  s0[1][7][exponent][7]_i_24/O
                         net (fo=2, routed)           0.224     2.899    s0[1][7][exponent][7]_i_24_n_0
    SLICE_X42Y62         LUT5 (Prop_G6LUT_SLICEM_I0_O)
                                                      0.150     3.049 r  s0[1][7][exponent][7]_i_6/O
                         net (fo=2, routed)           0.099     3.148    s0[1][7][exponent][7]_i_6_n_0
    SLICE_X43Y62         LUT6 (Prop_D6LUT_SLICEL_I0_O)
                                                      0.146     3.294 r  s0[1][7][exponent][7]_i_13/O
                         net (fo=1, routed)           0.009     3.303    s0[1][7][exponent][7]_i_13_n_0
    SLICE_X43Y62         CARRY8 (Prop_CARRY8_SLICEL_S[3]_CO[7])
                                                      0.154     3.457 r  s0_reg[1][7][exponent][7]_i_1/CO[7]
                         net (fo=1, routed)           0.026     3.483    s0_reg[1][7][exponent][7]_i_1_n_0
    SLICE_X43Y63         CARRY8 (Prop_CARRY8_SLICEL_CI_O[0])
                                                      0.056     3.539 r  s0_reg[1][7][exponent][10]_i_1/O[0]
                         net (fo=1, routed)           0.025     3.564    s0_reg[1][7][exponent][10]_i_1_n_15
    SLICE_X43Y63         FDRE                                         r  s0_reg[1][7][exponent][8]/D
  -------------------------------------------------------------------    -------------------

                         (clock core_clk rise edge)
                                                      4.000     4.000 r  
                                                      0.000     4.000 r  clk (IN)
                         net (fo=25769, unset)        0.020     4.020    clk
    SLICE_X43Y63         FDRE                                         r  s0_reg[1][7][exponent][8]/C
                         clock pessimism              0.000     4.020    
                         clock uncertainty           -0.035     3.985    
    SLICE_X43Y63         FDRE (Setup_AFF_SLICEL_C_D)
                                                      0.025     4.010    s0_reg[1][7][exponent][8]
  -------------------------------------------------------------------
                         required time                          4.010    
                         arrival time                          -3.564    
  -------------------------------------------------------------------
                         slack                                  0.445    

Slack (MET) :             0.479ns  (required time - arrival time)
  Source:                 clear
                            (input port clocked by core_clk  {rise@0.000ns fall@2.000ns period=4.000ns})
  Destination:            s2_reg[0][9][partial][14]/R
                            (rising edge-triggered cell FDRE clocked by core_clk  {rise@0.000ns fall@2.000ns period=4.000ns})
  Path Group:             core_clk
  Path Type:              Setup (Max at Slow Process Corner)
  Requirement:            4.000ns  (core_clk rise@4.000ns - core_clk rise@0.000ns)
  Data Path Delay:        3.433ns  (logic 0.125ns (3.641%)  route 3.308ns (96.359%))
  Logic Levels:           2  (LUT2=1 LUT5=1)
  Input Delay:            0.000ns
  Clock Path Skew:        0.021ns (DCD - SCD + CPR)
    Destination Clock Delay (DCD):    0.021ns = ( 4.021 - 4.000 ) 
    Source Clock Delay      (SCD):    0.000ns
    Clock Pessimism Removal (CPR):    0.000ns
  Clock Uncertainty:      0.035ns  ((TSJ^2 + TIJ^2)^1/2 + DJ) / 2 + PE
    Total System Jitter     (TSJ):    0.071ns
    Total Input Jitter      (TIJ):    0.000ns
    Discrete Jitter          (DJ):    0.000ns
    Phase Error              (PE):    0.000ns

    Location             Delay type                Incr(ns)  Path(ns)    Netlist Resource(s)
  -------------------------------------------------------------------    -------------------
                         (clock core_clk rise edge)
                                                      0.000     0.000 r  
                         input delay                  0.000     0.000    
                                                      0.000     0.000 r  clear (IN)
                         net (fo=60, unset)           0.000     0.000    acc_store/banks[1].parity[0].ram/clear
    SLICE_X129Y65        LUT2 (Prop_C6LUT_SLICEM_I0_O)
                                                      0.088     0.088 r  acc_store/banks[1].parity[0].ram/commit_valid_i_1/O
                         net (fo=33, routed)          2.947     3.035    clear_0_bufg_place
    SLICE_X94Y17         LUT5 (Prop_E6LUT_SLICEM_I0_O)
                                                      0.037     3.072 r  s2[0][9][partial][22]_i_1/O
                         net (fo=23, routed)          0.361     3.433    s2[0][9][partial][22]_i_1_n_0
    SLICE_X95Y18         FDRE                                         r  s2_reg[0][9][partial][14]/R
  -------------------------------------------------------------------    -------------------

                         (clock core_clk rise edge)
                                                      4.000     4.000 r  
                                                      0.000     4.000 r  clk (IN)
                         net (fo=25769, unset)        0.021     4.021    clk
    SLICE_X95Y18         FDRE                                         r  s2_reg[0][9][partial][14]/C
                         clock pessimism              0.000     4.021    
                         clock uncertainty           -0.035     3.986    
    SLICE_X95Y18         FDRE (Setup_DFF_SLICEM_C_R)
                                                     -0.074     3.912    s2_reg[0][9][partial][14]
  -------------------------------------------------------------------
                         required time                          3.912    
                         arrival time                          -3.433    
  -------------------------------------------------------------------
                         slack                                  0.479    

Slack (MET) :             0.479ns  (required time - arrival time)
  Source:                 clear
                            (input port clocked by core_clk  {rise@0.000ns fall@2.000ns period=4.000ns})
  Destination:            s2_reg[0][9][partial][17]/R
                            (rising edge-triggered cell FDRE clocked by core_clk  {rise@0.000ns fall@2.000ns period=4.000ns})
  Path Group:             core_clk
  Path Type:              Setup (Max at Slow Process Corner)
  Requirement:            4.000ns  (core_clk rise@4.000ns - core_clk rise@0.000ns)
  Data Path Delay:        3.433ns  (logic 0.125ns (3.641%)  route 3.308ns (96.359%))
  Logic Levels:           2  (LUT2=1 LUT5=1)
  Input Delay:            0.000ns
  Clock Path Skew:        0.021ns (DCD - SCD + CPR)
    Destination Clock Delay (DCD):    0.021ns = ( 4.021 - 4.000 ) 
    Source Clock Delay      (SCD):    0.000ns
    Clock Pessimism Removal (CPR):    0.000ns
  Clock Uncertainty:      0.035ns  ((TSJ^2 + TIJ^2)^1/2 + DJ) / 2 + PE
    Total System Jitter     (TSJ):    0.071ns
    Total Input Jitter      (TIJ):    0.000ns
    Discrete Jitter          (DJ):    0.000ns
    Phase Error              (PE):    0.000ns

    Location             Delay type                Incr(ns)  Path(ns)    Netlist Resource(s)
  -------------------------------------------------------------------    -------------------
                         (clock core_clk rise edge)
                                                      0.000     0.000 r  
                         input delay                  0.000     0.000    
                                                      0.000     0.000 r  clear (IN)
                         net (fo=60, unset)           0.000     0.000    acc_store/banks[1].parity[0].ram/clear
    SLICE_X129Y65        LUT2 (Prop_C6LUT_SLICEM_I0_O)
                                                      0.088     0.088 r  acc_store/banks[1].parity[0].ram/commit_valid_i_1/O
                         net (fo=33, routed)          2.947     3.035    clear_0_bufg_place
    SLICE_X94Y17         LUT5 (Prop_E6LUT_SLICEM_I0_O)
                                                      0.037     3.072 r  s2[0][9][partial][22]_i_1/O
                         net (fo=23, routed)          0.361     3.433    s2[0][9][partial][22]_i_1_n_0
    SLICE_X95Y18         FDRE                                         r  s2_reg[0][9][partial][17]/R
  -------------------------------------------------------------------    -------------------

                         (clock core_clk rise edge)
                                                      4.000     4.000 r  
                                                      0.000     4.000 r  clk (IN)
                         net (fo=25769, unset)        0.021     4.021    clk
    SLICE_X95Y18         FDRE                                         r  s2_reg[0][9][partial][17]/C
                         clock pessimism              0.000     4.021    
                         clock uncertainty           -0.035     3.986    
    SLICE_X95Y18         FDRE (Setup_CFF_SLICEM_C_R)
                                                     -0.074     3.912    s2_reg[0][9][partial][17]
  -------------------------------------------------------------------
                         required time                          3.912    
                         arrival time                          -3.433    
  -------------------------------------------------------------------
                         slack                                  0.479    

Slack (MET) :             0.481ns  (required time - arrival time)
  Source:                 clear
                            (input port clocked by core_clk  {rise@0.000ns fall@2.000ns period=4.000ns})
  Destination:            s2_reg[1][7][partial][0]/R
                            (rising edge-triggered cell FDRE clocked by core_clk  {rise@0.000ns fall@2.000ns period=4.000ns})
  Path Group:             core_clk
  Path Type:              Setup (Max at Slow Process Corner)
  Requirement:            4.000ns  (core_clk rise@4.000ns - core_clk rise@0.000ns)
  Data Path Delay:        3.429ns  (logic 0.211ns (6.153%)  route 3.218ns (93.847%))
  Logic Levels:           2  (LUT2=1 LUT5=1)
  Input Delay:            0.000ns
  Clock Path Skew:        0.020ns (DCD - SCD + CPR)
    Destination Clock Delay (DCD):    0.020ns = ( 4.020 - 4.000 ) 
    Source Clock Delay      (SCD):    0.000ns
    Clock Pessimism Removal (CPR):    0.000ns
  Clock Uncertainty:      0.035ns  ((TSJ^2 + TIJ^2)^1/2 + DJ) / 2 + PE
    Total System Jitter     (TSJ):    0.071ns
    Total Input Jitter      (TIJ):    0.000ns
    Discrete Jitter          (DJ):    0.000ns
    Phase Error              (PE):    0.000ns

    Location             Delay type                Incr(ns)  Path(ns)    Netlist Resource(s)
  -------------------------------------------------------------------    -------------------
                         (clock core_clk rise edge)
                                                      0.000     0.000 r  
                         input delay                  0.000     0.000    
                                                      0.000     0.000 r  clear (IN)
                         net (fo=60, unset)           0.000     0.000    acc_store/banks[1].parity[0].ram/clear
    SLICE_X129Y65        LUT2 (Prop_C6LUT_SLICEM_I0_O)
                                                      0.088     0.088 r  acc_store/banks[1].parity[0].ram/commit_valid_i_1/O
                         net (fo=33, routed)          2.978     3.066    clear_0_bufg_place
    SLICE_X45Y73         LUT5 (Prop_F6LUT_SLICEL_I0_O)
                                                      0.123     3.189 r  s2[1][7][partial][22]_i_1/O
                         net (fo=23, routed)          0.240     3.429    s2[1][7][partial][22]_i_1_n_0
    SLICE_X45Y72         FDRE                                         r  s2_reg[1][7][partial][0]/R
  -------------------------------------------------------------------    -------------------

                         (clock core_clk rise edge)
                                                      4.000     4.000 r  
                                                      0.000     4.000 r  clk (IN)
                         net (fo=25769, unset)        0.020     4.020    clk
    SLICE_X45Y72         FDRE                                         r  s2_reg[1][7][partial][0]/C
                         clock pessimism              0.000     4.020    
                         clock uncertainty           -0.035     3.985    
    SLICE_X45Y72         FDRE (Setup_AFF2_SLICEL_C_R)
                                                     -0.074     3.911    s2_reg[1][7][partial][0]
  -------------------------------------------------------------------
                         required time                          3.911    
                         arrival time                          -3.429    
  -------------------------------------------------------------------
                         slack                                  0.481    

Slack (MET) :             0.481ns  (required time - arrival time)
  Source:                 clear
                            (input port clocked by core_clk  {rise@0.000ns fall@2.000ns period=4.000ns})
  Destination:            s2_reg[1][7][partial][10]/R
                            (rising edge-triggered cell FDRE clocked by core_clk  {rise@0.000ns fall@2.000ns period=4.000ns})
  Path Group:             core_clk
  Path Type:              Setup (Max at Slow Process Corner)
  Requirement:            4.000ns  (core_clk rise@4.000ns - core_clk rise@0.000ns)
  Data Path Delay:        3.429ns  (logic 0.211ns (6.153%)  route 3.218ns (93.847%))
  Logic Levels:           2  (LUT2=1 LUT5=1)
  Input Delay:            0.000ns
  Clock Path Skew:        0.020ns (DCD - SCD + CPR)
    Destination Clock Delay (DCD):    0.020ns = ( 4.020 - 4.000 ) 
    Source Clock Delay      (SCD):    0.000ns
    Clock Pessimism Removal (CPR):    0.000ns
  Clock Uncertainty:      0.035ns  ((TSJ^2 + TIJ^2)^1/2 + DJ) / 2 + PE
    Total System Jitter     (TSJ):    0.071ns
    Total Input Jitter      (TIJ):    0.000ns
    Discrete Jitter          (DJ):    0.000ns
    Phase Error              (PE):    0.000ns

    Location             Delay type                Incr(ns)  Path(ns)    Netlist Resource(s)
  -------------------------------------------------------------------    -------------------
                         (clock core_clk rise edge)
                                                      0.000     0.000 r  
                         input delay                  0.000     0.000    
                                                      0.000     0.000 r  clear (IN)
                         net (fo=60, unset)           0.000     0.000    acc_store/banks[1].parity[0].ram/clear
    SLICE_X129Y65        LUT2 (Prop_C6LUT_SLICEM_I0_O)
                                                      0.088     0.088 r  acc_store/banks[1].parity[0].ram/commit_valid_i_1/O
                         net (fo=33, routed)          2.978     3.066    clear_0_bufg_place
    SLICE_X45Y73         LUT5 (Prop_F6LUT_SLICEL_I0_O)
                                                      0.123     3.189 r  s2[1][7][partial][22]_i_1/O
                         net (fo=23, routed)          0.240     3.429    s2[1][7][partial][22]_i_1_n_0
    SLICE_X45Y72         FDRE                                         r  s2_reg[1][7][partial][10]/R
  -------------------------------------------------------------------    -------------------

                         (clock core_clk rise edge)
                                                      4.000     4.000 r  
                                                      0.000     4.000 r  clk (IN)
                         net (fo=25769, unset)        0.020     4.020    clk
    SLICE_X45Y72         FDRE                                         r  s2_reg[1][7][partial][10]/C
                         clock pessimism              0.000     4.020    
                         clock uncertainty           -0.035     3.985    
    SLICE_X45Y72         FDRE (Setup_DFF_SLICEL_C_R)
                                                     -0.074     3.911    s2_reg[1][7][partial][10]
  -------------------------------------------------------------------
                         required time                          3.911    
                         arrival time                          -3.429    
  -------------------------------------------------------------------
                         slack                                  0.481    





Min Delay Paths
--------------------------------------------------------------------------------------
Slack (MET) :             0.041ns  (arrival time - required time)
  Source:                 genblk1[1].lanes[5].lane/order_q_reg[pre][big_x][4]/C
                            (rising edge-triggered cell FDRE clocked by core_clk  {rise@0.000ns fall@2.000ns period=4.000ns})
  Destination:            genblk1[1].lanes[5].lane/align_q_reg[pre][big_x][4]/D
                            (rising edge-triggered cell FDRE clocked by core_clk  {rise@0.000ns fall@2.000ns period=4.000ns})
  Path Group:             core_clk
  Path Type:              Hold (Min at Fast Process Corner)
  Requirement:            0.000ns  (core_clk rise@0.000ns - core_clk rise@0.000ns)
  Data Path Delay:        0.094ns  (logic 0.039ns (41.489%)  route 0.055ns (58.511%))
  Logic Levels:           0  
  Clock Path Skew:        0.006ns (DCD - SCD - CPR)
    Destination Clock Delay (DCD):    0.019ns
    Source Clock Delay      (SCD):    0.013ns
    Clock Pessimism Removal (CPR):    -0.000ns

    Location             Delay type                Incr(ns)  Path(ns)    Netlist Resource(s)
  -------------------------------------------------------------------    -------------------
                         (clock core_clk rise edge)
                                                      0.000     0.000 r  
                                                      0.000     0.000 r  clk (IN)
                         net (fo=25769, unset)        0.013     0.013    genblk1[1].lanes[5].lane/clk
    SLICE_X68Y47         FDRE                                         r  genblk1[1].lanes[5].lane/order_q_reg[pre][big_x][4]/C
  -------------------------------------------------------------------    -------------------
    SLICE_X68Y47         FDRE (Prop_HFF_SLICEL_C_Q)
                                                      0.039     0.052 r  genblk1[1].lanes[5].lane/order_q_reg[pre][big_x][4]/Q
                         net (fo=1, routed)           0.055     0.107    genblk1[1].lanes[5].lane/order_q_reg[pre][big_x][4]
    SLICE_X67Y47         FDRE                                         r  genblk1[1].lanes[5].lane/align_q_reg[pre][big_x][4]/D
  -------------------------------------------------------------------    -------------------

                         (clock core_clk rise edge)
                                                      0.000     0.000 r  
                                                      0.000     0.000 r  clk (IN)
                         net (fo=25769, unset)        0.019     0.019    genblk1[1].lanes[5].lane/clk
    SLICE_X67Y47         FDRE                                         r  genblk1[1].lanes[5].lane/align_q_reg[pre][big_x][4]/C
                         clock pessimism              0.000     0.019    
    SLICE_X67Y47         FDRE (Hold_EFF2_SLICEL_C_D)
                                                      0.047     0.066    genblk1[1].lanes[5].lane/align_q_reg[pre][big_x][4]
  -------------------------------------------------------------------
                         required time                         -0.066    
                         arrival time                           0.107    
  -------------------------------------------------------------------
                         slack                                  0.041    

Slack (MET) :             0.042ns  (arrival time - required time)
  Source:                 acc_store/banks[0].parity[0].ram/valid_q_reg[17]/C
                            (rising edge-triggered cell FDRE clocked by core_clk  {rise@0.000ns fall@2.000ns period=4.000ns})
  Destination:            acc_store/banks[0].parity[0].ram/valid_q_reg[17]/D
                            (rising edge-triggered cell FDRE clocked by core_clk  {rise@0.000ns fall@2.000ns period=4.000ns})
  Path Group:             core_clk
  Path Type:              Hold (Min at Fast Process Corner)
  Requirement:            0.000ns  (core_clk rise@0.000ns - core_clk rise@0.000ns)
  Data Path Delay:        0.094ns  (logic 0.053ns (56.474%)  route 0.041ns (43.526%))
  Logic Levels:           1  (LUT6=1)
  Clock Path Skew:        0.006ns (DCD - SCD - CPR)
    Destination Clock Delay (DCD):    0.018ns
    Source Clock Delay      (SCD):    0.012ns
    Clock Pessimism Removal (CPR):    -0.000ns

    Location             Delay type                Incr(ns)  Path(ns)    Netlist Resource(s)
  -------------------------------------------------------------------    -------------------
                         (clock core_clk rise edge)
                                                      0.000     0.000 r  
                                                      0.000     0.000 r  clk (IN)
                         net (fo=25769, unset)        0.012     0.012    acc_store/banks[0].parity[0].ram/clk
    SLICE_X108Y77        FDRE                                         r  acc_store/banks[0].parity[0].ram/valid_q_reg[17]/C
  -------------------------------------------------------------------    -------------------
    SLICE_X108Y77        FDRE (Prop_DFF_SLICEL_C_Q)
                                                      0.039     0.051 r  acc_store/banks[0].parity[0].ram/valid_q_reg[17]/Q
                         net (fo=2, routed)           0.025     0.076    acc_store/banks[0].parity[0].ram/valid_q[17]
    SLICE_X108Y77        LUT6 (Prop_D6LUT_SLICEL_I5_O)
                                                      0.014     0.090 r  acc_store/banks[0].parity[0].ram/valid_q[17]_i_1/O
                         net (fo=1, routed)           0.016     0.106    acc_store/banks[0].parity[0].ram/valid_q[17]_i_1_n_0
    SLICE_X108Y77        FDRE                                         r  acc_store/banks[0].parity[0].ram/valid_q_reg[17]/D
  -------------------------------------------------------------------    -------------------

                         (clock core_clk rise edge)
                                                      0.000     0.000 r  
                                                      0.000     0.000 r  clk (IN)
                         net (fo=25769, unset)        0.018     0.018    acc_store/banks[0].parity[0].ram/clk
    SLICE_X108Y77        FDRE                                         r  acc_store/banks[0].parity[0].ram/valid_q_reg[17]/C
                         clock pessimism              0.000     0.018    
    SLICE_X108Y77        FDRE (Hold_DFF_SLICEL_C_D)
                                                      0.046     0.064    acc_store/banks[0].parity[0].ram/valid_q_reg[17]
  -------------------------------------------------------------------
                         required time                         -0.064    
                         arrival time                           0.106    
  -------------------------------------------------------------------
                         slack                                  0.042    

Slack (MET) :             0.042ns  (arrival time - required time)
  Source:                 acc_store/banks[0].parity[0].ram/valid_q_reg[2]/C
                            (rising edge-triggered cell FDRE clocked by core_clk  {rise@0.000ns fall@2.000ns period=4.000ns})
  Destination:            acc_store/banks[0].parity[0].ram/valid_q_reg[2]/D
                            (rising edge-triggered cell FDRE clocked by core_clk  {rise@0.000ns fall@2.000ns period=4.000ns})
  Path Group:             core_clk
  Path Type:              Hold (Min at Fast Process Corner)
  Requirement:            0.000ns  (core_clk rise@0.000ns - core_clk rise@0.000ns)
  Data Path Delay:        0.094ns  (logic 0.054ns (57.540%)  route 0.040ns (42.460%))
  Logic Levels:           1  (LUT6=1)
  Clock Path Skew:        0.006ns (DCD - SCD - CPR)
    Destination Clock Delay (DCD):    0.018ns
    Source Clock Delay      (SCD):    0.012ns
    Clock Pessimism Removal (CPR):    -0.000ns

    Location             Delay type                Incr(ns)  Path(ns)    Netlist Resource(s)
  -------------------------------------------------------------------    -------------------
                         (clock core_clk rise edge)
                                                      0.000     0.000 r  
                                                      0.000     0.000 r  clk (IN)
                         net (fo=25769, unset)        0.012     0.012    acc_store/banks[0].parity[0].ram/clk
    SLICE_X108Y76        FDRE                                         r  acc_store/banks[0].parity[0].ram/valid_q_reg[2]/C
  -------------------------------------------------------------------    -------------------
    SLICE_X108Y76        FDRE (Prop_BFF_SLICEL_C_Q)
                                                      0.039     0.051 r  acc_store/banks[0].parity[0].ram/valid_q_reg[2]/Q
                         net (fo=2, routed)           0.025     0.076    acc_store/banks[0].parity[0].ram/valid_q[2]
    SLICE_X108Y76        LUT6 (Prop_B6LUT_SLICEL_I5_O)
                                                      0.015     0.091 r  acc_store/banks[0].parity[0].ram/valid_q[2]_i_1/O
                         net (fo=1, routed)           0.015     0.106    acc_store/banks[0].parity[0].ram/valid_q[2]_i_1_n_0
    SLICE_X108Y76        FDRE                                         r  acc_store/banks[0].parity[0].ram/valid_q_reg[2]/D
  -------------------------------------------------------------------    -------------------

                         (clock core_clk rise edge)
                                                      0.000     0.000 r  
                                                      0.000     0.000 r  clk (IN)
                         net (fo=25769, unset)        0.018     0.018    acc_store/banks[0].parity[0].ram/clk
    SLICE_X108Y76        FDRE                                         r  acc_store/banks[0].parity[0].ram/valid_q_reg[2]/C
                         clock pessimism              0.000     0.018    
    SLICE_X108Y76        FDRE (Hold_BFF_SLICEL_C_D)
                                                      0.046     0.064    acc_store/banks[0].parity[0].ram/valid_q_reg[2]
  -------------------------------------------------------------------
                         required time                         -0.064    
                         arrival time                           0.106    
  -------------------------------------------------------------------
                         slack                                  0.042    

Slack (MET) :             0.042ns  (arrival time - required time)
  Source:                 acc_store/banks[1].parity[1].ram/valid_q_reg[1]/C
                            (rising edge-triggered cell FDRE clocked by core_clk  {rise@0.000ns fall@2.000ns period=4.000ns})
  Destination:            acc_store/banks[1].parity[1].ram/valid_q_reg[1]/D
                            (rising edge-triggered cell FDRE clocked by core_clk  {rise@0.000ns fall@2.000ns period=4.000ns})
  Path Group:             core_clk
  Path Type:              Hold (Min at Fast Process Corner)
  Requirement:            0.000ns  (core_clk rise@0.000ns - core_clk rise@0.000ns)
  Data Path Delay:        0.094ns  (logic 0.054ns (57.540%)  route 0.040ns (42.460%))
  Logic Levels:           1  (LUT5=1)
  Clock Path Skew:        0.006ns (DCD - SCD - CPR)
    Destination Clock Delay (DCD):    0.018ns
    Source Clock Delay      (SCD):    0.012ns
    Clock Pessimism Removal (CPR):    -0.000ns

    Location             Delay type                Incr(ns)  Path(ns)    Netlist Resource(s)
  -------------------------------------------------------------------    -------------------
                         (clock core_clk rise edge)
                                                      0.000     0.000 r  
                                                      0.000     0.000 r  clk (IN)
                         net (fo=25769, unset)        0.012     0.012    acc_store/banks[1].parity[1].ram/clk
    SLICE_X78Y72         FDRE                                         r  acc_store/banks[1].parity[1].ram/valid_q_reg[1]/C
  -------------------------------------------------------------------    -------------------
    SLICE_X78Y72         FDRE (Prop_BFF_SLICEL_C_Q)
                                                      0.039     0.051 r  acc_store/banks[1].parity[1].ram/valid_q_reg[1]/Q
                         net (fo=2, routed)           0.025     0.076    acc_store/banks[1].parity[1].ram/valid_q[1]
    SLICE_X78Y72         LUT5 (Prop_B6LUT_SLICEL_I4_O)
                                                      0.015     0.091 r  acc_store/banks[1].parity[1].ram/valid_q[1]_i_1__2/O
                         net (fo=1, routed)           0.015     0.106    acc_store/banks[1].parity[1].ram/valid_q[1]_i_1__2_n_0
    SLICE_X78Y72         FDRE                                         r  acc_store/banks[1].parity[1].ram/valid_q_reg[1]/D
  -------------------------------------------------------------------    -------------------

                         (clock core_clk rise edge)
                                                      0.000     0.000 r  
                                                      0.000     0.000 r  clk (IN)
                         net (fo=25769, unset)        0.018     0.018    acc_store/banks[1].parity[1].ram/clk
    SLICE_X78Y72         FDRE                                         r  acc_store/banks[1].parity[1].ram/valid_q_reg[1]/C
                         clock pessimism              0.000     0.018    
    SLICE_X78Y72         FDRE (Hold_BFF_SLICEL_C_D)
                                                      0.046     0.064    acc_store/banks[1].parity[1].ram/valid_q_reg[1]
  -------------------------------------------------------------------
                         required time                         -0.064    
                         arrival time                           0.106    
  -------------------------------------------------------------------
                         slack                                  0.042    

Slack (MET) :             0.042ns  (arrival time - required time)
  Source:                 acc_store/banks[2].parity[0].ram/valid_q_reg[257]/C
                            (rising edge-triggered cell FDRE clocked by core_clk  {rise@0.000ns fall@2.000ns period=4.000ns})
  Destination:            acc_store/banks[2].parity[0].ram/valid_q_reg[257]/D
                            (rising edge-triggered cell FDRE clocked by core_clk  {rise@0.000ns fall@2.000ns period=4.000ns})
  Path Group:             core_clk
  Path Type:              Hold (Min at Fast Process Corner)
  Requirement:            0.000ns  (core_clk rise@0.000ns - core_clk rise@0.000ns)
  Data Path Delay:        0.094ns  (logic 0.053ns (56.474%)  route 0.041ns (43.526%))
  Logic Levels:           1  (LUT6=1)
  Clock Path Skew:        0.006ns (DCD - SCD - CPR)
    Destination Clock Delay (DCD):    0.018ns
    Source Clock Delay      (SCD):    0.012ns
    Clock Pessimism Removal (CPR):    -0.000ns

    Location             Delay type                Incr(ns)  Path(ns)    Netlist Resource(s)
  -------------------------------------------------------------------    -------------------
                         (clock core_clk rise edge)
                                                      0.000     0.000 r  
                                                      0.000     0.000 r  clk (IN)
                         net (fo=25769, unset)        0.012     0.012    acc_store/banks[2].parity[0].ram/clk
    SLICE_X103Y131       FDRE                                         r  acc_store/banks[2].parity[0].ram/valid_q_reg[257]/C
  -------------------------------------------------------------------    -------------------
    SLICE_X103Y131       FDRE (Prop_DFF_SLICEL_C_Q)
                                                      0.039     0.051 r  acc_store/banks[2].parity[0].ram/valid_q_reg[257]/Q
                         net (fo=2, routed)           0.025     0.076    acc_store/banks[2].parity[0].ram/valid_q[257]
    SLICE_X103Y131       LUT6 (Prop_D6LUT_SLICEL_I5_O)
                                                      0.014     0.090 r  acc_store/banks[2].parity[0].ram/valid_q[257]_i_1/O
                         net (fo=1, routed)           0.016     0.106    acc_store/banks[2].parity[0].ram/valid_q[257]_i_1_n_0
    SLICE_X103Y131       FDRE                                         r  acc_store/banks[2].parity[0].ram/valid_q_reg[257]/D
  -------------------------------------------------------------------    -------------------

                         (clock core_clk rise edge)
                                                      0.000     0.000 r  
                                                      0.000     0.000 r  clk (IN)
                         net (fo=25769, unset)        0.018     0.018    acc_store/banks[2].parity[0].ram/clk
    SLICE_X103Y131       FDRE                                         r  acc_store/banks[2].parity[0].ram/valid_q_reg[257]/C
                         clock pessimism              0.000     0.018    
    SLICE_X103Y131       FDRE (Hold_DFF_SLICEL_C_D)
                                                      0.046     0.064    acc_store/banks[2].parity[0].ram/valid_q_reg[257]
  -------------------------------------------------------------------
                         required time                         -0.064    
                         arrival time                           0.106    
  -------------------------------------------------------------------
                         slack                                  0.042    

Slack (MET) :             0.042ns  (arrival time - required time)
  Source:                 acc_store/banks[2].parity[0].ram/valid_q_reg[330]/C
                            (rising edge-triggered cell FDRE clocked by core_clk  {rise@0.000ns fall@2.000ns period=4.000ns})
  Destination:            acc_store/banks[2].parity[0].ram/valid_q_reg[330]/D
                            (rising edge-triggered cell FDRE clocked by core_clk  {rise@0.000ns fall@2.000ns period=4.000ns})
  Path Group:             core_clk
  Path Type:              Hold (Min at Fast Process Corner)
  Requirement:            0.000ns  (core_clk rise@0.000ns - core_clk rise@0.000ns)
  Data Path Delay:        0.094ns  (logic 0.054ns (57.540%)  route 0.040ns (42.460%))
  Logic Levels:           1  (LUT6=1)
  Clock Path Skew:        0.006ns (DCD - SCD - CPR)
    Destination Clock Delay (DCD):    0.018ns
    Source Clock Delay      (SCD):    0.012ns
    Clock Pessimism Removal (CPR):    -0.000ns

    Location             Delay type                Incr(ns)  Path(ns)    Netlist Resource(s)
  -------------------------------------------------------------------    -------------------
                         (clock core_clk rise edge)
                                                      0.000     0.000 r  
                                                      0.000     0.000 r  clk (IN)
                         net (fo=25769, unset)        0.012     0.012    acc_store/banks[2].parity[0].ram/clk
    SLICE_X103Y125       FDRE                                         r  acc_store/banks[2].parity[0].ram/valid_q_reg[330]/C
  -------------------------------------------------------------------    -------------------
    SLICE_X103Y125       FDRE (Prop_BFF_SLICEL_C_Q)
                                                      0.039     0.051 r  acc_store/banks[2].parity[0].ram/valid_q_reg[330]/Q
                         net (fo=2, routed)           0.025     0.076    acc_store/banks[2].parity[0].ram/valid_q[330]
    SLICE_X103Y125       LUT6 (Prop_B6LUT_SLICEL_I5_O)
                                                      0.015     0.091 r  acc_store/banks[2].parity[0].ram/valid_q[330]_i_1/O
                         net (fo=1, routed)           0.015     0.106    acc_store/banks[2].parity[0].ram/valid_q[330]_i_1_n_0
    SLICE_X103Y125       FDRE                                         r  acc_store/banks[2].parity[0].ram/valid_q_reg[330]/D
  -------------------------------------------------------------------    -------------------

                         (clock core_clk rise edge)
                                                      0.000     0.000 r  
                                                      0.000     0.000 r  clk (IN)
                         net (fo=25769, unset)        0.018     0.018    acc_store/banks[2].parity[0].ram/clk
    SLICE_X103Y125       FDRE                                         r  acc_store/banks[2].parity[0].ram/valid_q_reg[330]/C
                         clock pessimism              0.000     0.018    
    SLICE_X103Y125       FDRE (Hold_BFF_SLICEL_C_D)
                                                      0.046     0.064    acc_store/banks[2].parity[0].ram/valid_q_reg[330]
  -------------------------------------------------------------------
                         required time                         -0.064    
                         arrival time                           0.106    
  -------------------------------------------------------------------
                         slack                                  0.042    

Slack (MET) :             0.042ns  (arrival time - required time)
  Source:                 acc_store/banks[2].parity[0].ram/valid_q_reg[342]/C
                            (rising edge-triggered cell FDRE clocked by core_clk  {rise@0.000ns fall@2.000ns period=4.000ns})
  Destination:            acc_store/banks[2].parity[0].ram/valid_q_reg[342]/D
                            (rising edge-triggered cell FDRE clocked by core_clk  {rise@0.000ns fall@2.000ns period=4.000ns})
  Path Group:             core_clk
  Path Type:              Hold (Min at Fast Process Corner)
  Requirement:            0.000ns  (core_clk rise@0.000ns - core_clk rise@0.000ns)
  Data Path Delay:        0.094ns  (logic 0.054ns (57.540%)  route 0.040ns (42.460%))
  Logic Levels:           1  (LUT6=1)
  Clock Path Skew:        0.006ns (DCD - SCD - CPR)
    Destination Clock Delay (DCD):    0.018ns
    Source Clock Delay      (SCD):    0.012ns
    Clock Pessimism Removal (CPR):    -0.000ns

    Location             Delay type                Incr(ns)  Path(ns)    Netlist Resource(s)
  -------------------------------------------------------------------    -------------------
                         (clock core_clk rise edge)
                                                      0.000     0.000 r  
                                                      0.000     0.000 r  clk (IN)
                         net (fo=25769, unset)        0.012     0.012    acc_store/banks[2].parity[0].ram/clk
    SLICE_X101Y124       FDRE                                         r  acc_store/banks[2].parity[0].ram/valid_q_reg[342]/C
  -------------------------------------------------------------------    -------------------
    SLICE_X101Y124       FDRE (Prop_BFF_SLICEL_C_Q)
                                                      0.039     0.051 r  acc_store/banks[2].parity[0].ram/valid_q_reg[342]/Q
                         net (fo=2, routed)           0.025     0.076    acc_store/banks[2].parity[0].ram/valid_q[342]
    SLICE_X101Y124       LUT6 (Prop_B6LUT_SLICEL_I5_O)
                                                      0.015     0.091 r  acc_store/banks[2].parity[0].ram/valid_q[342]_i_1/O
                         net (fo=1, routed)           0.015     0.106    acc_store/banks[2].parity[0].ram/valid_q[342]_i_1_n_0
    SLICE_X101Y124       FDRE                                         r  acc_store/banks[2].parity[0].ram/valid_q_reg[342]/D
  -------------------------------------------------------------------    -------------------

                         (clock core_clk rise edge)
                                                      0.000     0.000 r  
                                                      0.000     0.000 r  clk (IN)
                         net (fo=25769, unset)        0.018     0.018    acc_store/banks[2].parity[0].ram/clk
    SLICE_X101Y124       FDRE                                         r  acc_store/banks[2].parity[0].ram/valid_q_reg[342]/C
                         clock pessimism              0.000     0.018    
    SLICE_X101Y124       FDRE (Hold_BFF_SLICEL_C_D)
                                                      0.046     0.064    acc_store/banks[2].parity[0].ram/valid_q_reg[342]
  -------------------------------------------------------------------
                         required time                         -0.064    
                         arrival time                           0.106    
  -------------------------------------------------------------------
                         slack                                  0.042    

Slack (MET) :             0.042ns  (arrival time - required time)
  Source:                 acc_store/banks[2].parity[0].ram/valid_q_reg[346]/C
                            (rising edge-triggered cell FDRE clocked by core_clk  {rise@0.000ns fall@2.000ns period=4.000ns})
  Destination:            acc_store/banks[2].parity[0].ram/valid_q_reg[346]/D
                            (rising edge-triggered cell FDRE clocked by core_clk  {rise@0.000ns fall@2.000ns period=4.000ns})
  Path Group:             core_clk
  Path Type:              Hold (Min at Fast Process Corner)
  Requirement:            0.000ns  (core_clk rise@0.000ns - core_clk rise@0.000ns)
  Data Path Delay:        0.094ns  (logic 0.054ns (57.540%)  route 0.040ns (42.460%))
  Logic Levels:           1  (LUT6=1)
  Clock Path Skew:        0.006ns (DCD - SCD - CPR)
    Destination Clock Delay (DCD):    0.018ns
    Source Clock Delay      (SCD):    0.012ns
    Clock Pessimism Removal (CPR):    -0.000ns

    Location             Delay type                Incr(ns)  Path(ns)    Netlist Resource(s)
  -------------------------------------------------------------------    -------------------
                         (clock core_clk rise edge)
                                                      0.000     0.000 r  
                                                      0.000     0.000 r  clk (IN)
                         net (fo=25769, unset)        0.012     0.012    acc_store/banks[2].parity[0].ram/clk
    SLICE_X101Y130       FDRE                                         r  acc_store/banks[2].parity[0].ram/valid_q_reg[346]/C
  -------------------------------------------------------------------    -------------------
    SLICE_X101Y130       FDRE (Prop_BFF_SLICEL_C_Q)
                                                      0.039     0.051 r  acc_store/banks[2].parity[0].ram/valid_q_reg[346]/Q
                         net (fo=2, routed)           0.025     0.076    acc_store/banks[2].parity[0].ram/valid_q[346]
    SLICE_X101Y130       LUT6 (Prop_B6LUT_SLICEL_I5_O)
                                                      0.015     0.091 r  acc_store/banks[2].parity[0].ram/valid_q[346]_i_1/O
                         net (fo=1, routed)           0.015     0.106    acc_store/banks[2].parity[0].ram/valid_q[346]_i_1_n_0
    SLICE_X101Y130       FDRE                                         r  acc_store/banks[2].parity[0].ram/valid_q_reg[346]/D
  -------------------------------------------------------------------    -------------------

                         (clock core_clk rise edge)
                                                      0.000     0.000 r  
                                                      0.000     0.000 r  clk (IN)
                         net (fo=25769, unset)        0.018     0.018    acc_store/banks[2].parity[0].ram/clk
    SLICE_X101Y130       FDRE                                         r  acc_store/banks[2].parity[0].ram/valid_q_reg[346]/C
                         clock pessimism              0.000     0.018    
    SLICE_X101Y130       FDRE (Hold_BFF_SLICEL_C_D)
                                                      0.046     0.064    acc_store/banks[2].parity[0].ram/valid_q_reg[346]
  -------------------------------------------------------------------
                         required time                         -0.064    
                         arrival time                           0.106    
  -------------------------------------------------------------------
                         slack                                  0.042    

Slack (MET) :             0.042ns  (arrival time - required time)
  Source:                 genblk1[0].lanes[3].lane/control_q_reg[exponent][1]/C
                            (rising edge-triggered cell FDRE clocked by core_clk  {rise@0.000ns fall@2.000ns period=4.000ns})
  Destination:            genblk1[0].lanes[3].lane/norm_q_reg[norm][exponent_norm][1]/D
                            (rising edge-triggered cell FDRE clocked by core_clk  {rise@0.000ns fall@2.000ns period=4.000ns})
  Path Group:             core_clk
  Path Type:              Hold (Min at Fast Process Corner)
  Requirement:            0.000ns  (core_clk rise@0.000ns - core_clk rise@0.000ns)
  Data Path Delay:        0.095ns  (logic 0.039ns (41.053%)  route 0.056ns (58.947%))
  Logic Levels:           0  
  Clock Path Skew:        0.006ns (DCD - SCD - CPR)
    Destination Clock Delay (DCD):    0.018ns
    Source Clock Delay      (SCD):    0.012ns
    Clock Pessimism Removal (CPR):    -0.000ns

    Location             Delay type                Incr(ns)  Path(ns)    Netlist Resource(s)
  -------------------------------------------------------------------    -------------------
                         (clock core_clk rise edge)
                                                      0.000     0.000 r  
                                                      0.000     0.000 r  clk (IN)
                         net (fo=25769, unset)        0.012     0.012    genblk1[0].lanes[3].lane/clk
    SLICE_X135Y79        FDRE                                         r  genblk1[0].lanes[3].lane/control_q_reg[exponent][1]/C
  -------------------------------------------------------------------    -------------------
    SLICE_X135Y79        FDRE (Prop_BFF_SLICEL_C_Q)
                                                      0.039     0.051 r  genblk1[0].lanes[3].lane/control_q_reg[exponent][1]/Q
                         net (fo=1, routed)           0.056     0.107    genblk1[0].lanes[3].lane/control_q_reg[exponent][1]
    SLICE_X134Y79        FDRE                                         r  genblk1[0].lanes[3].lane/norm_q_reg[norm][exponent_norm][1]/D
  -------------------------------------------------------------------    -------------------

                         (clock core_clk rise edge)
                                                      0.000     0.000 r  
                                                      0.000     0.000 r  clk (IN)
                         net (fo=25769, unset)        0.018     0.018    genblk1[0].lanes[3].lane/clk
    SLICE_X134Y79        FDRE                                         r  genblk1[0].lanes[3].lane/norm_q_reg[norm][exponent_norm][1]/C
                         clock pessimism              0.000     0.018    
    SLICE_X134Y79        FDRE (Hold_AFF2_SLICEL_C_D)
                                                      0.047     0.065    genblk1[0].lanes[3].lane/norm_q_reg[norm][exponent_norm][1]
  -------------------------------------------------------------------
                         required time                         -0.065    
                         arrival time                           0.107    
  -------------------------------------------------------------------
                         slack                                  0.042    

Slack (MET) :             0.042ns  (arrival time - required time)
  Source:                 genblk1[1].lanes[7].lane/control_q_reg[exponent][5]/C
                            (rising edge-triggered cell FDRE clocked by core_clk  {rise@0.000ns fall@2.000ns period=4.000ns})
  Destination:            genblk1[1].lanes[7].lane/norm_q_reg[norm][exponent_norm][5]/D
                            (rising edge-triggered cell FDRE clocked by core_clk  {rise@0.000ns fall@2.000ns period=4.000ns})
  Path Group:             core_clk
  Path Type:              Hold (Min at Fast Process Corner)
  Requirement:            0.000ns  (core_clk rise@0.000ns - core_clk rise@0.000ns)
  Data Path Delay:        0.095ns  (logic 0.037ns (38.947%)  route 0.058ns (61.053%))
  Logic Levels:           0  
  Clock Path Skew:        0.006ns (DCD - SCD - CPR)
    Destination Clock Delay (DCD):    0.019ns
    Source Clock Delay      (SCD):    0.013ns
    Clock Pessimism Removal (CPR):    -0.000ns

    Location             Delay type                Incr(ns)  Path(ns)    Netlist Resource(s)
  -------------------------------------------------------------------    -------------------
                         (clock core_clk rise edge)
                                                      0.000     0.000 r  
                                                      0.000     0.000 r  clk (IN)
                         net (fo=25769, unset)        0.013     0.013    genblk1[1].lanes[7].lane/clk
    SLICE_X50Y106        FDRE                                         r  genblk1[1].lanes[7].lane/control_q_reg[exponent][5]/C
  -------------------------------------------------------------------    -------------------
    SLICE_X50Y106        FDRE (Prop_FFF_SLICEM_C_Q)
                                                      0.037     0.050 r  genblk1[1].lanes[7].lane/control_q_reg[exponent][5]/Q
                         net (fo=1, routed)           0.058     0.108    genblk1[1].lanes[7].lane/control_q_reg[exponent][5]
    SLICE_X51Y106        FDRE                                         r  genblk1[1].lanes[7].lane/norm_q_reg[norm][exponent_norm][5]/D
  -------------------------------------------------------------------    -------------------

                         (clock core_clk rise edge)
                                                      0.000     0.000 r  
                                                      0.000     0.000 r  clk (IN)
                         net (fo=25769, unset)        0.019     0.019    genblk1[1].lanes[7].lane/clk
    SLICE_X51Y106        FDRE                                         r  genblk1[1].lanes[7].lane/norm_q_reg[norm][exponent_norm][5]/C
                         clock pessimism              0.000     0.019    
    SLICE_X51Y106        FDRE (Hold_FFF2_SLICEL_C_D)
                                                      0.047     0.066    genblk1[1].lanes[7].lane/norm_q_reg[norm][exponent_norm][5]
  -------------------------------------------------------------------
                         required time                         -0.066    
                         arrival time                           0.108    
  -------------------------------------------------------------------
                         slack                                  0.042    





Pulse Width Checks
--------------------------------------------------------------------------------------
Clock Name:         core_clk
Waveform(ns):       { 0.000 2.000 }
Period(ns):         4.000
Sources:            { clk }

Check Type        Corner  Lib Pin             Reference Pin  Required(ns)  Actual(ns)  Slack(ns)  Location      Pin
Min Period        n/a     RAMB36E2/CLKARDCLK  n/a            1.569         4.000       2.431      RAMB36_X7Y9   acc_store/banks[2].parity[0].ram/mem_reg_0/CLKARDCLK
Min Period        n/a     RAMB36E2/CLKBWRCLK  n/a            1.569         4.000       2.431      RAMB36_X7Y9   acc_store/banks[2].parity[0].ram/mem_reg_0/CLKBWRCLK
Min Period        n/a     RAMB36E2/CLKARDCLK  n/a            1.569         4.000       2.431      RAMB36_X8Y13  acc_store/banks[2].parity[0].ram/mem_reg_1/CLKARDCLK
Min Period        n/a     RAMB36E2/CLKBWRCLK  n/a            1.569         4.000       2.431      RAMB36_X8Y13  acc_store/banks[2].parity[0].ram/mem_reg_1/CLKBWRCLK
Min Period        n/a     RAMB36E2/CLKARDCLK  n/a            1.569         4.000       2.431      RAMB36_X8Y14  acc_store/banks[2].parity[0].ram/mem_reg_2/CLKARDCLK
Min Period        n/a     RAMB36E2/CLKBWRCLK  n/a            1.569         4.000       2.431      RAMB36_X8Y14  acc_store/banks[2].parity[0].ram/mem_reg_2/CLKBWRCLK
Min Period        n/a     RAMB36E2/CLKARDCLK  n/a            1.569         4.000       2.431      RAMB36_X7Y10  acc_store/banks[2].parity[0].ram/mem_reg_3/CLKARDCLK
Min Period        n/a     RAMB36E2/CLKBWRCLK  n/a            1.569         4.000       2.431      RAMB36_X7Y10  acc_store/banks[2].parity[0].ram/mem_reg_3/CLKBWRCLK
Min Period        n/a     RAMB36E2/CLKARDCLK  n/a            1.569         4.000       2.431      RAMB36_X6Y10  acc_store/banks[2].parity[0].ram/mem_reg_4/CLKARDCLK
Min Period        n/a     RAMB36E2/CLKBWRCLK  n/a            1.569         4.000       2.431      RAMB36_X6Y10  acc_store/banks[2].parity[0].ram/mem_reg_4/CLKBWRCLK
Low Pulse Width   Slow    RAMB36E2/CLKARDCLK  n/a            0.542         2.000       1.458      RAMB36_X7Y9   acc_store/banks[2].parity[0].ram/mem_reg_0/CLKARDCLK
Low Pulse Width   Fast    RAMB36E2/CLKARDCLK  n/a            0.542         2.000       1.458      RAMB36_X7Y9   acc_store/banks[2].parity[0].ram/mem_reg_0/CLKARDCLK
Low Pulse Width   Slow    RAMB36E2/CLKBWRCLK  n/a            0.542         2.000       1.458      RAMB36_X7Y9   acc_store/banks[2].parity[0].ram/mem_reg_0/CLKBWRCLK
Low Pulse Width   Fast    RAMB36E2/CLKBWRCLK  n/a            0.542         2.000       1.458      RAMB36_X7Y9   acc_store/banks[2].parity[0].ram/mem_reg_0/CLKBWRCLK
Low Pulse Width   Slow    RAMB36E2/CLKARDCLK  n/a            0.542         2.000       1.458      RAMB36_X8Y13  acc_store/banks[2].parity[0].ram/mem_reg_1/CLKARDCLK
Low Pulse Width   Fast    RAMB36E2/CLKARDCLK  n/a            0.542         2.000       1.458      RAMB36_X8Y13  acc_store/banks[2].parity[0].ram/mem_reg_1/CLKARDCLK
Low Pulse Width   Slow    RAMB36E2/CLKBWRCLK  n/a            0.542         2.000       1.458      RAMB36_X8Y13  acc_store/banks[2].parity[0].ram/mem_reg_1/CLKBWRCLK
Low Pulse Width   Fast    RAMB36E2/CLKBWRCLK  n/a            0.542         2.000       1.458      RAMB36_X8Y13  acc_store/banks[2].parity[0].ram/mem_reg_1/CLKBWRCLK
Low Pulse Width   Slow    RAMB36E2/CLKARDCLK  n/a            0.542         2.000       1.458      RAMB36_X8Y14  acc_store/banks[2].parity[0].ram/mem_reg_2/CLKARDCLK
Low Pulse Width   Fast    RAMB36E2/CLKARDCLK  n/a            0.542         2.000       1.458      RAMB36_X8Y14  acc_store/banks[2].parity[0].ram/mem_reg_2/CLKARDCLK
High Pulse Width  Slow    RAMB36E2/CLKARDCLK  n/a            0.542         2.000       1.458      RAMB36_X7Y9   acc_store/banks[2].parity[0].ram/mem_reg_0/CLKARDCLK
High Pulse Width  Fast    RAMB36E2/CLKARDCLK  n/a            0.542         2.000       1.458      RAMB36_X7Y9   acc_store/banks[2].parity[0].ram/mem_reg_0/CLKARDCLK
High Pulse Width  Slow    RAMB36E2/CLKBWRCLK  n/a            0.542         2.000       1.458      RAMB36_X7Y9   acc_store/banks[2].parity[0].ram/mem_reg_0/CLKBWRCLK
High Pulse Width  Fast    RAMB36E2/CLKBWRCLK  n/a            0.542         2.000       1.458      RAMB36_X7Y9   acc_store/banks[2].parity[0].ram/mem_reg_0/CLKBWRCLK
High Pulse Width  Slow    RAMB36E2/CLKARDCLK  n/a            0.542         2.000       1.458      RAMB36_X8Y13  acc_store/banks[2].parity[0].ram/mem_reg_1/CLKARDCLK
High Pulse Width  Fast    RAMB36E2/CLKARDCLK  n/a            0.542         2.000       1.458      RAMB36_X8Y13  acc_store/banks[2].parity[0].ram/mem_reg_1/CLKARDCLK
High Pulse Width  Slow    RAMB36E2/CLKBWRCLK  n/a            0.542         2.000       1.458      RAMB36_X8Y13  acc_store/banks[2].parity[0].ram/mem_reg_1/CLKBWRCLK
High Pulse Width  Fast    RAMB36E2/CLKBWRCLK  n/a            0.542         2.000       1.458      RAMB36_X8Y13  acc_store/banks[2].parity[0].ram/mem_reg_1/CLKBWRCLK
High Pulse Width  Slow    RAMB36E2/CLKARDCLK  n/a            0.542         2.000       1.458      RAMB36_X8Y14  acc_store/banks[2].parity[0].ram/mem_reg_2/CLKARDCLK
High Pulse Width  Fast    RAMB36E2/CLKARDCLK  n/a            0.542         2.000       1.458      RAMB36_X8Y14  acc_store/banks[2].parity[0].ram/mem_reg_2/CLKARDCLK



