Copyright 1986-2022 Xilinx, Inc. All Rights Reserved.
---------------------------------------------------------------------------------------------------------------------------------------------
| Tool Version : Vivado v.2022.2 (win64) Build 3671981 Fri Oct 14 05:00:03 MDT 2022
| Date         : Wed Sep 30 17:30:08 2026
| Host         : FLY running 64-bit major release  (build 9200)
| Command      : report_utilization -hierarchical -file C:/Users/fly04/Desktop/VLA/PCore_2.0/v3/reports/ooc_dea8_deqacc32_v5/utilization.rpt
| Design       : dea8_deqacc32_v5
| Device       : xcu50-fsvh2104-2-e
| Speed File   : -2
| Design State : Synthesized
---------------------------------------------------------------------------------------------------------------------------------------------

Utilization Design Information

Table of Contents
-----------------
1. Utilization by Hierarchy

1. Utilization by Hierarchy
---------------------------

+-----------------------------+------------------------------------+------------+------------+---------+------+-------+--------+--------+------+------------+
|           Instance          |               Module               | Total LUTs | Logic LUTs | LUTRAMs | SRLs |  FFs  | RAMB36 | RAMB18 | URAM | DSP Blocks |
+-----------------------------+------------------------------------+------------+------------+---------+------+-------+--------+--------+------+------------+
| dea8_deqacc32_v5            |                              (top) |      38180 |      34752 |    1184 | 2244 | 21270 |     14 |      2 |    0 |          0 |
|   (dea8_deqacc32_v5)        |                              (top) |      13116 |      13080 |       0 |   36 |  4855 |      0 |      0 |    0 |          0 |
|   acc_store                 |                  dea8_acc_store_v3 |       8296 |       7112 |    1184 |    0 |  3039 |     14 |      2 |    0 |          0 |
|     (acc_store)             |                  dea8_acc_store_v3 |          1 |          1 |       0 |    0 |    43 |      0 |      0 |    0 |          0 |
|     banks[0].parity[0].ram  |                   dea8_acc_bank_v3 |        626 |        330 |     296 |    0 |   543 |      0 |      0 |    0 |          0 |
|     banks[0].parity[1].ram  |   dea8_acc_bank_v3__parameterized0 |        633 |        337 |     296 |    0 |   542 |      0 |      0 |    0 |          0 |
|     banks[1].parity[0].ram  |                 dea8_acc_bank_v3_0 |       1648 |       1352 |     296 |    0 |   543 |      0 |      0 |    0 |          0 |
|     banks[1].parity[1].ram  | dea8_acc_bank_v3__parameterized0_1 |       1658 |       1362 |     296 |    0 |   542 |      0 |      0 |    0 |          0 |
|     banks[2].parity[0].ram  |   dea8_acc_bank_v3__parameterized1 |       1878 |       1878 |       0 |    0 |   421 |      7 |      1 |    0 |          0 |
|     banks[2].parity[1].ram  |   dea8_acc_bank_v3__parameterized2 |       1852 |       1852 |       0 |    0 |   405 |      7 |      1 |    0 |          0 |
|   genblk1[0].lanes[0].lane  |          dea8_fp32_acc_lane_v5__23 |        524 |        455 |       0 |   69 |   418 |      0 |      0 |    0 |          0 |
|   genblk1[0].lanes[10].lane |          dea8_fp32_acc_lane_v5__31 |        524 |        455 |       0 |   69 |   418 |      0 |      0 |    0 |          0 |
|   genblk1[0].lanes[11].lane |           dea8_fp32_acc_lane_v5__2 |        524 |        455 |       0 |   69 |   418 |      0 |      0 |    0 |          0 |
|   genblk1[0].lanes[12].lane |          dea8_fp32_acc_lane_v5__21 |        524 |        455 |       0 |   69 |   418 |      0 |      0 |    0 |          0 |
|   genblk1[0].lanes[13].lane |          dea8_fp32_acc_lane_v5__20 |        524 |        455 |       0 |   69 |   418 |      0 |      0 |    0 |          0 |
|   genblk1[0].lanes[14].lane |          dea8_fp32_acc_lane_v5__30 |        524 |        455 |       0 |   69 |   418 |      0 |      0 |    0 |          0 |
|   genblk1[0].lanes[15].lane |          dea8_fp32_acc_lane_v5__29 |        524 |        455 |       0 |   69 |   418 |      0 |      0 |    0 |          0 |
|   genblk1[0].lanes[1].lane  |           dea8_fp32_acc_lane_v5__9 |        524 |        455 |       0 |   69 |   418 |      0 |      0 |    0 |          0 |
|   genblk1[0].lanes[2].lane  |           dea8_fp32_acc_lane_v5__1 |        524 |        455 |       0 |   69 |   418 |      0 |      0 |    0 |          0 |
|   genblk1[0].lanes[3].lane  |           dea8_fp32_acc_lane_v5__6 |        524 |        455 |       0 |   69 |   418 |      0 |      0 |    0 |          0 |
|   genblk1[0].lanes[4].lane  |          dea8_fp32_acc_lane_v5__22 |        524 |        455 |       0 |   69 |   418 |      0 |      0 |    0 |          0 |
|   genblk1[0].lanes[5].lane  |          dea8_fp32_acc_lane_v5__14 |        524 |        455 |       0 |   69 |   418 |      0 |      0 |    0 |          0 |
|   genblk1[0].lanes[6].lane  |              dea8_fp32_acc_lane_v5 |        524 |        455 |       0 |   69 |   418 |      0 |      0 |    0 |          0 |
|   genblk1[0].lanes[7].lane  |          dea8_fp32_acc_lane_v5__13 |        524 |        455 |       0 |   69 |   418 |      0 |      0 |    0 |          0 |
|   genblk1[0].lanes[8].lane  |          dea8_fp32_acc_lane_v5__24 |        524 |        455 |       0 |   69 |   418 |      0 |      0 |    0 |          0 |
|   genblk1[0].lanes[9].lane  |          dea8_fp32_acc_lane_v5__12 |        524 |        455 |       0 |   69 |   418 |      0 |      0 |    0 |          0 |
|   genblk1[1].lanes[0].lane  |           dea8_fp32_acc_lane_v5__5 |        524 |        455 |       0 |   69 |   418 |      0 |      0 |    0 |          0 |
|   genblk1[1].lanes[10].lane |          dea8_fp32_acc_lane_v5__27 |        524 |        455 |       0 |   69 |   418 |      0 |      0 |    0 |          0 |
|   genblk1[1].lanes[11].lane |           dea8_fp32_acc_lane_v5__3 |        524 |        455 |       0 |   69 |   418 |      0 |      0 |    0 |          0 |
|   genblk1[1].lanes[12].lane |          dea8_fp32_acc_lane_v5__26 |        524 |        455 |       0 |   69 |   418 |      0 |      0 |    0 |          0 |
|   genblk1[1].lanes[13].lane |          dea8_fp32_acc_lane_v5__16 |        524 |        455 |       0 |   69 |   418 |      0 |      0 |    0 |          0 |
|   genblk1[1].lanes[14].lane |          dea8_fp32_acc_lane_v5__25 |        524 |        455 |       0 |   69 |   418 |      0 |      0 |    0 |          0 |
|   genblk1[1].lanes[15].lane |          dea8_fp32_acc_lane_v5__15 |        524 |        455 |       0 |   69 |   418 |      0 |      0 |    0 |          0 |
|   genblk1[1].lanes[1].lane  |           dea8_fp32_acc_lane_v5__8 |        524 |        455 |       0 |   69 |   418 |      0 |      0 |    0 |          0 |
|   genblk1[1].lanes[2].lane  |          dea8_fp32_acc_lane_v5__11 |        524 |        455 |       0 |   69 |   418 |      0 |      0 |    0 |          0 |
|   genblk1[1].lanes[3].lane  |          dea8_fp32_acc_lane_v5__10 |        524 |        455 |       0 |   69 |   418 |      0 |      0 |    0 |          0 |
|   genblk1[1].lanes[4].lane  |           dea8_fp32_acc_lane_v5__7 |        524 |        455 |       0 |   69 |   418 |      0 |      0 |    0 |          0 |
|   genblk1[1].lanes[5].lane  |          dea8_fp32_acc_lane_v5__19 |        524 |        455 |       0 |   69 |   418 |      0 |      0 |    0 |          0 |
|   genblk1[1].lanes[6].lane  |          dea8_fp32_acc_lane_v5__18 |        524 |        455 |       0 |   69 |   418 |      0 |      0 |    0 |          0 |
|   genblk1[1].lanes[7].lane  |           dea8_fp32_acc_lane_v5__4 |        524 |        455 |       0 |   69 |   418 |      0 |      0 |    0 |          0 |
|   genblk1[1].lanes[8].lane  |          dea8_fp32_acc_lane_v5__28 |        524 |        455 |       0 |   69 |   418 |      0 |      0 |    0 |          0 |
|   genblk1[1].lanes[9].lane  |          dea8_fp32_acc_lane_v5__17 |        524 |        455 |       0 |   69 |   418 |      0 |      0 |    0 |          0 |
+-----------------------------+------------------------------------+------------+------------+---------+------+-------+--------+--------+------+------------+


