Copyright 1986-2022 Xilinx, Inc. All Rights Reserved.
-------------------------------------------------------------------------------------------------------------------------------------------------------------------------------------------------------------
| Tool Version      : Vivado v.2022.2 (win64) Build 3671981 Fri Oct 14 05:00:03 MDT 2022
| Date              : Wed Sep 30 17:30:34 2026
| Host              : FLY running 64-bit major release  (build 9200)
| Command           : report_timing -to [get_cells -quiet -hier -filter {NAME =~ *align_q_reg*}] -max_paths 3 -file C:/Users/fly04/Desktop/VLA/PCore_2.0/v3/reports/ooc_dea8_deqacc32_v5/v5_align_timing.rpt
| Design            : dea8_deqacc32_v5
| Device            : xcu50-fsvh2104
| Speed File        : -2  PRODUCTION 1.30 05-01-2022
| Temperature Grade : E
-------------------------------------------------------------------------------------------------------------------------------------------------------------------------------------------------------------

Timing Report

Slack (MET) :             2.655ns  (required time - arrival time)
  Source:                 genblk1[0].lanes[0].lane/order_q_reg[pre][small_x][6]/C
                            (rising edge-triggered cell FDRE clocked by core_clk  {rise@0.000ns fall@2.000ns period=4.000ns})
  Destination:            genblk1[0].lanes[0].lane/align_q_reg[pre][small_x][0]/D
                            (rising edge-triggered cell FDRE clocked by core_clk  {rise@0.000ns fall@2.000ns period=4.000ns})
  Path Group:             core_clk
  Path Type:              Setup (Max at Slow Process Corner)
  Requirement:            4.000ns  (core_clk rise@4.000ns - core_clk rise@0.000ns)
  Data Path Delay:        1.326ns  (logic 0.472ns (35.596%)  route 0.854ns (64.404%))
  Logic Levels:           6  (LUT5=1 LUT6=4 MUXF7=1)
  Clock Path Skew:        -0.009ns (DCD - SCD + CPR)
    Destination Clock Delay (DCD):    0.021ns = ( 4.021 - 4.000 ) 
    Source Clock Delay      (SCD):    0.030ns
    Clock Pessimism Removal (CPR):    0.000ns
  Clock Uncertainty:      0.035ns  ((TSJ^2 + TIJ^2)^1/2 + DJ) / 2 + PE
    Total System Jitter     (TSJ):    0.071ns
    Total Input Jitter      (TIJ):    0.000ns
    Discrete Jitter          (DJ):    0.000ns
    Phase Error              (PE):    0.000ns

    Location             Delay type                Incr(ns)  Path(ns)    Netlist Resource(s)
  -------------------------------------------------------------------    -------------------
                         (clock core_clk rise edge)
                                                      0.000     0.000 r  
                                                      0.000     0.000 r  clk (IN)
                         net (fo=25913, unset)        0.030     0.030    genblk1[0].lanes[0].lane/clk
                         FDRE                                         r  genblk1[0].lanes[0].lane/order_q_reg[pre][small_x][6]/C
  -------------------------------------------------------------------    -------------------
                         FDRE (Prop_FDRE_C_Q)         0.077     0.107 r  genblk1[0].lanes[0].lane/order_q_reg[pre][small_x][6]/Q
                         net (fo=3, unplaced)         0.104     0.211    genblk1[0].lanes[0].lane/order_q_reg[pre][small_x][6]
                         LUT5 (Prop_LUT5_I0_O)        0.125     0.336 r  genblk1[0].lanes[0].lane/align_q[pre][small_x][0]_i_18/O
                         net (fo=1, unplaced)         0.185     0.521    genblk1[0].lanes[0].lane/align_q[pre][small_x][0]_i_18_n_0
                         LUT6 (Prop_LUT6_I5_O)        0.038     0.559 f  genblk1[0].lanes[0].lane/align_q[pre][small_x][0]_i_15/O
                         net (fo=1, unplaced)         0.140     0.699    genblk1[0].lanes[0].lane/align_q[pre][small_x][0]_i_15_n_0
                         LUT6 (Prop_LUT6_I0_O)        0.090     0.789 r  genblk1[0].lanes[0].lane/align_q[pre][small_x][0]_i_12/O
                         net (fo=1, unplaced)         0.185     0.974    genblk1[0].lanes[0].lane/align_q[pre][small_x][0]_i_12_n_0
                         LUT6 (Prop_LUT6_I5_O)        0.038     1.012 r  genblk1[0].lanes[0].lane/align_q[pre][small_x][0]_i_6/O
                         net (fo=1, unplaced)         0.185     1.197    genblk1[0].lanes[0].lane/align_q[pre][small_x][0]_i_6_n_0
                         LUT6 (Prop_LUT6_I2_O)        0.037     1.234 r  genblk1[0].lanes[0].lane/align_q[pre][small_x][0]_i_3/O
                         net (fo=1, unplaced)         0.024     1.258    genblk1[0].lanes[0].lane/align_q[pre][small_x][0]_i_3_n_0
                         MUXF7 (Prop_MUXF7_I0_O)      0.067     1.325 r  genblk1[0].lanes[0].lane/align_q_reg[pre][small_x][0]_i_1/O
                         net (fo=1, unplaced)         0.031     1.356    genblk1[0].lanes[0].lane/shift_right_jam28_return[0]
                         FDRE                                         r  genblk1[0].lanes[0].lane/align_q_reg[pre][small_x][0]/D
  -------------------------------------------------------------------    -------------------

                         (clock core_clk rise edge)
                                                      4.000     4.000 r  
                                                      0.000     4.000 r  clk (IN)
                         net (fo=25913, unset)        0.021     4.021    genblk1[0].lanes[0].lane/clk
                         FDRE                                         r  genblk1[0].lanes[0].lane/align_q_reg[pre][small_x][0]/C
                         clock pessimism              0.000     4.021    
                         clock uncertainty           -0.035     3.986    
                         FDRE (Setup_FDRE_C_D)        0.025     4.011    genblk1[0].lanes[0].lane/align_q_reg[pre][small_x][0]
  -------------------------------------------------------------------
                         required time                          4.011    
                         arrival time                          -1.356    
  -------------------------------------------------------------------
                         slack                                  2.655    

Slack (MET) :             2.655ns  (required time - arrival time)
  Source:                 genblk1[0].lanes[10].lane/order_q_reg[pre][small_x][6]/C
                            (rising edge-triggered cell FDRE clocked by core_clk  {rise@0.000ns fall@2.000ns period=4.000ns})
  Destination:            genblk1[0].lanes[10].lane/align_q_reg[pre][small_x][0]/D
                            (rising edge-triggered cell FDRE clocked by core_clk  {rise@0.000ns fall@2.000ns period=4.000ns})
  Path Group:             core_clk
  Path Type:              Setup (Max at Slow Process Corner)
  Requirement:            4.000ns  (core_clk rise@4.000ns - core_clk rise@0.000ns)
  Data Path Delay:        1.326ns  (logic 0.472ns (35.596%)  route 0.854ns (64.404%))
  Logic Levels:           6  (LUT5=1 LUT6=4 MUXF7=1)
  Clock Path Skew:        -0.009ns (DCD - SCD + CPR)
    Destination Clock Delay (DCD):    0.021ns = ( 4.021 - 4.000 ) 
    Source Clock Delay      (SCD):    0.030ns
    Clock Pessimism Removal (CPR):    0.000ns
  Clock Uncertainty:      0.035ns  ((TSJ^2 + TIJ^2)^1/2 + DJ) / 2 + PE
    Total System Jitter     (TSJ):    0.071ns
    Total Input Jitter      (TIJ):    0.000ns
    Discrete Jitter          (DJ):    0.000ns
    Phase Error              (PE):    0.000ns

    Location             Delay type                Incr(ns)  Path(ns)    Netlist Resource(s)
  -------------------------------------------------------------------    -------------------
                         (clock core_clk rise edge)
                                                      0.000     0.000 r  
                                                      0.000     0.000 r  clk (IN)
                         net (fo=25913, unset)        0.030     0.030    genblk1[0].lanes[10].lane/clk
                         FDRE                                         r  genblk1[0].lanes[10].lane/order_q_reg[pre][small_x][6]/C
  -------------------------------------------------------------------    -------------------
                         FDRE (Prop_FDRE_C_Q)         0.077     0.107 r  genblk1[0].lanes[10].lane/order_q_reg[pre][small_x][6]/Q
                         net (fo=3, unplaced)         0.104     0.211    genblk1[0].lanes[10].lane/order_q_reg[pre][small_x][6]
                         LUT5 (Prop_LUT5_I0_O)        0.125     0.336 r  genblk1[0].lanes[10].lane/align_q[pre][small_x][0]_i_18/O
                         net (fo=1, unplaced)         0.185     0.521    genblk1[0].lanes[10].lane/align_q[pre][small_x][0]_i_18_n_0
                         LUT6 (Prop_LUT6_I5_O)        0.038     0.559 f  genblk1[0].lanes[10].lane/align_q[pre][small_x][0]_i_15/O
                         net (fo=1, unplaced)         0.140     0.699    genblk1[0].lanes[10].lane/align_q[pre][small_x][0]_i_15_n_0
                         LUT6 (Prop_LUT6_I0_O)        0.090     0.789 r  genblk1[0].lanes[10].lane/align_q[pre][small_x][0]_i_12/O
                         net (fo=1, unplaced)         0.185     0.974    genblk1[0].lanes[10].lane/align_q[pre][small_x][0]_i_12_n_0
                         LUT6 (Prop_LUT6_I5_O)        0.038     1.012 r  genblk1[0].lanes[10].lane/align_q[pre][small_x][0]_i_6/O
                         net (fo=1, unplaced)         0.185     1.197    genblk1[0].lanes[10].lane/align_q[pre][small_x][0]_i_6_n_0
                         LUT6 (Prop_LUT6_I2_O)        0.037     1.234 r  genblk1[0].lanes[10].lane/align_q[pre][small_x][0]_i_3/O
                         net (fo=1, unplaced)         0.024     1.258    genblk1[0].lanes[10].lane/align_q[pre][small_x][0]_i_3_n_0
                         MUXF7 (Prop_MUXF7_I0_O)      0.067     1.325 r  genblk1[0].lanes[10].lane/align_q_reg[pre][small_x][0]_i_1/O
                         net (fo=1, unplaced)         0.031     1.356    genblk1[0].lanes[10].lane/shift_right_jam28_return[0]
                         FDRE                                         r  genblk1[0].lanes[10].lane/align_q_reg[pre][small_x][0]/D
  -------------------------------------------------------------------    -------------------

                         (clock core_clk rise edge)
                                                      4.000     4.000 r  
                                                      0.000     4.000 r  clk (IN)
                         net (fo=25913, unset)        0.021     4.021    genblk1[0].lanes[10].lane/clk
                         FDRE                                         r  genblk1[0].lanes[10].lane/align_q_reg[pre][small_x][0]/C
                         clock pessimism              0.000     4.021    
                         clock uncertainty           -0.035     3.986    
                         FDRE (Setup_FDRE_C_D)        0.025     4.011    genblk1[0].lanes[10].lane/align_q_reg[pre][small_x][0]
  -------------------------------------------------------------------
                         required time                          4.011    
                         arrival time                          -1.356    
  -------------------------------------------------------------------
                         slack                                  2.655    

Slack (MET) :             2.655ns  (required time - arrival time)
  Source:                 genblk1[0].lanes[11].lane/order_q_reg[pre][small_x][6]/C
                            (rising edge-triggered cell FDRE clocked by core_clk  {rise@0.000ns fall@2.000ns period=4.000ns})
  Destination:            genblk1[0].lanes[11].lane/align_q_reg[pre][small_x][0]/D
                            (rising edge-triggered cell FDRE clocked by core_clk  {rise@0.000ns fall@2.000ns period=4.000ns})
  Path Group:             core_clk
  Path Type:              Setup (Max at Slow Process Corner)
  Requirement:            4.000ns  (core_clk rise@4.000ns - core_clk rise@0.000ns)
  Data Path Delay:        1.326ns  (logic 0.472ns (35.596%)  route 0.854ns (64.404%))
  Logic Levels:           6  (LUT5=1 LUT6=4 MUXF7=1)
  Clock Path Skew:        -0.009ns (DCD - SCD + CPR)
    Destination Clock Delay (DCD):    0.021ns = ( 4.021 - 4.000 ) 
    Source Clock Delay      (SCD):    0.030ns
    Clock Pessimism Removal (CPR):    0.000ns
  Clock Uncertainty:      0.035ns  ((TSJ^2 + TIJ^2)^1/2 + DJ) / 2 + PE
    Total System Jitter     (TSJ):    0.071ns
    Total Input Jitter      (TIJ):    0.000ns
    Discrete Jitter          (DJ):    0.000ns
    Phase Error              (PE):    0.000ns

    Location             Delay type                Incr(ns)  Path(ns)    Netlist Resource(s)
  -------------------------------------------------------------------    -------------------
                         (clock core_clk rise edge)
                                                      0.000     0.000 r  
                                                      0.000     0.000 r  clk (IN)
                         net (fo=25913, unset)        0.030     0.030    genblk1[0].lanes[11].lane/clk
                         FDRE                                         r  genblk1[0].lanes[11].lane/order_q_reg[pre][small_x][6]/C
  -------------------------------------------------------------------    -------------------
                         FDRE (Prop_FDRE_C_Q)         0.077     0.107 r  genblk1[0].lanes[11].lane/order_q_reg[pre][small_x][6]/Q
                         net (fo=3, unplaced)         0.104     0.211    genblk1[0].lanes[11].lane/order_q_reg[pre][small_x][6]
                         LUT5 (Prop_LUT5_I0_O)        0.125     0.336 r  genblk1[0].lanes[11].lane/align_q[pre][small_x][0]_i_18/O
                         net (fo=1, unplaced)         0.185     0.521    genblk1[0].lanes[11].lane/align_q[pre][small_x][0]_i_18_n_0
                         LUT6 (Prop_LUT6_I5_O)        0.038     0.559 f  genblk1[0].lanes[11].lane/align_q[pre][small_x][0]_i_15/O
                         net (fo=1, unplaced)         0.140     0.699    genblk1[0].lanes[11].lane/align_q[pre][small_x][0]_i_15_n_0
                         LUT6 (Prop_LUT6_I0_O)        0.090     0.789 r  genblk1[0].lanes[11].lane/align_q[pre][small_x][0]_i_12/O
                         net (fo=1, unplaced)         0.185     0.974    genblk1[0].lanes[11].lane/align_q[pre][small_x][0]_i_12_n_0
                         LUT6 (Prop_LUT6_I5_O)        0.038     1.012 r  genblk1[0].lanes[11].lane/align_q[pre][small_x][0]_i_6/O
                         net (fo=1, unplaced)         0.185     1.197    genblk1[0].lanes[11].lane/align_q[pre][small_x][0]_i_6_n_0
                         LUT6 (Prop_LUT6_I2_O)        0.037     1.234 r  genblk1[0].lanes[11].lane/align_q[pre][small_x][0]_i_3/O
                         net (fo=1, unplaced)         0.024     1.258    genblk1[0].lanes[11].lane/align_q[pre][small_x][0]_i_3_n_0
                         MUXF7 (Prop_MUXF7_I0_O)      0.067     1.325 r  genblk1[0].lanes[11].lane/align_q_reg[pre][small_x][0]_i_1/O
                         net (fo=1, unplaced)         0.031     1.356    genblk1[0].lanes[11].lane/shift_right_jam28_return[0]
                         FDRE                                         r  genblk1[0].lanes[11].lane/align_q_reg[pre][small_x][0]/D
  -------------------------------------------------------------------    -------------------

                         (clock core_clk rise edge)
                                                      4.000     4.000 r  
                                                      0.000     4.000 r  clk (IN)
                         net (fo=25913, unset)        0.021     4.021    genblk1[0].lanes[11].lane/clk
                         FDRE                                         r  genblk1[0].lanes[11].lane/align_q_reg[pre][small_x][0]/C
                         clock pessimism              0.000     4.021    
                         clock uncertainty           -0.035     3.986    
                         FDRE (Setup_FDRE_C_D)        0.025     4.011    genblk1[0].lanes[11].lane/align_q_reg[pre][small_x][0]
  -------------------------------------------------------------------
                         required time                          4.011    
                         arrival time                          -1.356    
  -------------------------------------------------------------------
                         slack                                  2.655    




