Copyright 1986-2022 Xilinx, Inc. All Rights Reserved.
----------------------------------------------------------------------------------------------------------------------------------------------------------------------------------------------------------------
| Tool Version      : Vivado v.2022.2 (win64) Build 3671981 Fri Oct 14 05:00:03 MDT 2022
| Date              : Wed Sep 30 17:30:33 2026
| Host              : FLY running 64-bit major release  (build 9200)
| Command           : report_timing -to [get_cells -quiet -hier -filter {NAME =~ *s0_reg*}] -max_paths 3 -file C:/Users/fly04/Desktop/VLA/PCore_2.0/v3/reports/ooc_dea8_deqacc32_v5/v5_int_normalize_timing.rpt
| Design            : dea8_deqacc32_v5
| Device            : xcu50-fsvh2104
| Speed File        : -2  PRODUCTION 1.30 05-01-2022
| Temperature Grade : E
----------------------------------------------------------------------------------------------------------------------------------------------------------------------------------------------------------------

Timing Report

Slack (MET) :             0.753ns  (required time - arrival time)
  Source:                 rsp[psum][0][15][2]
                            (input port clocked by core_clk  {rise@0.000ns fall@2.000ns period=4.000ns})
  Destination:            s0_reg[0][15][exponent][10]/D
                            (rising edge-triggered cell FDRE clocked by core_clk  {rise@0.000ns fall@2.000ns period=4.000ns})
  Path Group:             core_clk
  Path Type:              Setup (Max at Slow Process Corner)
  Requirement:            4.000ns  (core_clk rise@4.000ns - core_clk rise@0.000ns)
  Data Path Delay:        3.258ns  (logic 1.120ns (34.377%)  route 2.138ns (65.623%))
  Logic Levels:           17  (CARRY8=6 LUT1=1 LUT3=1 LUT4=2 LUT5=3 LUT6=4)
  Input Delay:            0.000ns
  Clock Path Skew:        0.021ns (DCD - SCD + CPR)
    Destination Clock Delay (DCD):    0.021ns = ( 4.021 - 4.000 ) 
    Source Clock Delay      (SCD):    0.000ns
    Clock Pessimism Removal (CPR):    0.000ns
  Clock Uncertainty:      0.035ns  ((TSJ^2 + TIJ^2)^1/2 + DJ) / 2 + PE
    Total System Jitter     (TSJ):    0.071ns
    Total Input Jitter      (TIJ):    0.000ns
    Discrete Jitter          (DJ):    0.000ns
    Phase Error              (PE):    0.000ns

    Location             Delay type                Incr(ns)  Path(ns)    Netlist Resource(s)
  -------------------------------------------------------------------    -------------------
                         (clock core_clk rise edge)
                                                      0.000     0.000 r  
                         input delay                  0.000     0.000    
                                                      0.000     0.000 f  rsp[psum][0][15][2] (IN)
                         net (fo=1, unset)            0.000     0.000    rsp[psum][0][15][2]
                         LUT1 (Prop_LUT1_I0_O)        0.037     0.037 r  s0[0][15][norm][13]_i_24/O
                         net (fo=1, unplaced)         0.023     0.060    s0[0][15][norm][13]_i_24_n_0
                         CARRY8 (Prop_CARRY8_S[1]_CO[7])
                                                      0.197     0.257 r  s0_reg[0][15][norm][13]_i_15/CO[7]
                         net (fo=1, unplaced)         0.005     0.262    s0_reg[0][15][norm][13]_i_15_n_0
                         CARRY8 (Prop_CARRY8_CI_CO[7])
                                                      0.022     0.284 r  s0_reg[0][15][norm][13]_i_16/CO[7]
                         net (fo=1, unplaced)         0.005     0.289    s0_reg[0][15][norm][13]_i_16_n_0
                         CARRY8 (Prop_CARRY8_CI_CO[7])
                                                      0.022     0.311 r  s0_reg[0][15][norm][0]_i_16/CO[7]
                         net (fo=1, unplaced)         0.005     0.316    s0_reg[0][15][norm][0]_i_16_n_0
                         CARRY8 (Prop_CARRY8_CI_O[4])
                                                      0.086     0.402 f  s0_reg[0][15][norm][0]_i_14/O[4]
                         net (fo=1, unplaced)         0.183     0.585    s0_reg[0][15][norm][0]_i_14_n_11
                         LUT3 (Prop_LUT3_I0_O)        0.038     0.623 f  s0[0][15][norm][30]_i_10/O
                         net (fo=3, unplaced)         0.191     0.814    s0[0][15][norm][30]_i_10_n_0
                         LUT4 (Prop_LUT4_I2_O)        0.038     0.852 f  s0[0][15][norm][0]_i_15/O
                         net (fo=1, unplaced)         0.185     1.037    s0[0][15][norm][0]_i_15_n_0
                         LUT5 (Prop_LUT5_I4_O)        0.038     1.075 f  s0[0][15][norm][0]_i_9/O
                         net (fo=1, unplaced)         0.185     1.260    s0[0][15][norm][0]_i_9_n_0
                         LUT6 (Prop_LUT6_I5_O)        0.038     1.298 r  s0[0][15][norm][0]_i_2/O
                         net (fo=64, unplaced)        0.260     1.558    s0[0][15][norm][0]_i_2_n_0
                         LUT5 (Prop_LUT5_I3_O)        0.038     1.596 r  s0[0][15][norm][0]_i_17/O
                         net (fo=1, unplaced)         0.185     1.781    s0[0][15][norm][0]_i_17_n_0
                         LUT6 (Prop_LUT6_I5_O)        0.038     1.819 r  s0[0][15][norm][0]_i_13/O
                         net (fo=4, unplaced)         0.197     2.016    s0[0][15][norm][0]_i_13_n_0
                         LUT6 (Prop_LUT6_I5_O)        0.038     2.054 f  s0[0][15][norm][0]_i_3/O
                         net (fo=46, unplaced)        0.208     2.262    s0[0][15][norm][0]_i_3_n_0
                         LUT6 (Prop_LUT6_I3_O)        0.090     2.352 r  s0[0][15][norm][1]_i_3/O
                         net (fo=44, unplaced)        0.207     2.559    s0[0][15][norm][1]_i_3_n_0
                         LUT5 (Prop_LUT5_I2_O)        0.090     2.649 r  s0[0][15][is_zero]_i_2/O
                         net (fo=34, unplaced)        0.246     2.895    s0[0][15][is_zero]_i_2_n_0
                         LUT4 (Prop_LUT4_I3_O)        0.037     2.932 r  s0[0][15][exponent][7]_i_15/O
                         net (fo=1, unplaced)         0.023     2.955    s0[0][15][exponent][7]_i_15_n_0
                         CARRY8 (Prop_CARRY8_S[1]_CO[7])
                                                      0.197     3.152 r  s0_reg[0][15][exponent][7]_i_1/CO[7]
                         net (fo=1, unplaced)         0.005     3.157    s0_reg[0][15][exponent][7]_i_1_n_0
                         CARRY8 (Prop_CARRY8_CI_O[1])
                                                      0.076     3.233 r  s0_reg[0][15][exponent][10]_i_1/O[1]
                         net (fo=1, unplaced)         0.025     3.258    normalize[exponent]_return[10]
                         FDRE                                         r  s0_reg[0][15][exponent][10]/D
  -------------------------------------------------------------------    -------------------

                         (clock core_clk rise edge)
                                                      4.000     4.000 r  
                                                      0.000     4.000 r  clk (IN)
                         net (fo=25913, unset)        0.021     4.021    clk
                         FDRE                                         r  s0_reg[0][15][exponent][10]/C
                         clock pessimism              0.000     4.021    
                         clock uncertainty           -0.035     3.986    
                         FDRE (Setup_FDRE_C_D)        0.025     4.011    s0_reg[0][15][exponent][10]
  -------------------------------------------------------------------
                         required time                          4.011    
                         arrival time                          -3.258    
  -------------------------------------------------------------------
                         slack                                  0.753    

Slack (MET) :             0.765ns  (required time - arrival time)
  Source:                 rsp[psum][0][7][2]
                            (input port clocked by core_clk  {rise@0.000ns fall@2.000ns period=4.000ns})
  Destination:            s0_reg[0][7][exponent][10]/D
                            (rising edge-triggered cell FDRE clocked by core_clk  {rise@0.000ns fall@2.000ns period=4.000ns})
  Path Group:             core_clk
  Path Type:              Setup (Max at Slow Process Corner)
  Requirement:            4.000ns  (core_clk rise@4.000ns - core_clk rise@0.000ns)
  Data Path Delay:        3.246ns  (logic 1.190ns (36.660%)  route 2.056ns (63.339%))
  Logic Levels:           16  (CARRY8=5 LUT1=1 LUT3=1 LUT4=2 LUT5=3 LUT6=4)
  Input Delay:            0.000ns
  Clock Path Skew:        0.021ns (DCD - SCD + CPR)
    Destination Clock Delay (DCD):    0.021ns = ( 4.021 - 4.000 ) 
    Source Clock Delay      (SCD):    0.000ns
    Clock Pessimism Removal (CPR):    0.000ns
  Clock Uncertainty:      0.035ns  ((TSJ^2 + TIJ^2)^1/2 + DJ) / 2 + PE
    Total System Jitter     (TSJ):    0.071ns
    Total Input Jitter      (TIJ):    0.000ns
    Discrete Jitter          (DJ):    0.000ns
    Phase Error              (PE):    0.000ns

    Location             Delay type                Incr(ns)  Path(ns)    Netlist Resource(s)
  -------------------------------------------------------------------    -------------------
                         (clock core_clk rise edge)
                                                      0.000     0.000 r  
                         input delay                  0.000     0.000    
                                                      0.000     0.000 f  rsp[psum][0][7][2] (IN)
                         net (fo=1, unset)            0.000     0.000    rsp[psum][0][7][2]
                         LUT1 (Prop_LUT1_I0_O)        0.037     0.037 r  s0[0][7][norm][13]_i_24/O
                         net (fo=1, unplaced)         0.023     0.060    s0[0][7][norm][13]_i_24_n_0
                         CARRY8 (Prop_CARRY8_S[1]_CO[7])
                                                      0.197     0.257 r  s0_reg[0][7][norm][13]_i_15/CO[7]
                         net (fo=1, unplaced)         0.005     0.262    s0_reg[0][7][norm][13]_i_15_n_0
                         CARRY8 (Prop_CARRY8_CI_CO[7])
                                                      0.022     0.284 r  s0_reg[0][7][norm][13]_i_16/CO[7]
                         net (fo=1, unplaced)         0.005     0.289    s0_reg[0][7][norm][13]_i_16_n_0
                         CARRY8 (Prop_CARRY8_CI_O[7])
                                                      0.116     0.405 f  s0_reg[0][7][norm][0]_i_14/O[7]
                         net (fo=1, unplaced)         0.138     0.543    s0_reg[0][7][norm][0]_i_14_n_8
                         LUT3 (Prop_LUT3_I0_O)        0.038     0.581 f  s0[0][7][is_zero]_i_24/O
                         net (fo=4, unplaced)         0.153     0.734    s0[0][7][is_zero]_i_24_n_0
                         LUT4 (Prop_LUT4_I2_O)        0.100     0.834 f  s0[0][7][norm][0]_i_16/O
                         net (fo=1, unplaced)         0.185     1.019    s0[0][7][norm][0]_i_16_n_0
                         LUT5 (Prop_LUT5_I4_O)        0.038     1.057 f  s0[0][7][norm][0]_i_9/O
                         net (fo=1, unplaced)         0.185     1.242    s0[0][7][norm][0]_i_9_n_0
                         LUT6 (Prop_LUT6_I5_O)        0.038     1.280 r  s0[0][7][norm][0]_i_2/O
                         net (fo=64, unplaced)        0.260     1.540    s0[0][7][norm][0]_i_2_n_0
                         LUT5 (Prop_LUT5_I3_O)        0.038     1.578 r  s0[0][7][norm][0]_i_19/O
                         net (fo=1, unplaced)         0.185     1.763    s0[0][7][norm][0]_i_19_n_0
                         LUT6 (Prop_LUT6_I5_O)        0.038     1.801 r  s0[0][7][norm][0]_i_13/O
                         net (fo=5, unplaced)         0.203     2.004    s0[0][7][norm][0]_i_13_n_0
                         LUT6 (Prop_LUT6_I5_O)        0.038     2.042 f  s0[0][7][norm][0]_i_3/O
                         net (fo=46, unplaced)        0.208     2.250    s0[0][7][norm][0]_i_3_n_0
                         LUT6 (Prop_LUT6_I3_O)        0.090     2.340 r  s0[0][7][norm][1]_i_3/O
                         net (fo=44, unplaced)        0.207     2.547    s0[0][7][norm][1]_i_3_n_0
                         LUT5 (Prop_LUT5_I2_O)        0.090     2.637 r  s0[0][7][is_zero]_i_2/O
                         net (fo=34, unplaced)        0.246     2.883    s0[0][7][is_zero]_i_2_n_0
                         LUT4 (Prop_LUT4_I3_O)        0.037     2.920 r  s0[0][7][exponent][7]_i_15/O
                         net (fo=1, unplaced)         0.023     2.943    s0[0][7][exponent][7]_i_15_n_0
                         CARRY8 (Prop_CARRY8_S[1]_CO[7])
                                                      0.197     3.140 r  s0_reg[0][7][exponent][7]_i_1/CO[7]
                         net (fo=1, unplaced)         0.005     3.145    s0_reg[0][7][exponent][7]_i_1_n_0
                         CARRY8 (Prop_CARRY8_CI_O[1])
                                                      0.076     3.221 r  s0_reg[0][7][exponent][10]_i_1/O[1]
                         net (fo=1, unplaced)         0.025     3.246    s0_reg[0][7][exponent][10]_i_1_n_14
                         FDRE                                         r  s0_reg[0][7][exponent][10]/D
  -------------------------------------------------------------------    -------------------

                         (clock core_clk rise edge)
                                                      4.000     4.000 r  
                                                      0.000     4.000 r  clk (IN)
                         net (fo=25913, unset)        0.021     4.021    clk
                         FDRE                                         r  s0_reg[0][7][exponent][10]/C
                         clock pessimism              0.000     4.021    
                         clock uncertainty           -0.035     3.986    
                         FDRE (Setup_FDRE_C_D)        0.025     4.011    s0_reg[0][7][exponent][10]
  -------------------------------------------------------------------
                         required time                          4.011    
                         arrival time                          -3.246    
  -------------------------------------------------------------------
                         slack                                  0.765    

Slack (MET) :             0.773ns  (required time - arrival time)
  Source:                 rsp[psum][0][15][2]
                            (input port clocked by core_clk  {rise@0.000ns fall@2.000ns period=4.000ns})
  Destination:            s0_reg[0][15][exponent][8]/D
                            (rising edge-triggered cell FDRE clocked by core_clk  {rise@0.000ns fall@2.000ns period=4.000ns})
  Path Group:             core_clk
  Path Type:              Setup (Max at Slow Process Corner)
  Requirement:            4.000ns  (core_clk rise@4.000ns - core_clk rise@0.000ns)
  Data Path Delay:        3.238ns  (logic 1.100ns (33.972%)  route 2.138ns (66.028%))
  Logic Levels:           17  (CARRY8=6 LUT1=1 LUT3=1 LUT4=2 LUT5=3 LUT6=4)
  Input Delay:            0.000ns
  Clock Path Skew:        0.021ns (DCD - SCD + CPR)
    Destination Clock Delay (DCD):    0.021ns = ( 4.021 - 4.000 ) 
    Source Clock Delay      (SCD):    0.000ns
    Clock Pessimism Removal (CPR):    0.000ns
  Clock Uncertainty:      0.035ns  ((TSJ^2 + TIJ^2)^1/2 + DJ) / 2 + PE
    Total System Jitter     (TSJ):    0.071ns
    Total Input Jitter      (TIJ):    0.000ns
    Discrete Jitter          (DJ):    0.000ns
    Phase Error              (PE):    0.000ns

    Location             Delay type                Incr(ns)  Path(ns)    Netlist Resource(s)
  -------------------------------------------------------------------    -------------------
                         (clock core_clk rise edge)
                                                      0.000     0.000 r  
                         input delay                  0.000     0.000    
                                                      0.000     0.000 f  rsp[psum][0][15][2] (IN)
                         net (fo=1, unset)            0.000     0.000    rsp[psum][0][15][2]
                         LUT1 (Prop_LUT1_I0_O)        0.037     0.037 r  s0[0][15][norm][13]_i_24/O
                         net (fo=1, unplaced)         0.023     0.060    s0[0][15][norm][13]_i_24_n_0
                         CARRY8 (Prop_CARRY8_S[1]_CO[7])
                                                      0.197     0.257 r  s0_reg[0][15][norm][13]_i_15/CO[7]
                         net (fo=1, unplaced)         0.005     0.262    s0_reg[0][15][norm][13]_i_15_n_0
                         CARRY8 (Prop_CARRY8_CI_CO[7])
                                                      0.022     0.284 r  s0_reg[0][15][norm][13]_i_16/CO[7]
                         net (fo=1, unplaced)         0.005     0.289    s0_reg[0][15][norm][13]_i_16_n_0
                         CARRY8 (Prop_CARRY8_CI_CO[7])
                                                      0.022     0.311 r  s0_reg[0][15][norm][0]_i_16/CO[7]
                         net (fo=1, unplaced)         0.005     0.316    s0_reg[0][15][norm][0]_i_16_n_0
                         CARRY8 (Prop_CARRY8_CI_O[4])
                                                      0.086     0.402 f  s0_reg[0][15][norm][0]_i_14/O[4]
                         net (fo=1, unplaced)         0.183     0.585    s0_reg[0][15][norm][0]_i_14_n_11
                         LUT3 (Prop_LUT3_I0_O)        0.038     0.623 f  s0[0][15][norm][30]_i_10/O
                         net (fo=3, unplaced)         0.191     0.814    s0[0][15][norm][30]_i_10_n_0
                         LUT4 (Prop_LUT4_I2_O)        0.038     0.852 f  s0[0][15][norm][0]_i_15/O
                         net (fo=1, unplaced)         0.185     1.037    s0[0][15][norm][0]_i_15_n_0
                         LUT5 (Prop_LUT5_I4_O)        0.038     1.075 f  s0[0][15][norm][0]_i_9/O
                         net (fo=1, unplaced)         0.185     1.260    s0[0][15][norm][0]_i_9_n_0
                         LUT6 (Prop_LUT6_I5_O)        0.038     1.298 r  s0[0][15][norm][0]_i_2/O
                         net (fo=64, unplaced)        0.260     1.558    s0[0][15][norm][0]_i_2_n_0
                         LUT5 (Prop_LUT5_I3_O)        0.038     1.596 r  s0[0][15][norm][0]_i_17/O
                         net (fo=1, unplaced)         0.185     1.781    s0[0][15][norm][0]_i_17_n_0
                         LUT6 (Prop_LUT6_I5_O)        0.038     1.819 r  s0[0][15][norm][0]_i_13/O
                         net (fo=4, unplaced)         0.197     2.016    s0[0][15][norm][0]_i_13_n_0
                         LUT6 (Prop_LUT6_I5_O)        0.038     2.054 f  s0[0][15][norm][0]_i_3/O
                         net (fo=46, unplaced)        0.208     2.262    s0[0][15][norm][0]_i_3_n_0
                         LUT6 (Prop_LUT6_I3_O)        0.090     2.352 r  s0[0][15][norm][1]_i_3/O
                         net (fo=44, unplaced)        0.207     2.559    s0[0][15][norm][1]_i_3_n_0
                         LUT5 (Prop_LUT5_I2_O)        0.090     2.649 r  s0[0][15][is_zero]_i_2/O
                         net (fo=34, unplaced)        0.246     2.895    s0[0][15][is_zero]_i_2_n_0
                         LUT4 (Prop_LUT4_I3_O)        0.037     2.932 r  s0[0][15][exponent][7]_i_15/O
                         net (fo=1, unplaced)         0.023     2.955    s0[0][15][exponent][7]_i_15_n_0
                         CARRY8 (Prop_CARRY8_S[1]_CO[7])
                                                      0.197     3.152 r  s0_reg[0][15][exponent][7]_i_1/CO[7]
                         net (fo=1, unplaced)         0.005     3.157    s0_reg[0][15][exponent][7]_i_1_n_0
                         CARRY8 (Prop_CARRY8_CI_O[0])
                                                      0.056     3.213 r  s0_reg[0][15][exponent][10]_i_1/O[0]
                         net (fo=1, unplaced)         0.025     3.238    normalize[exponent]_return[8]
                         FDRE                                         r  s0_reg[0][15][exponent][8]/D
  -------------------------------------------------------------------    -------------------

                         (clock core_clk rise edge)
                                                      4.000     4.000 r  
                                                      0.000     4.000 r  clk (IN)
                         net (fo=25913, unset)        0.021     4.021    clk
                         FDRE                                         r  s0_reg[0][15][exponent][8]/C
                         clock pessimism              0.000     4.021    
                         clock uncertainty           -0.035     3.986    
                         FDRE (Setup_FDRE_C_D)        0.025     4.011    s0_reg[0][15][exponent][8]
  -------------------------------------------------------------------
                         required time                          4.011    
                         arrival time                          -3.238    
  -------------------------------------------------------------------
                         slack                                  0.773    




