Copyright 1986-2022 Xilinx, Inc. All Rights Reserved.
-------------------------------------------------------------------------------------------------------------------------------------------------------------------------------------------------------------
| Tool Version      : Vivado v.2022.2 (win64) Build 3671981 Fri Oct 14 05:00:03 MDT 2022
| Date              : Wed Sep 30 17:30:34 2026
| Host              : FLY running 64-bit major release  (build 9200)
| Command           : report_timing -to [get_cells -quiet -hier -filter {NAME =~ *order_q_reg*}] -max_paths 3 -file C:/Users/fly04/Desktop/VLA/PCore_2.0/v3/reports/ooc_dea8_deqacc32_v5/v5_order_timing.rpt
| Design            : dea8_deqacc32_v5
| Device            : xcu50-fsvh2104
| Speed File        : -2  PRODUCTION 1.30 05-01-2022
| Temperature Grade : E
-------------------------------------------------------------------------------------------------------------------------------------------------------------------------------------------------------------

Timing Report

Slack (MET) :             1.735ns  (required time - arrival time)
  Source:                 s2_reg[0][0][partial][25]/C
                            (rising edge-triggered cell FDRE clocked by core_clk  {rise@0.000ns fall@2.000ns period=4.000ns})
  Destination:            genblk1[0].lanes[0].lane/order_q_reg[distance][7]/D
                            (rising edge-triggered cell FDRE clocked by core_clk  {rise@0.000ns fall@2.000ns period=4.000ns})
  Path Group:             core_clk
  Path Type:              Setup (Max at Slow Process Corner)
  Requirement:            4.000ns  (core_clk rise@4.000ns - core_clk rise@0.000ns)
  Data Path Delay:        2.246ns  (logic 0.808ns (35.975%)  route 1.438ns (64.025%))
  Logic Levels:           7  (CARRY8=2 LUT3=1 LUT4=2 LUT5=1 LUT6=1)
  Clock Path Skew:        -0.009ns (DCD - SCD + CPR)
    Destination Clock Delay (DCD):    0.021ns = ( 4.021 - 4.000 ) 
    Source Clock Delay      (SCD):    0.030ns
    Clock Pessimism Removal (CPR):    0.000ns
  Clock Uncertainty:      0.035ns  ((TSJ^2 + TIJ^2)^1/2 + DJ) / 2 + PE
    Total System Jitter     (TSJ):    0.071ns
    Total Input Jitter      (TIJ):    0.000ns
    Discrete Jitter          (DJ):    0.000ns
    Phase Error              (PE):    0.000ns

    Location             Delay type                Incr(ns)  Path(ns)    Netlist Resource(s)
  -------------------------------------------------------------------    -------------------
                         (clock core_clk rise edge)
                                                      0.000     0.000 r  
                                                      0.000     0.000 r  clk (IN)
                         net (fo=25913, unset)        0.030     0.030    clk
                         FDRE                                         r  s2_reg[0][0][partial][25]/C
  -------------------------------------------------------------------    -------------------
                         FDRE (Prop_FDRE_C_Q)         0.077     0.107 r  s2_reg[0][0][partial][25]/Q
                         net (fo=10, unplaced)        0.125     0.232    genblk1[0].lanes[0].lane/partial_value[25]
                         LUT4 (Prop_LUT4_I0_O)        0.100     0.332 r  genblk1[0].lanes[0].lane/order_q[pre][big_x][26]_i_11/O
                         net (fo=2, unplaced)         0.185     0.517    genblk1[0].lanes[0].lane/order_q[pre][big_x][26]_i_11_n_0
                         LUT5 (Prop_LUT5_I1_O)        0.070     0.587 r  genblk1[0].lanes[0].lane/order_q[pre][exponent][0]_i_4/O
                         net (fo=6, unplaced)         0.207     0.794    genblk1[0].lanes[0].lane/order_q[pre][exponent][0]_i_4_n_0
                         LUT4 (Prop_LUT4_I1_O)        0.070     0.864 r  genblk1[0].lanes[0].lane/order_q[pre][exponent][0]_i_8/O
                         net (fo=1, unplaced)         0.242     1.106    genblk1[0].lanes[0].lane/order_q[pre][exponent][0]_i_8_n_0
                         CARRY8 (Prop_CARRY8_DI[0]_CO[3])
                                                      0.182     1.288 r  genblk1[0].lanes[0].lane/order_q_reg[pre][exponent][0]_i_3/CO[3]
                         net (fo=4, unplaced)         0.149     1.437    genblk1[0].lanes[0].lane/p_1_in2_in
                         LUT6 (Prop_LUT6_I0_O)        0.053     1.490 r  genblk1[0].lanes[0].lane/order_q[pre][big_x][26]_i_3/O
                         net (fo=68, unplaced)        0.262     1.752    genblk1[0].lanes[0].lane/order_q[pre][big_x][26]_i_3_n_0
                         LUT3 (Prop_LUT3_I1_O)        0.068     1.820 r  genblk1[0].lanes[0].lane/order_q[distance][7]_i_6/O
                         net (fo=1, unplaced)         0.242     2.062    genblk1[0].lanes[0].lane/p_1_in[2]
                         CARRY8 (Prop_CARRY8_DI[2]_O[7])
                                                      0.188     2.250 r  genblk1[0].lanes[0].lane/order_q_reg[distance][7]_i_1/O[7]
                         net (fo=1, unplaced)         0.026     2.276    genblk1[0].lanes[0].lane/order_q_reg[distance][7]_i_1_n_8
                         FDRE                                         r  genblk1[0].lanes[0].lane/order_q_reg[distance][7]/D
  -------------------------------------------------------------------    -------------------

                         (clock core_clk rise edge)
                                                      4.000     4.000 r  
                                                      0.000     4.000 r  clk (IN)
                         net (fo=25913, unset)        0.021     4.021    genblk1[0].lanes[0].lane/clk
                         FDRE                                         r  genblk1[0].lanes[0].lane/order_q_reg[distance][7]/C
                         clock pessimism              0.000     4.021    
                         clock uncertainty           -0.035     3.986    
                         FDRE (Setup_FDRE_C_D)        0.025     4.011    genblk1[0].lanes[0].lane/order_q_reg[distance][7]
  -------------------------------------------------------------------
                         required time                          4.011    
                         arrival time                          -2.276    
  -------------------------------------------------------------------
                         slack                                  1.735    

Slack (MET) :             1.735ns  (required time - arrival time)
  Source:                 s2_reg[0][10][partial][25]/C
                            (rising edge-triggered cell FDRE clocked by core_clk  {rise@0.000ns fall@2.000ns period=4.000ns})
  Destination:            genblk1[0].lanes[10].lane/order_q_reg[distance][7]/D
                            (rising edge-triggered cell FDRE clocked by core_clk  {rise@0.000ns fall@2.000ns period=4.000ns})
  Path Group:             core_clk
  Path Type:              Setup (Max at Slow Process Corner)
  Requirement:            4.000ns  (core_clk rise@4.000ns - core_clk rise@0.000ns)
  Data Path Delay:        2.246ns  (logic 0.808ns (35.975%)  route 1.438ns (64.025%))
  Logic Levels:           7  (CARRY8=2 LUT3=1 LUT4=2 LUT5=1 LUT6=1)
  Clock Path Skew:        -0.009ns (DCD - SCD + CPR)
    Destination Clock Delay (DCD):    0.021ns = ( 4.021 - 4.000 ) 
    Source Clock Delay      (SCD):    0.030ns
    Clock Pessimism Removal (CPR):    0.000ns
  Clock Uncertainty:      0.035ns  ((TSJ^2 + TIJ^2)^1/2 + DJ) / 2 + PE
    Total System Jitter     (TSJ):    0.071ns
    Total Input Jitter      (TIJ):    0.000ns
    Discrete Jitter          (DJ):    0.000ns
    Phase Error              (PE):    0.000ns

    Location             Delay type                Incr(ns)  Path(ns)    Netlist Resource(s)
  -------------------------------------------------------------------    -------------------
                         (clock core_clk rise edge)
                                                      0.000     0.000 r  
                                                      0.000     0.000 r  clk (IN)
                         net (fo=25913, unset)        0.030     0.030    clk
                         FDRE                                         r  s2_reg[0][10][partial][25]/C
  -------------------------------------------------------------------    -------------------
                         FDRE (Prop_FDRE_C_Q)         0.077     0.107 r  s2_reg[0][10][partial][25]/Q
                         net (fo=10, unplaced)        0.125     0.232    genblk1[0].lanes[10].lane/partial_value[25]
                         LUT4 (Prop_LUT4_I0_O)        0.100     0.332 r  genblk1[0].lanes[10].lane/order_q[pre][big_x][26]_i_11/O
                         net (fo=2, unplaced)         0.185     0.517    genblk1[0].lanes[10].lane/order_q[pre][big_x][26]_i_11_n_0
                         LUT5 (Prop_LUT5_I1_O)        0.070     0.587 r  genblk1[0].lanes[10].lane/order_q[pre][exponent][0]_i_4/O
                         net (fo=6, unplaced)         0.207     0.794    genblk1[0].lanes[10].lane/order_q[pre][exponent][0]_i_4_n_0
                         LUT4 (Prop_LUT4_I1_O)        0.070     0.864 r  genblk1[0].lanes[10].lane/order_q[pre][exponent][0]_i_8/O
                         net (fo=1, unplaced)         0.242     1.106    genblk1[0].lanes[10].lane/order_q[pre][exponent][0]_i_8_n_0
                         CARRY8 (Prop_CARRY8_DI[0]_CO[3])
                                                      0.182     1.288 r  genblk1[0].lanes[10].lane/order_q_reg[pre][exponent][0]_i_3/CO[3]
                         net (fo=4, unplaced)         0.149     1.437    genblk1[0].lanes[10].lane/p_1_in2_in
                         LUT6 (Prop_LUT6_I0_O)        0.053     1.490 r  genblk1[0].lanes[10].lane/order_q[pre][big_x][26]_i_3/O
                         net (fo=68, unplaced)        0.262     1.752    genblk1[0].lanes[10].lane/order_q[pre][big_x][26]_i_3_n_0
                         LUT3 (Prop_LUT3_I1_O)        0.068     1.820 r  genblk1[0].lanes[10].lane/order_q[distance][7]_i_6/O
                         net (fo=1, unplaced)         0.242     2.062    genblk1[0].lanes[10].lane/p_1_in[2]
                         CARRY8 (Prop_CARRY8_DI[2]_O[7])
                                                      0.188     2.250 r  genblk1[0].lanes[10].lane/order_q_reg[distance][7]_i_1/O[7]
                         net (fo=1, unplaced)         0.026     2.276    genblk1[0].lanes[10].lane/order_q_reg[distance][7]_i_1_n_8
                         FDRE                                         r  genblk1[0].lanes[10].lane/order_q_reg[distance][7]/D
  -------------------------------------------------------------------    -------------------

                         (clock core_clk rise edge)
                                                      4.000     4.000 r  
                                                      0.000     4.000 r  clk (IN)
                         net (fo=25913, unset)        0.021     4.021    genblk1[0].lanes[10].lane/clk
                         FDRE                                         r  genblk1[0].lanes[10].lane/order_q_reg[distance][7]/C
                         clock pessimism              0.000     4.021    
                         clock uncertainty           -0.035     3.986    
                         FDRE (Setup_FDRE_C_D)        0.025     4.011    genblk1[0].lanes[10].lane/order_q_reg[distance][7]
  -------------------------------------------------------------------
                         required time                          4.011    
                         arrival time                          -2.276    
  -------------------------------------------------------------------
                         slack                                  1.735    

Slack (MET) :             1.735ns  (required time - arrival time)
  Source:                 s2_reg[0][11][partial][25]/C
                            (rising edge-triggered cell FDRE clocked by core_clk  {rise@0.000ns fall@2.000ns period=4.000ns})
  Destination:            genblk1[0].lanes[11].lane/order_q_reg[distance][7]/D
                            (rising edge-triggered cell FDRE clocked by core_clk  {rise@0.000ns fall@2.000ns period=4.000ns})
  Path Group:             core_clk
  Path Type:              Setup (Max at Slow Process Corner)
  Requirement:            4.000ns  (core_clk rise@4.000ns - core_clk rise@0.000ns)
  Data Path Delay:        2.246ns  (logic 0.808ns (35.975%)  route 1.438ns (64.025%))
  Logic Levels:           7  (CARRY8=2 LUT3=1 LUT4=2 LUT5=1 LUT6=1)
  Clock Path Skew:        -0.009ns (DCD - SCD + CPR)
    Destination Clock Delay (DCD):    0.021ns = ( 4.021 - 4.000 ) 
    Source Clock Delay      (SCD):    0.030ns
    Clock Pessimism Removal (CPR):    0.000ns
  Clock Uncertainty:      0.035ns  ((TSJ^2 + TIJ^2)^1/2 + DJ) / 2 + PE
    Total System Jitter     (TSJ):    0.071ns
    Total Input Jitter      (TIJ):    0.000ns
    Discrete Jitter          (DJ):    0.000ns
    Phase Error              (PE):    0.000ns

    Location             Delay type                Incr(ns)  Path(ns)    Netlist Resource(s)
  -------------------------------------------------------------------    -------------------
                         (clock core_clk rise edge)
                                                      0.000     0.000 r  
                                                      0.000     0.000 r  clk (IN)
                         net (fo=25913, unset)        0.030     0.030    clk
                         FDRE                                         r  s2_reg[0][11][partial][25]/C
  -------------------------------------------------------------------    -------------------
                         FDRE (Prop_FDRE_C_Q)         0.077     0.107 r  s2_reg[0][11][partial][25]/Q
                         net (fo=10, unplaced)        0.125     0.232    genblk1[0].lanes[11].lane/partial_value[25]
                         LUT4 (Prop_LUT4_I0_O)        0.100     0.332 r  genblk1[0].lanes[11].lane/order_q[pre][big_x][26]_i_11/O
                         net (fo=2, unplaced)         0.185     0.517    genblk1[0].lanes[11].lane/order_q[pre][big_x][26]_i_11_n_0
                         LUT5 (Prop_LUT5_I1_O)        0.070     0.587 r  genblk1[0].lanes[11].lane/order_q[pre][exponent][0]_i_4/O
                         net (fo=6, unplaced)         0.207     0.794    genblk1[0].lanes[11].lane/order_q[pre][exponent][0]_i_4_n_0
                         LUT4 (Prop_LUT4_I1_O)        0.070     0.864 r  genblk1[0].lanes[11].lane/order_q[pre][exponent][0]_i_8/O
                         net (fo=1, unplaced)         0.242     1.106    genblk1[0].lanes[11].lane/order_q[pre][exponent][0]_i_8_n_0
                         CARRY8 (Prop_CARRY8_DI[0]_CO[3])
                                                      0.182     1.288 r  genblk1[0].lanes[11].lane/order_q_reg[pre][exponent][0]_i_3/CO[3]
                         net (fo=4, unplaced)         0.149     1.437    genblk1[0].lanes[11].lane/p_1_in2_in
                         LUT6 (Prop_LUT6_I0_O)        0.053     1.490 r  genblk1[0].lanes[11].lane/order_q[pre][big_x][26]_i_3/O
                         net (fo=68, unplaced)        0.262     1.752    genblk1[0].lanes[11].lane/order_q[pre][big_x][26]_i_3_n_0
                         LUT3 (Prop_LUT3_I1_O)        0.068     1.820 r  genblk1[0].lanes[11].lane/order_q[distance][7]_i_6/O
                         net (fo=1, unplaced)         0.242     2.062    genblk1[0].lanes[11].lane/p_1_in[2]
                         CARRY8 (Prop_CARRY8_DI[2]_O[7])
                                                      0.188     2.250 r  genblk1[0].lanes[11].lane/order_q_reg[distance][7]_i_1/O[7]
                         net (fo=1, unplaced)         0.026     2.276    genblk1[0].lanes[11].lane/order_q_reg[distance][7]_i_1_n_8
                         FDRE                                         r  genblk1[0].lanes[11].lane/order_q_reg[distance][7]/D
  -------------------------------------------------------------------    -------------------

                         (clock core_clk rise edge)
                                                      4.000     4.000 r  
                                                      0.000     4.000 r  clk (IN)
                         net (fo=25913, unset)        0.021     4.021    genblk1[0].lanes[11].lane/clk
                         FDRE                                         r  genblk1[0].lanes[11].lane/order_q_reg[distance][7]/C
                         clock pessimism              0.000     4.021    
                         clock uncertainty           -0.035     3.986    
                         FDRE (Setup_FDRE_C_D)        0.025     4.011    genblk1[0].lanes[11].lane/order_q_reg[distance][7]
  -------------------------------------------------------------------
                         required time                          4.011    
                         arrival time                          -2.276    
  -------------------------------------------------------------------
                         slack                                  1.735    




