Copyright 1986-2022 Xilinx, Inc. All Rights Reserved.
------------------------------------------------------------------------------------------------------------------------------------------------------------------------------------------------------------------
| Tool Version      : Vivado v.2022.2 (win64) Build 3671981 Fri Oct 14 05:00:03 MDT 2022
| Date              : Wed Sep 30 17:30:33 2026
| Host              : FLY running 64-bit major release  (build 9200)
| Command           : report_timing -to [get_cells -quiet -hier -filter {NAME =~ *s1_reg*}] -max_paths 3 -file C:/Users/fly04/Desktop/VLA/PCore_2.0/v3/reports/ooc_dea8_deqacc32_v5/v5_partial_prepare_timing.rpt
| Design            : dea8_deqacc32_v5
| Device            : xcu50-fsvh2104
| Speed File        : -2  PRODUCTION 1.30 05-01-2022
| Temperature Grade : E
------------------------------------------------------------------------------------------------------------------------------------------------------------------------------------------------------------------

Timing Report

Slack (MET) :             0.887ns  (required time - arrival time)
  Source:                 s0_reg[0][1][exponent][3]/C
                            (rising edge-triggered cell FDRE clocked by core_clk  {rise@0.000ns fall@2.000ns period=4.000ns})
  Destination:            s1_reg[0][1][increment]/D
                            (rising edge-triggered cell FDRE clocked by core_clk  {rise@0.000ns fall@2.000ns period=4.000ns})
  Path Group:             core_clk
  Path Type:              Setup (Max at Slow Process Corner)
  Requirement:            4.000ns  (core_clk rise@4.000ns - core_clk rise@0.000ns)
  Data Path Delay:        3.094ns  (logic 0.760ns (24.564%)  route 2.334ns (75.436%))
  Logic Levels:           11  (CARRY8=1 LUT2=1 LUT4=1 LUT6=8)
  Clock Path Skew:        -0.009ns (DCD - SCD + CPR)
    Destination Clock Delay (DCD):    0.021ns = ( 4.021 - 4.000 ) 
    Source Clock Delay      (SCD):    0.030ns
    Clock Pessimism Removal (CPR):    0.000ns
  Clock Uncertainty:      0.035ns  ((TSJ^2 + TIJ^2)^1/2 + DJ) / 2 + PE
    Total System Jitter     (TSJ):    0.071ns
    Total Input Jitter      (TIJ):    0.000ns
    Discrete Jitter          (DJ):    0.000ns
    Phase Error              (PE):    0.000ns

    Location             Delay type                Incr(ns)  Path(ns)    Netlist Resource(s)
  -------------------------------------------------------------------    -------------------
                         (clock core_clk rise edge)
                                                      0.000     0.000 r  
                                                      0.000     0.000 r  clk (IN)
                         net (fo=25913, unset)        0.030     0.030    clk
                         FDRE                                         r  s0_reg[0][1][exponent][3]/C
  -------------------------------------------------------------------    -------------------
                         FDRE (Prop_FDRE_C_Q)         0.078     0.108 f  s0_reg[0][1][exponent][3]/Q
                         net (fo=27, unplaced)        0.210     0.318    s0_reg[0][1][exponent_n_0_][3]
                         LUT6 (Prop_LUT6_I0_O)        0.150     0.468 f  s1[0][1][subnormal]_i_2/O
                         net (fo=1, unplaced)         0.185     0.653    s1[0][1][subnormal]_i_2_n_0
                         LUT4 (Prop_LUT4_I3_O)        0.038     0.691 r  s1[0][1][subnormal]_i_1/O
                         net (fo=49, unplaced)        0.254     0.945    pack_next[0][1][subnormal]
                         LUT6 (Prop_LUT6_I5_O)        0.038     0.983 f  s1[0][1][increment]_i_13/O
                         net (fo=49, unplaced)        0.254     1.237    s1[0][1][increment]_i_13_n_0
                         LUT2 (Prop_LUT2_I1_O)        0.068     1.305 r  s1[0][1][increment]_i_37/O
                         net (fo=1, unplaced)         0.242     1.547    s1[0][1][increment]_i_37_n_0
                         CARRY8 (Prop_CARRY8_DI[2]_CO[4])
                                                      0.160     1.707 r  s1_reg[0][1][increment]_i_19/CO[4]
                         net (fo=10, unplaced)        0.216     1.923    s1_reg[0][1][increment]_i_19_n_3
                         LUT6 (Prop_LUT6_I4_O)        0.038     1.961 f  s1[0][1][increment]_i_78/O
                         net (fo=1, unplaced)         0.185     2.146    s1[0][1][increment]_i_78_n_0
                         LUT6 (Prop_LUT6_I0_O)        0.038     2.184 f  s1[0][1][increment]_i_71/O
                         net (fo=1, unplaced)         0.185     2.369    s1[0][1][increment]_i_71_n_0
                         LUT6 (Prop_LUT6_I3_O)        0.038     2.407 f  s1[0][1][increment]_i_48/O
                         net (fo=1, unplaced)         0.185     2.592    s1[0][1][increment]_i_48_n_0
                         LUT6 (Prop_LUT6_I1_O)        0.038     2.630 r  s1[0][1][increment]_i_24/O
                         net (fo=1, unplaced)         0.185     2.815    s1[0][1][increment]_i_24_n_0
                         LUT6 (Prop_LUT6_I5_O)        0.038     2.853 r  s1[0][1][increment]_i_5/O
                         net (fo=1, unplaced)         0.185     3.038    s1[0][1][increment]_i_5_n_0
                         LUT6 (Prop_LUT6_I3_O)        0.038     3.076 r  s1[0][1][increment]_i_1/O
                         net (fo=1, unplaced)         0.048     3.124    pack_next[0][1][increment]
                         FDRE                                         r  s1_reg[0][1][increment]/D
  -------------------------------------------------------------------    -------------------

                         (clock core_clk rise edge)
                                                      4.000     4.000 r  
                                                      0.000     4.000 r  clk (IN)
                         net (fo=25913, unset)        0.021     4.021    clk
                         FDRE                                         r  s1_reg[0][1][increment]/C
                         clock pessimism              0.000     4.021    
                         clock uncertainty           -0.035     3.986    
                         FDRE (Setup_FDRE_C_D)        0.025     4.011    s1_reg[0][1][increment]
  -------------------------------------------------------------------
                         required time                          4.011    
                         arrival time                          -3.124    
  -------------------------------------------------------------------
                         slack                                  0.887    

Slack (MET) :             1.007ns  (required time - arrival time)
  Source:                 s0_reg[0][2][exponent][5]/C
                            (rising edge-triggered cell FDRE clocked by core_clk  {rise@0.000ns fall@2.000ns period=4.000ns})
  Destination:            s1_reg[0][2][increment]/D
                            (rising edge-triggered cell FDRE clocked by core_clk  {rise@0.000ns fall@2.000ns period=4.000ns})
  Path Group:             core_clk
  Path Type:              Setup (Max at Slow Process Corner)
  Requirement:            4.000ns  (core_clk rise@4.000ns - core_clk rise@0.000ns)
  Data Path Delay:        2.974ns  (logic 0.770ns (25.891%)  route 2.204ns (74.109%))
  Logic Levels:           11  (CARRY8=1 LUT2=1 LUT3=1 LUT4=1 LUT6=7)
  Clock Path Skew:        -0.009ns (DCD - SCD + CPR)
    Destination Clock Delay (DCD):    0.021ns = ( 4.021 - 4.000 ) 
    Source Clock Delay      (SCD):    0.030ns
    Clock Pessimism Removal (CPR):    0.000ns
  Clock Uncertainty:      0.035ns  ((TSJ^2 + TIJ^2)^1/2 + DJ) / 2 + PE
    Total System Jitter     (TSJ):    0.071ns
    Total Input Jitter      (TIJ):    0.000ns
    Discrete Jitter          (DJ):    0.000ns
    Phase Error              (PE):    0.000ns

    Location             Delay type                Incr(ns)  Path(ns)    Netlist Resource(s)
  -------------------------------------------------------------------    -------------------
                         (clock core_clk rise edge)
                                                      0.000     0.000 r  
                                                      0.000     0.000 r  clk (IN)
                         net (fo=25913, unset)        0.030     0.030    clk
                         FDRE                                         r  s0_reg[0][2][exponent][5]/C
  -------------------------------------------------------------------    -------------------
                         FDRE (Prop_FDRE_C_Q)         0.076     0.106 f  s0_reg[0][2][exponent][5]/Q
                         net (fo=8, unplaced)         0.182     0.288    s0_reg[0][2][exponent][5]
                         LUT6 (Prop_LUT6_I0_O)        0.150     0.438 r  s1[0][2][subnormal]_i_2/O
                         net (fo=1, unplaced)         0.185     0.623    s1[0][2][subnormal]_i_2_n_0
                         LUT4 (Prop_LUT4_I2_O)        0.038     0.661 r  s1[0][2][subnormal]_i_1/O
                         net (fo=39, unplaced)        0.249     0.910    pack_next[0][2][subnormal]
                         LUT3 (Prop_LUT3_I2_O)        0.038     0.948 f  s1[0][2][kept][23]_i_6/O
                         net (fo=47, unplaced)        0.253     1.201    s1[0][2][kept][23]_i_6_n_0
                         LUT2 (Prop_LUT2_I1_O)        0.070     1.271 r  s1[0][2][increment]_i_35/O
                         net (fo=1, unplaced)         0.242     1.513    s1[0][2][increment]_i_35_n_0
                         CARRY8 (Prop_CARRY8_DI[0]_CO[5])
                                                      0.170     1.683 r  s1_reg[0][2][increment]_i_7/CO[5]
                         net (fo=7, unplaced)         0.120     1.803    s1_reg[0][2][increment]_i_7_n_2
                         LUT6 (Prop_LUT6_I4_O)        0.038     1.841 r  s1[0][2][increment]_i_78/O
                         net (fo=1, unplaced)         0.185     2.026    s1[0][2][increment]_i_78_n_0
                         LUT6 (Prop_LUT6_I1_O)        0.038     2.064 r  s1[0][2][increment]_i_67/O
                         net (fo=1, unplaced)         0.185     2.249    s1[0][2][increment]_i_67_n_0
                         LUT6 (Prop_LUT6_I5_O)        0.038     2.287 r  s1[0][2][increment]_i_46/O
                         net (fo=1, unplaced)         0.185     2.472    s1[0][2][increment]_i_46_n_0
                         LUT6 (Prop_LUT6_I5_O)        0.038     2.510 r  s1[0][2][increment]_i_10/O
                         net (fo=1, unplaced)         0.185     2.695    s1[0][2][increment]_i_10_n_0
                         LUT6 (Prop_LUT6_I1_O)        0.038     2.733 f  s1[0][2][increment]_i_3/O
                         net (fo=1, unplaced)         0.185     2.918    s1[0][2][increment]_i_3_n_0
                         LUT6 (Prop_LUT6_I1_O)        0.038     2.956 r  s1[0][2][increment]_i_1/O
                         net (fo=1, unplaced)         0.048     3.004    pack_next[0][2][increment]
                         FDRE                                         r  s1_reg[0][2][increment]/D
  -------------------------------------------------------------------    -------------------

                         (clock core_clk rise edge)
                                                      4.000     4.000 r  
                                                      0.000     4.000 r  clk (IN)
                         net (fo=25913, unset)        0.021     4.021    clk
                         FDRE                                         r  s1_reg[0][2][increment]/C
                         clock pessimism              0.000     4.021    
                         clock uncertainty           -0.035     3.986    
                         FDRE (Setup_FDRE_C_D)        0.025     4.011    s1_reg[0][2][increment]
  -------------------------------------------------------------------
                         required time                          4.011    
                         arrival time                          -3.004    
  -------------------------------------------------------------------
                         slack                                  1.007    

Slack (MET) :             1.007ns  (required time - arrival time)
  Source:                 s0_reg[0][9][exponent][5]/C
                            (rising edge-triggered cell FDRE clocked by core_clk  {rise@0.000ns fall@2.000ns period=4.000ns})
  Destination:            s1_reg[0][9][increment]/D
                            (rising edge-triggered cell FDRE clocked by core_clk  {rise@0.000ns fall@2.000ns period=4.000ns})
  Path Group:             core_clk
  Path Type:              Setup (Max at Slow Process Corner)
  Requirement:            4.000ns  (core_clk rise@4.000ns - core_clk rise@0.000ns)
  Data Path Delay:        2.974ns  (logic 0.770ns (25.891%)  route 2.204ns (74.109%))
  Logic Levels:           11  (CARRY8=1 LUT2=1 LUT3=1 LUT4=1 LUT6=7)
  Clock Path Skew:        -0.009ns (DCD - SCD + CPR)
    Destination Clock Delay (DCD):    0.021ns = ( 4.021 - 4.000 ) 
    Source Clock Delay      (SCD):    0.030ns
    Clock Pessimism Removal (CPR):    0.000ns
  Clock Uncertainty:      0.035ns  ((TSJ^2 + TIJ^2)^1/2 + DJ) / 2 + PE
    Total System Jitter     (TSJ):    0.071ns
    Total Input Jitter      (TIJ):    0.000ns
    Discrete Jitter          (DJ):    0.000ns
    Phase Error              (PE):    0.000ns

    Location             Delay type                Incr(ns)  Path(ns)    Netlist Resource(s)
  -------------------------------------------------------------------    -------------------
                         (clock core_clk rise edge)
                                                      0.000     0.000 r  
                                                      0.000     0.000 r  clk (IN)
                         net (fo=25913, unset)        0.030     0.030    clk
                         FDRE                                         r  s0_reg[0][9][exponent][5]/C
  -------------------------------------------------------------------    -------------------
                         FDRE (Prop_FDRE_C_Q)         0.076     0.106 f  s0_reg[0][9][exponent][5]/Q
                         net (fo=8, unplaced)         0.182     0.288    s0_reg[0][9][exponent][5]
                         LUT6 (Prop_LUT6_I0_O)        0.150     0.438 r  s1[0][9][subnormal]_i_2/O
                         net (fo=1, unplaced)         0.185     0.623    s1[0][9][subnormal]_i_2_n_0
                         LUT4 (Prop_LUT4_I2_O)        0.038     0.661 r  s1[0][9][subnormal]_i_1/O
                         net (fo=39, unplaced)        0.249     0.910    pack_next[0][9][subnormal]
                         LUT3 (Prop_LUT3_I2_O)        0.038     0.948 f  s1[0][9][kept][23]_i_6/O
                         net (fo=47, unplaced)        0.253     1.201    s1[0][9][kept][23]_i_6_n_0
                         LUT2 (Prop_LUT2_I1_O)        0.070     1.271 r  s1[0][9][increment]_i_35/O
                         net (fo=1, unplaced)         0.242     1.513    s1[0][9][increment]_i_35_n_0
                         CARRY8 (Prop_CARRY8_DI[0]_CO[5])
                                                      0.170     1.683 r  s1_reg[0][9][increment]_i_7/CO[5]
                         net (fo=7, unplaced)         0.120     1.803    s1_reg[0][9][increment]_i_7_n_2
                         LUT6 (Prop_LUT6_I4_O)        0.038     1.841 r  s1[0][9][increment]_i_78/O
                         net (fo=1, unplaced)         0.185     2.026    s1[0][9][increment]_i_78_n_0
                         LUT6 (Prop_LUT6_I1_O)        0.038     2.064 r  s1[0][9][increment]_i_67/O
                         net (fo=1, unplaced)         0.185     2.249    s1[0][9][increment]_i_67_n_0
                         LUT6 (Prop_LUT6_I5_O)        0.038     2.287 r  s1[0][9][increment]_i_46/O
                         net (fo=1, unplaced)         0.185     2.472    s1[0][9][increment]_i_46_n_0
                         LUT6 (Prop_LUT6_I5_O)        0.038     2.510 r  s1[0][9][increment]_i_10/O
                         net (fo=1, unplaced)         0.185     2.695    s1[0][9][increment]_i_10_n_0
                         LUT6 (Prop_LUT6_I1_O)        0.038     2.733 f  s1[0][9][increment]_i_3/O
                         net (fo=1, unplaced)         0.185     2.918    s1[0][9][increment]_i_3_n_0
                         LUT6 (Prop_LUT6_I1_O)        0.038     2.956 r  s1[0][9][increment]_i_1/O
                         net (fo=1, unplaced)         0.048     3.004    pack_next[0][9][increment]
                         FDRE                                         r  s1_reg[0][9][increment]/D
  -------------------------------------------------------------------    -------------------

                         (clock core_clk rise edge)
                                                      4.000     4.000 r  
                                                      0.000     4.000 r  clk (IN)
                         net (fo=25913, unset)        0.021     4.021    clk
                         FDRE                                         r  s1_reg[0][9][increment]/C
                         clock pessimism              0.000     4.021    
                         clock uncertainty           -0.035     3.986    
                         FDRE (Setup_FDRE_C_D)        0.025     4.011    s1_reg[0][9][increment]
  -------------------------------------------------------------------
                         required time                          4.011    
                         arrival time                          -3.004    
  -------------------------------------------------------------------
                         slack                                  1.007    




