Copyright 1986-2022 Xilinx, Inc. All Rights Reserved.
-----------------------------------------------------------------------------------------------------------------------------------------------------------------------------------------------------------------
| Tool Version      : Vivado v.2022.2 (win64) Build 3671981 Fri Oct 14 05:00:03 MDT 2022
| Date              : Wed Sep 30 17:30:34 2026
| Host              : FLY running 64-bit major release  (build 9200)
| Command           : report_timing -to [get_cells -quiet -hier -filter {NAME =~ *s2_reg*}] -max_paths 3 -file C:/Users/fly04/Desktop/VLA/PCore_2.0/v3/reports/ooc_dea8_deqacc32_v5/v5_partial_finish_timing.rpt
| Design            : dea8_deqacc32_v5
| Device            : xcu50-fsvh2104
| Speed File        : -2  PRODUCTION 1.30 05-01-2022
| Temperature Grade : E
-----------------------------------------------------------------------------------------------------------------------------------------------------------------------------------------------------------------

Timing Report

Slack (MET) :             1.679ns  (required time - arrival time)
  Source:                 s1_reg[1][3][increment]/C
                            (rising edge-triggered cell FDRE clocked by core_clk  {rise@0.000ns fall@2.000ns period=4.000ns})
  Destination:            s2_reg[1][3][partial][24]/D
                            (rising edge-triggered cell FDRE clocked by core_clk  {rise@0.000ns fall@2.000ns period=4.000ns})
  Path Group:             core_clk
  Path Type:              Setup (Max at Slow Process Corner)
  Requirement:            4.000ns  (core_clk rise@4.000ns - core_clk rise@0.000ns)
  Data Path Delay:        2.302ns  (logic 0.786ns (34.144%)  route 1.516ns (65.856%))
  Logic Levels:           11  (CARRY8=5 LUT2=1 LUT3=1 LUT4=1 LUT5=2 LUT6=1)
  Clock Path Skew:        -0.009ns (DCD - SCD + CPR)
    Destination Clock Delay (DCD):    0.021ns = ( 4.021 - 4.000 ) 
    Source Clock Delay      (SCD):    0.030ns
    Clock Pessimism Removal (CPR):    0.000ns
  Clock Uncertainty:      0.035ns  ((TSJ^2 + TIJ^2)^1/2 + DJ) / 2 + PE
    Total System Jitter     (TSJ):    0.071ns
    Total Input Jitter      (TIJ):    0.000ns
    Discrete Jitter          (DJ):    0.000ns
    Phase Error              (PE):    0.000ns

    Location             Delay type                Incr(ns)  Path(ns)    Netlist Resource(s)
  -------------------------------------------------------------------    -------------------
                         (clock core_clk rise edge)
                                                      0.000     0.000 r  
                                                      0.000     0.000 r  clk (IN)
                         net (fo=25913, unset)        0.030     0.030    clk
                         FDRE                                         r  s1_reg[1][3][increment]/C
  -------------------------------------------------------------------    -------------------
                         FDRE (Prop_FDRE_C_Q)         0.077     0.107 r  s1_reg[1][3][increment]/Q
                         net (fo=1, unplaced)         0.137     0.244    s1_reg[1][3][increment]__0
                         LUT2 (Prop_LUT2_I1_O)        0.038     0.282 r  s2[1][3][partial][7]_i_3/O
                         net (fo=1, unplaced)         0.020     0.302    s2[1][3][partial][7]_i_3_n_0
                         CARRY8 (Prop_CARRY8_S[0]_CO[7])
                                                      0.199     0.501 r  s2_reg[1][3][partial][7]_i_2/CO[7]
                         net (fo=1, unplaced)         0.005     0.506    s2_reg[1][3][partial][7]_i_2_n_0
                         CARRY8 (Prop_CARRY8_CI_CO[7])
                                                      0.022     0.528 r  s2_reg[1][3][partial][15]_i_2/CO[7]
                         net (fo=1, unplaced)         0.005     0.533    s2_reg[1][3][partial][15]_i_2_n_0
                         CARRY8 (Prop_CARRY8_CI_CO[7])
                                                      0.022     0.555 r  s2_reg[1][3][partial][22]_i_3/CO[7]
                         net (fo=1, unplaced)         0.005     0.560    s2_reg[1][3][partial][22]_i_3_n_0
                         CARRY8 (Prop_CARRY8_CI_CO[0])
                                                      0.052     0.612 r  s2_reg[1][3][partial][21]_i_3/CO[0]
                         net (fo=31, unplaced)        0.244     0.856    s2_reg[1][3][partial][21]_i_3_n_7
                         LUT4 (Prop_LUT4_I1_O)        0.070     0.926 r  s2[1][3][partial][30]_i_5/O
                         net (fo=5, unplaced)         0.203     1.129    s2[1][3][partial][30]_i_5_n_0
                         LUT6 (Prop_LUT6_I3_O)        0.038     1.167 f  s2[1][3][partial][30]_i_3/O
                         net (fo=2, unplaced)         0.233     1.400    s2[1][3][partial][30]_i_3_n_0
                         CARRY8 (Prop_CARRY8_DI[0]_CO[2])
                                                      0.090     1.490 f  s2_reg[1][3][partial][30]_i_4/CO[2]
                         net (fo=13, unplaced)        0.224     1.714    s2_reg[1][3][partial][30]_i_4_n_5
                         LUT3 (Prop_LUT3_I1_O)        0.070     1.784 r  s2[1][3][partial][29]_i_4/O
                         net (fo=6, unplaced)         0.207     1.991    s2[1][3][partial][29]_i_4_n_0
                         LUT5 (Prop_LUT5_I4_O)        0.038     2.029 r  s2[1][3][partial][24]_i_2/O
                         net (fo=1, unplaced)         0.185     2.214    finish_pack18_return[24]
                         LUT5 (Prop_LUT5_I0_O)        0.070     2.284 r  s2[1][3][partial][24]_i_1/O
                         net (fo=1, unplaced)         0.048     2.332    s2[1][3][partial][24]_i_1_n_0
                         FDRE                                         r  s2_reg[1][3][partial][24]/D
  -------------------------------------------------------------------    -------------------

                         (clock core_clk rise edge)
                                                      4.000     4.000 r  
                                                      0.000     4.000 r  clk (IN)
                         net (fo=25913, unset)        0.021     4.021    clk
                         FDRE                                         r  s2_reg[1][3][partial][24]/C
                         clock pessimism              0.000     4.021    
                         clock uncertainty           -0.035     3.986    
                         FDRE (Setup_FDRE_C_D)        0.025     4.011    s2_reg[1][3][partial][24]
  -------------------------------------------------------------------
                         required time                          4.011    
                         arrival time                          -2.332    
  -------------------------------------------------------------------
                         slack                                  1.679    

Slack (MET) :             1.679ns  (required time - arrival time)
  Source:                 s1_reg[1][3][increment]/C
                            (rising edge-triggered cell FDRE clocked by core_clk  {rise@0.000ns fall@2.000ns period=4.000ns})
  Destination:            s2_reg[1][3][partial][26]/D
                            (rising edge-triggered cell FDRE clocked by core_clk  {rise@0.000ns fall@2.000ns period=4.000ns})
  Path Group:             core_clk
  Path Type:              Setup (Max at Slow Process Corner)
  Requirement:            4.000ns  (core_clk rise@4.000ns - core_clk rise@0.000ns)
  Data Path Delay:        2.302ns  (logic 0.786ns (34.144%)  route 1.516ns (65.856%))
  Logic Levels:           11  (CARRY8=5 LUT2=1 LUT3=1 LUT4=1 LUT5=1 LUT6=2)
  Clock Path Skew:        -0.009ns (DCD - SCD + CPR)
    Destination Clock Delay (DCD):    0.021ns = ( 4.021 - 4.000 ) 
    Source Clock Delay      (SCD):    0.030ns
    Clock Pessimism Removal (CPR):    0.000ns
  Clock Uncertainty:      0.035ns  ((TSJ^2 + TIJ^2)^1/2 + DJ) / 2 + PE
    Total System Jitter     (TSJ):    0.071ns
    Total Input Jitter      (TIJ):    0.000ns
    Discrete Jitter          (DJ):    0.000ns
    Phase Error              (PE):    0.000ns

    Location             Delay type                Incr(ns)  Path(ns)    Netlist Resource(s)
  -------------------------------------------------------------------    -------------------
                         (clock core_clk rise edge)
                                                      0.000     0.000 r  
                                                      0.000     0.000 r  clk (IN)
                         net (fo=25913, unset)        0.030     0.030    clk
                         FDRE                                         r  s1_reg[1][3][increment]/C
  -------------------------------------------------------------------    -------------------
                         FDRE (Prop_FDRE_C_Q)         0.077     0.107 r  s1_reg[1][3][increment]/Q
                         net (fo=1, unplaced)         0.137     0.244    s1_reg[1][3][increment]__0
                         LUT2 (Prop_LUT2_I1_O)        0.038     0.282 r  s2[1][3][partial][7]_i_3/O
                         net (fo=1, unplaced)         0.020     0.302    s2[1][3][partial][7]_i_3_n_0
                         CARRY8 (Prop_CARRY8_S[0]_CO[7])
                                                      0.199     0.501 r  s2_reg[1][3][partial][7]_i_2/CO[7]
                         net (fo=1, unplaced)         0.005     0.506    s2_reg[1][3][partial][7]_i_2_n_0
                         CARRY8 (Prop_CARRY8_CI_CO[7])
                                                      0.022     0.528 r  s2_reg[1][3][partial][15]_i_2/CO[7]
                         net (fo=1, unplaced)         0.005     0.533    s2_reg[1][3][partial][15]_i_2_n_0
                         CARRY8 (Prop_CARRY8_CI_CO[7])
                                                      0.022     0.555 r  s2_reg[1][3][partial][22]_i_3/CO[7]
                         net (fo=1, unplaced)         0.005     0.560    s2_reg[1][3][partial][22]_i_3_n_0
                         CARRY8 (Prop_CARRY8_CI_CO[0])
                                                      0.052     0.612 r  s2_reg[1][3][partial][21]_i_3/CO[0]
                         net (fo=31, unplaced)        0.244     0.856    s2_reg[1][3][partial][21]_i_3_n_7
                         LUT4 (Prop_LUT4_I1_O)        0.070     0.926 r  s2[1][3][partial][30]_i_5/O
                         net (fo=5, unplaced)         0.203     1.129    s2[1][3][partial][30]_i_5_n_0
                         LUT6 (Prop_LUT6_I3_O)        0.038     1.167 f  s2[1][3][partial][30]_i_3/O
                         net (fo=2, unplaced)         0.233     1.400    s2[1][3][partial][30]_i_3_n_0
                         CARRY8 (Prop_CARRY8_DI[0]_CO[2])
                                                      0.090     1.490 f  s2_reg[1][3][partial][30]_i_4/CO[2]
                         net (fo=13, unplaced)        0.224     1.714    s2_reg[1][3][partial][30]_i_4_n_5
                         LUT3 (Prop_LUT3_I1_O)        0.070     1.784 r  s2[1][3][partial][29]_i_4/O
                         net (fo=6, unplaced)         0.207     1.991    s2[1][3][partial][29]_i_4_n_0
                         LUT6 (Prop_LUT6_I5_O)        0.038     2.029 r  s2[1][3][partial][26]_i_2/O
                         net (fo=1, unplaced)         0.185     2.214    finish_pack18_return[26]
                         LUT5 (Prop_LUT5_I0_O)        0.070     2.284 r  s2[1][3][partial][26]_i_1/O
                         net (fo=1, unplaced)         0.048     2.332    s2[1][3][partial][26]_i_1_n_0
                         FDRE                                         r  s2_reg[1][3][partial][26]/D
  -------------------------------------------------------------------    -------------------

                         (clock core_clk rise edge)
                                                      4.000     4.000 r  
                                                      0.000     4.000 r  clk (IN)
                         net (fo=25913, unset)        0.021     4.021    clk
                         FDRE                                         r  s2_reg[1][3][partial][26]/C
                         clock pessimism              0.000     4.021    
                         clock uncertainty           -0.035     3.986    
                         FDRE (Setup_FDRE_C_D)        0.025     4.011    s2_reg[1][3][partial][26]
  -------------------------------------------------------------------
                         required time                          4.011    
                         arrival time                          -2.332    
  -------------------------------------------------------------------
                         slack                                  1.679    

Slack (MET) :             1.711ns  (required time - arrival time)
  Source:                 s1_reg[1][3][increment]/C
                            (rising edge-triggered cell FDRE clocked by core_clk  {rise@0.000ns fall@2.000ns period=4.000ns})
  Destination:            s2_reg[1][3][partial][25]/D
                            (rising edge-triggered cell FDRE clocked by core_clk  {rise@0.000ns fall@2.000ns period=4.000ns})
  Path Group:             core_clk
  Path Type:              Setup (Max at Slow Process Corner)
  Requirement:            4.000ns  (core_clk rise@4.000ns - core_clk rise@0.000ns)
  Data Path Delay:        2.270ns  (logic 0.754ns (33.216%)  route 1.516ns (66.784%))
  Logic Levels:           11  (CARRY8=5 LUT2=1 LUT3=1 LUT4=1 LUT5=1 LUT6=2)
  Clock Path Skew:        -0.009ns (DCD - SCD + CPR)
    Destination Clock Delay (DCD):    0.021ns = ( 4.021 - 4.000 ) 
    Source Clock Delay      (SCD):    0.030ns
    Clock Pessimism Removal (CPR):    0.000ns
  Clock Uncertainty:      0.035ns  ((TSJ^2 + TIJ^2)^1/2 + DJ) / 2 + PE
    Total System Jitter     (TSJ):    0.071ns
    Total Input Jitter      (TIJ):    0.000ns
    Discrete Jitter          (DJ):    0.000ns
    Phase Error              (PE):    0.000ns

    Location             Delay type                Incr(ns)  Path(ns)    Netlist Resource(s)
  -------------------------------------------------------------------    -------------------
                         (clock core_clk rise edge)
                                                      0.000     0.000 r  
                                                      0.000     0.000 r  clk (IN)
                         net (fo=25913, unset)        0.030     0.030    clk
                         FDRE                                         r  s1_reg[1][3][increment]/C
  -------------------------------------------------------------------    -------------------
                         FDRE (Prop_FDRE_C_Q)         0.077     0.107 r  s1_reg[1][3][increment]/Q
                         net (fo=1, unplaced)         0.137     0.244    s1_reg[1][3][increment]__0
                         LUT2 (Prop_LUT2_I1_O)        0.038     0.282 r  s2[1][3][partial][7]_i_3/O
                         net (fo=1, unplaced)         0.020     0.302    s2[1][3][partial][7]_i_3_n_0
                         CARRY8 (Prop_CARRY8_S[0]_CO[7])
                                                      0.199     0.501 r  s2_reg[1][3][partial][7]_i_2/CO[7]
                         net (fo=1, unplaced)         0.005     0.506    s2_reg[1][3][partial][7]_i_2_n_0
                         CARRY8 (Prop_CARRY8_CI_CO[7])
                                                      0.022     0.528 r  s2_reg[1][3][partial][15]_i_2/CO[7]
                         net (fo=1, unplaced)         0.005     0.533    s2_reg[1][3][partial][15]_i_2_n_0
                         CARRY8 (Prop_CARRY8_CI_CO[7])
                                                      0.022     0.555 r  s2_reg[1][3][partial][22]_i_3/CO[7]
                         net (fo=1, unplaced)         0.005     0.560    s2_reg[1][3][partial][22]_i_3_n_0
                         CARRY8 (Prop_CARRY8_CI_CO[0])
                                                      0.052     0.612 r  s2_reg[1][3][partial][21]_i_3/CO[0]
                         net (fo=31, unplaced)        0.244     0.856    s2_reg[1][3][partial][21]_i_3_n_7
                         LUT4 (Prop_LUT4_I1_O)        0.070     0.926 r  s2[1][3][partial][30]_i_5/O
                         net (fo=5, unplaced)         0.203     1.129    s2[1][3][partial][30]_i_5_n_0
                         LUT6 (Prop_LUT6_I3_O)        0.038     1.167 f  s2[1][3][partial][30]_i_3/O
                         net (fo=2, unplaced)         0.233     1.400    s2[1][3][partial][30]_i_3_n_0
                         CARRY8 (Prop_CARRY8_DI[0]_CO[2])
                                                      0.090     1.490 f  s2_reg[1][3][partial][30]_i_4/CO[2]
                         net (fo=13, unplaced)        0.224     1.714    s2_reg[1][3][partial][30]_i_4_n_5
                         LUT3 (Prop_LUT3_I1_O)        0.070     1.784 r  s2[1][3][partial][29]_i_4/O
                         net (fo=6, unplaced)         0.207     1.991    s2[1][3][partial][29]_i_4_n_0
                         LUT6 (Prop_LUT6_I5_O)        0.038     2.029 r  s2[1][3][partial][25]_i_2/O
                         net (fo=1, unplaced)         0.185     2.214    finish_pack18_return[25]
                         LUT5 (Prop_LUT5_I0_O)        0.038     2.252 r  s2[1][3][partial][25]_i_1/O
                         net (fo=1, unplaced)         0.048     2.300    s2[1][3][partial][25]_i_1_n_0
                         FDRE                                         r  s2_reg[1][3][partial][25]/D
  -------------------------------------------------------------------    -------------------

                         (clock core_clk rise edge)
                                                      4.000     4.000 r  
                                                      0.000     4.000 r  clk (IN)
                         net (fo=25913, unset)        0.021     4.021    clk
                         FDRE                                         r  s2_reg[1][3][partial][25]/C
                         clock pessimism              0.000     4.021    
                         clock uncertainty           -0.035     3.986    
                         FDRE (Setup_FDRE_C_D)        0.025     4.011    s2_reg[1][3][partial][25]
  -------------------------------------------------------------------
                         required time                          4.011    
                         arrival time                          -2.300    
  -------------------------------------------------------------------
                         slack                                  1.711    




