Copyright 1986-2022 Xilinx, Inc. All Rights Reserved.
-----------------------------------------------------------------------------------------------------------------------------------------------------------------------------------------------------------------------
| Tool Version      : Vivado v.2022.2 (win64) Build 3671981 Fri Oct 14 05:00:03 MDT 2022
| Date              : Wed Sep 30 17:30:34 2026
| Host              : FLY running 64-bit major release  (build 9200)
| Command           : report_timing -to [get_cells -quiet -hier -filter {NAME =~ *control_q_reg*}] -max_paths 3 -file C:/Users/fly04/Desktop/VLA/PCore_2.0/v3/reports/ooc_dea8_deqacc32_v5/v5_shift_control_timing.rpt
| Design            : dea8_deqacc32_v5
| Device            : xcu50-fsvh2104
| Speed File        : -2  PRODUCTION 1.30 05-01-2022
| Temperature Grade : E
-----------------------------------------------------------------------------------------------------------------------------------------------------------------------------------------------------------------------

Timing Report

Slack (MET) :             1.430ns  (required time - arrival time)
  Source:                 genblk1[0].lanes[0].lane/raw_q_reg[nonzero_group][3]/C
                            (rising edge-triggered cell FDRE clocked by core_clk  {rise@0.000ns fall@2.000ns period=4.000ns})
  Destination:            genblk1[0].lanes[0].lane/control_q_reg[exponent][8]/D
                            (rising edge-triggered cell FDRE clocked by core_clk  {rise@0.000ns fall@2.000ns period=4.000ns})
  Path Group:             core_clk
  Path Type:              Setup (Max at Slow Process Corner)
  Requirement:            4.000ns  (core_clk rise@4.000ns - core_clk rise@0.000ns)
  Data Path Delay:        2.551ns  (logic 0.875ns (34.300%)  route 1.676ns (65.700%))
  Logic Levels:           10  (CARRY8=3 LUT3=1 LUT4=2 LUT5=2 LUT6=2)
  Clock Path Skew:        -0.009ns (DCD - SCD + CPR)
    Destination Clock Delay (DCD):    0.021ns = ( 4.021 - 4.000 ) 
    Source Clock Delay      (SCD):    0.030ns
    Clock Pessimism Removal (CPR):    0.000ns
  Clock Uncertainty:      0.035ns  ((TSJ^2 + TIJ^2)^1/2 + DJ) / 2 + PE
    Total System Jitter     (TSJ):    0.071ns
    Total Input Jitter      (TIJ):    0.000ns
    Discrete Jitter          (DJ):    0.000ns
    Phase Error              (PE):    0.000ns

    Location             Delay type                Incr(ns)  Path(ns)    Netlist Resource(s)
  -------------------------------------------------------------------    -------------------
                         (clock core_clk rise edge)
                                                      0.000     0.000 r  
                                                      0.000     0.000 r  clk (IN)
                         net (fo=25913, unset)        0.030     0.030    genblk1[0].lanes[0].lane/clk
                         FDRE                                         r  genblk1[0].lanes[0].lane/raw_q_reg[nonzero_group][3]/C
  -------------------------------------------------------------------    -------------------
                         FDRE (Prop_FDRE_C_Q)         0.077     0.107 r  genblk1[0].lanes[0].lane/raw_q_reg[nonzero_group][3]/Q
                         net (fo=9, unplaced)         0.168     0.275    genblk1[0].lanes[0].lane/raw_q_reg[nonzero_group][3]
                         LUT3 (Prop_LUT3_I2_O)        0.070     0.345 r  genblk1[0].lanes[0].lane/control_q[shift][4]_i_27/O
                         net (fo=5, unplaced)         0.203     0.548    genblk1[0].lanes[0].lane/control_q[shift][4]_i_27_n_0
                         LUT6 (Prop_LUT6_I4_O)        0.038     0.586 r  genblk1[0].lanes[0].lane/control_q[shift][4]_i_20/O
                         net (fo=3, unplaced)         0.191     0.777    genblk1[0].lanes[0].lane/x[6]
                         LUT4 (Prop_LUT4_I1_O)        0.038     0.815 r  genblk1[0].lanes[0].lane/control_q[shift][4]_i_13/O
                         net (fo=5, unplaced)         0.203     1.018    genblk1[0].lanes[0].lane/control_q[shift][4]_i_13_n_0
                         LUT6 (Prop_LUT6_I3_O)        0.038     1.056 r  genblk1[0].lanes[0].lane/control_q[shift][4]_i_14/O
                         net (fo=5, unplaced)         0.203     1.259    genblk1[0].lanes[0].lane/control_q[shift][4]_i_14_n_0
                         LUT5 (Prop_LUT5_I1_O)        0.070     1.329 r  genblk1[0].lanes[0].lane/control_q[shift][1]_i_2/O
                         net (fo=4, unplaced)         0.197     1.526    genblk1[0].lanes[0].lane/control_q[shift][1]_i_2_n_0
                         LUT4 (Prop_LUT4_I1_O)        0.070     1.596 r  genblk1[0].lanes[0].lane/control_q[shift][4]_i_7/O
                         net (fo=1, unplaced)         0.242     1.838    genblk1[0].lanes[0].lane/control_q[shift][4]_i_7_n_0
                         CARRY8 (Prop_CARRY8_DI[0]_CO[4])
                                                      0.184     2.022 r  genblk1[0].lanes[0].lane/control_q_reg[shift][4]_i_3/CO[4]
                         net (fo=10, unplaced)        0.216     2.238    genblk1[0].lanes[0].lane/control_q_reg[shift][4]_i_3_n_3
                         LUT5 (Prop_LUT5_I1_O)        0.037     2.275 r  genblk1[0].lanes[0].lane/control_q[exponent][7]_i_9/O
                         net (fo=1, unplaced)         0.023     2.298    genblk1[0].lanes[0].lane/control_q[exponent][7]_i_9_n_0
                         CARRY8 (Prop_CARRY8_S[1]_CO[7])
                                                      0.197     2.495 r  genblk1[0].lanes[0].lane/control_q_reg[exponent][7]_i_1/CO[7]
                         net (fo=1, unplaced)         0.005     2.500    genblk1[0].lanes[0].lane/control_q_reg[exponent][7]_i_1_n_0
                         CARRY8 (Prop_CARRY8_CI_O[0])
                                                      0.056     2.556 r  genblk1[0].lanes[0].lane/control_q_reg[exponent][8]_i_1/O[0]
                         net (fo=1, unplaced)         0.025     2.581    genblk1[0].lanes[0].lane/control_q_reg[exponent][8]_i_1_n_15
                         FDRE                                         r  genblk1[0].lanes[0].lane/control_q_reg[exponent][8]/D
  -------------------------------------------------------------------    -------------------

                         (clock core_clk rise edge)
                                                      4.000     4.000 r  
                                                      0.000     4.000 r  clk (IN)
                         net (fo=25913, unset)        0.021     4.021    genblk1[0].lanes[0].lane/clk
                         FDRE                                         r  genblk1[0].lanes[0].lane/control_q_reg[exponent][8]/C
                         clock pessimism              0.000     4.021    
                         clock uncertainty           -0.035     3.986    
                         FDRE (Setup_FDRE_C_D)        0.025     4.011    genblk1[0].lanes[0].lane/control_q_reg[exponent][8]
  -------------------------------------------------------------------
                         required time                          4.011    
                         arrival time                          -2.581    
  -------------------------------------------------------------------
                         slack                                  1.430    

Slack (MET) :             1.430ns  (required time - arrival time)
  Source:                 genblk1[0].lanes[10].lane/raw_q_reg[nonzero_group][3]/C
                            (rising edge-triggered cell FDRE clocked by core_clk  {rise@0.000ns fall@2.000ns period=4.000ns})
  Destination:            genblk1[0].lanes[10].lane/control_q_reg[exponent][8]/D
                            (rising edge-triggered cell FDRE clocked by core_clk  {rise@0.000ns fall@2.000ns period=4.000ns})
  Path Group:             core_clk
  Path Type:              Setup (Max at Slow Process Corner)
  Requirement:            4.000ns  (core_clk rise@4.000ns - core_clk rise@0.000ns)
  Data Path Delay:        2.551ns  (logic 0.875ns (34.300%)  route 1.676ns (65.700%))
  Logic Levels:           10  (CARRY8=3 LUT3=1 LUT4=2 LUT5=2 LUT6=2)
  Clock Path Skew:        -0.009ns (DCD - SCD + CPR)
    Destination Clock Delay (DCD):    0.021ns = ( 4.021 - 4.000 ) 
    Source Clock Delay      (SCD):    0.030ns
    Clock Pessimism Removal (CPR):    0.000ns
  Clock Uncertainty:      0.035ns  ((TSJ^2 + TIJ^2)^1/2 + DJ) / 2 + PE
    Total System Jitter     (TSJ):    0.071ns
    Total Input Jitter      (TIJ):    0.000ns
    Discrete Jitter          (DJ):    0.000ns
    Phase Error              (PE):    0.000ns

    Location             Delay type                Incr(ns)  Path(ns)    Netlist Resource(s)
  -------------------------------------------------------------------    -------------------
                         (clock core_clk rise edge)
                                                      0.000     0.000 r  
                                                      0.000     0.000 r  clk (IN)
                         net (fo=25913, unset)        0.030     0.030    genblk1[0].lanes[10].lane/clk
                         FDRE                                         r  genblk1[0].lanes[10].lane/raw_q_reg[nonzero_group][3]/C
  -------------------------------------------------------------------    -------------------
                         FDRE (Prop_FDRE_C_Q)         0.077     0.107 r  genblk1[0].lanes[10].lane/raw_q_reg[nonzero_group][3]/Q
                         net (fo=9, unplaced)         0.168     0.275    genblk1[0].lanes[10].lane/raw_q_reg[nonzero_group][3]
                         LUT3 (Prop_LUT3_I2_O)        0.070     0.345 r  genblk1[0].lanes[10].lane/control_q[shift][4]_i_27/O
                         net (fo=5, unplaced)         0.203     0.548    genblk1[0].lanes[10].lane/control_q[shift][4]_i_27_n_0
                         LUT6 (Prop_LUT6_I4_O)        0.038     0.586 r  genblk1[0].lanes[10].lane/control_q[shift][4]_i_20/O
                         net (fo=3, unplaced)         0.191     0.777    genblk1[0].lanes[10].lane/x[6]
                         LUT4 (Prop_LUT4_I1_O)        0.038     0.815 r  genblk1[0].lanes[10].lane/control_q[shift][4]_i_13/O
                         net (fo=5, unplaced)         0.203     1.018    genblk1[0].lanes[10].lane/control_q[shift][4]_i_13_n_0
                         LUT6 (Prop_LUT6_I3_O)        0.038     1.056 r  genblk1[0].lanes[10].lane/control_q[shift][4]_i_14/O
                         net (fo=5, unplaced)         0.203     1.259    genblk1[0].lanes[10].lane/control_q[shift][4]_i_14_n_0
                         LUT5 (Prop_LUT5_I1_O)        0.070     1.329 r  genblk1[0].lanes[10].lane/control_q[shift][1]_i_2/O
                         net (fo=4, unplaced)         0.197     1.526    genblk1[0].lanes[10].lane/control_q[shift][1]_i_2_n_0
                         LUT4 (Prop_LUT4_I1_O)        0.070     1.596 r  genblk1[0].lanes[10].lane/control_q[shift][4]_i_7/O
                         net (fo=1, unplaced)         0.242     1.838    genblk1[0].lanes[10].lane/control_q[shift][4]_i_7_n_0
                         CARRY8 (Prop_CARRY8_DI[0]_CO[4])
                                                      0.184     2.022 r  genblk1[0].lanes[10].lane/control_q_reg[shift][4]_i_3/CO[4]
                         net (fo=10, unplaced)        0.216     2.238    genblk1[0].lanes[10].lane/control_q_reg[shift][4]_i_3_n_3
                         LUT5 (Prop_LUT5_I1_O)        0.037     2.275 r  genblk1[0].lanes[10].lane/control_q[exponent][7]_i_9/O
                         net (fo=1, unplaced)         0.023     2.298    genblk1[0].lanes[10].lane/control_q[exponent][7]_i_9_n_0
                         CARRY8 (Prop_CARRY8_S[1]_CO[7])
                                                      0.197     2.495 r  genblk1[0].lanes[10].lane/control_q_reg[exponent][7]_i_1/CO[7]
                         net (fo=1, unplaced)         0.005     2.500    genblk1[0].lanes[10].lane/control_q_reg[exponent][7]_i_1_n_0
                         CARRY8 (Prop_CARRY8_CI_O[0])
                                                      0.056     2.556 r  genblk1[0].lanes[10].lane/control_q_reg[exponent][8]_i_1/O[0]
                         net (fo=1, unplaced)         0.025     2.581    genblk1[0].lanes[10].lane/control_q_reg[exponent][8]_i_1_n_15
                         FDRE                                         r  genblk1[0].lanes[10].lane/control_q_reg[exponent][8]/D
  -------------------------------------------------------------------    -------------------

                         (clock core_clk rise edge)
                                                      4.000     4.000 r  
                                                      0.000     4.000 r  clk (IN)
                         net (fo=25913, unset)        0.021     4.021    genblk1[0].lanes[10].lane/clk
                         FDRE                                         r  genblk1[0].lanes[10].lane/control_q_reg[exponent][8]/C
                         clock pessimism              0.000     4.021    
                         clock uncertainty           -0.035     3.986    
                         FDRE (Setup_FDRE_C_D)        0.025     4.011    genblk1[0].lanes[10].lane/control_q_reg[exponent][8]
  -------------------------------------------------------------------
                         required time                          4.011    
                         arrival time                          -2.581    
  -------------------------------------------------------------------
                         slack                                  1.430    

Slack (MET) :             1.430ns  (required time - arrival time)
  Source:                 genblk1[0].lanes[11].lane/raw_q_reg[nonzero_group][3]/C
                            (rising edge-triggered cell FDRE clocked by core_clk  {rise@0.000ns fall@2.000ns period=4.000ns})
  Destination:            genblk1[0].lanes[11].lane/control_q_reg[exponent][8]/D
                            (rising edge-triggered cell FDRE clocked by core_clk  {rise@0.000ns fall@2.000ns period=4.000ns})
  Path Group:             core_clk
  Path Type:              Setup (Max at Slow Process Corner)
  Requirement:            4.000ns  (core_clk rise@4.000ns - core_clk rise@0.000ns)
  Data Path Delay:        2.551ns  (logic 0.875ns (34.300%)  route 1.676ns (65.700%))
  Logic Levels:           10  (CARRY8=3 LUT3=1 LUT4=2 LUT5=2 LUT6=2)
  Clock Path Skew:        -0.009ns (DCD - SCD + CPR)
    Destination Clock Delay (DCD):    0.021ns = ( 4.021 - 4.000 ) 
    Source Clock Delay      (SCD):    0.030ns
    Clock Pessimism Removal (CPR):    0.000ns
  Clock Uncertainty:      0.035ns  ((TSJ^2 + TIJ^2)^1/2 + DJ) / 2 + PE
    Total System Jitter     (TSJ):    0.071ns
    Total Input Jitter      (TIJ):    0.000ns
    Discrete Jitter          (DJ):    0.000ns
    Phase Error              (PE):    0.000ns

    Location             Delay type                Incr(ns)  Path(ns)    Netlist Resource(s)
  -------------------------------------------------------------------    -------------------
                         (clock core_clk rise edge)
                                                      0.000     0.000 r  
                                                      0.000     0.000 r  clk (IN)
                         net (fo=25913, unset)        0.030     0.030    genblk1[0].lanes[11].lane/clk
                         FDRE                                         r  genblk1[0].lanes[11].lane/raw_q_reg[nonzero_group][3]/C
  -------------------------------------------------------------------    -------------------
                         FDRE (Prop_FDRE_C_Q)         0.077     0.107 r  genblk1[0].lanes[11].lane/raw_q_reg[nonzero_group][3]/Q
                         net (fo=9, unplaced)         0.168     0.275    genblk1[0].lanes[11].lane/raw_q_reg[nonzero_group][3]
                         LUT3 (Prop_LUT3_I2_O)        0.070     0.345 r  genblk1[0].lanes[11].lane/control_q[shift][4]_i_27/O
                         net (fo=5, unplaced)         0.203     0.548    genblk1[0].lanes[11].lane/control_q[shift][4]_i_27_n_0
                         LUT6 (Prop_LUT6_I4_O)        0.038     0.586 r  genblk1[0].lanes[11].lane/control_q[shift][4]_i_20/O
                         net (fo=3, unplaced)         0.191     0.777    genblk1[0].lanes[11].lane/x[6]
                         LUT4 (Prop_LUT4_I1_O)        0.038     0.815 r  genblk1[0].lanes[11].lane/control_q[shift][4]_i_13/O
                         net (fo=5, unplaced)         0.203     1.018    genblk1[0].lanes[11].lane/control_q[shift][4]_i_13_n_0
                         LUT6 (Prop_LUT6_I3_O)        0.038     1.056 r  genblk1[0].lanes[11].lane/control_q[shift][4]_i_14/O
                         net (fo=5, unplaced)         0.203     1.259    genblk1[0].lanes[11].lane/control_q[shift][4]_i_14_n_0
                         LUT5 (Prop_LUT5_I1_O)        0.070     1.329 r  genblk1[0].lanes[11].lane/control_q[shift][1]_i_2/O
                         net (fo=4, unplaced)         0.197     1.526    genblk1[0].lanes[11].lane/control_q[shift][1]_i_2_n_0
                         LUT4 (Prop_LUT4_I1_O)        0.070     1.596 r  genblk1[0].lanes[11].lane/control_q[shift][4]_i_7/O
                         net (fo=1, unplaced)         0.242     1.838    genblk1[0].lanes[11].lane/control_q[shift][4]_i_7_n_0
                         CARRY8 (Prop_CARRY8_DI[0]_CO[4])
                                                      0.184     2.022 r  genblk1[0].lanes[11].lane/control_q_reg[shift][4]_i_3/CO[4]
                         net (fo=10, unplaced)        0.216     2.238    genblk1[0].lanes[11].lane/control_q_reg[shift][4]_i_3_n_3
                         LUT5 (Prop_LUT5_I1_O)        0.037     2.275 r  genblk1[0].lanes[11].lane/control_q[exponent][7]_i_9/O
                         net (fo=1, unplaced)         0.023     2.298    genblk1[0].lanes[11].lane/control_q[exponent][7]_i_9_n_0
                         CARRY8 (Prop_CARRY8_S[1]_CO[7])
                                                      0.197     2.495 r  genblk1[0].lanes[11].lane/control_q_reg[exponent][7]_i_1/CO[7]
                         net (fo=1, unplaced)         0.005     2.500    genblk1[0].lanes[11].lane/control_q_reg[exponent][7]_i_1_n_0
                         CARRY8 (Prop_CARRY8_CI_O[0])
                                                      0.056     2.556 r  genblk1[0].lanes[11].lane/control_q_reg[exponent][8]_i_1/O[0]
                         net (fo=1, unplaced)         0.025     2.581    genblk1[0].lanes[11].lane/control_q_reg[exponent][8]_i_1_n_15
                         FDRE                                         r  genblk1[0].lanes[11].lane/control_q_reg[exponent][8]/D
  -------------------------------------------------------------------    -------------------

                         (clock core_clk rise edge)
                                                      4.000     4.000 r  
                                                      0.000     4.000 r  clk (IN)
                         net (fo=25913, unset)        0.021     4.021    genblk1[0].lanes[11].lane/clk
                         FDRE                                         r  genblk1[0].lanes[11].lane/control_q_reg[exponent][8]/C
                         clock pessimism              0.000     4.021    
                         clock uncertainty           -0.035     3.986    
                         FDRE (Setup_FDRE_C_D)        0.025     4.011    genblk1[0].lanes[11].lane/control_q_reg[exponent][8]
  -------------------------------------------------------------------
                         required time                          4.011    
                         arrival time                          -2.581    
  -------------------------------------------------------------------
                         slack                                  1.430    




