Copyright 1986-2022 Xilinx, Inc. All Rights Reserved.
--------------------------------------------------------------------------------------------------------------------------------------------------------------------------------------------------------------
| Tool Version      : Vivado v.2022.2 (win64) Build 3671981 Fri Oct 14 05:00:03 MDT 2022
| Date              : Wed Sep 30 15:27:20 2026
| Host              : FLY running 64-bit major release  (build 9200)
| Command           : report_timing -to [get_cells -quiet -hier -filter {NAME =~ *mag_q0_reg*}] -max_paths 3 -file C:/Users/fly04/Desktop/VLA/PCore_2.0/v3/reports/ooc_dea8_attention_matrix_v3/d0_timing.rpt
| Design            : dea8_attention_matrix_v3
| Device            : xcu50-fsvh2104
| Speed File        : -2  PRODUCTION 1.30 05-01-2022
| Temperature Grade : E
--------------------------------------------------------------------------------------------------------------------------------------------------------------------------------------------------------------

Timing Report

Slack (MET) :             0.786ns  (required time - arrival time)
  Source:                 matrix/mxu/psum_reg_reg[1][13][2]/C
                            (rising edge-triggered cell FDRE clocked by core_clk  {rise@0.000ns fall@2.000ns period=4.000ns})
  Destination:            matrix/deqacc/mag_q0_reg[1][13][10]/D
                            (rising edge-triggered cell FDRE clocked by core_clk  {rise@0.000ns fall@2.000ns period=4.000ns})
  Path Group:             core_clk
  Path Type:              Setup (Max at Slow Process Corner)
  Requirement:            4.000ns  (core_clk rise@4.000ns - core_clk rise@0.000ns)
  Data Path Delay:        3.195ns  (logic 0.926ns (28.983%)  route 2.269ns (71.017%))
  Logic Levels:           15  (CARRY8=4 LUT1=1 LUT2=1 LUT5=2 LUT6=7)
  Clock Path Skew:        -0.009ns (DCD - SCD + CPR)
    Destination Clock Delay (DCD):    0.021ns = ( 4.021 - 4.000 ) 
    Source Clock Delay      (SCD):    0.030ns
    Clock Pessimism Removal (CPR):    0.000ns
  Clock Uncertainty:      0.035ns  ((TSJ^2 + TIJ^2)^1/2 + DJ) / 2 + PE
    Total System Jitter     (TSJ):    0.071ns
    Total Input Jitter      (TIJ):    0.000ns
    Discrete Jitter          (DJ):    0.000ns
    Phase Error              (PE):    0.000ns

    Location             Delay type                Incr(ns)  Path(ns)    Netlist Resource(s)
  -------------------------------------------------------------------    -------------------
                         (clock core_clk rise edge)
                                                      0.000     0.000 r  
                                                      0.000     0.000 r  clk (IN)
                         net (fo=49055, unset)        0.030     0.030    matrix/mxu/clk
                         FDRE                                         r  matrix/mxu/psum_reg_reg[1][13][2]/C
  -------------------------------------------------------------------    -------------------
                         FDRE (Prop_FDRE_C_Q)         0.078     0.108 f  matrix/mxu/psum_reg_reg[1][13][2]/Q
                         net (fo=3, unplaced)         0.143     0.251    matrix/mxu/mxu_rsp[psum][1][13]_386[2]
                         LUT1 (Prop_LUT1_I0_O)        0.037     0.288 r  matrix/mxu/zero_q0[1][13]_i_22/O
                         net (fo=1, unplaced)         0.023     0.311    matrix/mxu/zero_q0[1][13]_i_22_n_0
                         CARRY8 (Prop_CARRY8_S[1]_CO[7])
                                                      0.197     0.508 r  matrix/mxu/zero_q0_reg[1][13]_i_12/CO[7]
                         net (fo=1, unplaced)         0.005     0.513    matrix/mxu/zero_q0_reg[1][13]_i_12_n_0
                         CARRY8 (Prop_CARRY8_CI_CO[7])
                                                      0.022     0.535 r  matrix/mxu/mag_q0_reg[1][13][13]_i_15/CO[7]
                         net (fo=1, unplaced)         0.005     0.540    matrix/mxu/mag_q0_reg[1][13][13]_i_15_n_0
                         CARRY8 (Prop_CARRY8_CI_CO[7])
                                                      0.022     0.562 r  matrix/mxu/zero_q0_reg[1][13]_i_14/CO[7]
                         net (fo=1, unplaced)         0.005     0.567    matrix/mxu/zero_q0_reg[1][13]_i_14_n_0
                         CARRY8 (Prop_CARRY8_CI_O[4])
                                                      0.086     0.653 f  matrix/mxu/zero_q0_reg[1][13]_i_13/O[4]
                         net (fo=2, unplaced)         0.183     0.836    matrix/mxu/psum_reg_reg[1][13][19]_0[4]
                         LUT2 (Prop_LUT2_I1_O)        0.038     0.874 f  matrix/mxu/mag_q0[1][13][30]_i_9/O
                         net (fo=3, unplaced)         0.191     1.065    matrix/mxu/mag_q0[1][13][30]_i_9_n_0
                         LUT5 (Prop_LUT5_I4_O)        0.038     1.103 f  matrix/mxu/mag_q0[1][13][0]_i_13/O
                         net (fo=1, unplaced)         0.185     1.288    matrix/mxu/mag_q0[1][13][0]_i_13_n_0
                         LUT6 (Prop_LUT6_I5_O)        0.038     1.326 f  matrix/mxu/mag_q0[1][13][0]_i_9/O
                         net (fo=1, unplaced)         0.185     1.511    matrix/mxu/mag_q0[1][13][0]_i_9_n_0
                         LUT6 (Prop_LUT6_I5_O)        0.038     1.549 f  matrix/mxu/mag_q0[1][13][0]_i_2/O
                         net (fo=64, unplaced)        0.260     1.809    matrix/mxu/mag_q0[1][13][0]_i_2_n_0
                         LUT6 (Prop_LUT6_I5_O)        0.038     1.847 r  matrix/mxu/mag_q0[1][13][0]_i_14/O
                         net (fo=1, unplaced)         0.185     2.032    matrix/mxu/mag_q0[1][13][0]_i_14_n_0
                         LUT6 (Prop_LUT6_I5_O)        0.038     2.070 r  matrix/mxu/mag_q0[1][13][0]_i_12/O
                         net (fo=3, unplaced)         0.191     2.261    matrix/mxu/mag_q0[1][13][0]_i_12_n_0
                         LUT6 (Prop_LUT6_I5_O)        0.038     2.299 f  matrix/mxu/mag_q0[1][13][0]_i_3/O
                         net (fo=46, unplaced)        0.208     2.507    matrix/mxu/mag_q0[1][13][0]_i_3_n_0
                         LUT6 (Prop_LUT6_I3_O)        0.090     2.597 r  matrix/mxu/mag_q0[1][13][1]_i_3/O
                         net (fo=44, unplaced)        0.252     2.849    matrix/mxu/mag_q0[1][13][1]_i_3_n_0
                         LUT5 (Prop_LUT5_I4_O)        0.038     2.887 r  matrix/mxu/mag_q0[1][13][31]_i_2/O
                         net (fo=33, unplaced)        0.200     3.087    matrix/mxu/mag_q0[1][13][31]_i_2_n_0
                         LUT6 (Prop_LUT6_I2_O)        0.090     3.177 r  matrix/mxu/mag_q0[1][13][10]_i_1/O
                         net (fo=1, unplaced)         0.048     3.225    matrix/deqacc/mag_q0_reg[1][13][31]_0[10]
                         FDRE                                         r  matrix/deqacc/mag_q0_reg[1][13][10]/D
  -------------------------------------------------------------------    -------------------

                         (clock core_clk rise edge)
                                                      4.000     4.000 r  
                                                      0.000     4.000 r  clk (IN)
                         net (fo=49055, unset)        0.021     4.021    matrix/deqacc/clk
                         FDRE                                         r  matrix/deqacc/mag_q0_reg[1][13][10]/C
                         clock pessimism              0.000     4.021    
                         clock uncertainty           -0.035     3.986    
                         FDRE (Setup_FDRE_C_D)        0.025     4.011    matrix/deqacc/mag_q0_reg[1][13][10]
  -------------------------------------------------------------------
                         required time                          4.011    
                         arrival time                          -3.225    
  -------------------------------------------------------------------
                         slack                                  0.786    

Slack (MET) :             0.786ns  (required time - arrival time)
  Source:                 matrix/mxu/psum_reg_reg[1][13][2]/C
                            (rising edge-triggered cell FDRE clocked by core_clk  {rise@0.000ns fall@2.000ns period=4.000ns})
  Destination:            matrix/deqacc/mag_q0_reg[1][13][11]/D
                            (rising edge-triggered cell FDRE clocked by core_clk  {rise@0.000ns fall@2.000ns period=4.000ns})
  Path Group:             core_clk
  Path Type:              Setup (Max at Slow Process Corner)
  Requirement:            4.000ns  (core_clk rise@4.000ns - core_clk rise@0.000ns)
  Data Path Delay:        3.195ns  (logic 0.926ns (28.983%)  route 2.269ns (71.017%))
  Logic Levels:           15  (CARRY8=4 LUT1=1 LUT2=1 LUT5=2 LUT6=7)
  Clock Path Skew:        -0.009ns (DCD - SCD + CPR)
    Destination Clock Delay (DCD):    0.021ns = ( 4.021 - 4.000 ) 
    Source Clock Delay      (SCD):    0.030ns
    Clock Pessimism Removal (CPR):    0.000ns
  Clock Uncertainty:      0.035ns  ((TSJ^2 + TIJ^2)^1/2 + DJ) / 2 + PE
    Total System Jitter     (TSJ):    0.071ns
    Total Input Jitter      (TIJ):    0.000ns
    Discrete Jitter          (DJ):    0.000ns
    Phase Error              (PE):    0.000ns

    Location             Delay type                Incr(ns)  Path(ns)    Netlist Resource(s)
  -------------------------------------------------------------------    -------------------
                         (clock core_clk rise edge)
                                                      0.000     0.000 r  
                                                      0.000     0.000 r  clk (IN)
                         net (fo=49055, unset)        0.030     0.030    matrix/mxu/clk
                         FDRE                                         r  matrix/mxu/psum_reg_reg[1][13][2]/C
  -------------------------------------------------------------------    -------------------
                         FDRE (Prop_FDRE_C_Q)         0.078     0.108 f  matrix/mxu/psum_reg_reg[1][13][2]/Q
                         net (fo=3, unplaced)         0.143     0.251    matrix/mxu/mxu_rsp[psum][1][13]_386[2]
                         LUT1 (Prop_LUT1_I0_O)        0.037     0.288 r  matrix/mxu/zero_q0[1][13]_i_22/O
                         net (fo=1, unplaced)         0.023     0.311    matrix/mxu/zero_q0[1][13]_i_22_n_0
                         CARRY8 (Prop_CARRY8_S[1]_CO[7])
                                                      0.197     0.508 r  matrix/mxu/zero_q0_reg[1][13]_i_12/CO[7]
                         net (fo=1, unplaced)         0.005     0.513    matrix/mxu/zero_q0_reg[1][13]_i_12_n_0
                         CARRY8 (Prop_CARRY8_CI_CO[7])
                                                      0.022     0.535 r  matrix/mxu/mag_q0_reg[1][13][13]_i_15/CO[7]
                         net (fo=1, unplaced)         0.005     0.540    matrix/mxu/mag_q0_reg[1][13][13]_i_15_n_0
                         CARRY8 (Prop_CARRY8_CI_CO[7])
                                                      0.022     0.562 r  matrix/mxu/zero_q0_reg[1][13]_i_14/CO[7]
                         net (fo=1, unplaced)         0.005     0.567    matrix/mxu/zero_q0_reg[1][13]_i_14_n_0
                         CARRY8 (Prop_CARRY8_CI_O[4])
                                                      0.086     0.653 f  matrix/mxu/zero_q0_reg[1][13]_i_13/O[4]
                         net (fo=2, unplaced)         0.183     0.836    matrix/mxu/psum_reg_reg[1][13][19]_0[4]
                         LUT2 (Prop_LUT2_I1_O)        0.038     0.874 f  matrix/mxu/mag_q0[1][13][30]_i_9/O
                         net (fo=3, unplaced)         0.191     1.065    matrix/mxu/mag_q0[1][13][30]_i_9_n_0
                         LUT5 (Prop_LUT5_I4_O)        0.038     1.103 f  matrix/mxu/mag_q0[1][13][0]_i_13/O
                         net (fo=1, unplaced)         0.185     1.288    matrix/mxu/mag_q0[1][13][0]_i_13_n_0
                         LUT6 (Prop_LUT6_I5_O)        0.038     1.326 f  matrix/mxu/mag_q0[1][13][0]_i_9/O
                         net (fo=1, unplaced)         0.185     1.511    matrix/mxu/mag_q0[1][13][0]_i_9_n_0
                         LUT6 (Prop_LUT6_I5_O)        0.038     1.549 f  matrix/mxu/mag_q0[1][13][0]_i_2/O
                         net (fo=64, unplaced)        0.260     1.809    matrix/mxu/mag_q0[1][13][0]_i_2_n_0
                         LUT6 (Prop_LUT6_I5_O)        0.038     1.847 r  matrix/mxu/mag_q0[1][13][0]_i_14/O
                         net (fo=1, unplaced)         0.185     2.032    matrix/mxu/mag_q0[1][13][0]_i_14_n_0
                         LUT6 (Prop_LUT6_I5_O)        0.038     2.070 r  matrix/mxu/mag_q0[1][13][0]_i_12/O
                         net (fo=3, unplaced)         0.191     2.261    matrix/mxu/mag_q0[1][13][0]_i_12_n_0
                         LUT6 (Prop_LUT6_I5_O)        0.038     2.299 f  matrix/mxu/mag_q0[1][13][0]_i_3/O
                         net (fo=46, unplaced)        0.208     2.507    matrix/mxu/mag_q0[1][13][0]_i_3_n_0
                         LUT6 (Prop_LUT6_I3_O)        0.090     2.597 r  matrix/mxu/mag_q0[1][13][1]_i_3/O
                         net (fo=44, unplaced)        0.252     2.849    matrix/mxu/mag_q0[1][13][1]_i_3_n_0
                         LUT5 (Prop_LUT5_I4_O)        0.038     2.887 r  matrix/mxu/mag_q0[1][13][31]_i_2/O
                         net (fo=33, unplaced)        0.200     3.087    matrix/mxu/mag_q0[1][13][31]_i_2_n_0
                         LUT6 (Prop_LUT6_I2_O)        0.090     3.177 r  matrix/mxu/mag_q0[1][13][11]_i_1/O
                         net (fo=1, unplaced)         0.048     3.225    matrix/deqacc/mag_q0_reg[1][13][31]_0[11]
                         FDRE                                         r  matrix/deqacc/mag_q0_reg[1][13][11]/D
  -------------------------------------------------------------------    -------------------

                         (clock core_clk rise edge)
                                                      4.000     4.000 r  
                                                      0.000     4.000 r  clk (IN)
                         net (fo=49055, unset)        0.021     4.021    matrix/deqacc/clk
                         FDRE                                         r  matrix/deqacc/mag_q0_reg[1][13][11]/C
                         clock pessimism              0.000     4.021    
                         clock uncertainty           -0.035     3.986    
                         FDRE (Setup_FDRE_C_D)        0.025     4.011    matrix/deqacc/mag_q0_reg[1][13][11]
  -------------------------------------------------------------------
                         required time                          4.011    
                         arrival time                          -3.225    
  -------------------------------------------------------------------
                         slack                                  0.786    

Slack (MET) :             0.786ns  (required time - arrival time)
  Source:                 matrix/mxu/psum_reg_reg[1][13][2]/C
                            (rising edge-triggered cell FDRE clocked by core_clk  {rise@0.000ns fall@2.000ns period=4.000ns})
  Destination:            matrix/deqacc/mag_q0_reg[1][13][12]/D
                            (rising edge-triggered cell FDRE clocked by core_clk  {rise@0.000ns fall@2.000ns period=4.000ns})
  Path Group:             core_clk
  Path Type:              Setup (Max at Slow Process Corner)
  Requirement:            4.000ns  (core_clk rise@4.000ns - core_clk rise@0.000ns)
  Data Path Delay:        3.195ns  (logic 0.926ns (28.983%)  route 2.269ns (71.017%))
  Logic Levels:           15  (CARRY8=4 LUT1=1 LUT2=1 LUT5=2 LUT6=7)
  Clock Path Skew:        -0.009ns (DCD - SCD + CPR)
    Destination Clock Delay (DCD):    0.021ns = ( 4.021 - 4.000 ) 
    Source Clock Delay      (SCD):    0.030ns
    Clock Pessimism Removal (CPR):    0.000ns
  Clock Uncertainty:      0.035ns  ((TSJ^2 + TIJ^2)^1/2 + DJ) / 2 + PE
    Total System Jitter     (TSJ):    0.071ns
    Total Input Jitter      (TIJ):    0.000ns
    Discrete Jitter          (DJ):    0.000ns
    Phase Error              (PE):    0.000ns

    Location             Delay type                Incr(ns)  Path(ns)    Netlist Resource(s)
  -------------------------------------------------------------------    -------------------
                         (clock core_clk rise edge)
                                                      0.000     0.000 r  
                                                      0.000     0.000 r  clk (IN)
                         net (fo=49055, unset)        0.030     0.030    matrix/mxu/clk
                         FDRE                                         r  matrix/mxu/psum_reg_reg[1][13][2]/C
  -------------------------------------------------------------------    -------------------
                         FDRE (Prop_FDRE_C_Q)         0.078     0.108 f  matrix/mxu/psum_reg_reg[1][13][2]/Q
                         net (fo=3, unplaced)         0.143     0.251    matrix/mxu/mxu_rsp[psum][1][13]_386[2]
                         LUT1 (Prop_LUT1_I0_O)        0.037     0.288 r  matrix/mxu/zero_q0[1][13]_i_22/O
                         net (fo=1, unplaced)         0.023     0.311    matrix/mxu/zero_q0[1][13]_i_22_n_0
                         CARRY8 (Prop_CARRY8_S[1]_CO[7])
                                                      0.197     0.508 r  matrix/mxu/zero_q0_reg[1][13]_i_12/CO[7]
                         net (fo=1, unplaced)         0.005     0.513    matrix/mxu/zero_q0_reg[1][13]_i_12_n_0
                         CARRY8 (Prop_CARRY8_CI_CO[7])
                                                      0.022     0.535 r  matrix/mxu/mag_q0_reg[1][13][13]_i_15/CO[7]
                         net (fo=1, unplaced)         0.005     0.540    matrix/mxu/mag_q0_reg[1][13][13]_i_15_n_0
                         CARRY8 (Prop_CARRY8_CI_CO[7])
                                                      0.022     0.562 r  matrix/mxu/zero_q0_reg[1][13]_i_14/CO[7]
                         net (fo=1, unplaced)         0.005     0.567    matrix/mxu/zero_q0_reg[1][13]_i_14_n_0
                         CARRY8 (Prop_CARRY8_CI_O[4])
                                                      0.086     0.653 f  matrix/mxu/zero_q0_reg[1][13]_i_13/O[4]
                         net (fo=2, unplaced)         0.183     0.836    matrix/mxu/psum_reg_reg[1][13][19]_0[4]
                         LUT2 (Prop_LUT2_I1_O)        0.038     0.874 f  matrix/mxu/mag_q0[1][13][30]_i_9/O
                         net (fo=3, unplaced)         0.191     1.065    matrix/mxu/mag_q0[1][13][30]_i_9_n_0
                         LUT5 (Prop_LUT5_I4_O)        0.038     1.103 f  matrix/mxu/mag_q0[1][13][0]_i_13/O
                         net (fo=1, unplaced)         0.185     1.288    matrix/mxu/mag_q0[1][13][0]_i_13_n_0
                         LUT6 (Prop_LUT6_I5_O)        0.038     1.326 f  matrix/mxu/mag_q0[1][13][0]_i_9/O
                         net (fo=1, unplaced)         0.185     1.511    matrix/mxu/mag_q0[1][13][0]_i_9_n_0
                         LUT6 (Prop_LUT6_I5_O)        0.038     1.549 f  matrix/mxu/mag_q0[1][13][0]_i_2/O
                         net (fo=64, unplaced)        0.260     1.809    matrix/mxu/mag_q0[1][13][0]_i_2_n_0
                         LUT6 (Prop_LUT6_I5_O)        0.038     1.847 r  matrix/mxu/mag_q0[1][13][0]_i_14/O
                         net (fo=1, unplaced)         0.185     2.032    matrix/mxu/mag_q0[1][13][0]_i_14_n_0
                         LUT6 (Prop_LUT6_I5_O)        0.038     2.070 r  matrix/mxu/mag_q0[1][13][0]_i_12/O
                         net (fo=3, unplaced)         0.191     2.261    matrix/mxu/mag_q0[1][13][0]_i_12_n_0
                         LUT6 (Prop_LUT6_I5_O)        0.038     2.299 f  matrix/mxu/mag_q0[1][13][0]_i_3/O
                         net (fo=46, unplaced)        0.208     2.507    matrix/mxu/mag_q0[1][13][0]_i_3_n_0
                         LUT6 (Prop_LUT6_I3_O)        0.090     2.597 r  matrix/mxu/mag_q0[1][13][1]_i_3/O
                         net (fo=44, unplaced)        0.252     2.849    matrix/mxu/mag_q0[1][13][1]_i_3_n_0
                         LUT5 (Prop_LUT5_I4_O)        0.038     2.887 r  matrix/mxu/mag_q0[1][13][31]_i_2/O
                         net (fo=33, unplaced)        0.200     3.087    matrix/mxu/mag_q0[1][13][31]_i_2_n_0
                         LUT6 (Prop_LUT6_I2_O)        0.090     3.177 r  matrix/mxu/mag_q0[1][13][12]_i_1/O
                         net (fo=1, unplaced)         0.048     3.225    matrix/deqacc/mag_q0_reg[1][13][31]_0[12]
                         FDRE                                         r  matrix/deqacc/mag_q0_reg[1][13][12]/D
  -------------------------------------------------------------------    -------------------

                         (clock core_clk rise edge)
                                                      4.000     4.000 r  
                                                      0.000     4.000 r  clk (IN)
                         net (fo=49055, unset)        0.021     4.021    matrix/deqacc/clk
                         FDRE                                         r  matrix/deqacc/mag_q0_reg[1][13][12]/C
                         clock pessimism              0.000     4.021    
                         clock uncertainty           -0.035     3.986    
                         FDRE (Setup_FDRE_C_D)        0.025     4.011    matrix/deqacc/mag_q0_reg[1][13][12]
  -------------------------------------------------------------------
                         required time                          4.011    
                         arrival time                          -3.225    
  -------------------------------------------------------------------
                         slack                                  0.786    




