Copyright 1986-2022 Xilinx, Inc. All Rights Reserved.
------------------------------------------------------------------------------------------------------------------------------------------------------------------------------------------------------------------
| Tool Version      : Vivado v.2022.2 (win64) Build 3671981 Fri Oct 14 05:00:03 MDT 2022
| Date              : Wed Sep 30 15:27:20 2026
| Host              : FLY running 64-bit major release  (build 9200)
| Command           : report_timing -to [get_cells -quiet -hier -filter {NAME =~ *partial_q1_reg*}] -max_paths 3 -file C:/Users/fly04/Desktop/VLA/PCore_2.0/v3/reports/ooc_dea8_attention_matrix_v3/d1_timing.rpt
| Design            : dea8_attention_matrix_v3
| Device            : xcu50-fsvh2104
| Speed File        : -2  PRODUCTION 1.30 05-01-2022
| Temperature Grade : E
------------------------------------------------------------------------------------------------------------------------------------------------------------------------------------------------------------------

Timing Report

Slack (MET) :             0.291ns  (required time - arrival time)
  Source:                 matrix/deqacc/exponent_q0_reg[1][12][0]/C
                            (rising edge-triggered cell FDRE clocked by core_clk  {rise@0.000ns fall@2.000ns period=4.000ns})
  Destination:            matrix/deqacc/partial_q1_reg[1][12][23]/D
                            (rising edge-triggered cell FDRE clocked by core_clk  {rise@0.000ns fall@2.000ns period=4.000ns})
  Path Group:             core_clk
  Path Type:              Setup (Max at Slow Process Corner)
  Requirement:            4.000ns  (core_clk rise@4.000ns - core_clk rise@0.000ns)
  Data Path Delay:        3.690ns  (logic 1.104ns (29.919%)  route 2.586ns (70.081%))
  Logic Levels:           17  (CARRY8=4 LUT1=1 LUT4=2 LUT5=2 LUT6=8)
  Clock Path Skew:        -0.009ns (DCD - SCD + CPR)
    Destination Clock Delay (DCD):    0.021ns = ( 4.021 - 4.000 ) 
    Source Clock Delay      (SCD):    0.030ns
    Clock Pessimism Removal (CPR):    0.000ns
  Clock Uncertainty:      0.035ns  ((TSJ^2 + TIJ^2)^1/2 + DJ) / 2 + PE
    Total System Jitter     (TSJ):    0.071ns
    Total Input Jitter      (TIJ):    0.000ns
    Discrete Jitter          (DJ):    0.000ns
    Phase Error              (PE):    0.000ns

    Location             Delay type                Incr(ns)  Path(ns)    Netlist Resource(s)
  -------------------------------------------------------------------    -------------------
                         (clock core_clk rise edge)
                                                      0.000     0.000 r  
                                                      0.000     0.000 r  clk (IN)
                         net (fo=49055, unset)        0.030     0.030    matrix/deqacc/clk
                         FDRE                                         r  matrix/deqacc/exponent_q0_reg[1][12][0]/C
  -------------------------------------------------------------------    -------------------
                         FDRE (Prop_FDRE_C_Q)         0.077     0.107 r  matrix/deqacc/exponent_q0_reg[1][12][0]/Q
                         net (fo=128, unplaced)       0.182     0.289    matrix/deqacc/exponent_q0_reg[1][12]_744[0]
                         LUT4 (Prop_LUT4_I1_O)        0.090     0.379 r  matrix/deqacc/partial_q1[1][12][22]_i_28/O
                         net (fo=7, unplaced)         0.210     0.589    matrix/deqacc/partial_q1[1][12][22]_i_28_n_0
                         LUT5 (Prop_LUT5_I3_O)        0.038     0.627 f  matrix/deqacc/partial_q1[1][12][22]_i_26/O
                         net (fo=2, unplaced)         0.185     0.812    matrix/deqacc/partial_q1[1][12][22]_i_26_n_0
                         LUT1 (Prop_LUT1_I0_O)        0.038     0.850 r  matrix/deqacc/partial_q1[1][12][22]_i_7/O
                         net (fo=3, unplaced)         0.193     1.043    matrix/deqacc/partial_q1[1][12][22]_i_7_n_0
                         CARRY8 (Prop_CARRY8_DI[3]_CO[5])
                                                      0.144     1.187 r  matrix/deqacc/partial_q1_reg[1][12][7]_i_39/CO[5]
                         net (fo=7, unplaced)         0.120     1.307    matrix/deqacc/partial_q1_reg[1][12][7]_i_39_n_2
                         LUT4 (Prop_LUT4_I3_O)        0.038     1.345 r  matrix/deqacc/partial_q1[1][12][7]_i_120/O
                         net (fo=1, unplaced)         0.185     1.530    matrix/deqacc/partial_q1[1][12][7]_i_120_n_0
                         LUT6 (Prop_LUT6_I4_O)        0.038     1.568 r  matrix/deqacc/partial_q1[1][12][7]_i_118/O
                         net (fo=1, unplaced)         0.185     1.753    matrix/deqacc/partial_q1[1][12][7]_i_118_n_0
                         LUT6 (Prop_LUT6_I2_O)        0.038     1.791 r  matrix/deqacc/partial_q1[1][12][7]_i_110/O
                         net (fo=1, unplaced)         0.185     1.976    matrix/deqacc/partial_q1[1][12][7]_i_110_n_0
                         LUT6 (Prop_LUT6_I5_O)        0.038     2.014 r  matrix/deqacc/partial_q1[1][12][7]_i_82/O
                         net (fo=1, unplaced)         0.185     2.199    matrix/deqacc/partial_q1[1][12][7]_i_82_n_0
                         LUT6 (Prop_LUT6_I5_O)        0.038     2.237 r  matrix/deqacc/partial_q1[1][12][7]_i_46/O
                         net (fo=1, unplaced)         0.185     2.422    matrix/deqacc/partial_q1[1][12][7]_i_46_n_0
                         LUT6 (Prop_LUT6_I4_O)        0.038     2.460 f  matrix/deqacc/partial_q1[1][12][7]_i_24/O
                         net (fo=1, unplaced)         0.185     2.645    matrix/deqacc/partial_q1[1][12][7]_i_24_n_0
                         LUT6 (Prop_LUT6_I4_O)        0.038     2.683 r  matrix/deqacc/partial_q1[1][12][7]_i_12/O
                         net (fo=1, unplaced)         0.020     2.703    matrix/deqacc/partial_q1[1][12][7]_i_12_n_0
                         CARRY8 (Prop_CARRY8_S[0]_CO[7])
                                                      0.199     2.902 r  matrix/deqacc/partial_q1_reg[1][12][7]_i_2/CO[7]
                         net (fo=1, unplaced)         0.005     2.907    matrix/deqacc/partial_q1_reg[1][12][7]_i_2_n_0
                         CARRY8 (Prop_CARRY8_CI_CO[7])
                                                      0.022     2.929 r  matrix/deqacc/partial_q1_reg[1][12][15]_i_2/CO[7]
                         net (fo=1, unplaced)         0.005     2.934    matrix/deqacc/partial_q1_reg[1][12][15]_i_2_n_0
                         CARRY8 (Prop_CARRY8_CI_O[7])
                                                      0.116     3.050 r  matrix/deqacc/partial_q1_reg[1][12][22]_i_4/O[7]
                         net (fo=1, unplaced)         0.138     3.188    matrix/deqacc/partial_q1_reg[1][12][22]_i_4_n_8
                         LUT6 (Prop_LUT6_I0_O)        0.038     3.226 f  matrix/deqacc/partial_q1[1][12][23]_i_3/O
                         net (fo=1, unplaced)         0.185     3.411    matrix/deqacc/partial_q1[1][12][23]_i_3_n_0
                         LUT6 (Prop_LUT6_I5_O)        0.038     3.449 r  matrix/deqacc/partial_q1[1][12][23]_i_2/O
                         net (fo=1, unplaced)         0.185     3.634    matrix/deqacc/partial_q1[1][12][23]_i_2_n_0
                         LUT5 (Prop_LUT5_I0_O)        0.038     3.672 r  matrix/deqacc/partial_q1[1][12][23]_i_1/O
                         net (fo=1, unplaced)         0.048     3.720    matrix/deqacc/partial_q1[1][12][23]_i_1_n_0
                         FDRE                                         r  matrix/deqacc/partial_q1_reg[1][12][23]/D
  -------------------------------------------------------------------    -------------------

                         (clock core_clk rise edge)
                                                      4.000     4.000 r  
                                                      0.000     4.000 r  clk (IN)
                         net (fo=49055, unset)        0.021     4.021    matrix/deqacc/clk
                         FDRE                                         r  matrix/deqacc/partial_q1_reg[1][12][23]/C
                         clock pessimism              0.000     4.021    
                         clock uncertainty           -0.035     3.986    
                         FDRE (Setup_FDRE_C_D)        0.025     4.011    matrix/deqacc/partial_q1_reg[1][12][23]
  -------------------------------------------------------------------
                         required time                          4.011    
                         arrival time                          -3.720    
  -------------------------------------------------------------------
                         slack                                  0.291    

Slack (MET) :             0.400ns  (required time - arrival time)
  Source:                 matrix/deqacc/exponent_q0_reg[1][14][4]/C
                            (rising edge-triggered cell FDRE clocked by core_clk  {rise@0.000ns fall@2.000ns period=4.000ns})
  Destination:            matrix/deqacc/partial_q1_reg[1][14][23]/D
                            (rising edge-triggered cell FDRE clocked by core_clk  {rise@0.000ns fall@2.000ns period=4.000ns})
  Path Group:             core_clk
  Path Type:              Setup (Max at Slow Process Corner)
  Requirement:            4.000ns  (core_clk rise@4.000ns - core_clk rise@0.000ns)
  Data Path Delay:        3.581ns  (logic 1.139ns (31.807%)  route 2.442ns (68.193%))
  Logic Levels:           17  (CARRY8=4 LUT1=1 LUT2=1 LUT4=1 LUT5=2 LUT6=8)
  Clock Path Skew:        -0.009ns (DCD - SCD + CPR)
    Destination Clock Delay (DCD):    0.021ns = ( 4.021 - 4.000 ) 
    Source Clock Delay      (SCD):    0.030ns
    Clock Pessimism Removal (CPR):    0.000ns
  Clock Uncertainty:      0.035ns  ((TSJ^2 + TIJ^2)^1/2 + DJ) / 2 + PE
    Total System Jitter     (TSJ):    0.071ns
    Total Input Jitter      (TIJ):    0.000ns
    Discrete Jitter          (DJ):    0.000ns
    Phase Error              (PE):    0.000ns

    Location             Delay type                Incr(ns)  Path(ns)    Netlist Resource(s)
  -------------------------------------------------------------------    -------------------
                         (clock core_clk rise edge)
                                                      0.000     0.000 r  
                                                      0.000     0.000 r  clk (IN)
                         net (fo=49055, unset)        0.030     0.030    matrix/deqacc/clk
                         FDRE                                         r  matrix/deqacc/exponent_q0_reg[1][14][4]/C
  -------------------------------------------------------------------    -------------------
                         FDRE (Prop_FDRE_C_Q)         0.076     0.106 f  matrix/deqacc/exponent_q0_reg[1][14][4]/Q
                         net (fo=38, unplaced)        0.162     0.268    matrix/deqacc/exponent_q0_reg[1][14]_790[4]
                         LUT5 (Prop_LUT5_I0_O)        0.125     0.393 r  matrix/deqacc/partial_q1[1][14][22]_i_25/O
                         net (fo=12, unplaced)        0.222     0.615    matrix/deqacc/partial_q1[1][14][22]_i_25_n_0
                         LUT4 (Prop_LUT4_I1_O)        0.038     0.653 f  matrix/deqacc/partial_q1[1][14][22]_i_26/O
                         net (fo=6, unplaced)         0.207     0.860    matrix/deqacc/partial_q1[1][14][22]_i_26_n_0
                         LUT1 (Prop_LUT1_I0_O)        0.037     0.897 r  matrix/deqacc/partial_q1[1][14][7]_i_94/O
                         net (fo=1, unplaced)         0.032     0.929    matrix/deqacc/partial_q1[1][14][7]_i_94_n_0
                         CARRY8 (Prop_CARRY8_S[3]_CO[5])
                                                      0.146     1.075 r  matrix/deqacc/partial_q1_reg[1][14][7]_i_50/CO[5]
                         net (fo=8, unplaced)         0.123     1.198    matrix/deqacc/p_2_in__0__0
                         LUT2 (Prop_LUT2_I1_O)        0.038     1.236 r  matrix/deqacc/partial_q1[1][14][7]_i_114/O
                         net (fo=2, unplaced)         0.185     1.421    matrix/deqacc/partial_q1[1][14][7]_i_114_n_0
                         LUT6 (Prop_LUT6_I2_O)        0.038     1.459 f  matrix/deqacc/partial_q1[1][14][7]_i_82/O
                         net (fo=2, unplaced)         0.185     1.644    matrix/deqacc/partial_q1[1][14][7]_i_82_n_0
                         LUT6 (Prop_LUT6_I0_O)        0.038     1.682 f  matrix/deqacc/partial_q1[1][14][7]_i_103/O
                         net (fo=1, unplaced)         0.185     1.867    matrix/deqacc/partial_q1[1][14][7]_i_103_n_0
                         LUT6 (Prop_LUT6_I4_O)        0.038     1.905 f  matrix/deqacc/partial_q1[1][14][7]_i_76/O
                         net (fo=1, unplaced)         0.185     2.090    matrix/deqacc/partial_q1[1][14][7]_i_76_n_0
                         LUT6 (Prop_LUT6_I2_O)        0.038     2.128 r  matrix/deqacc/partial_q1[1][14][7]_i_45/O
                         net (fo=1, unplaced)         0.185     2.313    matrix/deqacc/partial_q1[1][14][7]_i_45_n_0
                         LUT6 (Prop_LUT6_I1_O)        0.038     2.351 r  matrix/deqacc/partial_q1[1][14][7]_i_25/O
                         net (fo=1, unplaced)         0.185     2.536    matrix/deqacc/partial_q1[1][14][7]_i_25_n_0
                         LUT6 (Prop_LUT6_I2_O)        0.038     2.574 r  matrix/deqacc/partial_q1[1][14][7]_i_12/O
                         net (fo=1, unplaced)         0.020     2.594    matrix/deqacc/partial_q1[1][14][7]_i_12_n_0
                         CARRY8 (Prop_CARRY8_S[0]_CO[7])
                                                      0.199     2.793 r  matrix/deqacc/partial_q1_reg[1][14][7]_i_2/CO[7]
                         net (fo=1, unplaced)         0.005     2.798    matrix/deqacc/partial_q1_reg[1][14][7]_i_2_n_0
                         CARRY8 (Prop_CARRY8_CI_CO[7])
                                                      0.022     2.820 r  matrix/deqacc/partial_q1_reg[1][14][15]_i_2/CO[7]
                         net (fo=1, unplaced)         0.005     2.825    matrix/deqacc/partial_q1_reg[1][14][15]_i_2_n_0
                         CARRY8 (Prop_CARRY8_CI_O[7])
                                                      0.116     2.941 r  matrix/deqacc/partial_q1_reg[1][14][22]_i_4/O[7]
                         net (fo=1, unplaced)         0.138     3.079    matrix/deqacc/partial_q1_reg[1][14][22]_i_4_n_8
                         LUT6 (Prop_LUT6_I0_O)        0.038     3.117 f  matrix/deqacc/partial_q1[1][14][23]_i_3/O
                         net (fo=1, unplaced)         0.185     3.302    matrix/deqacc/partial_q1[1][14][23]_i_3_n_0
                         LUT6 (Prop_LUT6_I5_O)        0.038     3.340 r  matrix/deqacc/partial_q1[1][14][23]_i_2/O
                         net (fo=1, unplaced)         0.185     3.525    matrix/deqacc/partial_q1[1][14][23]_i_2_n_0
                         LUT5 (Prop_LUT5_I0_O)        0.038     3.563 r  matrix/deqacc/partial_q1[1][14][23]_i_1/O
                         net (fo=1, unplaced)         0.048     3.611    matrix/deqacc/partial_q1[1][14][23]_i_1_n_0
                         FDRE                                         r  matrix/deqacc/partial_q1_reg[1][14][23]/D
  -------------------------------------------------------------------    -------------------

                         (clock core_clk rise edge)
                                                      4.000     4.000 r  
                                                      0.000     4.000 r  clk (IN)
                         net (fo=49055, unset)        0.021     4.021    matrix/deqacc/clk
                         FDRE                                         r  matrix/deqacc/partial_q1_reg[1][14][23]/C
                         clock pessimism              0.000     4.021    
                         clock uncertainty           -0.035     3.986    
                         FDRE (Setup_FDRE_C_D)        0.025     4.011    matrix/deqacc/partial_q1_reg[1][14][23]
  -------------------------------------------------------------------
                         required time                          4.011    
                         arrival time                          -3.611    
  -------------------------------------------------------------------
                         slack                                  0.400    

Slack (MET) :             0.458ns  (required time - arrival time)
  Source:                 matrix/deqacc/exponent_q0_reg[1][4][4]/C
                            (rising edge-triggered cell FDRE clocked by core_clk  {rise@0.000ns fall@2.000ns period=4.000ns})
  Destination:            matrix/deqacc/partial_q1_reg[1][4][23]/D
                            (rising edge-triggered cell FDRE clocked by core_clk  {rise@0.000ns fall@2.000ns period=4.000ns})
  Path Group:             core_clk
  Path Type:              Setup (Max at Slow Process Corner)
  Requirement:            4.000ns  (core_clk rise@4.000ns - core_clk rise@0.000ns)
  Data Path Delay:        3.523ns  (logic 1.128ns (32.018%)  route 2.395ns (67.982%))
  Logic Levels:           16  (CARRY8=4 LUT1=1 LUT4=2 LUT5=3 LUT6=6)
  Clock Path Skew:        -0.009ns (DCD - SCD + CPR)
    Destination Clock Delay (DCD):    0.021ns = ( 4.021 - 4.000 ) 
    Source Clock Delay      (SCD):    0.030ns
    Clock Pessimism Removal (CPR):    0.000ns
  Clock Uncertainty:      0.035ns  ((TSJ^2 + TIJ^2)^1/2 + DJ) / 2 + PE
    Total System Jitter     (TSJ):    0.071ns
    Total Input Jitter      (TIJ):    0.000ns
    Discrete Jitter          (DJ):    0.000ns
    Phase Error              (PE):    0.000ns

    Location             Delay type                Incr(ns)  Path(ns)    Netlist Resource(s)
  -------------------------------------------------------------------    -------------------
                         (clock core_clk rise edge)
                                                      0.000     0.000 r  
                                                      0.000     0.000 r  clk (IN)
                         net (fo=49055, unset)        0.030     0.030    matrix/deqacc/clk
                         FDRE                                         r  matrix/deqacc/exponent_q0_reg[1][4][4]/C
  -------------------------------------------------------------------    -------------------
                         FDRE (Prop_FDRE_C_Q)         0.076     0.106 f  matrix/deqacc/exponent_q0_reg[1][4][4]/Q
                         net (fo=32, unplaced)        0.158     0.264    matrix/deqacc/exponent_q0_reg[1][4]_788[4]
                         LUT5 (Prop_LUT5_I0_O)        0.125     0.389 r  matrix/deqacc/partial_q1[1][4][22]_i_25/O
                         net (fo=16, unplaced)        0.229     0.618    matrix/deqacc/partial_q1[1][4][22]_i_25_n_0
                         LUT4 (Prop_LUT4_I1_O)        0.038     0.656 f  matrix/deqacc/partial_q1[1][4][22]_i_26/O
                         net (fo=4, unplaced)         0.197     0.853    matrix/deqacc/partial_q1[1][4][22]_i_26_n_0
                         LUT1 (Prop_LUT1_I0_O)        0.066     0.919 r  matrix/deqacc/partial_q1[1][4][7]_i_81/O
                         net (fo=1, unplaced)         0.163     1.082    matrix/deqacc/partial_q1[1][4][7]_i_81_n_0
                         CARRY8 (Prop_CARRY8_DI[3]_CO[5])
                                                      0.144     1.226 r  matrix/deqacc/partial_q1_reg[1][4][7]_i_44/CO[5]
                         net (fo=15, unplaced)        0.137     1.363    matrix/deqacc/partial_q1_reg[1][4][7]_i_44_n_2
                         LUT4 (Prop_LUT4_I2_O)        0.038     1.401 f  matrix/deqacc/partial_q1[1][4][7]_i_121/O
                         net (fo=1, unplaced)         0.185     1.586    matrix/deqacc/partial_q1[1][4][7]_i_121_n_0
                         LUT6 (Prop_LUT6_I0_O)        0.038     1.624 f  matrix/deqacc/partial_q1[1][4][7]_i_106/O
                         net (fo=1, unplaced)         0.185     1.809    matrix/deqacc/partial_q1[1][4][7]_i_106_n_0
                         LUT5 (Prop_LUT5_I2_O)        0.038     1.847 r  matrix/deqacc/partial_q1[1][4][7]_i_77/O
                         net (fo=1, unplaced)         0.185     2.032    matrix/deqacc/partial_q1[1][4][7]_i_77_n_0
                         LUT6 (Prop_LUT6_I0_O)        0.038     2.070 r  matrix/deqacc/partial_q1[1][4][7]_i_43/O
                         net (fo=1, unplaced)         0.185     2.255    matrix/deqacc/partial_q1[1][4][7]_i_43_n_0
                         LUT6 (Prop_LUT6_I5_O)        0.038     2.293 r  matrix/deqacc/partial_q1[1][4][7]_i_23/O
                         net (fo=1, unplaced)         0.185     2.478    matrix/deqacc/partial_q1[1][4][7]_i_23_n_0
                         LUT6 (Prop_LUT6_I1_O)        0.038     2.516 r  matrix/deqacc/partial_q1[1][4][7]_i_12/O
                         net (fo=1, unplaced)         0.020     2.536    matrix/deqacc/partial_q1[1][4][7]_i_12_n_0
                         CARRY8 (Prop_CARRY8_S[0]_CO[7])
                                                      0.199     2.735 r  matrix/deqacc/partial_q1_reg[1][4][7]_i_2/CO[7]
                         net (fo=1, unplaced)         0.005     2.740    matrix/deqacc/partial_q1_reg[1][4][7]_i_2_n_0
                         CARRY8 (Prop_CARRY8_CI_CO[7])
                                                      0.022     2.762 r  matrix/deqacc/partial_q1_reg[1][4][15]_i_2/CO[7]
                         net (fo=1, unplaced)         0.005     2.767    matrix/deqacc/partial_q1_reg[1][4][15]_i_2_n_0
                         CARRY8 (Prop_CARRY8_CI_O[7])
                                                      0.116     2.883 r  matrix/deqacc/partial_q1_reg[1][4][22]_i_4/O[7]
                         net (fo=1, unplaced)         0.138     3.021    matrix/deqacc/partial_q1_reg[1][4][22]_i_4_n_8
                         LUT6 (Prop_LUT6_I0_O)        0.038     3.059 f  matrix/deqacc/partial_q1[1][4][23]_i_3/O
                         net (fo=1, unplaced)         0.185     3.244    matrix/deqacc/partial_q1[1][4][23]_i_3_n_0
                         LUT6 (Prop_LUT6_I5_O)        0.038     3.282 r  matrix/deqacc/partial_q1[1][4][23]_i_2/O
                         net (fo=1, unplaced)         0.185     3.467    matrix/deqacc/partial_q1[1][4][23]_i_2_n_0
                         LUT5 (Prop_LUT5_I0_O)        0.038     3.505 r  matrix/deqacc/partial_q1[1][4][23]_i_1/O
                         net (fo=1, unplaced)         0.048     3.553    matrix/deqacc/partial_q1[1][4][23]_i_1_n_0
                         FDRE                                         r  matrix/deqacc/partial_q1_reg[1][4][23]/D
  -------------------------------------------------------------------    -------------------

                         (clock core_clk rise edge)
                                                      4.000     4.000 r  
                                                      0.000     4.000 r  clk (IN)
                         net (fo=49055, unset)        0.021     4.021    matrix/deqacc/clk
                         FDRE                                         r  matrix/deqacc/partial_q1_reg[1][4][23]/C
                         clock pessimism              0.000     4.021    
                         clock uncertainty           -0.035     3.986    
                         FDRE (Setup_FDRE_C_D)        0.025     4.011    matrix/deqacc/partial_q1_reg[1][4][23]
  -------------------------------------------------------------------
                         required time                          4.011    
                         arrival time                          -3.553    
  -------------------------------------------------------------------
                         slack                                  0.458    




