Copyright 1986-2022 Xilinx, Inc. All Rights Reserved.
----------------------------------------------------------------------------------------------------------------------------------------------------------------------------------------------------------
| Tool Version      : Vivado v.2022.2 (win64) Build 3671981 Fri Oct 14 05:00:03 MDT 2022
| Date              : Tue Sep 29 21:22:01 2026
| Host              : FLY running 64-bit major release  (build 9200)
| Command           : report_timing -to [get_cells -quiet -hier -regexp .*add_pre_q2_reg.*] -max_paths 3 -file C:/Users/fly04/Desktop/VLA/PCore_2.0/v3/reports/ooc_dea8_attention_matrix_v3/d2_timing.rpt
| Design            : dea8_attention_matrix_v3
| Device            : xcu50-fsvh2104
| Speed File        : -2  PRODUCTION 1.30 05-01-2022
| Temperature Grade : E
----------------------------------------------------------------------------------------------------------------------------------------------------------------------------------------------------------

Timing Report

Slack (VIOLATED) :        -0.819ns  (required time - arrival time)
  Source:                 matrix/deqacc/acc_store/banks[2].parity[0].ram/mem_reg_3/CLKARDCLK
                            (rising edge-triggered cell RAMB36E2 clocked by core_clk  {rise@0.000ns fall@2.000ns period=4.000ns})
  Destination:            matrix/deqacc/add_pre_q2_reg[0][8][small_x][0]/D
                            (rising edge-triggered cell FDRE clocked by core_clk  {rise@0.000ns fall@2.000ns period=4.000ns})
  Path Group:             core_clk
  Path Type:              Setup (Max at Slow Process Corner)
  Requirement:            4.000ns  (core_clk rise@4.000ns - core_clk rise@0.000ns)
  Data Path Delay:        4.754ns  (logic 1.735ns (36.496%)  route 3.019ns (63.504%))
  Logic Levels:           15  (CARRY8=1 LUT3=2 LUT4=2 LUT5=3 LUT6=7)
  Clock Path Skew:        -0.055ns (DCD - SCD + CPR)
    Destination Clock Delay (DCD):    0.021ns = ( 4.021 - 4.000 ) 
    Source Clock Delay      (SCD):    0.076ns
    Clock Pessimism Removal (CPR):    0.000ns
  Clock Uncertainty:      0.035ns  ((TSJ^2 + TIJ^2)^1/2 + DJ) / 2 + PE
    Total System Jitter     (TSJ):    0.071ns
    Total Input Jitter      (TIJ):    0.000ns
    Discrete Jitter          (DJ):    0.000ns
    Phase Error              (PE):    0.000ns

    Location             Delay type                Incr(ns)  Path(ns)    Netlist Resource(s)
  -------------------------------------------------------------------    -------------------
                         (clock core_clk rise edge)
                                                      0.000     0.000 r  
                                                      0.000     0.000 r  clk (IN)
                         net (fo=38313, unset)        0.076     0.076    matrix/deqacc/acc_store/banks[2].parity[0].ram/clk
                         RAMB36E2                                     r  matrix/deqacc/acc_store/banks[2].parity[0].ram/mem_reg_3/CLKARDCLK
  -------------------------------------------------------------------    -------------------
                         RAMB36E2 (Prop_RAMB36E2_CLKARDCLK_DOUTPBDOUTP[0])
                                                      0.825     0.901 f  matrix/deqacc/acc_store/banks[2].parity[0].ram/mem_reg_3/DOUTPBDOUTP[0]
                         net (fo=2, unplaced)         0.202     1.103    matrix/deqacc/acc_store/banks[2].parity[0].ram/data_q[284]
                         LUT5 (Prop_LUT5_I0_O)        0.125     1.228 f  matrix/deqacc/acc_store/banks[2].parity[0].ram/add_pre_q2[0][8][exponent][5]_i_2/O
                         net (fo=7, unplaced)         0.166     1.394    matrix/deqacc/acc_store/banks[2].parity[0].ram/acc_rd_even[8]_739[28]
                         LUT4 (Prop_LUT4_I0_O)        0.100     1.494 f  matrix/deqacc/acc_store/banks[2].parity[0].ram/add_pre_q2[0][8][exponent][0]_i_5/O
                         net (fo=2, unplaced)         0.185     1.679    matrix/deqacc/acc_store/banks[2].parity[0].ram/add_pre_q2[0][8][exponent][0]_i_5_n_0
                         LUT5 (Prop_LUT5_I1_O)        0.038     1.717 r  matrix/deqacc/acc_store/banks[2].parity[0].ram/add_pre_q2[0][8][exponent][0]_i_2/O
                         net (fo=7, unplaced)         0.210     1.927    matrix/deqacc/acc_store/banks[2].parity[0].ram/p_70_in[0]
                         LUT4 (Prop_LUT4_I3_O)        0.070     1.997 r  matrix/deqacc/acc_store/banks[2].parity[0].ram/add_pre_q2[0][8][exponent][1]_i_8/O
                         net (fo=1, unplaced)         0.242     2.239    matrix/deqacc/acc_store/banks[2].parity[0].ram/add_pre_q2[0][8][exponent][1]_i_8_n_0
                         CARRY8 (Prop_CARRY8_DI[0]_CO[3])
                                                      0.182     2.421 r  matrix/deqacc/acc_store/banks[2].parity[0].ram/add_pre_q2_reg[0][8][exponent][1]_i_3/CO[3]
                         net (fo=5, unplaced)         0.155     2.576    matrix/deqacc/acc_store/banks[2].parity[0].ram/p_450_in
                         LUT6 (Prop_LUT6_I0_O)        0.053     2.629 r  matrix/deqacc/acc_store/banks[2].parity[0].ram/add_pre_q2[0][8][exponent][7]_i_3/O
                         net (fo=80, unplaced)        0.265     2.894    matrix/deqacc/acc_store/banks[2].parity[0].ram/p_451_out
                         LUT6 (Prop_LUT6_I4_O)        0.038     2.932 r  matrix/deqacc/acc_store/banks[2].parity[0].ram/add_pre_q2[0][8][small_x][26]_i_11/O
                         net (fo=2, unplaced)         0.185     3.117    matrix/deqacc/acc_store/banks[2].parity[0].ram/add_pre_q2[0][8][small_x][26]_i_11_n_0
                         LUT3 (Prop_LUT3_I0_O)        0.038     3.155 r  matrix/deqacc/acc_store/banks[2].parity[0].ram/add_pre_q2[0][8][small_x][26]_i_7/O
                         net (fo=42, unplaced)        0.251     3.406    matrix/deqacc/acc_store/banks[2].parity[0].ram/(null)[0].(null)[0].distance70_out[4]
                         LUT6 (Prop_LUT6_I2_O)        0.038     3.444 r  matrix/deqacc/acc_store/banks[2].parity[0].ram/add_pre_q2[0][8][small_x][9]_i_4/O
                         net (fo=2, unplaced)         0.185     3.629    matrix/deqacc/acc_store/banks[2].parity[0].ram/add_pre_q2[0][8][small_x][9]_i_4_n_0
                         LUT6 (Prop_LUT6_I0_O)        0.038     3.667 r  matrix/deqacc/acc_store/banks[2].parity[0].ram/add_pre_q2[0][8][small_x][0]_i_6/O
                         net (fo=2, unplaced)         0.185     3.852    matrix/deqacc/acc_store/banks[2].parity[0].ram/add_pre_q2[0][8][small_x][0]_i_6_n_0
                         LUT3 (Prop_LUT3_I2_O)        0.038     3.890 r  matrix/deqacc/acc_store/banks[2].parity[0].ram/add_pre_q2[0][8][small_x][0]_i_3/O
                         net (fo=2, unplaced)         0.185     4.075    matrix/deqacc/acc_store/banks[2].parity[0].ram/add_pre_q2[0][8][small_x][0]_i_3_n_0
                         LUT5 (Prop_LUT5_I4_O)        0.038     4.113 r  matrix/deqacc/acc_store/banks[2].parity[0].ram/add_pre_q2[0][8][small_x][1]_i_2/O
                         net (fo=2, unplaced)         0.185     4.298    matrix/deqacc/acc_store/banks[2].parity[0].ram/add_pre_q2[0][8][small_x][1]_i_2_n_0
                         LUT6 (Prop_LUT6_I0_O)        0.038     4.336 r  matrix/deqacc/acc_store/banks[2].parity[0].ram/add_pre_q2[0][8][small_x][0]_i_7/O
                         net (fo=1, unplaced)         0.185     4.521    matrix/deqacc/acc_store/banks[2].parity[0].ram/add_pre_q2[0][8][small_x][0]_i_7_n_0
                         LUT6 (Prop_LUT6_I5_O)        0.038     4.559 r  matrix/deqacc/acc_store/banks[2].parity[0].ram/add_pre_q2[0][8][small_x][0]_i_2/O
                         net (fo=1, unplaced)         0.185     4.744    matrix/deqacc/acc_store/banks[2].parity[0].ram/add_pre_q2[0][8][small_x][0]_i_2_n_0
                         LUT6 (Prop_LUT6_I0_O)        0.038     4.782 r  matrix/deqacc/acc_store/banks[2].parity[0].ram/add_pre_q2[0][8][small_x][0]_i_1/O
                         net (fo=1, unplaced)         0.048     4.830    matrix/deqacc/fp32_prepare[small_x]_return__2[0]
                         FDRE                                         r  matrix/deqacc/add_pre_q2_reg[0][8][small_x][0]/D
  -------------------------------------------------------------------    -------------------

                         (clock core_clk rise edge)
                                                      4.000     4.000 r  
                                                      0.000     4.000 r  clk (IN)
                         net (fo=38313, unset)        0.021     4.021    matrix/deqacc/clk
                         FDRE                                         r  matrix/deqacc/add_pre_q2_reg[0][8][small_x][0]/C
                         clock pessimism              0.000     4.021    
                         clock uncertainty           -0.035     3.986    
                         FDRE (Setup_FDRE_C_D)        0.025     4.011    matrix/deqacc/add_pre_q2_reg[0][8][small_x][0]
  -------------------------------------------------------------------
                         required time                          4.011    
                         arrival time                          -4.830    
  -------------------------------------------------------------------
                         slack                                 -0.819    

Slack (VIOLATED) :        -0.373ns  (required time - arrival time)
  Source:                 matrix/deqacc/acc_store/banks[2].parity[0].ram/mem_reg_3/CLKARDCLK
                            (rising edge-triggered cell RAMB36E2 clocked by core_clk  {rise@0.000ns fall@2.000ns period=4.000ns})
  Destination:            matrix/deqacc/add_pre_q2_reg[0][8][small_x][1]/D
                            (rising edge-triggered cell FDRE clocked by core_clk  {rise@0.000ns fall@2.000ns period=4.000ns})
  Path Group:             core_clk
  Path Type:              Setup (Max at Slow Process Corner)
  Requirement:            4.000ns  (core_clk rise@4.000ns - core_clk rise@0.000ns)
  Data Path Delay:        4.308ns  (logic 1.659ns (38.510%)  route 2.649ns (61.490%))
  Logic Levels:           13  (CARRY8=1 LUT3=2 LUT4=2 LUT5=3 LUT6=5)
  Clock Path Skew:        -0.055ns (DCD - SCD + CPR)
    Destination Clock Delay (DCD):    0.021ns = ( 4.021 - 4.000 ) 
    Source Clock Delay      (SCD):    0.076ns
    Clock Pessimism Removal (CPR):    0.000ns
  Clock Uncertainty:      0.035ns  ((TSJ^2 + TIJ^2)^1/2 + DJ) / 2 + PE
    Total System Jitter     (TSJ):    0.071ns
    Total Input Jitter      (TIJ):    0.000ns
    Discrete Jitter          (DJ):    0.000ns
    Phase Error              (PE):    0.000ns

    Location             Delay type                Incr(ns)  Path(ns)    Netlist Resource(s)
  -------------------------------------------------------------------    -------------------
                         (clock core_clk rise edge)
                                                      0.000     0.000 r  
                                                      0.000     0.000 r  clk (IN)
                         net (fo=38313, unset)        0.076     0.076    matrix/deqacc/acc_store/banks[2].parity[0].ram/clk
                         RAMB36E2                                     r  matrix/deqacc/acc_store/banks[2].parity[0].ram/mem_reg_3/CLKARDCLK
  -------------------------------------------------------------------    -------------------
                         RAMB36E2 (Prop_RAMB36E2_CLKARDCLK_DOUTPBDOUTP[0])
                                                      0.825     0.901 f  matrix/deqacc/acc_store/banks[2].parity[0].ram/mem_reg_3/DOUTPBDOUTP[0]
                         net (fo=2, unplaced)         0.202     1.103    matrix/deqacc/acc_store/banks[2].parity[0].ram/data_q[284]
                         LUT5 (Prop_LUT5_I0_O)        0.125     1.228 f  matrix/deqacc/acc_store/banks[2].parity[0].ram/add_pre_q2[0][8][exponent][5]_i_2/O
                         net (fo=7, unplaced)         0.166     1.394    matrix/deqacc/acc_store/banks[2].parity[0].ram/acc_rd_even[8]_739[28]
                         LUT4 (Prop_LUT4_I0_O)        0.100     1.494 f  matrix/deqacc/acc_store/banks[2].parity[0].ram/add_pre_q2[0][8][exponent][0]_i_5/O
                         net (fo=2, unplaced)         0.185     1.679    matrix/deqacc/acc_store/banks[2].parity[0].ram/add_pre_q2[0][8][exponent][0]_i_5_n_0
                         LUT5 (Prop_LUT5_I1_O)        0.038     1.717 r  matrix/deqacc/acc_store/banks[2].parity[0].ram/add_pre_q2[0][8][exponent][0]_i_2/O
                         net (fo=7, unplaced)         0.210     1.927    matrix/deqacc/acc_store/banks[2].parity[0].ram/p_70_in[0]
                         LUT4 (Prop_LUT4_I3_O)        0.070     1.997 r  matrix/deqacc/acc_store/banks[2].parity[0].ram/add_pre_q2[0][8][exponent][1]_i_8/O
                         net (fo=1, unplaced)         0.242     2.239    matrix/deqacc/acc_store/banks[2].parity[0].ram/add_pre_q2[0][8][exponent][1]_i_8_n_0
                         CARRY8 (Prop_CARRY8_DI[0]_CO[3])
                                                      0.182     2.421 r  matrix/deqacc/acc_store/banks[2].parity[0].ram/add_pre_q2_reg[0][8][exponent][1]_i_3/CO[3]
                         net (fo=5, unplaced)         0.155     2.576    matrix/deqacc/acc_store/banks[2].parity[0].ram/p_450_in
                         LUT6 (Prop_LUT6_I0_O)        0.053     2.629 r  matrix/deqacc/acc_store/banks[2].parity[0].ram/add_pre_q2[0][8][exponent][7]_i_3/O
                         net (fo=80, unplaced)        0.265     2.894    matrix/deqacc/acc_store/banks[2].parity[0].ram/p_451_out
                         LUT6 (Prop_LUT6_I4_O)        0.038     2.932 r  matrix/deqacc/acc_store/banks[2].parity[0].ram/add_pre_q2[0][8][small_x][26]_i_11/O
                         net (fo=2, unplaced)         0.185     3.117    matrix/deqacc/acc_store/banks[2].parity[0].ram/add_pre_q2[0][8][small_x][26]_i_11_n_0
                         LUT3 (Prop_LUT3_I0_O)        0.038     3.155 r  matrix/deqacc/acc_store/banks[2].parity[0].ram/add_pre_q2[0][8][small_x][26]_i_7/O
                         net (fo=42, unplaced)        0.251     3.406    matrix/deqacc/acc_store/banks[2].parity[0].ram/(null)[0].(null)[0].distance70_out[4]
                         LUT6 (Prop_LUT6_I2_O)        0.038     3.444 r  matrix/deqacc/acc_store/banks[2].parity[0].ram/add_pre_q2[0][8][small_x][9]_i_4/O
                         net (fo=2, unplaced)         0.185     3.629    matrix/deqacc/acc_store/banks[2].parity[0].ram/add_pre_q2[0][8][small_x][9]_i_4_n_0
                         LUT6 (Prop_LUT6_I0_O)        0.038     3.667 r  matrix/deqacc/acc_store/banks[2].parity[0].ram/add_pre_q2[0][8][small_x][0]_i_6/O
                         net (fo=2, unplaced)         0.185     3.852    matrix/deqacc/acc_store/banks[2].parity[0].ram/add_pre_q2[0][8][small_x][0]_i_6_n_0
                         LUT3 (Prop_LUT3_I2_O)        0.038     3.890 r  matrix/deqacc/acc_store/banks[2].parity[0].ram/add_pre_q2[0][8][small_x][0]_i_3/O
                         net (fo=2, unplaced)         0.185     4.075    matrix/deqacc/acc_store/banks[2].parity[0].ram/add_pre_q2[0][8][small_x][0]_i_3_n_0
                         LUT5 (Prop_LUT5_I4_O)        0.038     4.113 r  matrix/deqacc/acc_store/banks[2].parity[0].ram/add_pre_q2[0][8][small_x][1]_i_2/O
                         net (fo=2, unplaced)         0.185     4.298    matrix/deqacc/acc_store/banks[2].parity[0].ram/add_pre_q2[0][8][small_x][1]_i_2_n_0
                         LUT6 (Prop_LUT6_I3_O)        0.038     4.336 r  matrix/deqacc/acc_store/banks[2].parity[0].ram/add_pre_q2[0][8][small_x][1]_i_1/O
                         net (fo=1, unplaced)         0.048     4.384    matrix/deqacc/fp32_prepare[small_x]_return__2[1]
                         FDRE                                         r  matrix/deqacc/add_pre_q2_reg[0][8][small_x][1]/D
  -------------------------------------------------------------------    -------------------

                         (clock core_clk rise edge)
                                                      4.000     4.000 r  
                                                      0.000     4.000 r  clk (IN)
                         net (fo=38313, unset)        0.021     4.021    matrix/deqacc/clk
                         FDRE                                         r  matrix/deqacc/add_pre_q2_reg[0][8][small_x][1]/C
                         clock pessimism              0.000     4.021    
                         clock uncertainty           -0.035     3.986    
                         FDRE (Setup_FDRE_C_D)        0.025     4.011    matrix/deqacc/add_pre_q2_reg[0][8][small_x][1]
  -------------------------------------------------------------------
                         required time                          4.011    
                         arrival time                          -4.384    
  -------------------------------------------------------------------
                         slack                                 -0.373    

Slack (VIOLATED) :        -0.201ns  (required time - arrival time)
  Source:                 matrix/deqacc/acc_store/banks[2].parity[0].ram/mem_reg_3/CLKARDCLK
                            (rising edge-triggered cell RAMB36E2 clocked by core_clk  {rise@0.000ns fall@2.000ns period=4.000ns})
  Destination:            matrix/deqacc/add_pre_q2_reg[0][8][small_x][7]/D
                            (rising edge-triggered cell FDRE clocked by core_clk  {rise@0.000ns fall@2.000ns period=4.000ns})
  Path Group:             core_clk
  Path Type:              Setup (Max at Slow Process Corner)
  Requirement:            4.000ns  (core_clk rise@4.000ns - core_clk rise@0.000ns)
  Data Path Delay:        4.136ns  (logic 1.705ns (41.223%)  route 2.431ns (58.777%))
  Logic Levels:           12  (CARRY8=1 LUT3=2 LUT4=2 LUT5=3 LUT6=4)
  Clock Path Skew:        -0.055ns (DCD - SCD + CPR)
    Destination Clock Delay (DCD):    0.021ns = ( 4.021 - 4.000 ) 
    Source Clock Delay      (SCD):    0.076ns
    Clock Pessimism Removal (CPR):    0.000ns
  Clock Uncertainty:      0.035ns  ((TSJ^2 + TIJ^2)^1/2 + DJ) / 2 + PE
    Total System Jitter     (TSJ):    0.071ns
    Total Input Jitter      (TIJ):    0.000ns
    Discrete Jitter          (DJ):    0.000ns
    Phase Error              (PE):    0.000ns

    Location             Delay type                Incr(ns)  Path(ns)    Netlist Resource(s)
  -------------------------------------------------------------------    -------------------
                         (clock core_clk rise edge)
                                                      0.000     0.000 r  
                                                      0.000     0.000 r  clk (IN)
                         net (fo=38313, unset)        0.076     0.076    matrix/deqacc/acc_store/banks[2].parity[0].ram/clk
                         RAMB36E2                                     r  matrix/deqacc/acc_store/banks[2].parity[0].ram/mem_reg_3/CLKARDCLK
  -------------------------------------------------------------------    -------------------
                         RAMB36E2 (Prop_RAMB36E2_CLKARDCLK_DOUTPBDOUTP[0])
                                                      0.825     0.901 f  matrix/deqacc/acc_store/banks[2].parity[0].ram/mem_reg_3/DOUTPBDOUTP[0]
                         net (fo=2, unplaced)         0.202     1.103    matrix/deqacc/acc_store/banks[2].parity[0].ram/data_q[284]
                         LUT5 (Prop_LUT5_I0_O)        0.125     1.228 f  matrix/deqacc/acc_store/banks[2].parity[0].ram/add_pre_q2[0][8][exponent][5]_i_2/O
                         net (fo=7, unplaced)         0.166     1.394    matrix/deqacc/acc_store/banks[2].parity[0].ram/acc_rd_even[8]_739[28]
                         LUT4 (Prop_LUT4_I0_O)        0.100     1.494 f  matrix/deqacc/acc_store/banks[2].parity[0].ram/add_pre_q2[0][8][exponent][0]_i_5/O
                         net (fo=2, unplaced)         0.185     1.679    matrix/deqacc/acc_store/banks[2].parity[0].ram/add_pre_q2[0][8][exponent][0]_i_5_n_0
                         LUT5 (Prop_LUT5_I1_O)        0.038     1.717 r  matrix/deqacc/acc_store/banks[2].parity[0].ram/add_pre_q2[0][8][exponent][0]_i_2/O
                         net (fo=7, unplaced)         0.210     1.927    matrix/deqacc/acc_store/banks[2].parity[0].ram/p_70_in[0]
                         LUT4 (Prop_LUT4_I3_O)        0.070     1.997 r  matrix/deqacc/acc_store/banks[2].parity[0].ram/add_pre_q2[0][8][exponent][1]_i_8/O
                         net (fo=1, unplaced)         0.242     2.239    matrix/deqacc/acc_store/banks[2].parity[0].ram/add_pre_q2[0][8][exponent][1]_i_8_n_0
                         CARRY8 (Prop_CARRY8_DI[0]_CO[3])
                                                      0.182     2.421 r  matrix/deqacc/acc_store/banks[2].parity[0].ram/add_pre_q2_reg[0][8][exponent][1]_i_3/CO[3]
                         net (fo=5, unplaced)         0.155     2.576    matrix/deqacc/acc_store/banks[2].parity[0].ram/p_450_in
                         LUT6 (Prop_LUT6_I0_O)        0.053     2.629 r  matrix/deqacc/acc_store/banks[2].parity[0].ram/add_pre_q2[0][8][exponent][7]_i_3/O
                         net (fo=80, unplaced)        0.265     2.894    matrix/deqacc/acc_store/banks[2].parity[0].ram/p_451_out
                         LUT6 (Prop_LUT6_I4_O)        0.038     2.932 r  matrix/deqacc/acc_store/banks[2].parity[0].ram/add_pre_q2[0][8][small_x][26]_i_11/O
                         net (fo=2, unplaced)         0.185     3.117    matrix/deqacc/acc_store/banks[2].parity[0].ram/add_pre_q2[0][8][small_x][26]_i_11_n_0
                         LUT3 (Prop_LUT3_I0_O)        0.038     3.155 r  matrix/deqacc/acc_store/banks[2].parity[0].ram/add_pre_q2[0][8][small_x][26]_i_7/O
                         net (fo=42, unplaced)        0.251     3.406    matrix/deqacc/acc_store/banks[2].parity[0].ram/(null)[0].(null)[0].distance70_out[4]
                         LUT5 (Prop_LUT5_I1_O)        0.070     3.476 r  matrix/deqacc/acc_store/banks[2].parity[0].ram/add_pre_q2[0][8][small_x][10]_i_4/O
                         net (fo=2, unplaced)         0.185     3.661    matrix/deqacc/acc_store/banks[2].parity[0].ram/add_pre_q2[0][8][small_x][10]_i_4_n_0
                         LUT6 (Prop_LUT6_I5_O)        0.038     3.699 r  matrix/deqacc/acc_store/banks[2].parity[0].ram/add_pre_q2[0][8][small_x][10]_i_3/O
                         net (fo=2, unplaced)         0.185     3.884    matrix/deqacc/acc_store/banks[2].parity[0].ram/add_pre_q2[0][8][small_x][10]_i_3_n_0
                         LUT3 (Prop_LUT3_I2_O)        0.038     3.922 r  matrix/deqacc/acc_store/banks[2].parity[0].ram/add_pre_q2[0][8][small_x][10]_i_2/O
                         net (fo=4, unplaced)         0.152     4.074    matrix/deqacc/acc_store/banks[2].parity[0].ram/add_pre_q2[0][8][small_x][10]_i_2_n_0
                         LUT6 (Prop_LUT6_I0_O)        0.090     4.164 r  matrix/deqacc/acc_store/banks[2].parity[0].ram/add_pre_q2[0][8][small_x][7]_i_1/O
                         net (fo=1, unplaced)         0.048     4.212    matrix/deqacc/fp32_prepare[small_x]_return__2[7]
                         FDRE                                         r  matrix/deqacc/add_pre_q2_reg[0][8][small_x][7]/D
  -------------------------------------------------------------------    -------------------

                         (clock core_clk rise edge)
                                                      4.000     4.000 r  
                                                      0.000     4.000 r  clk (IN)
                         net (fo=38313, unset)        0.021     4.021    matrix/deqacc/clk
                         FDRE                                         r  matrix/deqacc/add_pre_q2_reg[0][8][small_x][7]/C
                         clock pessimism              0.000     4.021    
                         clock uncertainty           -0.035     3.986    
                         FDRE (Setup_FDRE_C_D)        0.025     4.011    matrix/deqacc/add_pre_q2_reg[0][8][small_x][7]
  -------------------------------------------------------------------
                         required time                          4.011    
                         arrival time                          -4.212    
  -------------------------------------------------------------------
                         slack                                 -0.201    




