Copyright 1986-2022 Xilinx, Inc. All Rights Reserved.
----------------------------------------------------------------------------------------------------------------------------------------------------------------------------------------------------------------------------------------------------------------
| Tool Version      : Vivado v.2022.2 (win64) Build 3671981 Fri Oct 14 05:00:03 MDT 2022
| Date              : Tue Sep 29 21:22:01 2026
| Host              : FLY running 64-bit major release  (build 9200)
| Command           : report_timing -from [get_cells -quiet -hier -regexp .*add_pre_q2_reg.*] -to [get_cells -quiet -hier -regexp .*sum_q3_reg.*] -max_paths 3 -file C:/Users/fly04/Desktop/VLA/PCore_2.0/v3/reports/ooc_dea8_attention_matrix_v3/d3_timing.rpt
| Design            : dea8_attention_matrix_v3
| Device            : xcu50-fsvh2104
| Speed File        : -2  PRODUCTION 1.30 05-01-2022
| Temperature Grade : E
----------------------------------------------------------------------------------------------------------------------------------------------------------------------------------------------------------------------------------------------------------------

Timing Report

Slack (VIOLATED) :        -2.647ns  (required time - arrival time)
  Source:                 matrix/deqacc/add_pre_q2_reg[1][10][subtract]/C
                            (rising edge-triggered cell FDRE clocked by core_clk  {rise@0.000ns fall@2.000ns period=4.000ns})
  Destination:            matrix/deqacc/sum_q3_reg[1][10][0]/D
                            (rising edge-triggered cell FDRE clocked by core_clk  {rise@0.000ns fall@2.000ns period=4.000ns})
  Path Group:             core_clk
  Path Type:              Setup (Max at Slow Process Corner)
  Requirement:            4.000ns  (core_clk rise@4.000ns - core_clk rise@0.000ns)
  Data Path Delay:        6.628ns  (logic 2.040ns (30.779%)  route 4.588ns (69.222%))
  Logic Levels:           28  (CARRY8=8 LUT3=3 LUT4=5 LUT5=4 LUT6=8)
  Clock Path Skew:        -0.009ns (DCD - SCD + CPR)
    Destination Clock Delay (DCD):    0.021ns = ( 4.021 - 4.000 ) 
    Source Clock Delay      (SCD):    0.030ns
    Clock Pessimism Removal (CPR):    0.000ns
  Clock Uncertainty:      0.035ns  ((TSJ^2 + TIJ^2)^1/2 + DJ) / 2 + PE
    Total System Jitter     (TSJ):    0.071ns
    Total Input Jitter      (TIJ):    0.000ns
    Discrete Jitter          (DJ):    0.000ns
    Phase Error              (PE):    0.000ns

    Location             Delay type                Incr(ns)  Path(ns)    Netlist Resource(s)
  -------------------------------------------------------------------    -------------------
                         (clock core_clk rise edge)
                                                      0.000     0.000 r  
                                                      0.000     0.000 r  clk (IN)
                         net (fo=38313, unset)        0.030     0.030    matrix/deqacc/clk
                         FDRE                                         r  matrix/deqacc/add_pre_q2_reg[1][10][subtract]/C
  -------------------------------------------------------------------    -------------------
                         FDRE (Prop_FDRE_C_Q)         0.077     0.107 r  matrix/deqacc/add_pre_q2_reg[1][10][subtract]/Q
                         net (fo=29, unplaced)        0.194     0.301    matrix/deqacc/add_pre_q2_reg[1][10][subtract]__0
                         LUT3 (Prop_LUT3_I2_O)        0.037     0.338 r  matrix/deqacc/sum_q3[1][10][23]_i_21/O
                         net (fo=1, unplaced)         0.032     0.370    matrix/deqacc/sum_q3[1][10][23]_i_21_n_0
                         CARRY8 (Prop_CARRY8_S[3]_CO[7])
                                                      0.170     0.540 r  matrix/deqacc/sum_q3_reg[1][10][23]_i_10/CO[7]
                         net (fo=1, unplaced)         0.005     0.545    matrix/deqacc/sum_q3_reg[1][10][23]_i_10_n_0
                         CARRY8 (Prop_CARRY8_CI_O[4])
                                                      0.086     0.631 f  matrix/deqacc/sum_q3_reg[1][10][23]_i_13/O[4]
                         net (fo=7, unplaced)         0.210     0.841    matrix/deqacc/add_pre_q2_reg[1][10][big_x][15]_0[4]
                         LUT4 (Prop_LUT4_I0_O)        0.100     0.941 f  matrix/deqacc/sum_q3[1][10][23]_i_41/O
                         net (fo=2, unplaced)         0.185     1.126    matrix/deqacc/add_pre_q2_reg[1][10][big_x][15]_1
                         LUT5 (Prop_LUT5_I4_O)        0.038     1.164 f  matrix/deqacc/sum_q3[1][10][23]_i_14/O
                         net (fo=1, unplaced)         0.185     1.349    matrix/deqacc/sum_q3[1][10][23]_i_14_n_0
                         LUT6 (Prop_LUT6_I5_O)        0.038     1.387 r  matrix/deqacc/sum_q3[1][10][23]_i_8/O
                         net (fo=55, unplaced)        0.257     1.644    matrix_n_2663
                         LUT3 (Prop_LUT3_I0_O)        0.038     1.682 f  sum_q3[1][10][30]_i_38/O
                         net (fo=7, unplaced)         0.130     1.812    sum_q3[1][10][30]_i_38_n_0
                         LUT6 (Prop_LUT6_I0_O)        0.150     1.962 f  sum_q3[1][10][30]_i_23/O
                         net (fo=44, unplaced)        0.252     2.214    sum_q3[1][10][30]_i_23_n_0
                         LUT5 (Prop_LUT5_I4_O)        0.038     2.252 r  sum_q3[1][10][30]_i_53/O
                         net (fo=4, unplaced)         0.152     2.404    sum_q3[1][10][30]_i_53_n_0
                         LUT5 (Prop_LUT5_I2_O)        0.090     2.494 r  sum_q3[1][10][30]_i_26/O
                         net (fo=31, unplaced)        0.244     2.738    matrix/deqacc/sum_q3[1][10][7]_i_12_0
                         LUT4 (Prop_LUT4_I3_O)        0.070     2.808 r  matrix/deqacc/sum_q3[1][10][30]_i_32/O
                         net (fo=1, unplaced)         0.242     3.050    matrix/deqacc/sum_q3[1][10][30]_i_32_n_0
                         CARRY8 (Prop_CARRY8_DI[0]_CO[4])
                                                      0.184     3.234 r  matrix/deqacc/sum_q3_reg[1][10][30]_i_22/CO[4]
                         net (fo=65, unplaced)        0.259     3.493    matrix/deqacc/add_pre_q2_reg[1][10][exponent][5]_0[0]
                         LUT4 (Prop_LUT4_I2_O)        0.038     3.531 r  matrix/deqacc/sum_q3[1][10][7]_i_13/O
                         net (fo=3, unplaced)         0.191     3.722    matrix/deqacc/sum_q3[1][10][7]_i_13_n_0
                         LUT6 (Prop_LUT6_I0_O)        0.038     3.760 r  matrix/deqacc/sum_q3[1][10][7]_i_62/O
                         net (fo=1, unplaced)         0.185     3.945    matrix/deqacc/sum_q3[1][10][7]_i_62_n_0
                         LUT6 (Prop_LUT6_I5_O)        0.038     3.983 r  matrix/deqacc/sum_q3[1][10][7]_i_49/O
                         net (fo=1, unplaced)         0.185     4.168    matrix/deqacc/sum_q3[1][10][7]_i_49_n_0
                         LUT6 (Prop_LUT6_I4_O)        0.038     4.206 r  matrix/deqacc/sum_q3[1][10][7]_i_29/O
                         net (fo=1, unplaced)         0.185     4.391    matrix/deqacc/sum_q3[1][10][7]_i_29_n_0
                         LUT6 (Prop_LUT6_I4_O)        0.038     4.429 r  matrix/deqacc/sum_q3[1][10][7]_i_12/O
                         net (fo=1, unplaced)         0.020     4.449    matrix/deqacc/sum_q3[1][10][7]_i_12_n_0
                         CARRY8 (Prop_CARRY8_S[0]_CO[7])
                                                      0.199     4.648 r  matrix/deqacc/sum_q3_reg[1][10][7]_i_3/CO[7]
                         net (fo=1, unplaced)         0.005     4.653    matrix/deqacc/sum_q3_reg[1][10][7]_i_3_n_0
                         CARRY8 (Prop_CARRY8_CI_CO[7])
                                                      0.022     4.675 r  matrix/deqacc/sum_q3_reg[1][10][15]_i_3/CO[7]
                         net (fo=1, unplaced)         0.005     4.680    matrix/deqacc/sum_q3_reg[1][10][15]_i_3_n_0
                         CARRY8 (Prop_CARRY8_CI_CO[7])
                                                      0.022     4.702 r  matrix/deqacc/sum_q3_reg[1][10][22]_i_4/CO[7]
                         net (fo=1, unplaced)         0.005     4.707    matrix/deqacc/sum_q3_reg[1][10][22]_i_4_n_0
                         CARRY8 (Prop_CARRY8_CI_CO[0])
                                                      0.052     4.759 r  matrix/deqacc/sum_q3_reg[1][10][22]_i_5/CO[0]
                         net (fo=27, unplaced)        0.241     5.000    matrix/deqacc/sum_q3_reg[1][10][22]_i_5_n_7
                         LUT5 (Prop_LUT5_I2_O)        0.038     5.038 r  matrix/deqacc/sum_q3[1][10][30]_i_10/O
                         net (fo=1, unplaced)         0.210     5.248    matrix/deqacc/sum_q3[1][10][30]_i_10_n_0
                         CARRY8 (Prop_CARRY8_DI[1]_O[5])
                                                      0.196     5.444 f  matrix/deqacc/sum_q3_reg[1][10][30]_i_3/O[5]
                         net (fo=3, unplaced)         0.147     5.591    matrix/deqacc/sum_q3_reg[1][10][30]_i_3_n_10
                         LUT4 (Prop_LUT4_I2_O)        0.053     5.644 f  matrix/deqacc/sum_q3[1][10][23]_i_6/O
                         net (fo=1, unplaced)         0.185     5.829    matrix/deqacc/sum_q3[1][10][23]_i_6_n_0
                         LUT6 (Prop_LUT6_I1_O)        0.038     5.867 f  matrix/deqacc/sum_q3[1][10][23]_i_3/O
                         net (fo=6, unplaced)         0.207     6.074    matrix/deqacc/sum_q3[1][10][23]_i_3_n_0
                         LUT3 (Prop_LUT3_I0_O)        0.038     6.112 f  matrix/deqacc/sum_q3[1][10][22]_i_3/O
                         net (fo=23, unplaced)        0.237     6.349    matrix/deqacc/sum_q3[1][10][22]_i_3_n_0
                         LUT6 (Prop_LUT6_I0_O)        0.038     6.387 r  matrix/deqacc/sum_q3[1][10][0]_i_2/O
                         net (fo=1, unplaced)         0.185     6.572    matrix/deqacc/sum_q3[1][10][0]_i_2_n_0
                         LUT4 (Prop_LUT4_I2_O)        0.038     6.610 r  matrix/deqacc/sum_q3[1][10][0]_i_1/O
                         net (fo=1, unplaced)         0.048     6.658    matrix/deqacc/sum_q3[1][10][0]_i_1_n_0
                         FDRE                                         r  matrix/deqacc/sum_q3_reg[1][10][0]/D
  -------------------------------------------------------------------    -------------------

                         (clock core_clk rise edge)
                                                      4.000     4.000 r  
                                                      0.000     4.000 r  clk (IN)
                         net (fo=38313, unset)        0.021     4.021    matrix/deqacc/clk
                         FDRE                                         r  matrix/deqacc/sum_q3_reg[1][10][0]/C
                         clock pessimism              0.000     4.021    
                         clock uncertainty           -0.035     3.986    
                         FDRE (Setup_FDRE_C_D)        0.025     4.011    matrix/deqacc/sum_q3_reg[1][10][0]
  -------------------------------------------------------------------
                         required time                          4.011    
                         arrival time                          -6.658    
  -------------------------------------------------------------------
                         slack                                 -2.647    

Slack (VIOLATED) :        -2.647ns  (required time - arrival time)
  Source:                 matrix/deqacc/add_pre_q2_reg[1][10][subtract]/C
                            (rising edge-triggered cell FDRE clocked by core_clk  {rise@0.000ns fall@2.000ns period=4.000ns})
  Destination:            matrix/deqacc/sum_q3_reg[1][10][10]/D
                            (rising edge-triggered cell FDRE clocked by core_clk  {rise@0.000ns fall@2.000ns period=4.000ns})
  Path Group:             core_clk
  Path Type:              Setup (Max at Slow Process Corner)
  Requirement:            4.000ns  (core_clk rise@4.000ns - core_clk rise@0.000ns)
  Data Path Delay:        6.628ns  (logic 2.040ns (30.779%)  route 4.588ns (69.222%))
  Logic Levels:           28  (CARRY8=8 LUT3=3 LUT4=5 LUT5=4 LUT6=8)
  Clock Path Skew:        -0.009ns (DCD - SCD + CPR)
    Destination Clock Delay (DCD):    0.021ns = ( 4.021 - 4.000 ) 
    Source Clock Delay      (SCD):    0.030ns
    Clock Pessimism Removal (CPR):    0.000ns
  Clock Uncertainty:      0.035ns  ((TSJ^2 + TIJ^2)^1/2 + DJ) / 2 + PE
    Total System Jitter     (TSJ):    0.071ns
    Total Input Jitter      (TIJ):    0.000ns
    Discrete Jitter          (DJ):    0.000ns
    Phase Error              (PE):    0.000ns

    Location             Delay type                Incr(ns)  Path(ns)    Netlist Resource(s)
  -------------------------------------------------------------------    -------------------
                         (clock core_clk rise edge)
                                                      0.000     0.000 r  
                                                      0.000     0.000 r  clk (IN)
                         net (fo=38313, unset)        0.030     0.030    matrix/deqacc/clk
                         FDRE                                         r  matrix/deqacc/add_pre_q2_reg[1][10][subtract]/C
  -------------------------------------------------------------------    -------------------
                         FDRE (Prop_FDRE_C_Q)         0.077     0.107 r  matrix/deqacc/add_pre_q2_reg[1][10][subtract]/Q
                         net (fo=29, unplaced)        0.194     0.301    matrix/deqacc/add_pre_q2_reg[1][10][subtract]__0
                         LUT3 (Prop_LUT3_I2_O)        0.037     0.338 r  matrix/deqacc/sum_q3[1][10][23]_i_21/O
                         net (fo=1, unplaced)         0.032     0.370    matrix/deqacc/sum_q3[1][10][23]_i_21_n_0
                         CARRY8 (Prop_CARRY8_S[3]_CO[7])
                                                      0.170     0.540 r  matrix/deqacc/sum_q3_reg[1][10][23]_i_10/CO[7]
                         net (fo=1, unplaced)         0.005     0.545    matrix/deqacc/sum_q3_reg[1][10][23]_i_10_n_0
                         CARRY8 (Prop_CARRY8_CI_O[4])
                                                      0.086     0.631 f  matrix/deqacc/sum_q3_reg[1][10][23]_i_13/O[4]
                         net (fo=7, unplaced)         0.210     0.841    matrix/deqacc/add_pre_q2_reg[1][10][big_x][15]_0[4]
                         LUT4 (Prop_LUT4_I0_O)        0.100     0.941 f  matrix/deqacc/sum_q3[1][10][23]_i_41/O
                         net (fo=2, unplaced)         0.185     1.126    matrix/deqacc/add_pre_q2_reg[1][10][big_x][15]_1
                         LUT5 (Prop_LUT5_I4_O)        0.038     1.164 f  matrix/deqacc/sum_q3[1][10][23]_i_14/O
                         net (fo=1, unplaced)         0.185     1.349    matrix/deqacc/sum_q3[1][10][23]_i_14_n_0
                         LUT6 (Prop_LUT6_I5_O)        0.038     1.387 r  matrix/deqacc/sum_q3[1][10][23]_i_8/O
                         net (fo=55, unplaced)        0.257     1.644    matrix_n_2663
                         LUT3 (Prop_LUT3_I0_O)        0.038     1.682 f  sum_q3[1][10][30]_i_38/O
                         net (fo=7, unplaced)         0.130     1.812    sum_q3[1][10][30]_i_38_n_0
                         LUT6 (Prop_LUT6_I0_O)        0.150     1.962 f  sum_q3[1][10][30]_i_23/O
                         net (fo=44, unplaced)        0.252     2.214    sum_q3[1][10][30]_i_23_n_0
                         LUT5 (Prop_LUT5_I4_O)        0.038     2.252 r  sum_q3[1][10][30]_i_53/O
                         net (fo=4, unplaced)         0.152     2.404    sum_q3[1][10][30]_i_53_n_0
                         LUT5 (Prop_LUT5_I2_O)        0.090     2.494 r  sum_q3[1][10][30]_i_26/O
                         net (fo=31, unplaced)        0.244     2.738    matrix/deqacc/sum_q3[1][10][7]_i_12_0
                         LUT4 (Prop_LUT4_I3_O)        0.070     2.808 r  matrix/deqacc/sum_q3[1][10][30]_i_32/O
                         net (fo=1, unplaced)         0.242     3.050    matrix/deqacc/sum_q3[1][10][30]_i_32_n_0
                         CARRY8 (Prop_CARRY8_DI[0]_CO[4])
                                                      0.184     3.234 r  matrix/deqacc/sum_q3_reg[1][10][30]_i_22/CO[4]
                         net (fo=65, unplaced)        0.259     3.493    matrix/deqacc/add_pre_q2_reg[1][10][exponent][5]_0[0]
                         LUT4 (Prop_LUT4_I2_O)        0.038     3.531 r  matrix/deqacc/sum_q3[1][10][7]_i_13/O
                         net (fo=3, unplaced)         0.191     3.722    matrix/deqacc/sum_q3[1][10][7]_i_13_n_0
                         LUT6 (Prop_LUT6_I0_O)        0.038     3.760 r  matrix/deqacc/sum_q3[1][10][7]_i_62/O
                         net (fo=1, unplaced)         0.185     3.945    matrix/deqacc/sum_q3[1][10][7]_i_62_n_0
                         LUT6 (Prop_LUT6_I5_O)        0.038     3.983 r  matrix/deqacc/sum_q3[1][10][7]_i_49/O
                         net (fo=1, unplaced)         0.185     4.168    matrix/deqacc/sum_q3[1][10][7]_i_49_n_0
                         LUT6 (Prop_LUT6_I4_O)        0.038     4.206 r  matrix/deqacc/sum_q3[1][10][7]_i_29/O
                         net (fo=1, unplaced)         0.185     4.391    matrix/deqacc/sum_q3[1][10][7]_i_29_n_0
                         LUT6 (Prop_LUT6_I4_O)        0.038     4.429 r  matrix/deqacc/sum_q3[1][10][7]_i_12/O
                         net (fo=1, unplaced)         0.020     4.449    matrix/deqacc/sum_q3[1][10][7]_i_12_n_0
                         CARRY8 (Prop_CARRY8_S[0]_CO[7])
                                                      0.199     4.648 r  matrix/deqacc/sum_q3_reg[1][10][7]_i_3/CO[7]
                         net (fo=1, unplaced)         0.005     4.653    matrix/deqacc/sum_q3_reg[1][10][7]_i_3_n_0
                         CARRY8 (Prop_CARRY8_CI_CO[7])
                                                      0.022     4.675 r  matrix/deqacc/sum_q3_reg[1][10][15]_i_3/CO[7]
                         net (fo=1, unplaced)         0.005     4.680    matrix/deqacc/sum_q3_reg[1][10][15]_i_3_n_0
                         CARRY8 (Prop_CARRY8_CI_CO[7])
                                                      0.022     4.702 r  matrix/deqacc/sum_q3_reg[1][10][22]_i_4/CO[7]
                         net (fo=1, unplaced)         0.005     4.707    matrix/deqacc/sum_q3_reg[1][10][22]_i_4_n_0
                         CARRY8 (Prop_CARRY8_CI_CO[0])
                                                      0.052     4.759 r  matrix/deqacc/sum_q3_reg[1][10][22]_i_5/CO[0]
                         net (fo=27, unplaced)        0.241     5.000    matrix/deqacc/sum_q3_reg[1][10][22]_i_5_n_7
                         LUT5 (Prop_LUT5_I2_O)        0.038     5.038 r  matrix/deqacc/sum_q3[1][10][30]_i_10/O
                         net (fo=1, unplaced)         0.210     5.248    matrix/deqacc/sum_q3[1][10][30]_i_10_n_0
                         CARRY8 (Prop_CARRY8_DI[1]_O[5])
                                                      0.196     5.444 f  matrix/deqacc/sum_q3_reg[1][10][30]_i_3/O[5]
                         net (fo=3, unplaced)         0.147     5.591    matrix/deqacc/sum_q3_reg[1][10][30]_i_3_n_10
                         LUT4 (Prop_LUT4_I2_O)        0.053     5.644 f  matrix/deqacc/sum_q3[1][10][23]_i_6/O
                         net (fo=1, unplaced)         0.185     5.829    matrix/deqacc/sum_q3[1][10][23]_i_6_n_0
                         LUT6 (Prop_LUT6_I1_O)        0.038     5.867 f  matrix/deqacc/sum_q3[1][10][23]_i_3/O
                         net (fo=6, unplaced)         0.207     6.074    matrix/deqacc/sum_q3[1][10][23]_i_3_n_0
                         LUT3 (Prop_LUT3_I0_O)        0.038     6.112 f  matrix/deqacc/sum_q3[1][10][22]_i_3/O
                         net (fo=23, unplaced)        0.237     6.349    matrix/deqacc/sum_q3[1][10][22]_i_3_n_0
                         LUT6 (Prop_LUT6_I0_O)        0.038     6.387 r  matrix/deqacc/sum_q3[1][10][10]_i_2/O
                         net (fo=1, unplaced)         0.185     6.572    matrix/deqacc/sum_q3[1][10][10]_i_2_n_0
                         LUT4 (Prop_LUT4_I2_O)        0.038     6.610 r  matrix/deqacc/sum_q3[1][10][10]_i_1/O
                         net (fo=1, unplaced)         0.048     6.658    matrix/deqacc/sum_q3[1][10][10]_i_1_n_0
                         FDRE                                         r  matrix/deqacc/sum_q3_reg[1][10][10]/D
  -------------------------------------------------------------------    -------------------

                         (clock core_clk rise edge)
                                                      4.000     4.000 r  
                                                      0.000     4.000 r  clk (IN)
                         net (fo=38313, unset)        0.021     4.021    matrix/deqacc/clk
                         FDRE                                         r  matrix/deqacc/sum_q3_reg[1][10][10]/C
                         clock pessimism              0.000     4.021    
                         clock uncertainty           -0.035     3.986    
                         FDRE (Setup_FDRE_C_D)        0.025     4.011    matrix/deqacc/sum_q3_reg[1][10][10]
  -------------------------------------------------------------------
                         required time                          4.011    
                         arrival time                          -6.658    
  -------------------------------------------------------------------
                         slack                                 -2.647    

Slack (VIOLATED) :        -2.647ns  (required time - arrival time)
  Source:                 matrix/deqacc/add_pre_q2_reg[1][10][subtract]/C
                            (rising edge-triggered cell FDRE clocked by core_clk  {rise@0.000ns fall@2.000ns period=4.000ns})
  Destination:            matrix/deqacc/sum_q3_reg[1][10][11]/D
                            (rising edge-triggered cell FDRE clocked by core_clk  {rise@0.000ns fall@2.000ns period=4.000ns})
  Path Group:             core_clk
  Path Type:              Setup (Max at Slow Process Corner)
  Requirement:            4.000ns  (core_clk rise@4.000ns - core_clk rise@0.000ns)
  Data Path Delay:        6.628ns  (logic 2.040ns (30.779%)  route 4.588ns (69.222%))
  Logic Levels:           28  (CARRY8=8 LUT3=3 LUT4=5 LUT5=4 LUT6=8)
  Clock Path Skew:        -0.009ns (DCD - SCD + CPR)
    Destination Clock Delay (DCD):    0.021ns = ( 4.021 - 4.000 ) 
    Source Clock Delay      (SCD):    0.030ns
    Clock Pessimism Removal (CPR):    0.000ns
  Clock Uncertainty:      0.035ns  ((TSJ^2 + TIJ^2)^1/2 + DJ) / 2 + PE
    Total System Jitter     (TSJ):    0.071ns
    Total Input Jitter      (TIJ):    0.000ns
    Discrete Jitter          (DJ):    0.000ns
    Phase Error              (PE):    0.000ns

    Location             Delay type                Incr(ns)  Path(ns)    Netlist Resource(s)
  -------------------------------------------------------------------    -------------------
                         (clock core_clk rise edge)
                                                      0.000     0.000 r  
                                                      0.000     0.000 r  clk (IN)
                         net (fo=38313, unset)        0.030     0.030    matrix/deqacc/clk
                         FDRE                                         r  matrix/deqacc/add_pre_q2_reg[1][10][subtract]/C
  -------------------------------------------------------------------    -------------------
                         FDRE (Prop_FDRE_C_Q)         0.077     0.107 r  matrix/deqacc/add_pre_q2_reg[1][10][subtract]/Q
                         net (fo=29, unplaced)        0.194     0.301    matrix/deqacc/add_pre_q2_reg[1][10][subtract]__0
                         LUT3 (Prop_LUT3_I2_O)        0.037     0.338 r  matrix/deqacc/sum_q3[1][10][23]_i_21/O
                         net (fo=1, unplaced)         0.032     0.370    matrix/deqacc/sum_q3[1][10][23]_i_21_n_0
                         CARRY8 (Prop_CARRY8_S[3]_CO[7])
                                                      0.170     0.540 r  matrix/deqacc/sum_q3_reg[1][10][23]_i_10/CO[7]
                         net (fo=1, unplaced)         0.005     0.545    matrix/deqacc/sum_q3_reg[1][10][23]_i_10_n_0
                         CARRY8 (Prop_CARRY8_CI_O[4])
                                                      0.086     0.631 f  matrix/deqacc/sum_q3_reg[1][10][23]_i_13/O[4]
                         net (fo=7, unplaced)         0.210     0.841    matrix/deqacc/add_pre_q2_reg[1][10][big_x][15]_0[4]
                         LUT4 (Prop_LUT4_I0_O)        0.100     0.941 f  matrix/deqacc/sum_q3[1][10][23]_i_41/O
                         net (fo=2, unplaced)         0.185     1.126    matrix/deqacc/add_pre_q2_reg[1][10][big_x][15]_1
                         LUT5 (Prop_LUT5_I4_O)        0.038     1.164 f  matrix/deqacc/sum_q3[1][10][23]_i_14/O
                         net (fo=1, unplaced)         0.185     1.349    matrix/deqacc/sum_q3[1][10][23]_i_14_n_0
                         LUT6 (Prop_LUT6_I5_O)        0.038     1.387 r  matrix/deqacc/sum_q3[1][10][23]_i_8/O
                         net (fo=55, unplaced)        0.257     1.644    matrix_n_2663
                         LUT3 (Prop_LUT3_I0_O)        0.038     1.682 f  sum_q3[1][10][30]_i_38/O
                         net (fo=7, unplaced)         0.130     1.812    sum_q3[1][10][30]_i_38_n_0
                         LUT6 (Prop_LUT6_I0_O)        0.150     1.962 f  sum_q3[1][10][30]_i_23/O
                         net (fo=44, unplaced)        0.252     2.214    sum_q3[1][10][30]_i_23_n_0
                         LUT5 (Prop_LUT5_I4_O)        0.038     2.252 r  sum_q3[1][10][30]_i_53/O
                         net (fo=4, unplaced)         0.152     2.404    sum_q3[1][10][30]_i_53_n_0
                         LUT5 (Prop_LUT5_I2_O)        0.090     2.494 r  sum_q3[1][10][30]_i_26/O
                         net (fo=31, unplaced)        0.244     2.738    matrix/deqacc/sum_q3[1][10][7]_i_12_0
                         LUT4 (Prop_LUT4_I3_O)        0.070     2.808 r  matrix/deqacc/sum_q3[1][10][30]_i_32/O
                         net (fo=1, unplaced)         0.242     3.050    matrix/deqacc/sum_q3[1][10][30]_i_32_n_0
                         CARRY8 (Prop_CARRY8_DI[0]_CO[4])
                                                      0.184     3.234 r  matrix/deqacc/sum_q3_reg[1][10][30]_i_22/CO[4]
                         net (fo=65, unplaced)        0.259     3.493    matrix/deqacc/add_pre_q2_reg[1][10][exponent][5]_0[0]
                         LUT4 (Prop_LUT4_I2_O)        0.038     3.531 r  matrix/deqacc/sum_q3[1][10][7]_i_13/O
                         net (fo=3, unplaced)         0.191     3.722    matrix/deqacc/sum_q3[1][10][7]_i_13_n_0
                         LUT6 (Prop_LUT6_I0_O)        0.038     3.760 r  matrix/deqacc/sum_q3[1][10][7]_i_62/O
                         net (fo=1, unplaced)         0.185     3.945    matrix/deqacc/sum_q3[1][10][7]_i_62_n_0
                         LUT6 (Prop_LUT6_I5_O)        0.038     3.983 r  matrix/deqacc/sum_q3[1][10][7]_i_49/O
                         net (fo=1, unplaced)         0.185     4.168    matrix/deqacc/sum_q3[1][10][7]_i_49_n_0
                         LUT6 (Prop_LUT6_I4_O)        0.038     4.206 r  matrix/deqacc/sum_q3[1][10][7]_i_29/O
                         net (fo=1, unplaced)         0.185     4.391    matrix/deqacc/sum_q3[1][10][7]_i_29_n_0
                         LUT6 (Prop_LUT6_I4_O)        0.038     4.429 r  matrix/deqacc/sum_q3[1][10][7]_i_12/O
                         net (fo=1, unplaced)         0.020     4.449    matrix/deqacc/sum_q3[1][10][7]_i_12_n_0
                         CARRY8 (Prop_CARRY8_S[0]_CO[7])
                                                      0.199     4.648 r  matrix/deqacc/sum_q3_reg[1][10][7]_i_3/CO[7]
                         net (fo=1, unplaced)         0.005     4.653    matrix/deqacc/sum_q3_reg[1][10][7]_i_3_n_0
                         CARRY8 (Prop_CARRY8_CI_CO[7])
                                                      0.022     4.675 r  matrix/deqacc/sum_q3_reg[1][10][15]_i_3/CO[7]
                         net (fo=1, unplaced)         0.005     4.680    matrix/deqacc/sum_q3_reg[1][10][15]_i_3_n_0
                         CARRY8 (Prop_CARRY8_CI_CO[7])
                                                      0.022     4.702 r  matrix/deqacc/sum_q3_reg[1][10][22]_i_4/CO[7]
                         net (fo=1, unplaced)         0.005     4.707    matrix/deqacc/sum_q3_reg[1][10][22]_i_4_n_0
                         CARRY8 (Prop_CARRY8_CI_CO[0])
                                                      0.052     4.759 r  matrix/deqacc/sum_q3_reg[1][10][22]_i_5/CO[0]
                         net (fo=27, unplaced)        0.241     5.000    matrix/deqacc/sum_q3_reg[1][10][22]_i_5_n_7
                         LUT5 (Prop_LUT5_I2_O)        0.038     5.038 r  matrix/deqacc/sum_q3[1][10][30]_i_10/O
                         net (fo=1, unplaced)         0.210     5.248    matrix/deqacc/sum_q3[1][10][30]_i_10_n_0
                         CARRY8 (Prop_CARRY8_DI[1]_O[5])
                                                      0.196     5.444 f  matrix/deqacc/sum_q3_reg[1][10][30]_i_3/O[5]
                         net (fo=3, unplaced)         0.147     5.591    matrix/deqacc/sum_q3_reg[1][10][30]_i_3_n_10
                         LUT4 (Prop_LUT4_I2_O)        0.053     5.644 f  matrix/deqacc/sum_q3[1][10][23]_i_6/O
                         net (fo=1, unplaced)         0.185     5.829    matrix/deqacc/sum_q3[1][10][23]_i_6_n_0
                         LUT6 (Prop_LUT6_I1_O)        0.038     5.867 f  matrix/deqacc/sum_q3[1][10][23]_i_3/O
                         net (fo=6, unplaced)         0.207     6.074    matrix/deqacc/sum_q3[1][10][23]_i_3_n_0
                         LUT3 (Prop_LUT3_I0_O)        0.038     6.112 f  matrix/deqacc/sum_q3[1][10][22]_i_3/O
                         net (fo=23, unplaced)        0.237     6.349    matrix/deqacc/sum_q3[1][10][22]_i_3_n_0
                         LUT6 (Prop_LUT6_I0_O)        0.038     6.387 r  matrix/deqacc/sum_q3[1][10][11]_i_2/O
                         net (fo=1, unplaced)         0.185     6.572    matrix/deqacc/sum_q3[1][10][11]_i_2_n_0
                         LUT4 (Prop_LUT4_I2_O)        0.038     6.610 r  matrix/deqacc/sum_q3[1][10][11]_i_1/O
                         net (fo=1, unplaced)         0.048     6.658    matrix/deqacc/sum_q3[1][10][11]_i_1_n_0
                         FDRE                                         r  matrix/deqacc/sum_q3_reg[1][10][11]/D
  -------------------------------------------------------------------    -------------------

                         (clock core_clk rise edge)
                                                      4.000     4.000 r  
                                                      0.000     4.000 r  clk (IN)
                         net (fo=38313, unset)        0.021     4.021    matrix/deqacc/clk
                         FDRE                                         r  matrix/deqacc/sum_q3_reg[1][10][11]/C
                         clock pessimism              0.000     4.021    
                         clock uncertainty           -0.035     3.986    
                         FDRE (Setup_FDRE_C_D)        0.025     4.011    matrix/deqacc/sum_q3_reg[1][10][11]
  -------------------------------------------------------------------
                         required time                          4.011    
                         arrival time                          -6.658    
  -------------------------------------------------------------------
                         slack                                 -2.647    




