Copyright 1986-2022 Xilinx, Inc. All Rights Reserved.
---------------------------------------------------------------------------------------------------------------------------------------------------------------------------------------------------------------------
| Tool Version      : Vivado v.2022.2 (win64) Build 3671981 Fri Oct 14 05:00:03 MDT 2022
| Date              : Wed Sep 30 15:27:20 2026
| Host              : FLY running 64-bit major release  (build 9200)
| Command           : report_timing -to [get_cells -quiet -hier -filter {NAME =~ *raw_q2_reg*}] -max_paths 3 -file C:/Users/fly04/Desktop/VLA/PCore_2.0/v3/reports/ooc_dea8_attention_matrix_v3/fp_addsub_timing.rpt
| Design            : dea8_attention_matrix_v3
| Device            : xcu50-fsvh2104
| Speed File        : -2  PRODUCTION 1.30 05-01-2022
| Temperature Grade : E
---------------------------------------------------------------------------------------------------------------------------------------------------------------------------------------------------------------------

Timing Report

Slack (MET) :             3.297ns  (required time - arrival time)
  Source:                 matrix/deqacc/genblk1[0].lanes[0].lane/pre_q1_reg[subtract]/C
                            (rising edge-triggered cell FDRE clocked by core_clk  {rise@0.000ns fall@2.000ns period=4.000ns})
  Destination:            matrix/deqacc/genblk1[0].lanes[0].lane/raw_q2_reg[sum_raw][23]/D
                            (rising edge-triggered cell FDRE clocked by core_clk  {rise@0.000ns fall@2.000ns period=4.000ns})
  Path Group:             core_clk
  Path Type:              Setup (Max at Slow Process Corner)
  Requirement:            4.000ns  (core_clk rise@4.000ns - core_clk rise@0.000ns)
  Data Path Delay:        0.684ns  (logic 0.422ns (61.696%)  route 0.262ns (38.304%))
  Logic Levels:           4  (CARRY8=3 LUT3=1)
  Clock Path Skew:        -0.009ns (DCD - SCD + CPR)
    Destination Clock Delay (DCD):    0.021ns = ( 4.021 - 4.000 ) 
    Source Clock Delay      (SCD):    0.030ns
    Clock Pessimism Removal (CPR):    0.000ns
  Clock Uncertainty:      0.035ns  ((TSJ^2 + TIJ^2)^1/2 + DJ) / 2 + PE
    Total System Jitter     (TSJ):    0.071ns
    Total Input Jitter      (TIJ):    0.000ns
    Discrete Jitter          (DJ):    0.000ns
    Phase Error              (PE):    0.000ns

    Location             Delay type                Incr(ns)  Path(ns)    Netlist Resource(s)
  -------------------------------------------------------------------    -------------------
                         (clock core_clk rise edge)
                                                      0.000     0.000 r  
                                                      0.000     0.000 r  clk (IN)
                         net (fo=49055, unset)        0.030     0.030    matrix/deqacc/genblk1[0].lanes[0].lane/clk
                         FDRE                                         r  matrix/deqacc/genblk1[0].lanes[0].lane/pre_q1_reg[subtract]/C
  -------------------------------------------------------------------    -------------------
                         FDRE (Prop_FDRE_C_Q)         0.077     0.107 r  matrix/deqacc/genblk1[0].lanes[0].lane/pre_q1_reg[subtract]/Q
                         net (fo=29, unplaced)        0.194     0.301    matrix/deqacc/genblk1[0].lanes[0].lane/pre_q1_reg[subtract]__0
                         LUT3 (Prop_LUT3_I2_O)        0.037     0.338 r  matrix/deqacc/genblk1[0].lanes[0].lane/raw_q2[sum_raw][7]_i_6__17/O
                         net (fo=1, unplaced)         0.032     0.370    matrix/deqacc/genblk1[0].lanes[0].lane/raw_q2[sum_raw][7]_i_6__17_n_0
                         CARRY8 (Prop_CARRY8_S[3]_CO[7])
                                                      0.170     0.540 r  matrix/deqacc/genblk1[0].lanes[0].lane/raw_q2_reg[sum_raw][7]_i_1__17/CO[7]
                         net (fo=1, unplaced)         0.005     0.545    matrix/deqacc/genblk1[0].lanes[0].lane/raw_q2_reg[sum_raw][7]_i_1__17_n_0
                         CARRY8 (Prop_CARRY8_CI_CO[7])
                                                      0.022     0.567 r  matrix/deqacc/genblk1[0].lanes[0].lane/raw_q2_reg[sum_raw][15]_i_1__17/CO[7]
                         net (fo=1, unplaced)         0.005     0.572    matrix/deqacc/genblk1[0].lanes[0].lane/raw_q2_reg[sum_raw][15]_i_1__17_n_0
                         CARRY8 (Prop_CARRY8_CI_O[7])
                                                      0.116     0.688 r  matrix/deqacc/genblk1[0].lanes[0].lane/raw_q2_reg[sum_raw][23]_i_1__17/O[7]
                         net (fo=1, unplaced)         0.026     0.714    matrix/deqacc/genblk1[0].lanes[0].lane/raw_q2_reg[sum_raw][23]_i_1__17_n_8
                         FDRE                                         r  matrix/deqacc/genblk1[0].lanes[0].lane/raw_q2_reg[sum_raw][23]/D
  -------------------------------------------------------------------    -------------------

                         (clock core_clk rise edge)
                                                      4.000     4.000 r  
                                                      0.000     4.000 r  clk (IN)
                         net (fo=49055, unset)        0.021     4.021    matrix/deqacc/genblk1[0].lanes[0].lane/clk
                         FDRE                                         r  matrix/deqacc/genblk1[0].lanes[0].lane/raw_q2_reg[sum_raw][23]/C
                         clock pessimism              0.000     4.021    
                         clock uncertainty           -0.035     3.986    
                         FDRE (Setup_FDRE_C_D)        0.025     4.011    matrix/deqacc/genblk1[0].lanes[0].lane/raw_q2_reg[sum_raw][23]
  -------------------------------------------------------------------
                         required time                          4.011    
                         arrival time                          -0.714    
  -------------------------------------------------------------------
                         slack                                  3.297    

Slack (MET) :             3.297ns  (required time - arrival time)
  Source:                 matrix/deqacc/genblk1[0].lanes[10].lane/pre_q1_reg[subtract]/C
                            (rising edge-triggered cell FDRE clocked by core_clk  {rise@0.000ns fall@2.000ns period=4.000ns})
  Destination:            matrix/deqacc/genblk1[0].lanes[10].lane/raw_q2_reg[sum_raw][23]/D
                            (rising edge-triggered cell FDRE clocked by core_clk  {rise@0.000ns fall@2.000ns period=4.000ns})
  Path Group:             core_clk
  Path Type:              Setup (Max at Slow Process Corner)
  Requirement:            4.000ns  (core_clk rise@4.000ns - core_clk rise@0.000ns)
  Data Path Delay:        0.684ns  (logic 0.422ns (61.696%)  route 0.262ns (38.304%))
  Logic Levels:           4  (CARRY8=3 LUT3=1)
  Clock Path Skew:        -0.009ns (DCD - SCD + CPR)
    Destination Clock Delay (DCD):    0.021ns = ( 4.021 - 4.000 ) 
    Source Clock Delay      (SCD):    0.030ns
    Clock Pessimism Removal (CPR):    0.000ns
  Clock Uncertainty:      0.035ns  ((TSJ^2 + TIJ^2)^1/2 + DJ) / 2 + PE
    Total System Jitter     (TSJ):    0.071ns
    Total Input Jitter      (TIJ):    0.000ns
    Discrete Jitter          (DJ):    0.000ns
    Phase Error              (PE):    0.000ns

    Location             Delay type                Incr(ns)  Path(ns)    Netlist Resource(s)
  -------------------------------------------------------------------    -------------------
                         (clock core_clk rise edge)
                                                      0.000     0.000 r  
                                                      0.000     0.000 r  clk (IN)
                         net (fo=49055, unset)        0.030     0.030    matrix/deqacc/genblk1[0].lanes[10].lane/clk
                         FDRE                                         r  matrix/deqacc/genblk1[0].lanes[10].lane/pre_q1_reg[subtract]/C
  -------------------------------------------------------------------    -------------------
                         FDRE (Prop_FDRE_C_Q)         0.077     0.107 r  matrix/deqacc/genblk1[0].lanes[10].lane/pre_q1_reg[subtract]/Q
                         net (fo=29, unplaced)        0.194     0.301    matrix/deqacc/genblk1[0].lanes[10].lane/pre_q1_reg[subtract]__0
                         LUT3 (Prop_LUT3_I2_O)        0.037     0.338 r  matrix/deqacc/genblk1[0].lanes[10].lane/raw_q2[sum_raw][7]_i_6__23/O
                         net (fo=1, unplaced)         0.032     0.370    matrix/deqacc/genblk1[0].lanes[10].lane/raw_q2[sum_raw][7]_i_6__23_n_0
                         CARRY8 (Prop_CARRY8_S[3]_CO[7])
                                                      0.170     0.540 r  matrix/deqacc/genblk1[0].lanes[10].lane/raw_q2_reg[sum_raw][7]_i_1__23/CO[7]
                         net (fo=1, unplaced)         0.005     0.545    matrix/deqacc/genblk1[0].lanes[10].lane/raw_q2_reg[sum_raw][7]_i_1__23_n_0
                         CARRY8 (Prop_CARRY8_CI_CO[7])
                                                      0.022     0.567 r  matrix/deqacc/genblk1[0].lanes[10].lane/raw_q2_reg[sum_raw][15]_i_1__23/CO[7]
                         net (fo=1, unplaced)         0.005     0.572    matrix/deqacc/genblk1[0].lanes[10].lane/raw_q2_reg[sum_raw][15]_i_1__23_n_0
                         CARRY8 (Prop_CARRY8_CI_O[7])
                                                      0.116     0.688 r  matrix/deqacc/genblk1[0].lanes[10].lane/raw_q2_reg[sum_raw][23]_i_1__23/O[7]
                         net (fo=1, unplaced)         0.026     0.714    matrix/deqacc/genblk1[0].lanes[10].lane/raw_q2_reg[sum_raw][23]_i_1__23_n_8
                         FDRE                                         r  matrix/deqacc/genblk1[0].lanes[10].lane/raw_q2_reg[sum_raw][23]/D
  -------------------------------------------------------------------    -------------------

                         (clock core_clk rise edge)
                                                      4.000     4.000 r  
                                                      0.000     4.000 r  clk (IN)
                         net (fo=49055, unset)        0.021     4.021    matrix/deqacc/genblk1[0].lanes[10].lane/clk
                         FDRE                                         r  matrix/deqacc/genblk1[0].lanes[10].lane/raw_q2_reg[sum_raw][23]/C
                         clock pessimism              0.000     4.021    
                         clock uncertainty           -0.035     3.986    
                         FDRE (Setup_FDRE_C_D)        0.025     4.011    matrix/deqacc/genblk1[0].lanes[10].lane/raw_q2_reg[sum_raw][23]
  -------------------------------------------------------------------
                         required time                          4.011    
                         arrival time                          -0.714    
  -------------------------------------------------------------------
                         slack                                  3.297    

Slack (MET) :             3.297ns  (required time - arrival time)
  Source:                 matrix/deqacc/genblk1[0].lanes[11].lane/pre_q1_reg[subtract]/C
                            (rising edge-triggered cell FDRE clocked by core_clk  {rise@0.000ns fall@2.000ns period=4.000ns})
  Destination:            matrix/deqacc/genblk1[0].lanes[11].lane/raw_q2_reg[sum_raw][23]/D
                            (rising edge-triggered cell FDRE clocked by core_clk  {rise@0.000ns fall@2.000ns period=4.000ns})
  Path Group:             core_clk
  Path Type:              Setup (Max at Slow Process Corner)
  Requirement:            4.000ns  (core_clk rise@4.000ns - core_clk rise@0.000ns)
  Data Path Delay:        0.684ns  (logic 0.422ns (61.696%)  route 0.262ns (38.304%))
  Logic Levels:           4  (CARRY8=3 LUT3=1)
  Clock Path Skew:        -0.009ns (DCD - SCD + CPR)
    Destination Clock Delay (DCD):    0.021ns = ( 4.021 - 4.000 ) 
    Source Clock Delay      (SCD):    0.030ns
    Clock Pessimism Removal (CPR):    0.000ns
  Clock Uncertainty:      0.035ns  ((TSJ^2 + TIJ^2)^1/2 + DJ) / 2 + PE
    Total System Jitter     (TSJ):    0.071ns
    Total Input Jitter      (TIJ):    0.000ns
    Discrete Jitter          (DJ):    0.000ns
    Phase Error              (PE):    0.000ns

    Location             Delay type                Incr(ns)  Path(ns)    Netlist Resource(s)
  -------------------------------------------------------------------    -------------------
                         (clock core_clk rise edge)
                                                      0.000     0.000 r  
                                                      0.000     0.000 r  clk (IN)
                         net (fo=49055, unset)        0.030     0.030    matrix/deqacc/genblk1[0].lanes[11].lane/clk
                         FDRE                                         r  matrix/deqacc/genblk1[0].lanes[11].lane/pre_q1_reg[subtract]/C
  -------------------------------------------------------------------    -------------------
                         FDRE (Prop_FDRE_C_Q)         0.077     0.107 r  matrix/deqacc/genblk1[0].lanes[11].lane/pre_q1_reg[subtract]/Q
                         net (fo=29, unplaced)        0.194     0.301    matrix/deqacc/genblk1[0].lanes[11].lane/pre_q1_reg[subtract]__0
                         LUT3 (Prop_LUT3_I2_O)        0.037     0.338 r  matrix/deqacc/genblk1[0].lanes[11].lane/raw_q2[sum_raw][7]_i_6__22/O
                         net (fo=1, unplaced)         0.032     0.370    matrix/deqacc/genblk1[0].lanes[11].lane/raw_q2[sum_raw][7]_i_6__22_n_0
                         CARRY8 (Prop_CARRY8_S[3]_CO[7])
                                                      0.170     0.540 r  matrix/deqacc/genblk1[0].lanes[11].lane/raw_q2_reg[sum_raw][7]_i_1__22/CO[7]
                         net (fo=1, unplaced)         0.005     0.545    matrix/deqacc/genblk1[0].lanes[11].lane/raw_q2_reg[sum_raw][7]_i_1__22_n_0
                         CARRY8 (Prop_CARRY8_CI_CO[7])
                                                      0.022     0.567 r  matrix/deqacc/genblk1[0].lanes[11].lane/raw_q2_reg[sum_raw][15]_i_1__22/CO[7]
                         net (fo=1, unplaced)         0.005     0.572    matrix/deqacc/genblk1[0].lanes[11].lane/raw_q2_reg[sum_raw][15]_i_1__22_n_0
                         CARRY8 (Prop_CARRY8_CI_O[7])
                                                      0.116     0.688 r  matrix/deqacc/genblk1[0].lanes[11].lane/raw_q2_reg[sum_raw][23]_i_1__22/O[7]
                         net (fo=1, unplaced)         0.026     0.714    matrix/deqacc/genblk1[0].lanes[11].lane/raw_q2_reg[sum_raw][23]_i_1__22_n_8
                         FDRE                                         r  matrix/deqacc/genblk1[0].lanes[11].lane/raw_q2_reg[sum_raw][23]/D
  -------------------------------------------------------------------    -------------------

                         (clock core_clk rise edge)
                                                      4.000     4.000 r  
                                                      0.000     4.000 r  clk (IN)
                         net (fo=49055, unset)        0.021     4.021    matrix/deqacc/genblk1[0].lanes[11].lane/clk
                         FDRE                                         r  matrix/deqacc/genblk1[0].lanes[11].lane/raw_q2_reg[sum_raw][23]/C
                         clock pessimism              0.000     4.021    
                         clock uncertainty           -0.035     3.986    
                         FDRE (Setup_FDRE_C_D)        0.025     4.011    matrix/deqacc/genblk1[0].lanes[11].lane/raw_q2_reg[sum_raw][23]
  -------------------------------------------------------------------
                         required time                          4.011    
                         arrival time                          -0.714    
  -------------------------------------------------------------------
                         slack                                  3.297    




