Copyright 1986-2022 Xilinx, Inc. All Rights Reserved.
-------------------------------------------------------------------------------------------------------------------------------------------------------------------------------------------------------------------------
| Tool Version      : Vivado v.2022.2 (win64) Build 3671981 Fri Oct 14 05:00:03 MDT 2022
| Date              : Wed Sep 30 15:27:20 2026
| Host              : FLY running 64-bit major release  (build 9200)
| Command           : report_timing -to [get_cells -quiet -hier -filter {NAME =~ *norm_q3_reg*}] -max_paths 3 -file C:/Users/fly04/Desktop/VLA/PCore_2.0/v3/reports/ooc_dea8_attention_matrix_v3/fp_normalize_timing.rpt
| Design            : dea8_attention_matrix_v3
| Device            : xcu50-fsvh2104
| Speed File        : -2  PRODUCTION 1.30 05-01-2022
| Temperature Grade : E
-------------------------------------------------------------------------------------------------------------------------------------------------------------------------------------------------------------------------

Timing Report

Slack (MET) :             0.427ns  (required time - arrival time)
  Source:                 matrix/deqacc/genblk1[0].lanes[10].lane/raw_q2_reg[sum_raw][22]/C
                            (rising edge-triggered cell FDRE clocked by core_clk  {rise@0.000ns fall@2.000ns period=4.000ns})
  Destination:            matrix/deqacc/genblk1[0].lanes[10].lane/norm_q3_reg[sum_norm][1]/D
                            (rising edge-triggered cell FDRE clocked by core_clk  {rise@0.000ns fall@2.000ns period=4.000ns})
  Path Group:             core_clk
  Path Type:              Setup (Max at Slow Process Corner)
  Requirement:            4.000ns  (core_clk rise@4.000ns - core_clk rise@0.000ns)
  Data Path Delay:        3.554ns  (logic 0.864ns (24.311%)  route 2.690ns (75.689%))
  Logic Levels:           13  (CARRY8=1 LUT2=1 LUT3=1 LUT4=4 LUT5=3 LUT6=3)
  Clock Path Skew:        -0.009ns (DCD - SCD + CPR)
    Destination Clock Delay (DCD):    0.021ns = ( 4.021 - 4.000 ) 
    Source Clock Delay      (SCD):    0.030ns
    Clock Pessimism Removal (CPR):    0.000ns
  Clock Uncertainty:      0.035ns  ((TSJ^2 + TIJ^2)^1/2 + DJ) / 2 + PE
    Total System Jitter     (TSJ):    0.071ns
    Total Input Jitter      (TIJ):    0.000ns
    Discrete Jitter          (DJ):    0.000ns
    Phase Error              (PE):    0.000ns

    Location             Delay type                Incr(ns)  Path(ns)    Netlist Resource(s)
  -------------------------------------------------------------------    -------------------
                         (clock core_clk rise edge)
                                                      0.000     0.000 r  
                                                      0.000     0.000 r  clk (IN)
                         net (fo=49055, unset)        0.030     0.030    matrix/deqacc/genblk1[0].lanes[10].lane/clk
                         FDRE                                         r  matrix/deqacc/genblk1[0].lanes[10].lane/raw_q2_reg[sum_raw][22]/C
  -------------------------------------------------------------------    -------------------
                         FDRE (Prop_FDRE_C_Q)         0.078     0.108 r  matrix/deqacc/genblk1[0].lanes[10].lane/raw_q2_reg[sum_raw][22]/Q
                         net (fo=4, unplaced)         0.104     0.212    matrix/deqacc/genblk1[0].lanes[10].lane/raw_q2_reg[sum_raw_n_0_][22]
                         LUT4 (Prop_LUT4_I0_O)        0.100     0.312 r  matrix/deqacc/genblk1[0].lanes[10].lane/norm_q3[is_zero]_i_7__23/O
                         net (fo=1, unplaced)         0.185     0.497    matrix/deqacc/genblk1[0].lanes[10].lane/norm_q3[is_zero]_i_7__23_n_0
                         LUT5 (Prop_LUT5_I4_O)        0.038     0.535 r  matrix/deqacc/genblk1[0].lanes[10].lane/norm_q3[is_zero]_i_4__23/O
                         net (fo=3, unplaced)         0.191     0.726    matrix/deqacc/genblk1[0].lanes[10].lane/norm_q3[is_zero]_i_4__23_n_0
                         LUT4 (Prop_LUT4_I1_O)        0.038     0.764 r  matrix/deqacc/genblk1[0].lanes[10].lane/norm_q3[exponent_norm][7]_i_11__23/O
                         net (fo=13, unplaced)        0.224     0.988    matrix/deqacc/genblk1[0].lanes[10].lane/norm_q3[exponent_norm][7]_i_11__23_n_0
                         LUT3 (Prop_LUT3_I1_O)        0.038     1.026 r  matrix/deqacc/genblk1[0].lanes[10].lane/norm_q3[exponent_norm][7]_i_13__23/O
                         net (fo=12, unplaced)        0.222     1.248    matrix/deqacc/genblk1[0].lanes[10].lane/norm_q3[exponent_norm][7]_i_13__23_n_0
                         LUT6 (Prop_LUT6_I4_O)        0.038     1.286 r  matrix/deqacc/genblk1[0].lanes[10].lane/norm_q3[sum_norm][26]_i_8__23/O
                         net (fo=18, unplaced)        0.232     1.518    matrix/deqacc/genblk1[0].lanes[10].lane/norm_q3[sum_norm][26]_i_8__23_n_0
                         LUT4 (Prop_LUT4_I3_O)        0.038     1.556 r  matrix/deqacc/genblk1[0].lanes[10].lane/norm_q3[sum_norm][26]_i_9__23/O
                         net (fo=16, unplaced)        0.184     1.740    matrix/deqacc/genblk1[0].lanes[10].lane/norm_q3[sum_norm][26]_i_9__23_n_0
                         LUT6 (Prop_LUT6_I2_O)        0.090     1.830 r  matrix/deqacc/genblk1[0].lanes[10].lane/norm_q3[sum_norm][26]_i_3__23/O
                         net (fo=5, unplaced)         0.203     2.033    matrix/deqacc/genblk1[0].lanes[10].lane/norm_q3[sum_norm][26]_i_3__23_n_0
                         LUT4 (Prop_LUT4_I0_O)        0.070     2.103 f  matrix/deqacc/genblk1[0].lanes[10].lane/norm_q3[sum_norm][26]_i_19__23/O
                         net (fo=1, unplaced)         0.242     2.345    matrix/deqacc/genblk1[0].lanes[10].lane/norm_q3[sum_norm][26]_i_19__23_n_0
                         CARRY8 (Prop_CARRY8_DI[0]_CO[4])
                                                      0.184     2.529 f  matrix/deqacc/genblk1[0].lanes[10].lane/norm_q3_reg[sum_norm][26]_i_4__22/CO[4]
                         net (fo=37, unplaced)        0.246     2.775    matrix/deqacc/genblk1[0].lanes[10].lane/norm_q3_reg[sum_norm][26]_i_4__22_n_3
                         LUT2 (Prop_LUT2_I0_O)        0.038     2.813 r  matrix/deqacc/genblk1[0].lanes[10].lane/norm_q3[sum_norm][24]_i_8__23/O
                         net (fo=2, unplaced)         0.185     2.998    matrix/deqacc/genblk1[0].lanes[10].lane/norm_q3[sum_norm][24]_i_8__23_n_0
                         LUT6 (Prop_LUT6_I0_O)        0.038     3.036 r  matrix/deqacc/genblk1[0].lanes[10].lane/norm_q3[sum_norm][24]_i_5__23/O
                         net (fo=25, unplaced)        0.239     3.275    matrix/deqacc/genblk1[0].lanes[10].lane/norm_q3[sum_norm][24]_i_5__23_n_0
                         LUT5 (Prop_LUT5_I2_O)        0.038     3.313 r  matrix/deqacc/genblk1[0].lanes[10].lane/norm_q3[sum_norm][1]_i_2__23/O
                         net (fo=1, unplaced)         0.185     3.498    matrix/deqacc/genblk1[0].lanes[10].lane/norm_q3[sum_norm][1]_i_2__23_n_0
                         LUT5 (Prop_LUT5_I4_O)        0.038     3.536 r  matrix/deqacc/genblk1[0].lanes[10].lane/norm_q3[sum_norm][1]_i_1__23/O
                         net (fo=1, unplaced)         0.048     3.584    matrix/deqacc/genblk1[0].lanes[10].lane/fp32_normalize_mid[sum_norm]_return[1]
                         FDRE                                         r  matrix/deqacc/genblk1[0].lanes[10].lane/norm_q3_reg[sum_norm][1]/D
  -------------------------------------------------------------------    -------------------

                         (clock core_clk rise edge)
                                                      4.000     4.000 r  
                                                      0.000     4.000 r  clk (IN)
                         net (fo=49055, unset)        0.021     4.021    matrix/deqacc/genblk1[0].lanes[10].lane/clk
                         FDRE                                         r  matrix/deqacc/genblk1[0].lanes[10].lane/norm_q3_reg[sum_norm][1]/C
                         clock pessimism              0.000     4.021    
                         clock uncertainty           -0.035     3.986    
                         FDRE (Setup_FDRE_C_D)        0.025     4.011    matrix/deqacc/genblk1[0].lanes[10].lane/norm_q3_reg[sum_norm][1]
  -------------------------------------------------------------------
                         required time                          4.011    
                         arrival time                          -3.584    
  -------------------------------------------------------------------
                         slack                                  0.427    

Slack (MET) :             0.427ns  (required time - arrival time)
  Source:                 matrix/deqacc/genblk1[0].lanes[10].lane/raw_q2_reg[sum_raw][22]/C
                            (rising edge-triggered cell FDRE clocked by core_clk  {rise@0.000ns fall@2.000ns period=4.000ns})
  Destination:            matrix/deqacc/genblk1[0].lanes[10].lane/norm_q3_reg[sum_norm][25]/D
                            (rising edge-triggered cell FDRE clocked by core_clk  {rise@0.000ns fall@2.000ns period=4.000ns})
  Path Group:             core_clk
  Path Type:              Setup (Max at Slow Process Corner)
  Requirement:            4.000ns  (core_clk rise@4.000ns - core_clk rise@0.000ns)
  Data Path Delay:        3.554ns  (logic 0.864ns (24.311%)  route 2.690ns (75.689%))
  Logic Levels:           13  (CARRY8=1 LUT2=1 LUT3=1 LUT4=4 LUT5=1 LUT6=5)
  Clock Path Skew:        -0.009ns (DCD - SCD + CPR)
    Destination Clock Delay (DCD):    0.021ns = ( 4.021 - 4.000 ) 
    Source Clock Delay      (SCD):    0.030ns
    Clock Pessimism Removal (CPR):    0.000ns
  Clock Uncertainty:      0.035ns  ((TSJ^2 + TIJ^2)^1/2 + DJ) / 2 + PE
    Total System Jitter     (TSJ):    0.071ns
    Total Input Jitter      (TIJ):    0.000ns
    Discrete Jitter          (DJ):    0.000ns
    Phase Error              (PE):    0.000ns

    Location             Delay type                Incr(ns)  Path(ns)    Netlist Resource(s)
  -------------------------------------------------------------------    -------------------
                         (clock core_clk rise edge)
                                                      0.000     0.000 r  
                                                      0.000     0.000 r  clk (IN)
                         net (fo=49055, unset)        0.030     0.030    matrix/deqacc/genblk1[0].lanes[10].lane/clk
                         FDRE                                         r  matrix/deqacc/genblk1[0].lanes[10].lane/raw_q2_reg[sum_raw][22]/C
  -------------------------------------------------------------------    -------------------
                         FDRE (Prop_FDRE_C_Q)         0.078     0.108 r  matrix/deqacc/genblk1[0].lanes[10].lane/raw_q2_reg[sum_raw][22]/Q
                         net (fo=4, unplaced)         0.104     0.212    matrix/deqacc/genblk1[0].lanes[10].lane/raw_q2_reg[sum_raw_n_0_][22]
                         LUT4 (Prop_LUT4_I0_O)        0.100     0.312 r  matrix/deqacc/genblk1[0].lanes[10].lane/norm_q3[is_zero]_i_7__23/O
                         net (fo=1, unplaced)         0.185     0.497    matrix/deqacc/genblk1[0].lanes[10].lane/norm_q3[is_zero]_i_7__23_n_0
                         LUT5 (Prop_LUT5_I4_O)        0.038     0.535 r  matrix/deqacc/genblk1[0].lanes[10].lane/norm_q3[is_zero]_i_4__23/O
                         net (fo=3, unplaced)         0.191     0.726    matrix/deqacc/genblk1[0].lanes[10].lane/norm_q3[is_zero]_i_4__23_n_0
                         LUT4 (Prop_LUT4_I1_O)        0.038     0.764 r  matrix/deqacc/genblk1[0].lanes[10].lane/norm_q3[exponent_norm][7]_i_11__23/O
                         net (fo=13, unplaced)        0.224     0.988    matrix/deqacc/genblk1[0].lanes[10].lane/norm_q3[exponent_norm][7]_i_11__23_n_0
                         LUT3 (Prop_LUT3_I1_O)        0.038     1.026 r  matrix/deqacc/genblk1[0].lanes[10].lane/norm_q3[exponent_norm][7]_i_13__23/O
                         net (fo=12, unplaced)        0.222     1.248    matrix/deqacc/genblk1[0].lanes[10].lane/norm_q3[exponent_norm][7]_i_13__23_n_0
                         LUT6 (Prop_LUT6_I4_O)        0.038     1.286 r  matrix/deqacc/genblk1[0].lanes[10].lane/norm_q3[sum_norm][26]_i_8__23/O
                         net (fo=18, unplaced)        0.232     1.518    matrix/deqacc/genblk1[0].lanes[10].lane/norm_q3[sum_norm][26]_i_8__23_n_0
                         LUT4 (Prop_LUT4_I3_O)        0.038     1.556 r  matrix/deqacc/genblk1[0].lanes[10].lane/norm_q3[sum_norm][26]_i_9__23/O
                         net (fo=16, unplaced)        0.184     1.740    matrix/deqacc/genblk1[0].lanes[10].lane/norm_q3[sum_norm][26]_i_9__23_n_0
                         LUT6 (Prop_LUT6_I2_O)        0.090     1.830 r  matrix/deqacc/genblk1[0].lanes[10].lane/norm_q3[sum_norm][26]_i_3__23/O
                         net (fo=5, unplaced)         0.203     2.033    matrix/deqacc/genblk1[0].lanes[10].lane/norm_q3[sum_norm][26]_i_3__23_n_0
                         LUT4 (Prop_LUT4_I0_O)        0.070     2.103 f  matrix/deqacc/genblk1[0].lanes[10].lane/norm_q3[sum_norm][26]_i_19__23/O
                         net (fo=1, unplaced)         0.242     2.345    matrix/deqacc/genblk1[0].lanes[10].lane/norm_q3[sum_norm][26]_i_19__23_n_0
                         CARRY8 (Prop_CARRY8_DI[0]_CO[4])
                                                      0.184     2.529 f  matrix/deqacc/genblk1[0].lanes[10].lane/norm_q3_reg[sum_norm][26]_i_4__22/CO[4]
                         net (fo=37, unplaced)        0.246     2.775    matrix/deqacc/genblk1[0].lanes[10].lane/norm_q3_reg[sum_norm][26]_i_4__22_n_3
                         LUT2 (Prop_LUT2_I0_O)        0.038     2.813 r  matrix/deqacc/genblk1[0].lanes[10].lane/norm_q3[sum_norm][24]_i_8__23/O
                         net (fo=2, unplaced)         0.185     2.998    matrix/deqacc/genblk1[0].lanes[10].lane/norm_q3[sum_norm][24]_i_8__23_n_0
                         LUT6 (Prop_LUT6_I0_O)        0.038     3.036 r  matrix/deqacc/genblk1[0].lanes[10].lane/norm_q3[sum_norm][24]_i_5__23/O
                         net (fo=25, unplaced)        0.239     3.275    matrix/deqacc/genblk1[0].lanes[10].lane/norm_q3[sum_norm][24]_i_5__23_n_0
                         LUT6 (Prop_LUT6_I2_O)        0.038     3.313 r  matrix/deqacc/genblk1[0].lanes[10].lane/norm_q3[sum_norm][25]_i_2__23/O
                         net (fo=1, unplaced)         0.185     3.498    matrix/deqacc/genblk1[0].lanes[10].lane/norm_q3[sum_norm][25]_i_2__23_n_0
                         LUT6 (Prop_LUT6_I0_O)        0.038     3.536 r  matrix/deqacc/genblk1[0].lanes[10].lane/norm_q3[sum_norm][25]_i_1__23/O
                         net (fo=1, unplaced)         0.048     3.584    matrix/deqacc/genblk1[0].lanes[10].lane/fp32_normalize_mid[sum_norm]_return[25]
                         FDRE                                         r  matrix/deqacc/genblk1[0].lanes[10].lane/norm_q3_reg[sum_norm][25]/D
  -------------------------------------------------------------------    -------------------

                         (clock core_clk rise edge)
                                                      4.000     4.000 r  
                                                      0.000     4.000 r  clk (IN)
                         net (fo=49055, unset)        0.021     4.021    matrix/deqacc/genblk1[0].lanes[10].lane/clk
                         FDRE                                         r  matrix/deqacc/genblk1[0].lanes[10].lane/norm_q3_reg[sum_norm][25]/C
                         clock pessimism              0.000     4.021    
                         clock uncertainty           -0.035     3.986    
                         FDRE (Setup_FDRE_C_D)        0.025     4.011    matrix/deqacc/genblk1[0].lanes[10].lane/norm_q3_reg[sum_norm][25]
  -------------------------------------------------------------------
                         required time                          4.011    
                         arrival time                          -3.584    
  -------------------------------------------------------------------
                         slack                                  0.427    

Slack (MET) :             0.427ns  (required time - arrival time)
  Source:                 matrix/deqacc/genblk1[0].lanes[10].lane/raw_q2_reg[sum_raw][22]/C
                            (rising edge-triggered cell FDRE clocked by core_clk  {rise@0.000ns fall@2.000ns period=4.000ns})
  Destination:            matrix/deqacc/genblk1[0].lanes[10].lane/norm_q3_reg[sum_norm][2]/D
                            (rising edge-triggered cell FDRE clocked by core_clk  {rise@0.000ns fall@2.000ns period=4.000ns})
  Path Group:             core_clk
  Path Type:              Setup (Max at Slow Process Corner)
  Requirement:            4.000ns  (core_clk rise@4.000ns - core_clk rise@0.000ns)
  Data Path Delay:        3.554ns  (logic 0.864ns (24.311%)  route 2.690ns (75.689%))
  Logic Levels:           13  (CARRY8=1 LUT2=1 LUT3=1 LUT4=4 LUT5=2 LUT6=4)
  Clock Path Skew:        -0.009ns (DCD - SCD + CPR)
    Destination Clock Delay (DCD):    0.021ns = ( 4.021 - 4.000 ) 
    Source Clock Delay      (SCD):    0.030ns
    Clock Pessimism Removal (CPR):    0.000ns
  Clock Uncertainty:      0.035ns  ((TSJ^2 + TIJ^2)^1/2 + DJ) / 2 + PE
    Total System Jitter     (TSJ):    0.071ns
    Total Input Jitter      (TIJ):    0.000ns
    Discrete Jitter          (DJ):    0.000ns
    Phase Error              (PE):    0.000ns

    Location             Delay type                Incr(ns)  Path(ns)    Netlist Resource(s)
  -------------------------------------------------------------------    -------------------
                         (clock core_clk rise edge)
                                                      0.000     0.000 r  
                                                      0.000     0.000 r  clk (IN)
                         net (fo=49055, unset)        0.030     0.030    matrix/deqacc/genblk1[0].lanes[10].lane/clk
                         FDRE                                         r  matrix/deqacc/genblk1[0].lanes[10].lane/raw_q2_reg[sum_raw][22]/C
  -------------------------------------------------------------------    -------------------
                         FDRE (Prop_FDRE_C_Q)         0.078     0.108 r  matrix/deqacc/genblk1[0].lanes[10].lane/raw_q2_reg[sum_raw][22]/Q
                         net (fo=4, unplaced)         0.104     0.212    matrix/deqacc/genblk1[0].lanes[10].lane/raw_q2_reg[sum_raw_n_0_][22]
                         LUT4 (Prop_LUT4_I0_O)        0.100     0.312 r  matrix/deqacc/genblk1[0].lanes[10].lane/norm_q3[is_zero]_i_7__23/O
                         net (fo=1, unplaced)         0.185     0.497    matrix/deqacc/genblk1[0].lanes[10].lane/norm_q3[is_zero]_i_7__23_n_0
                         LUT5 (Prop_LUT5_I4_O)        0.038     0.535 r  matrix/deqacc/genblk1[0].lanes[10].lane/norm_q3[is_zero]_i_4__23/O
                         net (fo=3, unplaced)         0.191     0.726    matrix/deqacc/genblk1[0].lanes[10].lane/norm_q3[is_zero]_i_4__23_n_0
                         LUT4 (Prop_LUT4_I1_O)        0.038     0.764 r  matrix/deqacc/genblk1[0].lanes[10].lane/norm_q3[exponent_norm][7]_i_11__23/O
                         net (fo=13, unplaced)        0.224     0.988    matrix/deqacc/genblk1[0].lanes[10].lane/norm_q3[exponent_norm][7]_i_11__23_n_0
                         LUT3 (Prop_LUT3_I1_O)        0.038     1.026 r  matrix/deqacc/genblk1[0].lanes[10].lane/norm_q3[exponent_norm][7]_i_13__23/O
                         net (fo=12, unplaced)        0.222     1.248    matrix/deqacc/genblk1[0].lanes[10].lane/norm_q3[exponent_norm][7]_i_13__23_n_0
                         LUT6 (Prop_LUT6_I4_O)        0.038     1.286 r  matrix/deqacc/genblk1[0].lanes[10].lane/norm_q3[sum_norm][26]_i_8__23/O
                         net (fo=18, unplaced)        0.232     1.518    matrix/deqacc/genblk1[0].lanes[10].lane/norm_q3[sum_norm][26]_i_8__23_n_0
                         LUT4 (Prop_LUT4_I3_O)        0.038     1.556 r  matrix/deqacc/genblk1[0].lanes[10].lane/norm_q3[sum_norm][26]_i_9__23/O
                         net (fo=16, unplaced)        0.184     1.740    matrix/deqacc/genblk1[0].lanes[10].lane/norm_q3[sum_norm][26]_i_9__23_n_0
                         LUT6 (Prop_LUT6_I2_O)        0.090     1.830 r  matrix/deqacc/genblk1[0].lanes[10].lane/norm_q3[sum_norm][26]_i_3__23/O
                         net (fo=5, unplaced)         0.203     2.033    matrix/deqacc/genblk1[0].lanes[10].lane/norm_q3[sum_norm][26]_i_3__23_n_0
                         LUT4 (Prop_LUT4_I0_O)        0.070     2.103 f  matrix/deqacc/genblk1[0].lanes[10].lane/norm_q3[sum_norm][26]_i_19__23/O
                         net (fo=1, unplaced)         0.242     2.345    matrix/deqacc/genblk1[0].lanes[10].lane/norm_q3[sum_norm][26]_i_19__23_n_0
                         CARRY8 (Prop_CARRY8_DI[0]_CO[4])
                                                      0.184     2.529 f  matrix/deqacc/genblk1[0].lanes[10].lane/norm_q3_reg[sum_norm][26]_i_4__22/CO[4]
                         net (fo=37, unplaced)        0.246     2.775    matrix/deqacc/genblk1[0].lanes[10].lane/norm_q3_reg[sum_norm][26]_i_4__22_n_3
                         LUT2 (Prop_LUT2_I0_O)        0.038     2.813 r  matrix/deqacc/genblk1[0].lanes[10].lane/norm_q3[sum_norm][24]_i_8__23/O
                         net (fo=2, unplaced)         0.185     2.998    matrix/deqacc/genblk1[0].lanes[10].lane/norm_q3[sum_norm][24]_i_8__23_n_0
                         LUT6 (Prop_LUT6_I0_O)        0.038     3.036 r  matrix/deqacc/genblk1[0].lanes[10].lane/norm_q3[sum_norm][24]_i_5__23/O
                         net (fo=25, unplaced)        0.239     3.275    matrix/deqacc/genblk1[0].lanes[10].lane/norm_q3[sum_norm][24]_i_5__23_n_0
                         LUT6 (Prop_LUT6_I5_O)        0.038     3.313 r  matrix/deqacc/genblk1[0].lanes[10].lane/norm_q3[sum_norm][2]_i_3__23/O
                         net (fo=1, unplaced)         0.185     3.498    matrix/deqacc/genblk1[0].lanes[10].lane/norm_q3[sum_norm][2]_i_3__23_n_0
                         LUT5 (Prop_LUT5_I4_O)        0.038     3.536 r  matrix/deqacc/genblk1[0].lanes[10].lane/norm_q3[sum_norm][2]_i_1__23/O
                         net (fo=1, unplaced)         0.048     3.584    matrix/deqacc/genblk1[0].lanes[10].lane/fp32_normalize_mid[sum_norm]_return[2]
                         FDRE                                         r  matrix/deqacc/genblk1[0].lanes[10].lane/norm_q3_reg[sum_norm][2]/D
  -------------------------------------------------------------------    -------------------

                         (clock core_clk rise edge)
                                                      4.000     4.000 r  
                                                      0.000     4.000 r  clk (IN)
                         net (fo=49055, unset)        0.021     4.021    matrix/deqacc/genblk1[0].lanes[10].lane/clk
                         FDRE                                         r  matrix/deqacc/genblk1[0].lanes[10].lane/norm_q3_reg[sum_norm][2]/C
                         clock pessimism              0.000     4.021    
                         clock uncertainty           -0.035     3.986    
                         FDRE (Setup_FDRE_C_D)        0.025     4.011    matrix/deqacc/genblk1[0].lanes[10].lane/norm_q3_reg[sum_norm][2]
  -------------------------------------------------------------------
                         required time                          4.011    
                         arrival time                          -3.584    
  -------------------------------------------------------------------
                         slack                                  0.427    




