Copyright 1986-2022 Xilinx, Inc. All Rights Reserved.
-------------------------------------------------------------------------------------------------------------------------------------------------------------------------------------------------------------------------
| Tool Version      : Vivado v.2022.2 (win64) Build 3671981 Fri Oct 14 05:00:03 MDT 2022
| Date              : Wed Sep 30 15:27:20 2026
| Host              : FLY running 64-bit major release  (build 9200)
| Command           : report_timing -to [get_cells -quiet -hier -filter {NAME =~ *result_value_reg*}] -max_paths 3 -file C:/Users/fly04/Desktop/VLA/PCore_2.0/v3/reports/ooc_dea8_attention_matrix_v3/fp_pack_timing.rpt
| Design            : dea8_attention_matrix_v3
| Device            : xcu50-fsvh2104
| Speed File        : -2  PRODUCTION 1.30 05-01-2022
| Temperature Grade : E
-------------------------------------------------------------------------------------------------------------------------------------------------------------------------------------------------------------------------

Timing Report

Slack (MET) :             2.089ns  (required time - arrival time)
  Source:                 matrix/deqacc/genblk1[0].lanes[0].lane/norm_q3_reg[sum_norm][1]/C
                            (rising edge-triggered cell FDRE clocked by core_clk  {rise@0.000ns fall@2.000ns period=4.000ns})
  Destination:            matrix/deqacc/genblk1[0].lanes[0].lane/result_value_reg[0]/D
                            (rising edge-triggered cell FDRE clocked by core_clk  {rise@0.000ns fall@2.000ns period=4.000ns})
  Path Group:             core_clk
  Path Type:              Setup (Max at Slow Process Corner)
  Requirement:            4.000ns  (core_clk rise@4.000ns - core_clk rise@0.000ns)
  Data Path Delay:        1.892ns  (logic 0.662ns (34.989%)  route 1.230ns (65.011%))
  Logic Levels:           10  (CARRY8=4 LUT3=1 LUT4=1 LUT5=1 LUT6=3)
  Clock Path Skew:        -0.009ns (DCD - SCD + CPR)
    Destination Clock Delay (DCD):    0.021ns = ( 4.021 - 4.000 ) 
    Source Clock Delay      (SCD):    0.030ns
    Clock Pessimism Removal (CPR):    0.000ns
  Clock Uncertainty:      0.035ns  ((TSJ^2 + TIJ^2)^1/2 + DJ) / 2 + PE
    Total System Jitter     (TSJ):    0.071ns
    Total Input Jitter      (TIJ):    0.000ns
    Discrete Jitter          (DJ):    0.000ns
    Phase Error              (PE):    0.000ns

    Location             Delay type                Incr(ns)  Path(ns)    Netlist Resource(s)
  -------------------------------------------------------------------    -------------------
                         (clock core_clk rise edge)
                                                      0.000     0.000 r  
                                                      0.000     0.000 r  clk (IN)
                         net (fo=49055, unset)        0.030     0.030    matrix/deqacc/genblk1[0].lanes[0].lane/clk
                         FDRE                                         r  matrix/deqacc/genblk1[0].lanes[0].lane/norm_q3_reg[sum_norm][1]/C
  -------------------------------------------------------------------    -------------------
                         FDRE (Prop_FDRE_C_Q)         0.077     0.107 r  matrix/deqacc/genblk1[0].lanes[0].lane/norm_q3_reg[sum_norm][1]/Q
                         net (fo=1, unplaced)         0.092     0.199    matrix/deqacc/genblk1[0].lanes[0].lane/norm_q3_reg[sum_norm_n_0_][1]
                         LUT4 (Prop_LUT4_I0_O)        0.100     0.299 r  matrix/deqacc/genblk1[0].lanes[0].lane/result_value[7]_i_4__17/O
                         net (fo=1, unplaced)         0.020     0.319    matrix/deqacc/genblk1[0].lanes[0].lane/result_value[7]_i_4__17_n_0
                         CARRY8 (Prop_CARRY8_S[0]_CO[7])
                                                      0.199     0.518 r  matrix/deqacc/genblk1[0].lanes[0].lane/result_value_reg[7]_i_3__17/CO[7]
                         net (fo=1, unplaced)         0.005     0.523    matrix/deqacc/genblk1[0].lanes[0].lane/result_value_reg[7]_i_3__17_n_0
                         CARRY8 (Prop_CARRY8_CI_CO[7])
                                                      0.022     0.545 r  matrix/deqacc/genblk1[0].lanes[0].lane/result_value_reg[15]_i_3__17/CO[7]
                         net (fo=1, unplaced)         0.005     0.550    matrix/deqacc/genblk1[0].lanes[0].lane/result_value_reg[15]_i_3__17_n_0
                         CARRY8 (Prop_CARRY8_CI_CO[7])
                                                      0.022     0.572 r  matrix/deqacc/genblk1[0].lanes[0].lane/result_value_reg[22]_i_3__17/CO[7]
                         net (fo=1, unplaced)         0.005     0.577    matrix/deqacc/genblk1[0].lanes[0].lane/result_value_reg[22]_i_3__17_n_0
                         CARRY8 (Prop_CARRY8_CI_CO[0])
                                                      0.052     0.629 r  matrix/deqacc/genblk1[0].lanes[0].lane/result_value_reg[26]_i_3__17/CO[0]
                         net (fo=32, unplaced)        0.245     0.874    matrix/deqacc/genblk1[0].lanes[0].lane/result_value_reg[26]_i_3__17_n_7
                         LUT6 (Prop_LUT6_I2_O)        0.038     0.912 r  matrix/deqacc/genblk1[0].lanes[0].lane/result_value[30]_i_3__16/O
                         net (fo=4, unplaced)         0.197     1.109    matrix/deqacc/genblk1[0].lanes[0].lane/result_value[30]_i_3__16_n_0
                         LUT3 (Prop_LUT3_I1_O)        0.038     1.147 r  matrix/deqacc/genblk1[0].lanes[0].lane/result_value[29]_i_5__17/O
                         net (fo=1, unplaced)         0.185     1.332    matrix/deqacc/genblk1[0].lanes[0].lane/result_value[29]_i_5__17_n_0
                         LUT5 (Prop_LUT5_I4_O)        0.038     1.370 r  matrix/deqacc/genblk1[0].lanes[0].lane/result_value[29]_i_3__17/O
                         net (fo=30, unplaced)        0.243     1.613    matrix/deqacc/genblk1[0].lanes[0].lane/result_value[29]_i_3__17_n_0
                         LUT6 (Prop_LUT6_I0_O)        0.038     1.651 r  matrix/deqacc/genblk1[0].lanes[0].lane/result_value[0]_i_2__17/O
                         net (fo=1, unplaced)         0.185     1.836    matrix/deqacc/genblk1[0].lanes[0].lane/result_value[0]_i_2__17_n_0
                         LUT6 (Prop_LUT6_I0_O)        0.038     1.874 r  matrix/deqacc/genblk1[0].lanes[0].lane/result_value[0]_i_1__17/O
                         net (fo=1, unplaced)         0.048     1.922    matrix/deqacc/genblk1[0].lanes[0].lane/result_value[0]_i_1__17_n_0
                         FDRE                                         r  matrix/deqacc/genblk1[0].lanes[0].lane/result_value_reg[0]/D
  -------------------------------------------------------------------    -------------------

                         (clock core_clk rise edge)
                                                      4.000     4.000 r  
                                                      0.000     4.000 r  clk (IN)
                         net (fo=49055, unset)        0.021     4.021    matrix/deqacc/genblk1[0].lanes[0].lane/clk
                         FDRE                                         r  matrix/deqacc/genblk1[0].lanes[0].lane/result_value_reg[0]/C
                         clock pessimism              0.000     4.021    
                         clock uncertainty           -0.035     3.986    
                         FDRE (Setup_FDRE_C_D)        0.025     4.011    matrix/deqacc/genblk1[0].lanes[0].lane/result_value_reg[0]
  -------------------------------------------------------------------
                         required time                          4.011    
                         arrival time                          -1.922    
  -------------------------------------------------------------------
                         slack                                  2.089    

Slack (MET) :             2.089ns  (required time - arrival time)
  Source:                 matrix/deqacc/genblk1[0].lanes[0].lane/norm_q3_reg[sum_norm][1]/C
                            (rising edge-triggered cell FDRE clocked by core_clk  {rise@0.000ns fall@2.000ns period=4.000ns})
  Destination:            matrix/deqacc/genblk1[0].lanes[0].lane/result_value_reg[10]/D
                            (rising edge-triggered cell FDRE clocked by core_clk  {rise@0.000ns fall@2.000ns period=4.000ns})
  Path Group:             core_clk
  Path Type:              Setup (Max at Slow Process Corner)
  Requirement:            4.000ns  (core_clk rise@4.000ns - core_clk rise@0.000ns)
  Data Path Delay:        1.892ns  (logic 0.662ns (34.989%)  route 1.230ns (65.011%))
  Logic Levels:           10  (CARRY8=4 LUT3=1 LUT4=1 LUT5=1 LUT6=3)
  Clock Path Skew:        -0.009ns (DCD - SCD + CPR)
    Destination Clock Delay (DCD):    0.021ns = ( 4.021 - 4.000 ) 
    Source Clock Delay      (SCD):    0.030ns
    Clock Pessimism Removal (CPR):    0.000ns
  Clock Uncertainty:      0.035ns  ((TSJ^2 + TIJ^2)^1/2 + DJ) / 2 + PE
    Total System Jitter     (TSJ):    0.071ns
    Total Input Jitter      (TIJ):    0.000ns
    Discrete Jitter          (DJ):    0.000ns
    Phase Error              (PE):    0.000ns

    Location             Delay type                Incr(ns)  Path(ns)    Netlist Resource(s)
  -------------------------------------------------------------------    -------------------
                         (clock core_clk rise edge)
                                                      0.000     0.000 r  
                                                      0.000     0.000 r  clk (IN)
                         net (fo=49055, unset)        0.030     0.030    matrix/deqacc/genblk1[0].lanes[0].lane/clk
                         FDRE                                         r  matrix/deqacc/genblk1[0].lanes[0].lane/norm_q3_reg[sum_norm][1]/C
  -------------------------------------------------------------------    -------------------
                         FDRE (Prop_FDRE_C_Q)         0.077     0.107 r  matrix/deqacc/genblk1[0].lanes[0].lane/norm_q3_reg[sum_norm][1]/Q
                         net (fo=1, unplaced)         0.092     0.199    matrix/deqacc/genblk1[0].lanes[0].lane/norm_q3_reg[sum_norm_n_0_][1]
                         LUT4 (Prop_LUT4_I0_O)        0.100     0.299 r  matrix/deqacc/genblk1[0].lanes[0].lane/result_value[7]_i_4__17/O
                         net (fo=1, unplaced)         0.020     0.319    matrix/deqacc/genblk1[0].lanes[0].lane/result_value[7]_i_4__17_n_0
                         CARRY8 (Prop_CARRY8_S[0]_CO[7])
                                                      0.199     0.518 r  matrix/deqacc/genblk1[0].lanes[0].lane/result_value_reg[7]_i_3__17/CO[7]
                         net (fo=1, unplaced)         0.005     0.523    matrix/deqacc/genblk1[0].lanes[0].lane/result_value_reg[7]_i_3__17_n_0
                         CARRY8 (Prop_CARRY8_CI_CO[7])
                                                      0.022     0.545 r  matrix/deqacc/genblk1[0].lanes[0].lane/result_value_reg[15]_i_3__17/CO[7]
                         net (fo=1, unplaced)         0.005     0.550    matrix/deqacc/genblk1[0].lanes[0].lane/result_value_reg[15]_i_3__17_n_0
                         CARRY8 (Prop_CARRY8_CI_CO[7])
                                                      0.022     0.572 r  matrix/deqacc/genblk1[0].lanes[0].lane/result_value_reg[22]_i_3__17/CO[7]
                         net (fo=1, unplaced)         0.005     0.577    matrix/deqacc/genblk1[0].lanes[0].lane/result_value_reg[22]_i_3__17_n_0
                         CARRY8 (Prop_CARRY8_CI_CO[0])
                                                      0.052     0.629 r  matrix/deqacc/genblk1[0].lanes[0].lane/result_value_reg[26]_i_3__17/CO[0]
                         net (fo=32, unplaced)        0.245     0.874    matrix/deqacc/genblk1[0].lanes[0].lane/result_value_reg[26]_i_3__17_n_7
                         LUT6 (Prop_LUT6_I2_O)        0.038     0.912 r  matrix/deqacc/genblk1[0].lanes[0].lane/result_value[30]_i_3__16/O
                         net (fo=4, unplaced)         0.197     1.109    matrix/deqacc/genblk1[0].lanes[0].lane/result_value[30]_i_3__16_n_0
                         LUT3 (Prop_LUT3_I1_O)        0.038     1.147 r  matrix/deqacc/genblk1[0].lanes[0].lane/result_value[29]_i_5__17/O
                         net (fo=1, unplaced)         0.185     1.332    matrix/deqacc/genblk1[0].lanes[0].lane/result_value[29]_i_5__17_n_0
                         LUT5 (Prop_LUT5_I4_O)        0.038     1.370 r  matrix/deqacc/genblk1[0].lanes[0].lane/result_value[29]_i_3__17/O
                         net (fo=30, unplaced)        0.243     1.613    matrix/deqacc/genblk1[0].lanes[0].lane/result_value[29]_i_3__17_n_0
                         LUT6 (Prop_LUT6_I0_O)        0.038     1.651 r  matrix/deqacc/genblk1[0].lanes[0].lane/result_value[10]_i_2__17/O
                         net (fo=1, unplaced)         0.185     1.836    matrix/deqacc/genblk1[0].lanes[0].lane/result_value[10]_i_2__17_n_0
                         LUT6 (Prop_LUT6_I0_O)        0.038     1.874 r  matrix/deqacc/genblk1[0].lanes[0].lane/result_value[10]_i_1__17/O
                         net (fo=1, unplaced)         0.048     1.922    matrix/deqacc/genblk1[0].lanes[0].lane/result_value[10]_i_1__17_n_0
                         FDRE                                         r  matrix/deqacc/genblk1[0].lanes[0].lane/result_value_reg[10]/D
  -------------------------------------------------------------------    -------------------

                         (clock core_clk rise edge)
                                                      4.000     4.000 r  
                                                      0.000     4.000 r  clk (IN)
                         net (fo=49055, unset)        0.021     4.021    matrix/deqacc/genblk1[0].lanes[0].lane/clk
                         FDRE                                         r  matrix/deqacc/genblk1[0].lanes[0].lane/result_value_reg[10]/C
                         clock pessimism              0.000     4.021    
                         clock uncertainty           -0.035     3.986    
                         FDRE (Setup_FDRE_C_D)        0.025     4.011    matrix/deqacc/genblk1[0].lanes[0].lane/result_value_reg[10]
  -------------------------------------------------------------------
                         required time                          4.011    
                         arrival time                          -1.922    
  -------------------------------------------------------------------
                         slack                                  2.089    

Slack (MET) :             2.089ns  (required time - arrival time)
  Source:                 matrix/deqacc/genblk1[0].lanes[0].lane/norm_q3_reg[sum_norm][1]/C
                            (rising edge-triggered cell FDRE clocked by core_clk  {rise@0.000ns fall@2.000ns period=4.000ns})
  Destination:            matrix/deqacc/genblk1[0].lanes[0].lane/result_value_reg[11]/D
                            (rising edge-triggered cell FDRE clocked by core_clk  {rise@0.000ns fall@2.000ns period=4.000ns})
  Path Group:             core_clk
  Path Type:              Setup (Max at Slow Process Corner)
  Requirement:            4.000ns  (core_clk rise@4.000ns - core_clk rise@0.000ns)
  Data Path Delay:        1.892ns  (logic 0.662ns (34.989%)  route 1.230ns (65.011%))
  Logic Levels:           10  (CARRY8=4 LUT3=1 LUT4=1 LUT5=1 LUT6=3)
  Clock Path Skew:        -0.009ns (DCD - SCD + CPR)
    Destination Clock Delay (DCD):    0.021ns = ( 4.021 - 4.000 ) 
    Source Clock Delay      (SCD):    0.030ns
    Clock Pessimism Removal (CPR):    0.000ns
  Clock Uncertainty:      0.035ns  ((TSJ^2 + TIJ^2)^1/2 + DJ) / 2 + PE
    Total System Jitter     (TSJ):    0.071ns
    Total Input Jitter      (TIJ):    0.000ns
    Discrete Jitter          (DJ):    0.000ns
    Phase Error              (PE):    0.000ns

    Location             Delay type                Incr(ns)  Path(ns)    Netlist Resource(s)
  -------------------------------------------------------------------    -------------------
                         (clock core_clk rise edge)
                                                      0.000     0.000 r  
                                                      0.000     0.000 r  clk (IN)
                         net (fo=49055, unset)        0.030     0.030    matrix/deqacc/genblk1[0].lanes[0].lane/clk
                         FDRE                                         r  matrix/deqacc/genblk1[0].lanes[0].lane/norm_q3_reg[sum_norm][1]/C
  -------------------------------------------------------------------    -------------------
                         FDRE (Prop_FDRE_C_Q)         0.077     0.107 r  matrix/deqacc/genblk1[0].lanes[0].lane/norm_q3_reg[sum_norm][1]/Q
                         net (fo=1, unplaced)         0.092     0.199    matrix/deqacc/genblk1[0].lanes[0].lane/norm_q3_reg[sum_norm_n_0_][1]
                         LUT4 (Prop_LUT4_I0_O)        0.100     0.299 r  matrix/deqacc/genblk1[0].lanes[0].lane/result_value[7]_i_4__17/O
                         net (fo=1, unplaced)         0.020     0.319    matrix/deqacc/genblk1[0].lanes[0].lane/result_value[7]_i_4__17_n_0
                         CARRY8 (Prop_CARRY8_S[0]_CO[7])
                                                      0.199     0.518 r  matrix/deqacc/genblk1[0].lanes[0].lane/result_value_reg[7]_i_3__17/CO[7]
                         net (fo=1, unplaced)         0.005     0.523    matrix/deqacc/genblk1[0].lanes[0].lane/result_value_reg[7]_i_3__17_n_0
                         CARRY8 (Prop_CARRY8_CI_CO[7])
                                                      0.022     0.545 r  matrix/deqacc/genblk1[0].lanes[0].lane/result_value_reg[15]_i_3__17/CO[7]
                         net (fo=1, unplaced)         0.005     0.550    matrix/deqacc/genblk1[0].lanes[0].lane/result_value_reg[15]_i_3__17_n_0
                         CARRY8 (Prop_CARRY8_CI_CO[7])
                                                      0.022     0.572 r  matrix/deqacc/genblk1[0].lanes[0].lane/result_value_reg[22]_i_3__17/CO[7]
                         net (fo=1, unplaced)         0.005     0.577    matrix/deqacc/genblk1[0].lanes[0].lane/result_value_reg[22]_i_3__17_n_0
                         CARRY8 (Prop_CARRY8_CI_CO[0])
                                                      0.052     0.629 r  matrix/deqacc/genblk1[0].lanes[0].lane/result_value_reg[26]_i_3__17/CO[0]
                         net (fo=32, unplaced)        0.245     0.874    matrix/deqacc/genblk1[0].lanes[0].lane/result_value_reg[26]_i_3__17_n_7
                         LUT6 (Prop_LUT6_I2_O)        0.038     0.912 r  matrix/deqacc/genblk1[0].lanes[0].lane/result_value[30]_i_3__16/O
                         net (fo=4, unplaced)         0.197     1.109    matrix/deqacc/genblk1[0].lanes[0].lane/result_value[30]_i_3__16_n_0
                         LUT3 (Prop_LUT3_I1_O)        0.038     1.147 r  matrix/deqacc/genblk1[0].lanes[0].lane/result_value[29]_i_5__17/O
                         net (fo=1, unplaced)         0.185     1.332    matrix/deqacc/genblk1[0].lanes[0].lane/result_value[29]_i_5__17_n_0
                         LUT5 (Prop_LUT5_I4_O)        0.038     1.370 r  matrix/deqacc/genblk1[0].lanes[0].lane/result_value[29]_i_3__17/O
                         net (fo=30, unplaced)        0.243     1.613    matrix/deqacc/genblk1[0].lanes[0].lane/result_value[29]_i_3__17_n_0
                         LUT6 (Prop_LUT6_I0_O)        0.038     1.651 r  matrix/deqacc/genblk1[0].lanes[0].lane/result_value[11]_i_2__17/O
                         net (fo=1, unplaced)         0.185     1.836    matrix/deqacc/genblk1[0].lanes[0].lane/result_value[11]_i_2__17_n_0
                         LUT6 (Prop_LUT6_I0_O)        0.038     1.874 r  matrix/deqacc/genblk1[0].lanes[0].lane/result_value[11]_i_1__17/O
                         net (fo=1, unplaced)         0.048     1.922    matrix/deqacc/genblk1[0].lanes[0].lane/result_value[11]_i_1__17_n_0
                         FDRE                                         r  matrix/deqacc/genblk1[0].lanes[0].lane/result_value_reg[11]/D
  -------------------------------------------------------------------    -------------------

                         (clock core_clk rise edge)
                                                      4.000     4.000 r  
                                                      0.000     4.000 r  clk (IN)
                         net (fo=49055, unset)        0.021     4.021    matrix/deqacc/genblk1[0].lanes[0].lane/clk
                         FDRE                                         r  matrix/deqacc/genblk1[0].lanes[0].lane/result_value_reg[11]/C
                         clock pessimism              0.000     4.021    
                         clock uncertainty           -0.035     3.986    
                         FDRE (Setup_FDRE_C_D)        0.025     4.011    matrix/deqacc/genblk1[0].lanes[0].lane/result_value_reg[11]
  -------------------------------------------------------------------
                         required time                          4.011    
                         arrival time                          -1.922    
  -------------------------------------------------------------------
                         slack                                  2.089    




