Copyright 1986-2022 Xilinx, Inc. All Rights Reserved.
-----------------------------------------------------------------------------------------------------------------------------------
| Tool Version : Vivado v.2022.2 (win64) Build 3671981 Fri Oct 14 05:00:03 MDT 2022
| Date         : Wed Sep 30 15:27:21 2026
| Host         : FLY running 64-bit major release  (build 9200)
| Command      : report_ram_utilization -file C:/Users/fly04/Desktop/VLA/PCore_2.0/v3/reports/ooc_dea8_attention_matrix_v3/ram.rpt
| Design       : dea8_attention_matrix_v3
| Device       : xcu50-fsvh2104-2-e
| Speed File   : -2
-----------------------------------------------------------------------------------------------------------------------------------

RAM Usage Information

Table of Contents
-----------------
1. Summary
2. Memory Description
3. Memory Utilization - Inferred
4. Memory Performance - Inferred
5. Block Ram / URAM Memory Power - Inferred

1. Summary
----------

+--------------------------+------------+-----------+-------+-----------+
| Memory Type              | Total Used | Available | Util% | Inferred% |
+--------------------------+------------+-----------+-------+-----------+
| URAM                     |          0 |       640 |  0.00 |      0.00 |
| BlockRAM                 |         39 |      1344 |  2.90 |    100.00 |
|  RAMB36E2                |         38 |           |       |    100.00 |
|  RAMB18E2                |          2 |           |       |    100.00 |
| LUTMs as Distributed RAM |       1184 |    403200 |  0.29 |    100.00 |
|  LUTMs as RAM32M16       |       1184 |           |       |    100.00 |
+--------------------------+------------+-----------+-------+-----------+
*  Each RAMB18 is calculated as 0.5 BlockRAM
**  Tables 2, 3, 4 and 5 cover RAMs inferred by Vivado Synthesis using XPMs or RTL inference
***  XRAMs are not reported for detailed tables


2. Memory Description
---------------------

+-----------------------------------------------------------+------------+-------------+------------------------+------------------------+
| Memory Name                                               | Array Size | Memory Type | Port 1 Dimension / Map | Port 2 Dimension / Map |
+-----------------------------------------------------------+------------+-------------+------------------------+------------------------+
| matrix/deqacc/acc_store/banks[2].parity[0].ram/mem        |     212992 | RAM_SDP     | 512x512                | 512x512                |
|  matrix/deqacc/acc_store/banks[2].parity[0].ram/mem_reg_0 |      36864 |             |  B:B:512x72            |  A:A:512x72            |
|  matrix/deqacc/acc_store/banks[2].parity[0].ram/mem_reg_1 |      36864 |             |  B:B:512x72            |  A:A:512x72            |
|  matrix/deqacc/acc_store/banks[2].parity[0].ram/mem_reg_2 |      36864 |             |  B:B:512x72            |  A:A:512x72            |
|  matrix/deqacc/acc_store/banks[2].parity[0].ram/mem_reg_3 |      36864 |             |  B:B:512x72            |  A:A:512x72            |
|  matrix/deqacc/acc_store/banks[2].parity[0].ram/mem_reg_4 |      36864 |             |  B:B:512x72            |  A:A:512x72            |
|  matrix/deqacc/acc_store/banks[2].parity[0].ram/mem_reg_5 |      36864 |             |  B:B:512x72            |  A:A:512x72            |
|  matrix/deqacc/acc_store/banks[2].parity[0].ram/mem_reg_6 |      36864 |             |  B:B:512x72            |  A:A:512x72            |
|  matrix/deqacc/acc_store/banks[2].parity[0].ram/mem_reg_7 |       4096 |             |  B:B:512x8             |  A:A:512x8             |
| matrix/deqacc/acc_store/banks[2].parity[1].ram/mem        |     204800 | RAM_SDP     | 512x512                | 512x512                |
|  matrix/deqacc/acc_store/banks[2].parity[1].ram/mem_reg_0 |      36864 |             |  B:B:512x72            |  A:A:512x72            |
|  matrix/deqacc/acc_store/banks[2].parity[1].ram/mem_reg_1 |      36864 |             |  B:B:512x72            |  A:A:512x72            |
|  matrix/deqacc/acc_store/banks[2].parity[1].ram/mem_reg_2 |      36864 |             |  B:B:512x72            |  A:A:512x72            |
|  matrix/deqacc/acc_store/banks[2].parity[1].ram/mem_reg_3 |      36864 |             |  B:B:512x72            |  A:A:512x72            |
|  matrix/deqacc/acc_store/banks[2].parity[1].ram/mem_reg_4 |      36864 |             |  B:B:512x72            |  A:A:512x72            |
|  matrix/deqacc/acc_store/banks[2].parity[1].ram/mem_reg_5 |      36864 |             |  B:B:512x72            |  A:A:512x72            |
|  matrix/deqacc/acc_store/banks[2].parity[1].ram/mem_reg_6 |      36864 |             |  B:B:512x72            |  A:A:512x72            |
|  matrix/deqacc/acc_store/banks[2].parity[1].ram/mem_reg_7 |       4096 |             |  B:B:512x8             |  A:A:512x8             |
| qoz/banks[0].even_mem                                     |      56576 | RAM_SDP     | 512x136                | 512x136                |
|  qoz/banks[0].even_mem_reg_0                              |      36864 |             |  B:B:512x72            |  A:A:512x72            |
|  qoz/banks[0].even_mem_reg_1                              |      32768 |             |  B:B:512x64            |  A:A:512x64            |
| qoz/banks[0].odd_mem                                      |      54400 | RAM_SDP     | 512x136                | 512x136                |
|  qoz/banks[0].odd_mem_reg_0                               |      36864 |             |  B:B:512x72            |  A:A:512x72            |
|  qoz/banks[0].odd_mem_reg_1                               |      32768 |             |  B:B:512x64            |  A:A:512x64            |
| matrix/b_fifo/mem                                         |      18432 | RAM_SDP     | 512x288                | 512x288                |
|  matrix/b_fifo/mem_reg_0                                  |      36864 |             |  B:B:64x72             |  A:A:64x72             |
|  matrix/b_fifo/mem_reg_1                                  |      36864 |             |  B:B:64x72             |  A:A:64x72             |
|  matrix/b_fifo/mem_reg_2                                  |      36864 |             |  B:B:64x72             |  A:A:64x72             |
|  matrix/b_fifo/mem_reg_3                                  |      36864 |             |  B:B:64x72             |  A:A:64x72             |
| matrix/a_fifo/mem_even                                    |       9216 | RAM_SDP     | 512x288                | 512x288                |
|  matrix/a_fifo/mem_even_reg_0                             |      36864 |             |  B:B:32x72             |  A:A:32x72             |
|  matrix/a_fifo/mem_even_reg_1                             |      36864 |             |  B:B:32x72             |  A:A:32x72             |
|  matrix/a_fifo/mem_even_reg_2                             |      36864 |             |  B:B:32x72             |  A:A:32x72             |
|  matrix/a_fifo/mem_even_reg_3                             |      36864 |             |  B:B:32x72             |  A:A:32x72             |
| matrix/a_fifo/mem_odd                                     |       9216 | RAM_SDP     | 512x288                | 512x288                |
|  matrix/a_fifo/mem_odd_reg_0                              |      36864 |             |  B:B:32x72             |  A:A:32x72             |
|  matrix/a_fifo/mem_odd_reg_1                              |      36864 |             |  B:B:32x72             |  A:A:32x72             |
|  matrix/a_fifo/mem_odd_reg_2                              |      36864 |             |  B:B:32x72             |  A:A:32x72             |
|  matrix/a_fifo/mem_odd_reg_3                              |      36864 |             |  B:B:32x72             |  A:A:32x72             |
| pbuf/banks[0].even_mem                                    |       3536 | RAM_SDP     | 512x136                | 512x136                |
|  pbuf/banks[0].even_mem_reg_0                             |      36864 |             |  B:B:32x72             |  A:A:32x72             |
|  pbuf/banks[0].even_mem_reg_1                             |      32768 |             |  B:B:32x64             |  A:A:32x64             |
| pbuf/banks[1].even_mem                                    |       3536 | RAM_SDP     | 512x136                | 512x136                |
|  pbuf/banks[1].even_mem_reg_0                             |      36864 |             |  B:B:32x72             |  A:A:32x72             |
|  pbuf/banks[1].even_mem_reg_1                             |      32768 |             |  B:B:32x64             |  A:A:32x64             |
| pbuf/banks[0].odd_mem                                     |       3400 | RAM_SDP     | 512x136                | 512x136                |
|  pbuf/banks[0].odd_mem_reg_0                              |      36864 |             |  B:B:32x72             |  A:A:32x72             |
|  pbuf/banks[0].odd_mem_reg_1                              |      32768 |             |  B:B:32x64             |  A:A:32x64             |
| pbuf/banks[1].odd_mem                                     |       3400 | RAM_SDP     | 512x136                | 512x136                |
|  pbuf/banks[1].odd_mem_reg_0                              |      36864 |             |  B:B:32x72             |  A:A:32x72             |
|  pbuf/banks[1].odd_mem_reg_1                              |      32768 |             |  B:B:32x64             |  A:A:32x64             |
+-----------------------------------------------------------+------------+-------------+------------------------+------------------------+


3. Memory Utilization - Inferred
--------------------------------

+-----------------------------------------------------------+-----------+----------------+-----------+-----------+---------+---------------+---------------+---------+---------------+---------------+---------+---------------+---------------+---------+---------------+---------------+
| Memory Name                                               | Primitive | Available Bits | Used Bits | Bit Util% | A Depth | A Depth Avail | A Depth Util% | A Width | A Width Avail | A Width Util% | B Depth | B Depth Avail | B Depth Util% | B Width | B Width Avail | B Width Util% |
+-----------------------------------------------------------+-----------+----------------+-----------+-----------+---------+---------------+---------------+---------+---------------+---------------+---------+---------------+---------------+---------+---------------+---------------+
| matrix/deqacc/acc_store/banks[2].parity[0].ram/mem        |           |                |           |           |         |               |               |         |               |               |         |               |               |         |               |               |
|  matrix/deqacc/acc_store/banks[2].parity[0].ram/mem_reg_0 | RAMB36E2  |          36864 |     36864 |    100.00 |     512 |           512 |        100.00 |      72 |            72 |        100.00 |     512 |           512 |        100.00 |      72 |            72 |        100.00 |
|  matrix/deqacc/acc_store/banks[2].parity[0].ram/mem_reg_1 | RAMB36E2  |          36864 |     36864 |    100.00 |     512 |           512 |        100.00 |      72 |            72 |        100.00 |     512 |           512 |        100.00 |      72 |            72 |        100.00 |
|  matrix/deqacc/acc_store/banks[2].parity[0].ram/mem_reg_2 | RAMB36E2  |          36864 |     36864 |    100.00 |     512 |           512 |        100.00 |      72 |            72 |        100.00 |     512 |           512 |        100.00 |      72 |            72 |        100.00 |
|  matrix/deqacc/acc_store/banks[2].parity[0].ram/mem_reg_3 | RAMB36E2  |          36864 |     36864 |    100.00 |     512 |           512 |        100.00 |      72 |            72 |        100.00 |     512 |           512 |        100.00 |      72 |            72 |        100.00 |
|  matrix/deqacc/acc_store/banks[2].parity[0].ram/mem_reg_4 | RAMB36E2  |          36864 |     36864 |    100.00 |     512 |           512 |        100.00 |      72 |            72 |        100.00 |     512 |           512 |        100.00 |      72 |            72 |        100.00 |
|  matrix/deqacc/acc_store/banks[2].parity[0].ram/mem_reg_5 | RAMB36E2  |          36864 |     36864 |    100.00 |     512 |           512 |        100.00 |      72 |            72 |        100.00 |     512 |           512 |        100.00 |      72 |            72 |        100.00 |
|  matrix/deqacc/acc_store/banks[2].parity[0].ram/mem_reg_6 | RAMB36E2  |          36864 |     36864 |    100.00 |     512 |           512 |        100.00 |      72 |            72 |        100.00 |     512 |           512 |        100.00 |      72 |            72 |        100.00 |
|  matrix/deqacc/acc_store/banks[2].parity[0].ram/mem_reg_7 | RAMB18E2  |          18432 |      4096 |     22.22 |     512 |           512 |        100.00 |       8 |            36 |         22.22 |     512 |           512 |        100.00 |       8 |            36 |         22.22 |
| matrix/deqacc/acc_store/banks[2].parity[1].ram/mem        |           |                |           |           |         |               |               |         |               |               |         |               |               |         |               |               |
|  matrix/deqacc/acc_store/banks[2].parity[1].ram/mem_reg_0 | RAMB36E2  |          36864 |     36864 |    100.00 |     512 |           512 |        100.00 |      72 |            72 |        100.00 |     512 |           512 |        100.00 |      72 |            72 |        100.00 |
|  matrix/deqacc/acc_store/banks[2].parity[1].ram/mem_reg_1 | RAMB36E2  |          36864 |     36864 |    100.00 |     512 |           512 |        100.00 |      72 |            72 |        100.00 |     512 |           512 |        100.00 |      72 |            72 |        100.00 |
|  matrix/deqacc/acc_store/banks[2].parity[1].ram/mem_reg_2 | RAMB36E2  |          36864 |     36864 |    100.00 |     512 |           512 |        100.00 |      72 |            72 |        100.00 |     512 |           512 |        100.00 |      72 |            72 |        100.00 |
|  matrix/deqacc/acc_store/banks[2].parity[1].ram/mem_reg_3 | RAMB36E2  |          36864 |     36864 |    100.00 |     512 |           512 |        100.00 |      72 |            72 |        100.00 |     512 |           512 |        100.00 |      72 |            72 |        100.00 |
|  matrix/deqacc/acc_store/banks[2].parity[1].ram/mem_reg_4 | RAMB36E2  |          36864 |     36864 |    100.00 |     512 |           512 |        100.00 |      72 |            72 |        100.00 |     512 |           512 |        100.00 |      72 |            72 |        100.00 |
|  matrix/deqacc/acc_store/banks[2].parity[1].ram/mem_reg_5 | RAMB36E2  |          36864 |     36864 |    100.00 |     512 |           512 |        100.00 |      72 |            72 |        100.00 |     512 |           512 |        100.00 |      72 |            72 |        100.00 |
|  matrix/deqacc/acc_store/banks[2].parity[1].ram/mem_reg_6 | RAMB36E2  |          36864 |     36864 |    100.00 |     512 |           512 |        100.00 |      72 |            72 |        100.00 |     512 |           512 |        100.00 |      72 |            72 |        100.00 |
|  matrix/deqacc/acc_store/banks[2].parity[1].ram/mem_reg_7 | RAMB18E2  |          18432 |      4096 |     22.22 |     512 |           512 |        100.00 |       8 |            36 |         22.22 |     512 |           512 |        100.00 |       8 |            36 |         22.22 |
| qoz/banks[0].even_mem                                     |           |                |           |           |         |               |               |         |               |               |         |               |               |         |               |               |
|  qoz/banks[0].even_mem_reg_0                              | RAMB36E2  |          36864 |     36864 |    100.00 |     512 |           512 |        100.00 |      72 |            72 |        100.00 |     512 |           512 |        100.00 |      72 |            72 |        100.00 |
|  qoz/banks[0].even_mem_reg_1                              | RAMB36E2  |          36864 |     32768 |     88.89 |     512 |           512 |        100.00 |      64 |            72 |         88.89 |     512 |           512 |        100.00 |      64 |            72 |         88.89 |
| qoz/banks[0].odd_mem                                      |           |                |           |           |         |               |               |         |               |               |         |               |               |         |               |               |
|  qoz/banks[0].odd_mem_reg_0                               | RAMB36E2  |          36864 |     36864 |    100.00 |     512 |           512 |        100.00 |      72 |            72 |        100.00 |     512 |           512 |        100.00 |      72 |            72 |        100.00 |
|  qoz/banks[0].odd_mem_reg_1                               | RAMB36E2  |          36864 |     32768 |     88.89 |     512 |           512 |        100.00 |      64 |            72 |         88.89 |     512 |           512 |        100.00 |      64 |            72 |         88.89 |
| matrix/b_fifo/mem                                         |           |                |           |           |         |               |               |         |               |               |         |               |               |         |               |               |
|  matrix/b_fifo/mem_reg_0                                  | RAMB36E2  |          36864 |      4608 |     12.50 |      64 |           512 |         12.50 |      72 |            72 |        100.00 |      64 |           512 |         12.50 |      72 |            72 |        100.00 |
|  matrix/b_fifo/mem_reg_1                                  | RAMB36E2  |          36864 |      4608 |     12.50 |      64 |           512 |         12.50 |      72 |            72 |        100.00 |      64 |           512 |         12.50 |      72 |            72 |        100.00 |
|  matrix/b_fifo/mem_reg_2                                  | RAMB36E2  |          36864 |      4608 |     12.50 |      64 |           512 |         12.50 |      72 |            72 |        100.00 |      64 |           512 |         12.50 |      72 |            72 |        100.00 |
|  matrix/b_fifo/mem_reg_3                                  | RAMB36E2  |          36864 |      4608 |     12.50 |      64 |           512 |         12.50 |      72 |            72 |        100.00 |      64 |           512 |         12.50 |      72 |            72 |        100.00 |
| matrix/a_fifo/mem_even                                    |           |                |           |           |         |               |               |         |               |               |         |               |               |         |               |               |
|  matrix/a_fifo/mem_even_reg_0                             | RAMB36E2  |          36864 |      2304 |      6.25 |      32 |           512 |          6.25 |      72 |            72 |        100.00 |      32 |           512 |          6.25 |      72 |            72 |        100.00 |
|  matrix/a_fifo/mem_even_reg_1                             | RAMB36E2  |          36864 |      2304 |      6.25 |      32 |           512 |          6.25 |      72 |            72 |        100.00 |      32 |           512 |          6.25 |      72 |            72 |        100.00 |
|  matrix/a_fifo/mem_even_reg_2                             | RAMB36E2  |          36864 |      2304 |      6.25 |      32 |           512 |          6.25 |      72 |            72 |        100.00 |      32 |           512 |          6.25 |      72 |            72 |        100.00 |
|  matrix/a_fifo/mem_even_reg_3                             | RAMB36E2  |          36864 |      2304 |      6.25 |      32 |           512 |          6.25 |      72 |            72 |        100.00 |      32 |           512 |          6.25 |      72 |            72 |        100.00 |
| matrix/a_fifo/mem_odd                                     |           |                |           |           |         |               |               |         |               |               |         |               |               |         |               |               |
|  matrix/a_fifo/mem_odd_reg_0                              | RAMB36E2  |          36864 |      2304 |      6.25 |      32 |           512 |          6.25 |      72 |            72 |        100.00 |      32 |           512 |          6.25 |      72 |            72 |        100.00 |
|  matrix/a_fifo/mem_odd_reg_1                              | RAMB36E2  |          36864 |      2304 |      6.25 |      32 |           512 |          6.25 |      72 |            72 |        100.00 |      32 |           512 |          6.25 |      72 |            72 |        100.00 |
|  matrix/a_fifo/mem_odd_reg_2                              | RAMB36E2  |          36864 |      2304 |      6.25 |      32 |           512 |          6.25 |      72 |            72 |        100.00 |      32 |           512 |          6.25 |      72 |            72 |        100.00 |
|  matrix/a_fifo/mem_odd_reg_3                              | RAMB36E2  |          36864 |      2304 |      6.25 |      32 |           512 |          6.25 |      72 |            72 |        100.00 |      32 |           512 |          6.25 |      72 |            72 |        100.00 |
| pbuf/banks[0].even_mem                                    |           |                |           |           |         |               |               |         |               |               |         |               |               |         |               |               |
|  pbuf/banks[0].even_mem_reg_0                             | RAMB36E2  |          36864 |      2304 |      6.25 |      32 |           512 |          6.25 |      72 |            72 |        100.00 |      32 |           512 |          6.25 |      72 |            72 |        100.00 |
|  pbuf/banks[0].even_mem_reg_1                             | RAMB36E2  |          36864 |      2048 |      5.56 |      32 |           512 |          6.25 |      64 |            72 |         88.89 |      32 |           512 |          6.25 |      64 |            72 |         88.89 |
| pbuf/banks[1].even_mem                                    |           |                |           |           |         |               |               |         |               |               |         |               |               |         |               |               |
|  pbuf/banks[1].even_mem_reg_0                             | RAMB36E2  |          36864 |      2304 |      6.25 |      32 |           512 |          6.25 |      72 |            72 |        100.00 |      32 |           512 |          6.25 |      72 |            72 |        100.00 |
|  pbuf/banks[1].even_mem_reg_1                             | RAMB36E2  |          36864 |      2048 |      5.56 |      32 |           512 |          6.25 |      64 |            72 |         88.89 |      32 |           512 |          6.25 |      64 |            72 |         88.89 |
| pbuf/banks[0].odd_mem                                     |           |                |           |           |         |               |               |         |               |               |         |               |               |         |               |               |
|  pbuf/banks[0].odd_mem_reg_0                              | RAMB36E2  |          36864 |      2304 |      6.25 |      32 |           512 |          6.25 |      72 |            72 |        100.00 |      32 |           512 |          6.25 |      72 |            72 |        100.00 |
|  pbuf/banks[0].odd_mem_reg_1                              | RAMB36E2  |          36864 |      2048 |      5.56 |      32 |           512 |          6.25 |      64 |            72 |         88.89 |      32 |           512 |          6.25 |      64 |            72 |         88.89 |
| pbuf/banks[1].odd_mem                                     |           |                |           |           |         |               |               |         |               |               |         |               |               |         |               |               |
|  pbuf/banks[1].odd_mem_reg_0                              | RAMB36E2  |          36864 |      2304 |      6.25 |      32 |           512 |          6.25 |      72 |            72 |        100.00 |      32 |           512 |          6.25 |      72 |            72 |        100.00 |
|  pbuf/banks[1].odd_mem_reg_1                              | RAMB36E2  |          36864 |      2048 |      5.56 |      32 |           512 |          6.25 |      64 |            72 |         88.89 |      32 |           512 |          6.25 |      64 |            72 |         88.89 |
+-----------------------------------------------------------+-----------+----------------+-----------+-----------+---------+---------------+---------------+---------+---------------+---------------+---------+---------------+---------------+---------+---------------+---------------+


4. Memory Performance - Inferred
--------------------------------

+-----------------------------------------------------------+-----------+------------------------+------------------------+-------------+-------------------------+-------------+-------------------------+-----------+--------+--------+---------+-----------+--------+--------+---------+
| Memory Name                                               | Primitive | Port 1 Dimension / Map | Port 2 Dimension / Map | Port A Type | Port A Requirement (ns) | Port B Type | Port B Requirement (ns) | A Cascade | IREG_A | OREG_A | DOA_REG | B Cascade | IREG_B | OREG_B | DOB_REG |
+-----------------------------------------------------------+-----------+------------------------+------------------------+-------------+-------------------------+-------------+-------------------------+-----------+--------+--------+---------+-----------+--------+--------+---------+
| matrix/deqacc/acc_store/banks[2].parity[0].ram/mem        |           | 512x512                | 512x512                |             |                         |             |                         |           |        |        |         |           |        |        |         |
|  matrix/deqacc/acc_store/banks[2].parity[0].ram/mem_reg_0 | RAMB36E2  |  B:B:512x72            |  A:A:512x72            |        Read |                     4.0 |       Write |                     4.0 |      NONE |        |        |       0 |      NONE |        |        |       0 |
|  matrix/deqacc/acc_store/banks[2].parity[0].ram/mem_reg_1 | RAMB36E2  |  B:B:512x72            |  A:A:512x72            |        Read |                     4.0 |       Write |                     4.0 |      NONE |        |        |       0 |      NONE |        |        |       0 |
|  matrix/deqacc/acc_store/banks[2].parity[0].ram/mem_reg_2 | RAMB36E2  |  B:B:512x72            |  A:A:512x72            |        Read |                     4.0 |       Write |                     4.0 |      NONE |        |        |       0 |      NONE |        |        |       0 |
|  matrix/deqacc/acc_store/banks[2].parity[0].ram/mem_reg_3 | RAMB36E2  |  B:B:512x72            |  A:A:512x72            |        Read |                     4.0 |       Write |                     4.0 |      NONE |        |        |       0 |      NONE |        |        |       0 |
|  matrix/deqacc/acc_store/banks[2].parity[0].ram/mem_reg_4 | RAMB36E2  |  B:B:512x72            |  A:A:512x72            |        Read |                     4.0 |       Write |                     4.0 |      NONE |        |        |       0 |      NONE |        |        |       0 |
|  matrix/deqacc/acc_store/banks[2].parity[0].ram/mem_reg_5 | RAMB36E2  |  B:B:512x72            |  A:A:512x72            |        Read |                     4.0 |       Write |                     4.0 |      NONE |        |        |       0 |      NONE |        |        |       0 |
|  matrix/deqacc/acc_store/banks[2].parity[0].ram/mem_reg_6 | RAMB36E2  |  B:B:512x72            |  A:A:512x72            |        Read |                     4.0 |       Write |                     4.0 |      NONE |        |        |       0 |      NONE |        |        |       0 |
|  matrix/deqacc/acc_store/banks[2].parity[0].ram/mem_reg_7 | RAMB18E2  |  B:B:512x8             |  A:A:512x8             |        Read |                     4.0 |       Write |                     4.0 |      NONE |        |        |       0 |      NONE |        |        |       0 |
| matrix/deqacc/acc_store/banks[2].parity[1].ram/mem        |           | 512x512                | 512x512                |             |                         |             |                         |           |        |        |         |           |        |        |         |
|  matrix/deqacc/acc_store/banks[2].parity[1].ram/mem_reg_0 | RAMB36E2  |  B:B:512x72            |  A:A:512x72            |        Read |                     4.0 |       Write |                     4.0 |      NONE |        |        |       0 |      NONE |        |        |       0 |
|  matrix/deqacc/acc_store/banks[2].parity[1].ram/mem_reg_1 | RAMB36E2  |  B:B:512x72            |  A:A:512x72            |        Read |                     4.0 |       Write |                     4.0 |      NONE |        |        |       0 |      NONE |        |        |       0 |
|  matrix/deqacc/acc_store/banks[2].parity[1].ram/mem_reg_2 | RAMB36E2  |  B:B:512x72            |  A:A:512x72            |        Read |                     4.0 |       Write |                     4.0 |      NONE |        |        |       0 |      NONE |        |        |       0 |
|  matrix/deqacc/acc_store/banks[2].parity[1].ram/mem_reg_3 | RAMB36E2  |  B:B:512x72            |  A:A:512x72            |        Read |                     4.0 |       Write |                     4.0 |      NONE |        |        |       0 |      NONE |        |        |       0 |
|  matrix/deqacc/acc_store/banks[2].parity[1].ram/mem_reg_4 | RAMB36E2  |  B:B:512x72            |  A:A:512x72            |        Read |                     4.0 |       Write |                     4.0 |      NONE |        |        |       0 |      NONE |        |        |       0 |
|  matrix/deqacc/acc_store/banks[2].parity[1].ram/mem_reg_5 | RAMB36E2  |  B:B:512x72            |  A:A:512x72            |        Read |                     4.0 |       Write |                     4.0 |      NONE |        |        |       0 |      NONE |        |        |       0 |
|  matrix/deqacc/acc_store/banks[2].parity[1].ram/mem_reg_6 | RAMB36E2  |  B:B:512x72            |  A:A:512x72            |        Read |                     4.0 |       Write |                     4.0 |      NONE |        |        |       0 |      NONE |        |        |       0 |
|  matrix/deqacc/acc_store/banks[2].parity[1].ram/mem_reg_7 | RAMB18E2  |  B:B:512x8             |  A:A:512x8             |        Read |                     4.0 |       Write |                     4.0 |      NONE |        |        |       0 |      NONE |        |        |       0 |
| qoz/banks[0].even_mem                                     |           | 512x136                | 512x136                |             |                         |             |                         |           |        |        |         |           |        |        |         |
|  qoz/banks[0].even_mem_reg_0                              | RAMB36E2  |  B:B:512x72            |  A:A:512x72            |        Read |                     4.0 |       Write |                     4.0 |      NONE |        |        |       0 |      NONE |        |        |       0 |
|  qoz/banks[0].even_mem_reg_1                              | RAMB36E2  |  B:B:512x64            |  A:A:512x64            |        Read |                     4.0 |       Write |                     4.0 |      NONE |        |        |       0 |      NONE |        |        |       0 |
| qoz/banks[0].odd_mem                                      |           | 512x136                | 512x136                |             |                         |             |                         |           |        |        |         |           |        |        |         |
|  qoz/banks[0].odd_mem_reg_0                               | RAMB36E2  |  B:B:512x72            |  A:A:512x72            |        Read |                     4.0 |       Write |                     4.0 |      NONE |        |        |       0 |      NONE |        |        |       0 |
|  qoz/banks[0].odd_mem_reg_1                               | RAMB36E2  |  B:B:512x64            |  A:A:512x64            |        Read |                     4.0 |       Write |                     4.0 |      NONE |        |        |       0 |      NONE |        |        |       0 |
| matrix/b_fifo/mem                                         |           | 512x288                | 512x288                |             |                         |             |                         |           |        |        |         |           |        |        |         |
|  matrix/b_fifo/mem_reg_0                                  | RAMB36E2  |  B:B:64x72             |  A:A:64x72             |        Read |                     4.0 |       Write |                     4.0 |      NONE |        |        |       0 |      NONE |        |        |       0 |
|  matrix/b_fifo/mem_reg_1                                  | RAMB36E2  |  B:B:64x72             |  A:A:64x72             |        Read |                     4.0 |       Write |                     4.0 |      NONE |        |        |       0 |      NONE |        |        |       0 |
|  matrix/b_fifo/mem_reg_2                                  | RAMB36E2  |  B:B:64x72             |  A:A:64x72             |        Read |                     4.0 |       Write |                     4.0 |      NONE |        |        |       0 |      NONE |        |        |       0 |
|  matrix/b_fifo/mem_reg_3                                  | RAMB36E2  |  B:B:64x72             |  A:A:64x72             |        Read |                     4.0 |       Write |                     4.0 |      NONE |        |        |       0 |      NONE |        |        |       0 |
| matrix/a_fifo/mem_even                                    |           | 512x288                | 512x288                |             |                         |             |                         |           |        |        |         |           |        |        |         |
|  matrix/a_fifo/mem_even_reg_0                             | RAMB36E2  |  B:B:32x72             |  A:A:32x72             |        Read |                     4.0 |       Write |                     4.0 |      NONE |        |        |       0 |      NONE |        |        |       0 |
|  matrix/a_fifo/mem_even_reg_1                             | RAMB36E2  |  B:B:32x72             |  A:A:32x72             |        Read |                     4.0 |       Write |                     4.0 |      NONE |        |        |       0 |      NONE |        |        |       0 |
|  matrix/a_fifo/mem_even_reg_2                             | RAMB36E2  |  B:B:32x72             |  A:A:32x72             |        Read |                     4.0 |       Write |                     4.0 |      NONE |        |        |       0 |      NONE |        |        |       0 |
|  matrix/a_fifo/mem_even_reg_3                             | RAMB36E2  |  B:B:32x72             |  A:A:32x72             |        Read |                     4.0 |       Write |                     4.0 |      NONE |        |        |       0 |      NONE |        |        |       0 |
| matrix/a_fifo/mem_odd                                     |           | 512x288                | 512x288                |             |                         |             |                         |           |        |        |         |           |        |        |         |
|  matrix/a_fifo/mem_odd_reg_0                              | RAMB36E2  |  B:B:32x72             |  A:A:32x72             |        Read |                     4.0 |       Write |                     4.0 |      NONE |        |        |       0 |      NONE |        |        |       0 |
|  matrix/a_fifo/mem_odd_reg_1                              | RAMB36E2  |  B:B:32x72             |  A:A:32x72             |        Read |                     4.0 |       Write |                     4.0 |      NONE |        |        |       0 |      NONE |        |        |       0 |
|  matrix/a_fifo/mem_odd_reg_2                              | RAMB36E2  |  B:B:32x72             |  A:A:32x72             |        Read |                     4.0 |       Write |                     4.0 |      NONE |        |        |       0 |      NONE |        |        |       0 |
|  matrix/a_fifo/mem_odd_reg_3                              | RAMB36E2  |  B:B:32x72             |  A:A:32x72             |        Read |                     4.0 |       Write |                     4.0 |      NONE |        |        |       0 |      NONE |        |        |       0 |
| pbuf/banks[0].even_mem                                    |           | 512x136                | 512x136                |             |                         |             |                         |           |        |        |         |           |        |        |         |
|  pbuf/banks[0].even_mem_reg_0                             | RAMB36E2  |  B:B:32x72             |  A:A:32x72             |        Read |                     4.0 |       Write |                     4.0 |      NONE |        |        |       0 |      NONE |        |        |       0 |
|  pbuf/banks[0].even_mem_reg_1                             | RAMB36E2  |  B:B:32x64             |  A:A:32x64             |        Read |                     4.0 |       Write |                     4.0 |      NONE |        |        |       0 |      NONE |        |        |       0 |
| pbuf/banks[1].even_mem                                    |           | 512x136                | 512x136                |             |                         |             |                         |           |        |        |         |           |        |        |         |
|  pbuf/banks[1].even_mem_reg_0                             | RAMB36E2  |  B:B:32x72             |  A:A:32x72             |        Read |                     4.0 |       Write |                     4.0 |      NONE |        |        |       0 |      NONE |        |        |       0 |
|  pbuf/banks[1].even_mem_reg_1                             | RAMB36E2  |  B:B:32x64             |  A:A:32x64             |        Read |                     4.0 |       Write |                     4.0 |      NONE |        |        |       0 |      NONE |        |        |       0 |
| pbuf/banks[0].odd_mem                                     |           | 512x136                | 512x136                |             |                         |             |                         |           |        |        |         |           |        |        |         |
|  pbuf/banks[0].odd_mem_reg_0                              | RAMB36E2  |  B:B:32x72             |  A:A:32x72             |        Read |                     4.0 |       Write |                     4.0 |      NONE |        |        |       0 |      NONE |        |        |       0 |
|  pbuf/banks[0].odd_mem_reg_1                              | RAMB36E2  |  B:B:32x64             |  A:A:32x64             |        Read |                     4.0 |       Write |                     4.0 |      NONE |        |        |       0 |      NONE |        |        |       0 |
| pbuf/banks[1].odd_mem                                     |           | 512x136                | 512x136                |             |                         |             |                         |           |        |        |         |           |        |        |         |
|  pbuf/banks[1].odd_mem_reg_0                              | RAMB36E2  |  B:B:32x72             |  A:A:32x72             |        Read |                     4.0 |       Write |                     4.0 |      NONE |        |        |       0 |      NONE |        |        |       0 |
|  pbuf/banks[1].odd_mem_reg_1                              | RAMB36E2  |  B:B:32x64             |  A:A:32x64             |        Read |                     4.0 |       Write |                     4.0 |      NONE |        |        |       0 |      NONE |        |        |       0 |
+-----------------------------------------------------------+-----------+------------------------+------------------------+-------------+-------------------------+-------------+-------------------------+-----------+--------+--------+---------+-----------+--------+--------+---------+


5. Block Ram / URAM Memory Power - Inferred
-------------------------------------------

+-----------------------------------------------------------+-----------+------------------------+------------------------+--------------------+---------------+-------------------+-----------+--------------------+---------------+-------------------+-----------+
| Memory Name                                               | Primitive | Port 1 Dimension / Map | Port 2 Dimension / Map | Port A Power Gated | Port A Enable | Port A WRITE_MODE | A Cascade | Port B Power Gated | Port B Enable | Port B WRITE_MODE | B Cascade |
+-----------------------------------------------------------+-----------+------------------------+------------------------+--------------------+---------------+-------------------+-----------+--------------------+---------------+-------------------+-----------+
| matrix/deqacc/acc_store/banks[2].parity[0].ram/mem        |           | 512x512                | 512x512                |                    |               |                   |           |                    |               |                   |           |
|  matrix/deqacc/acc_store/banks[2].parity[0].ram/mem_reg_0 | RAMB36E2  |  B:B:512x72            |  A:A:512x72            |                    |        SIGNAL |        READ_FIRST |      NONE |                    |        SIGNAL |        READ_FIRST |      NONE |
|  matrix/deqacc/acc_store/banks[2].parity[0].ram/mem_reg_1 | RAMB36E2  |  B:B:512x72            |  A:A:512x72            |                    |        SIGNAL |        READ_FIRST |      NONE |                    |        SIGNAL |        READ_FIRST |      NONE |
|  matrix/deqacc/acc_store/banks[2].parity[0].ram/mem_reg_2 | RAMB36E2  |  B:B:512x72            |  A:A:512x72            |                    |        SIGNAL |        READ_FIRST |      NONE |                    |        SIGNAL |        READ_FIRST |      NONE |
|  matrix/deqacc/acc_store/banks[2].parity[0].ram/mem_reg_3 | RAMB36E2  |  B:B:512x72            |  A:A:512x72            |                    |        SIGNAL |        READ_FIRST |      NONE |                    |        SIGNAL |        READ_FIRST |      NONE |
|  matrix/deqacc/acc_store/banks[2].parity[0].ram/mem_reg_4 | RAMB36E2  |  B:B:512x72            |  A:A:512x72            |                    |        SIGNAL |        READ_FIRST |      NONE |                    |        SIGNAL |        READ_FIRST |      NONE |
|  matrix/deqacc/acc_store/banks[2].parity[0].ram/mem_reg_5 | RAMB36E2  |  B:B:512x72            |  A:A:512x72            |                    |        SIGNAL |        READ_FIRST |      NONE |                    |        SIGNAL |        READ_FIRST |      NONE |
|  matrix/deqacc/acc_store/banks[2].parity[0].ram/mem_reg_6 | RAMB36E2  |  B:B:512x72            |  A:A:512x72            |                    |        SIGNAL |        READ_FIRST |      NONE |                    |        SIGNAL |        READ_FIRST |      NONE |
|  matrix/deqacc/acc_store/banks[2].parity[0].ram/mem_reg_7 | RAMB18E2  |  B:B:512x8             |  A:A:512x8             |                    |        SIGNAL |        READ_FIRST |      NONE |                    |        SIGNAL |        READ_FIRST |      NONE |
| matrix/deqacc/acc_store/banks[2].parity[1].ram/mem        |           | 512x512                | 512x512                |                    |               |                   |           |                    |               |                   |           |
|  matrix/deqacc/acc_store/banks[2].parity[1].ram/mem_reg_0 | RAMB36E2  |  B:B:512x72            |  A:A:512x72            |                    |        SIGNAL |        READ_FIRST |      NONE |                    |        SIGNAL |        READ_FIRST |      NONE |
|  matrix/deqacc/acc_store/banks[2].parity[1].ram/mem_reg_1 | RAMB36E2  |  B:B:512x72            |  A:A:512x72            |                    |        SIGNAL |        READ_FIRST |      NONE |                    |        SIGNAL |        READ_FIRST |      NONE |
|  matrix/deqacc/acc_store/banks[2].parity[1].ram/mem_reg_2 | RAMB36E2  |  B:B:512x72            |  A:A:512x72            |                    |        SIGNAL |        READ_FIRST |      NONE |                    |        SIGNAL |        READ_FIRST |      NONE |
|  matrix/deqacc/acc_store/banks[2].parity[1].ram/mem_reg_3 | RAMB36E2  |  B:B:512x72            |  A:A:512x72            |                    |        SIGNAL |        READ_FIRST |      NONE |                    |        SIGNAL |        READ_FIRST |      NONE |
|  matrix/deqacc/acc_store/banks[2].parity[1].ram/mem_reg_4 | RAMB36E2  |  B:B:512x72            |  A:A:512x72            |                    |        SIGNAL |        READ_FIRST |      NONE |                    |        SIGNAL |        READ_FIRST |      NONE |
|  matrix/deqacc/acc_store/banks[2].parity[1].ram/mem_reg_5 | RAMB36E2  |  B:B:512x72            |  A:A:512x72            |                    |        SIGNAL |        READ_FIRST |      NONE |                    |        SIGNAL |        READ_FIRST |      NONE |
|  matrix/deqacc/acc_store/banks[2].parity[1].ram/mem_reg_6 | RAMB36E2  |  B:B:512x72            |  A:A:512x72            |                    |        SIGNAL |        READ_FIRST |      NONE |                    |        SIGNAL |        READ_FIRST |      NONE |
|  matrix/deqacc/acc_store/banks[2].parity[1].ram/mem_reg_7 | RAMB18E2  |  B:B:512x8             |  A:A:512x8             |                    |        SIGNAL |        READ_FIRST |      NONE |                    |        SIGNAL |        READ_FIRST |      NONE |
| qoz/banks[0].even_mem                                     |           | 512x136                | 512x136                |                    |               |                   |           |                    |               |                   |           |
|  qoz/banks[0].even_mem_reg_0                              | RAMB36E2  |  B:B:512x72            |  A:A:512x72            |                    |        SIGNAL |        READ_FIRST |      NONE |                    |        SIGNAL |        READ_FIRST |      NONE |
|  qoz/banks[0].even_mem_reg_1                              | RAMB36E2  |  B:B:512x64            |  A:A:512x64            |                    |        SIGNAL |        READ_FIRST |      NONE |                    |        SIGNAL |        READ_FIRST |      NONE |
| qoz/banks[0].odd_mem                                      |           | 512x136                | 512x136                |                    |               |                   |           |                    |               |                   |           |
|  qoz/banks[0].odd_mem_reg_0                               | RAMB36E2  |  B:B:512x72            |  A:A:512x72            |                    |        SIGNAL |        READ_FIRST |      NONE |                    |        SIGNAL |        READ_FIRST |      NONE |
|  qoz/banks[0].odd_mem_reg_1                               | RAMB36E2  |  B:B:512x64            |  A:A:512x64            |                    |        SIGNAL |        READ_FIRST |      NONE |                    |        SIGNAL |        READ_FIRST |      NONE |
| matrix/b_fifo/mem                                         |           | 512x288                | 512x288                |                    |               |                   |           |                    |               |                   |           |
|  matrix/b_fifo/mem_reg_0                                  | RAMB36E2  |  B:B:64x72             |  A:A:64x72             |                    |         POWER |        READ_FIRST |      NONE |                    |        SIGNAL |        READ_FIRST |      NONE |
|  matrix/b_fifo/mem_reg_1                                  | RAMB36E2  |  B:B:64x72             |  A:A:64x72             |                    |         POWER |        READ_FIRST |      NONE |                    |        SIGNAL |        READ_FIRST |      NONE |
|  matrix/b_fifo/mem_reg_2                                  | RAMB36E2  |  B:B:64x72             |  A:A:64x72             |                    |         POWER |        READ_FIRST |      NONE |                    |        SIGNAL |        READ_FIRST |      NONE |
|  matrix/b_fifo/mem_reg_3                                  | RAMB36E2  |  B:B:64x72             |  A:A:64x72             |                    |         POWER |        READ_FIRST |      NONE |                    |        SIGNAL |        READ_FIRST |      NONE |
| matrix/a_fifo/mem_even                                    |           | 512x288                | 512x288                |                    |               |                   |           |                    |               |                   |           |
|  matrix/a_fifo/mem_even_reg_0                             | RAMB36E2  |  B:B:32x72             |  A:A:32x72             |                    |         POWER |        READ_FIRST |      NONE |                    |         POWER |        READ_FIRST |      NONE |
|  matrix/a_fifo/mem_even_reg_1                             | RAMB36E2  |  B:B:32x72             |  A:A:32x72             |                    |         POWER |        READ_FIRST |      NONE |                    |         POWER |        READ_FIRST |      NONE |
|  matrix/a_fifo/mem_even_reg_2                             | RAMB36E2  |  B:B:32x72             |  A:A:32x72             |                    |         POWER |        READ_FIRST |      NONE |                    |         POWER |        READ_FIRST |      NONE |
|  matrix/a_fifo/mem_even_reg_3                             | RAMB36E2  |  B:B:32x72             |  A:A:32x72             |                    |         POWER |        READ_FIRST |      NONE |                    |         POWER |        READ_FIRST |      NONE |
| matrix/a_fifo/mem_odd                                     |           | 512x288                | 512x288                |                    |               |                   |           |                    |               |                   |           |
|  matrix/a_fifo/mem_odd_reg_0                              | RAMB36E2  |  B:B:32x72             |  A:A:32x72             |                    |         POWER |        READ_FIRST |      NONE |                    |         POWER |        READ_FIRST |      NONE |
|  matrix/a_fifo/mem_odd_reg_1                              | RAMB36E2  |  B:B:32x72             |  A:A:32x72             |                    |         POWER |        READ_FIRST |      NONE |                    |         POWER |        READ_FIRST |      NONE |
|  matrix/a_fifo/mem_odd_reg_2                              | RAMB36E2  |  B:B:32x72             |  A:A:32x72             |                    |         POWER |        READ_FIRST |      NONE |                    |         POWER |        READ_FIRST |      NONE |
|  matrix/a_fifo/mem_odd_reg_3                              | RAMB36E2  |  B:B:32x72             |  A:A:32x72             |                    |         POWER |        READ_FIRST |      NONE |                    |         POWER |        READ_FIRST |      NONE |
| pbuf/banks[0].even_mem                                    |           | 512x136                | 512x136                |                    |               |                   |           |                    |               |                   |           |
|  pbuf/banks[0].even_mem_reg_0                             | RAMB36E2  |  B:B:32x72             |  A:A:32x72             |                    |        SIGNAL |        READ_FIRST |      NONE |                    |        SIGNAL |        READ_FIRST |      NONE |
|  pbuf/banks[0].even_mem_reg_1                             | RAMB36E2  |  B:B:32x64             |  A:A:32x64             |                    |        SIGNAL |        READ_FIRST |      NONE |                    |        SIGNAL |        READ_FIRST |      NONE |
| pbuf/banks[1].even_mem                                    |           | 512x136                | 512x136                |                    |               |                   |           |                    |               |                   |           |
|  pbuf/banks[1].even_mem_reg_0                             | RAMB36E2  |  B:B:32x72             |  A:A:32x72             |                    |        SIGNAL |        READ_FIRST |      NONE |                    |        SIGNAL |        READ_FIRST |      NONE |
|  pbuf/banks[1].even_mem_reg_1                             | RAMB36E2  |  B:B:32x64             |  A:A:32x64             |                    |        SIGNAL |        READ_FIRST |      NONE |                    |        SIGNAL |        READ_FIRST |      NONE |
| pbuf/banks[0].odd_mem                                     |           | 512x136                | 512x136                |                    |               |                   |           |                    |               |                   |           |
|  pbuf/banks[0].odd_mem_reg_0                              | RAMB36E2  |  B:B:32x72             |  A:A:32x72             |                    |        SIGNAL |        READ_FIRST |      NONE |                    |        SIGNAL |        READ_FIRST |      NONE |
|  pbuf/banks[0].odd_mem_reg_1                              | RAMB36E2  |  B:B:32x64             |  A:A:32x64             |                    |        SIGNAL |        READ_FIRST |      NONE |                    |        SIGNAL |        READ_FIRST |      NONE |
| pbuf/banks[1].odd_mem                                     |           | 512x136                | 512x136                |                    |               |                   |           |                    |               |                   |           |
|  pbuf/banks[1].odd_mem_reg_0                              | RAMB36E2  |  B:B:32x72             |  A:A:32x72             |                    |        SIGNAL |        READ_FIRST |      NONE |                    |        SIGNAL |        READ_FIRST |      NONE |
|  pbuf/banks[1].odd_mem_reg_1                              | RAMB36E2  |  B:B:32x64             |  A:A:32x64             |                    |        SIGNAL |        READ_FIRST |      NONE |                    |        SIGNAL |        READ_FIRST |      NONE |
+-----------------------------------------------------------+-----------+------------------------+------------------------+--------------------+---------------+-------------------+-----------+--------------------+---------------+-------------------+-----------+


