Copyright 1986-2022 Xilinx, Inc. All Rights Reserved.
------------------------------------------------------------------------------------------------------------------------------------------------------------------------
| Tool Version      : Vivado v.2022.2 (win64) Build 3671981 Fri Oct 14 05:00:03 MDT 2022
| Date              : Wed Sep 30 15:27:20 2026
| Host              : FLY running 64-bit major release  (build 9200)
| Command           : report_timing_summary -delay_type max -max_paths 10 -file C:/Users/fly04/Desktop/VLA/PCore_2.0/v3/reports/ooc_dea8_attention_matrix_v3/timing.rpt
| Design            : dea8_attention_matrix_v3
| Device            : xcu50-fsvh2104
| Speed File        : -2  PRODUCTION 1.30 05-01-2022
| Temperature Grade : E
------------------------------------------------------------------------------------------------------------------------------------------------------------------------

Timing Summary Report

------------------------------------------------------------------------------------------------
| Timer Settings
| --------------
------------------------------------------------------------------------------------------------

  Enable Multi Corner Analysis               :  Yes
  Enable Pessimism Removal                   :  Yes
  Pessimism Removal Resolution               :  Nearest Common Node
  Enable Input Delay Default Clock           :  No
  Enable Preset / Clear Arcs                 :  No
  Disable Flight Delays                      :  No
  Ignore I/O Paths                           :  No
  Timing Early Launch at Borrowing Latches   :  No
  Borrow Time for Max Delay Exceptions       :  Yes
  Merge Timing Exceptions                    :  Yes

  Corner  Analyze    Analyze    
  Name    Max Paths  Min Paths  
  ------  ---------  ---------  
  Slow    Yes        Yes        
  Fast    Yes        Yes        


------------------------------------------------------------------------------------------------
| Report Methodology
| ------------------
------------------------------------------------------------------------------------------------

No report available as report_methodology has not been run prior. Run report_methodology on the current design for the summary of methodology violations.



check_timing report

Table of Contents
-----------------
1. checking no_clock (0)
2. checking constant_clock (0)
3. checking pulse_width_clock (0)
4. checking unconstrained_internal_endpoints (0)
5. checking no_input_delay (2292)
6. checking no_output_delay (1092)
7. checking multiple_clock (0)
8. checking generated_clocks (0)
9. checking loops (0)
10. checking partial_input_delay (0)
11. checking partial_output_delay (0)
12. checking latch_loops (0)

1. checking no_clock (0)
------------------------
 There are 0 register/latch pins with no clock.


2. checking constant_clock (0)
------------------------------
 There are 0 register/latch pins with constant_clock.


3. checking pulse_width_clock (0)
---------------------------------
 There are 0 register/latch pins which need pulse_width check


4. checking unconstrained_internal_endpoints (0)
------------------------------------------------
 There are 0 pins that are not constrained for maximum delay.

 There are 0 pins that are not constrained for maximum delay due to constant clock.


5. checking no_input_delay (2292)
---------------------------------
 There are 2292 input ports with no input delay specified. (HIGH)

 There are 0 input ports with no input delay but user has a false path constraint.


6. checking no_output_delay (1092)
----------------------------------
 There are 1092 ports with no output delay specified. (HIGH)

 There are 0 ports with no output delay but user has a false path constraint

 There are 0 ports with no output delay but with a timing clock defined on it or propagating through it


7. checking multiple_clock (0)
------------------------------
 There are 0 register/latch pins with multiple clocks.


8. checking generated_clocks (0)
--------------------------------
 There are 0 generated clocks that are not connected to a clock source.


9. checking loops (0)
---------------------
 There are 0 combinational loops in the design.


10. checking partial_input_delay (0)
------------------------------------
 There are 0 input ports with partial input delay specified.


11. checking partial_output_delay (0)
-------------------------------------
 There are 0 ports with partial output delay specified.


12. checking latch_loops (0)
----------------------------
 There are 0 combinational latch loops in the design through latch input



------------------------------------------------------------------------------------------------
| Design Timing Summary
| ---------------------
------------------------------------------------------------------------------------------------

    WNS(ns)      TNS(ns)  TNS Failing Endpoints  TNS Total Endpoints     WPWS(ns)     TPWS(ns)  TPWS Failing Endpoints  TPWS Total Endpoints  
    -------      -------  ---------------------  -------------------     --------     --------  ----------------------  --------------------  
      0.291        0.000                      0               126573        1.458        0.000                       0                 47520  


All user specified timing constraints are met.


------------------------------------------------------------------------------------------------
| Clock Summary
| -------------
------------------------------------------------------------------------------------------------

Clock     Waveform(ns)         Period(ns)      Frequency(MHz)
-----     ------------         ----------      --------------
core_clk  {0.000 2.000}        4.000           250.000         


------------------------------------------------------------------------------------------------
| Intra Clock Table
| -----------------
------------------------------------------------------------------------------------------------

Clock             WNS(ns)      TNS(ns)  TNS Failing Endpoints  TNS Total Endpoints     WPWS(ns)     TPWS(ns)  TPWS Failing Endpoints  TPWS Total Endpoints  
-----             -------      -------  ---------------------  -------------------     --------     --------  ----------------------  --------------------  
core_clk            0.291        0.000                      0               126573        1.458        0.000                       0                 47520  


------------------------------------------------------------------------------------------------
| Inter Clock Table
| -----------------
------------------------------------------------------------------------------------------------

From Clock    To Clock          WNS(ns)      TNS(ns)  TNS Failing Endpoints  TNS Total Endpoints  
----------    --------          -------      -------  ---------------------  -------------------  


------------------------------------------------------------------------------------------------
| Other Path Groups Table
| -----------------------
------------------------------------------------------------------------------------------------

Path Group    From Clock    To Clock          WNS(ns)      TNS(ns)  TNS Failing Endpoints  TNS Total Endpoints  
----------    ----------    --------          -------      -------  ---------------------  -------------------  


------------------------------------------------------------------------------------------------
| Timing Details
| --------------
------------------------------------------------------------------------------------------------


---------------------------------------------------------------------------------------------------
From Clock:  core_clk
  To Clock:  core_clk

Setup :            0  Failing Endpoints,  Worst Slack        0.291ns,  Total Violation        0.000ns
Hold  :           NA  Failing Endpoints,  Worst Slack           NA  ,  Total Violation           NA
PW    :            0  Failing Endpoints,  Worst Slack        1.458ns,  Total Violation        0.000ns
---------------------------------------------------------------------------------------------------


Max Delay Paths
--------------------------------------------------------------------------------------
Slack (MET) :             0.291ns  (required time - arrival time)
  Source:                 matrix/deqacc/exponent_q0_reg[1][12][0]/C
                            (rising edge-triggered cell FDRE clocked by core_clk  {rise@0.000ns fall@2.000ns period=4.000ns})
  Destination:            matrix/deqacc/partial_q1_reg[1][12][23]/D
                            (rising edge-triggered cell FDRE clocked by core_clk  {rise@0.000ns fall@2.000ns period=4.000ns})
  Path Group:             core_clk
  Path Type:              Setup (Max at Slow Process Corner)
  Requirement:            4.000ns  (core_clk rise@4.000ns - core_clk rise@0.000ns)
  Data Path Delay:        3.690ns  (logic 1.104ns (29.919%)  route 2.586ns (70.081%))
  Logic Levels:           17  (CARRY8=4 LUT1=1 LUT4=2 LUT5=2 LUT6=8)
  Clock Path Skew:        -0.009ns (DCD - SCD + CPR)
    Destination Clock Delay (DCD):    0.021ns = ( 4.021 - 4.000 ) 
    Source Clock Delay      (SCD):    0.030ns
    Clock Pessimism Removal (CPR):    0.000ns
  Clock Uncertainty:      0.035ns  ((TSJ^2 + TIJ^2)^1/2 + DJ) / 2 + PE
    Total System Jitter     (TSJ):    0.071ns
    Total Input Jitter      (TIJ):    0.000ns
    Discrete Jitter          (DJ):    0.000ns
    Phase Error              (PE):    0.000ns

    Location             Delay type                Incr(ns)  Path(ns)    Netlist Resource(s)
  -------------------------------------------------------------------    -------------------
                         (clock core_clk rise edge)
                                                      0.000     0.000 r  
                                                      0.000     0.000 r  clk (IN)
                         net (fo=49055, unset)        0.030     0.030    matrix/deqacc/clk
                         FDRE                                         r  matrix/deqacc/exponent_q0_reg[1][12][0]/C
  -------------------------------------------------------------------    -------------------
                         FDRE (Prop_FDRE_C_Q)         0.077     0.107 r  matrix/deqacc/exponent_q0_reg[1][12][0]/Q
                         net (fo=128, unplaced)       0.182     0.289    matrix/deqacc/exponent_q0_reg[1][12]_744[0]
                         LUT4 (Prop_LUT4_I1_O)        0.090     0.379 r  matrix/deqacc/partial_q1[1][12][22]_i_28/O
                         net (fo=7, unplaced)         0.210     0.589    matrix/deqacc/partial_q1[1][12][22]_i_28_n_0
                         LUT5 (Prop_LUT5_I3_O)        0.038     0.627 f  matrix/deqacc/partial_q1[1][12][22]_i_26/O
                         net (fo=2, unplaced)         0.185     0.812    matrix/deqacc/partial_q1[1][12][22]_i_26_n_0
                         LUT1 (Prop_LUT1_I0_O)        0.038     0.850 r  matrix/deqacc/partial_q1[1][12][22]_i_7/O
                         net (fo=3, unplaced)         0.193     1.043    matrix/deqacc/partial_q1[1][12][22]_i_7_n_0
                         CARRY8 (Prop_CARRY8_DI[3]_CO[5])
                                                      0.144     1.187 r  matrix/deqacc/partial_q1_reg[1][12][7]_i_39/CO[5]
                         net (fo=7, unplaced)         0.120     1.307    matrix/deqacc/partial_q1_reg[1][12][7]_i_39_n_2
                         LUT4 (Prop_LUT4_I3_O)        0.038     1.345 r  matrix/deqacc/partial_q1[1][12][7]_i_120/O
                         net (fo=1, unplaced)         0.185     1.530    matrix/deqacc/partial_q1[1][12][7]_i_120_n_0
                         LUT6 (Prop_LUT6_I4_O)        0.038     1.568 r  matrix/deqacc/partial_q1[1][12][7]_i_118/O
                         net (fo=1, unplaced)         0.185     1.753    matrix/deqacc/partial_q1[1][12][7]_i_118_n_0
                         LUT6 (Prop_LUT6_I2_O)        0.038     1.791 r  matrix/deqacc/partial_q1[1][12][7]_i_110/O
                         net (fo=1, unplaced)         0.185     1.976    matrix/deqacc/partial_q1[1][12][7]_i_110_n_0
                         LUT6 (Prop_LUT6_I5_O)        0.038     2.014 r  matrix/deqacc/partial_q1[1][12][7]_i_82/O
                         net (fo=1, unplaced)         0.185     2.199    matrix/deqacc/partial_q1[1][12][7]_i_82_n_0
                         LUT6 (Prop_LUT6_I5_O)        0.038     2.237 r  matrix/deqacc/partial_q1[1][12][7]_i_46/O
                         net (fo=1, unplaced)         0.185     2.422    matrix/deqacc/partial_q1[1][12][7]_i_46_n_0
                         LUT6 (Prop_LUT6_I4_O)        0.038     2.460 f  matrix/deqacc/partial_q1[1][12][7]_i_24/O
                         net (fo=1, unplaced)         0.185     2.645    matrix/deqacc/partial_q1[1][12][7]_i_24_n_0
                         LUT6 (Prop_LUT6_I4_O)        0.038     2.683 r  matrix/deqacc/partial_q1[1][12][7]_i_12/O
                         net (fo=1, unplaced)         0.020     2.703    matrix/deqacc/partial_q1[1][12][7]_i_12_n_0
                         CARRY8 (Prop_CARRY8_S[0]_CO[7])
                                                      0.199     2.902 r  matrix/deqacc/partial_q1_reg[1][12][7]_i_2/CO[7]
                         net (fo=1, unplaced)         0.005     2.907    matrix/deqacc/partial_q1_reg[1][12][7]_i_2_n_0
                         CARRY8 (Prop_CARRY8_CI_CO[7])
                                                      0.022     2.929 r  matrix/deqacc/partial_q1_reg[1][12][15]_i_2/CO[7]
                         net (fo=1, unplaced)         0.005     2.934    matrix/deqacc/partial_q1_reg[1][12][15]_i_2_n_0
                         CARRY8 (Prop_CARRY8_CI_O[7])
                                                      0.116     3.050 r  matrix/deqacc/partial_q1_reg[1][12][22]_i_4/O[7]
                         net (fo=1, unplaced)         0.138     3.188    matrix/deqacc/partial_q1_reg[1][12][22]_i_4_n_8
                         LUT6 (Prop_LUT6_I0_O)        0.038     3.226 f  matrix/deqacc/partial_q1[1][12][23]_i_3/O
                         net (fo=1, unplaced)         0.185     3.411    matrix/deqacc/partial_q1[1][12][23]_i_3_n_0
                         LUT6 (Prop_LUT6_I5_O)        0.038     3.449 r  matrix/deqacc/partial_q1[1][12][23]_i_2/O
                         net (fo=1, unplaced)         0.185     3.634    matrix/deqacc/partial_q1[1][12][23]_i_2_n_0
                         LUT5 (Prop_LUT5_I0_O)        0.038     3.672 r  matrix/deqacc/partial_q1[1][12][23]_i_1/O
                         net (fo=1, unplaced)         0.048     3.720    matrix/deqacc/partial_q1[1][12][23]_i_1_n_0
                         FDRE                                         r  matrix/deqacc/partial_q1_reg[1][12][23]/D
  -------------------------------------------------------------------    -------------------

                         (clock core_clk rise edge)
                                                      4.000     4.000 r  
                                                      0.000     4.000 r  clk (IN)
                         net (fo=49055, unset)        0.021     4.021    matrix/deqacc/clk
                         FDRE                                         r  matrix/deqacc/partial_q1_reg[1][12][23]/C
                         clock pessimism              0.000     4.021    
                         clock uncertainty           -0.035     3.986    
                         FDRE (Setup_FDRE_C_D)        0.025     4.011    matrix/deqacc/partial_q1_reg[1][12][23]
  -------------------------------------------------------------------
                         required time                          4.011    
                         arrival time                          -3.720    
  -------------------------------------------------------------------
                         slack                                  0.291    

Slack (MET) :             0.400ns  (required time - arrival time)
  Source:                 matrix/deqacc/exponent_q0_reg[1][14][4]/C
                            (rising edge-triggered cell FDRE clocked by core_clk  {rise@0.000ns fall@2.000ns period=4.000ns})
  Destination:            matrix/deqacc/partial_q1_reg[1][14][23]/D
                            (rising edge-triggered cell FDRE clocked by core_clk  {rise@0.000ns fall@2.000ns period=4.000ns})
  Path Group:             core_clk
  Path Type:              Setup (Max at Slow Process Corner)
  Requirement:            4.000ns  (core_clk rise@4.000ns - core_clk rise@0.000ns)
  Data Path Delay:        3.581ns  (logic 1.139ns (31.807%)  route 2.442ns (68.193%))
  Logic Levels:           17  (CARRY8=4 LUT1=1 LUT2=1 LUT4=1 LUT5=2 LUT6=8)
  Clock Path Skew:        -0.009ns (DCD - SCD + CPR)
    Destination Clock Delay (DCD):    0.021ns = ( 4.021 - 4.000 ) 
    Source Clock Delay      (SCD):    0.030ns
    Clock Pessimism Removal (CPR):    0.000ns
  Clock Uncertainty:      0.035ns  ((TSJ^2 + TIJ^2)^1/2 + DJ) / 2 + PE
    Total System Jitter     (TSJ):    0.071ns
    Total Input Jitter      (TIJ):    0.000ns
    Discrete Jitter          (DJ):    0.000ns
    Phase Error              (PE):    0.000ns

    Location             Delay type                Incr(ns)  Path(ns)    Netlist Resource(s)
  -------------------------------------------------------------------    -------------------
                         (clock core_clk rise edge)
                                                      0.000     0.000 r  
                                                      0.000     0.000 r  clk (IN)
                         net (fo=49055, unset)        0.030     0.030    matrix/deqacc/clk
                         FDRE                                         r  matrix/deqacc/exponent_q0_reg[1][14][4]/C
  -------------------------------------------------------------------    -------------------
                         FDRE (Prop_FDRE_C_Q)         0.076     0.106 f  matrix/deqacc/exponent_q0_reg[1][14][4]/Q
                         net (fo=38, unplaced)        0.162     0.268    matrix/deqacc/exponent_q0_reg[1][14]_790[4]
                         LUT5 (Prop_LUT5_I0_O)        0.125     0.393 r  matrix/deqacc/partial_q1[1][14][22]_i_25/O
                         net (fo=12, unplaced)        0.222     0.615    matrix/deqacc/partial_q1[1][14][22]_i_25_n_0
                         LUT4 (Prop_LUT4_I1_O)        0.038     0.653 f  matrix/deqacc/partial_q1[1][14][22]_i_26/O
                         net (fo=6, unplaced)         0.207     0.860    matrix/deqacc/partial_q1[1][14][22]_i_26_n_0
                         LUT1 (Prop_LUT1_I0_O)        0.037     0.897 r  matrix/deqacc/partial_q1[1][14][7]_i_94/O
                         net (fo=1, unplaced)         0.032     0.929    matrix/deqacc/partial_q1[1][14][7]_i_94_n_0
                         CARRY8 (Prop_CARRY8_S[3]_CO[5])
                                                      0.146     1.075 r  matrix/deqacc/partial_q1_reg[1][14][7]_i_50/CO[5]
                         net (fo=8, unplaced)         0.123     1.198    matrix/deqacc/p_2_in__0__0
                         LUT2 (Prop_LUT2_I1_O)        0.038     1.236 r  matrix/deqacc/partial_q1[1][14][7]_i_114/O
                         net (fo=2, unplaced)         0.185     1.421    matrix/deqacc/partial_q1[1][14][7]_i_114_n_0
                         LUT6 (Prop_LUT6_I2_O)        0.038     1.459 f  matrix/deqacc/partial_q1[1][14][7]_i_82/O
                         net (fo=2, unplaced)         0.185     1.644    matrix/deqacc/partial_q1[1][14][7]_i_82_n_0
                         LUT6 (Prop_LUT6_I0_O)        0.038     1.682 f  matrix/deqacc/partial_q1[1][14][7]_i_103/O
                         net (fo=1, unplaced)         0.185     1.867    matrix/deqacc/partial_q1[1][14][7]_i_103_n_0
                         LUT6 (Prop_LUT6_I4_O)        0.038     1.905 f  matrix/deqacc/partial_q1[1][14][7]_i_76/O
                         net (fo=1, unplaced)         0.185     2.090    matrix/deqacc/partial_q1[1][14][7]_i_76_n_0
                         LUT6 (Prop_LUT6_I2_O)        0.038     2.128 r  matrix/deqacc/partial_q1[1][14][7]_i_45/O
                         net (fo=1, unplaced)         0.185     2.313    matrix/deqacc/partial_q1[1][14][7]_i_45_n_0
                         LUT6 (Prop_LUT6_I1_O)        0.038     2.351 r  matrix/deqacc/partial_q1[1][14][7]_i_25/O
                         net (fo=1, unplaced)         0.185     2.536    matrix/deqacc/partial_q1[1][14][7]_i_25_n_0
                         LUT6 (Prop_LUT6_I2_O)        0.038     2.574 r  matrix/deqacc/partial_q1[1][14][7]_i_12/O
                         net (fo=1, unplaced)         0.020     2.594    matrix/deqacc/partial_q1[1][14][7]_i_12_n_0
                         CARRY8 (Prop_CARRY8_S[0]_CO[7])
                                                      0.199     2.793 r  matrix/deqacc/partial_q1_reg[1][14][7]_i_2/CO[7]
                         net (fo=1, unplaced)         0.005     2.798    matrix/deqacc/partial_q1_reg[1][14][7]_i_2_n_0
                         CARRY8 (Prop_CARRY8_CI_CO[7])
                                                      0.022     2.820 r  matrix/deqacc/partial_q1_reg[1][14][15]_i_2/CO[7]
                         net (fo=1, unplaced)         0.005     2.825    matrix/deqacc/partial_q1_reg[1][14][15]_i_2_n_0
                         CARRY8 (Prop_CARRY8_CI_O[7])
                                                      0.116     2.941 r  matrix/deqacc/partial_q1_reg[1][14][22]_i_4/O[7]
                         net (fo=1, unplaced)         0.138     3.079    matrix/deqacc/partial_q1_reg[1][14][22]_i_4_n_8
                         LUT6 (Prop_LUT6_I0_O)        0.038     3.117 f  matrix/deqacc/partial_q1[1][14][23]_i_3/O
                         net (fo=1, unplaced)         0.185     3.302    matrix/deqacc/partial_q1[1][14][23]_i_3_n_0
                         LUT6 (Prop_LUT6_I5_O)        0.038     3.340 r  matrix/deqacc/partial_q1[1][14][23]_i_2/O
                         net (fo=1, unplaced)         0.185     3.525    matrix/deqacc/partial_q1[1][14][23]_i_2_n_0
                         LUT5 (Prop_LUT5_I0_O)        0.038     3.563 r  matrix/deqacc/partial_q1[1][14][23]_i_1/O
                         net (fo=1, unplaced)         0.048     3.611    matrix/deqacc/partial_q1[1][14][23]_i_1_n_0
                         FDRE                                         r  matrix/deqacc/partial_q1_reg[1][14][23]/D
  -------------------------------------------------------------------    -------------------

                         (clock core_clk rise edge)
                                                      4.000     4.000 r  
                                                      0.000     4.000 r  clk (IN)
                         net (fo=49055, unset)        0.021     4.021    matrix/deqacc/clk
                         FDRE                                         r  matrix/deqacc/partial_q1_reg[1][14][23]/C
                         clock pessimism              0.000     4.021    
                         clock uncertainty           -0.035     3.986    
                         FDRE (Setup_FDRE_C_D)        0.025     4.011    matrix/deqacc/partial_q1_reg[1][14][23]
  -------------------------------------------------------------------
                         required time                          4.011    
                         arrival time                          -3.611    
  -------------------------------------------------------------------
                         slack                                  0.400    

Slack (MET) :             0.427ns  (required time - arrival time)
  Source:                 matrix/deqacc/genblk1[0].lanes[10].lane/raw_q2_reg[sum_raw][22]/C
                            (rising edge-triggered cell FDRE clocked by core_clk  {rise@0.000ns fall@2.000ns period=4.000ns})
  Destination:            matrix/deqacc/genblk1[0].lanes[10].lane/norm_q3_reg[sum_norm][1]/D
                            (rising edge-triggered cell FDRE clocked by core_clk  {rise@0.000ns fall@2.000ns period=4.000ns})
  Path Group:             core_clk
  Path Type:              Setup (Max at Slow Process Corner)
  Requirement:            4.000ns  (core_clk rise@4.000ns - core_clk rise@0.000ns)
  Data Path Delay:        3.554ns  (logic 0.864ns (24.311%)  route 2.690ns (75.689%))
  Logic Levels:           13  (CARRY8=1 LUT2=1 LUT3=1 LUT4=4 LUT5=3 LUT6=3)
  Clock Path Skew:        -0.009ns (DCD - SCD + CPR)
    Destination Clock Delay (DCD):    0.021ns = ( 4.021 - 4.000 ) 
    Source Clock Delay      (SCD):    0.030ns
    Clock Pessimism Removal (CPR):    0.000ns
  Clock Uncertainty:      0.035ns  ((TSJ^2 + TIJ^2)^1/2 + DJ) / 2 + PE
    Total System Jitter     (TSJ):    0.071ns
    Total Input Jitter      (TIJ):    0.000ns
    Discrete Jitter          (DJ):    0.000ns
    Phase Error              (PE):    0.000ns

    Location             Delay type                Incr(ns)  Path(ns)    Netlist Resource(s)
  -------------------------------------------------------------------    -------------------
                         (clock core_clk rise edge)
                                                      0.000     0.000 r  
                                                      0.000     0.000 r  clk (IN)
                         net (fo=49055, unset)        0.030     0.030    matrix/deqacc/genblk1[0].lanes[10].lane/clk
                         FDRE                                         r  matrix/deqacc/genblk1[0].lanes[10].lane/raw_q2_reg[sum_raw][22]/C
  -------------------------------------------------------------------    -------------------
                         FDRE (Prop_FDRE_C_Q)         0.078     0.108 r  matrix/deqacc/genblk1[0].lanes[10].lane/raw_q2_reg[sum_raw][22]/Q
                         net (fo=4, unplaced)         0.104     0.212    matrix/deqacc/genblk1[0].lanes[10].lane/raw_q2_reg[sum_raw_n_0_][22]
                         LUT4 (Prop_LUT4_I0_O)        0.100     0.312 r  matrix/deqacc/genblk1[0].lanes[10].lane/norm_q3[is_zero]_i_7__23/O
                         net (fo=1, unplaced)         0.185     0.497    matrix/deqacc/genblk1[0].lanes[10].lane/norm_q3[is_zero]_i_7__23_n_0
                         LUT5 (Prop_LUT5_I4_O)        0.038     0.535 r  matrix/deqacc/genblk1[0].lanes[10].lane/norm_q3[is_zero]_i_4__23/O
                         net (fo=3, unplaced)         0.191     0.726    matrix/deqacc/genblk1[0].lanes[10].lane/norm_q3[is_zero]_i_4__23_n_0
                         LUT4 (Prop_LUT4_I1_O)        0.038     0.764 r  matrix/deqacc/genblk1[0].lanes[10].lane/norm_q3[exponent_norm][7]_i_11__23/O
                         net (fo=13, unplaced)        0.224     0.988    matrix/deqacc/genblk1[0].lanes[10].lane/norm_q3[exponent_norm][7]_i_11__23_n_0
                         LUT3 (Prop_LUT3_I1_O)        0.038     1.026 r  matrix/deqacc/genblk1[0].lanes[10].lane/norm_q3[exponent_norm][7]_i_13__23/O
                         net (fo=12, unplaced)        0.222     1.248    matrix/deqacc/genblk1[0].lanes[10].lane/norm_q3[exponent_norm][7]_i_13__23_n_0
                         LUT6 (Prop_LUT6_I4_O)        0.038     1.286 r  matrix/deqacc/genblk1[0].lanes[10].lane/norm_q3[sum_norm][26]_i_8__23/O
                         net (fo=18, unplaced)        0.232     1.518    matrix/deqacc/genblk1[0].lanes[10].lane/norm_q3[sum_norm][26]_i_8__23_n_0
                         LUT4 (Prop_LUT4_I3_O)        0.038     1.556 r  matrix/deqacc/genblk1[0].lanes[10].lane/norm_q3[sum_norm][26]_i_9__23/O
                         net (fo=16, unplaced)        0.184     1.740    matrix/deqacc/genblk1[0].lanes[10].lane/norm_q3[sum_norm][26]_i_9__23_n_0
                         LUT6 (Prop_LUT6_I2_O)        0.090     1.830 r  matrix/deqacc/genblk1[0].lanes[10].lane/norm_q3[sum_norm][26]_i_3__23/O
                         net (fo=5, unplaced)         0.203     2.033    matrix/deqacc/genblk1[0].lanes[10].lane/norm_q3[sum_norm][26]_i_3__23_n_0
                         LUT4 (Prop_LUT4_I0_O)        0.070     2.103 f  matrix/deqacc/genblk1[0].lanes[10].lane/norm_q3[sum_norm][26]_i_19__23/O
                         net (fo=1, unplaced)         0.242     2.345    matrix/deqacc/genblk1[0].lanes[10].lane/norm_q3[sum_norm][26]_i_19__23_n_0
                         CARRY8 (Prop_CARRY8_DI[0]_CO[4])
                                                      0.184     2.529 f  matrix/deqacc/genblk1[0].lanes[10].lane/norm_q3_reg[sum_norm][26]_i_4__22/CO[4]
                         net (fo=37, unplaced)        0.246     2.775    matrix/deqacc/genblk1[0].lanes[10].lane/norm_q3_reg[sum_norm][26]_i_4__22_n_3
                         LUT2 (Prop_LUT2_I0_O)        0.038     2.813 r  matrix/deqacc/genblk1[0].lanes[10].lane/norm_q3[sum_norm][24]_i_8__23/O
                         net (fo=2, unplaced)         0.185     2.998    matrix/deqacc/genblk1[0].lanes[10].lane/norm_q3[sum_norm][24]_i_8__23_n_0
                         LUT6 (Prop_LUT6_I0_O)        0.038     3.036 r  matrix/deqacc/genblk1[0].lanes[10].lane/norm_q3[sum_norm][24]_i_5__23/O
                         net (fo=25, unplaced)        0.239     3.275    matrix/deqacc/genblk1[0].lanes[10].lane/norm_q3[sum_norm][24]_i_5__23_n_0
                         LUT5 (Prop_LUT5_I2_O)        0.038     3.313 r  matrix/deqacc/genblk1[0].lanes[10].lane/norm_q3[sum_norm][1]_i_2__23/O
                         net (fo=1, unplaced)         0.185     3.498    matrix/deqacc/genblk1[0].lanes[10].lane/norm_q3[sum_norm][1]_i_2__23_n_0
                         LUT5 (Prop_LUT5_I4_O)        0.038     3.536 r  matrix/deqacc/genblk1[0].lanes[10].lane/norm_q3[sum_norm][1]_i_1__23/O
                         net (fo=1, unplaced)         0.048     3.584    matrix/deqacc/genblk1[0].lanes[10].lane/fp32_normalize_mid[sum_norm]_return[1]
                         FDRE                                         r  matrix/deqacc/genblk1[0].lanes[10].lane/norm_q3_reg[sum_norm][1]/D
  -------------------------------------------------------------------    -------------------

                         (clock core_clk rise edge)
                                                      4.000     4.000 r  
                                                      0.000     4.000 r  clk (IN)
                         net (fo=49055, unset)        0.021     4.021    matrix/deqacc/genblk1[0].lanes[10].lane/clk
                         FDRE                                         r  matrix/deqacc/genblk1[0].lanes[10].lane/norm_q3_reg[sum_norm][1]/C
                         clock pessimism              0.000     4.021    
                         clock uncertainty           -0.035     3.986    
                         FDRE (Setup_FDRE_C_D)        0.025     4.011    matrix/deqacc/genblk1[0].lanes[10].lane/norm_q3_reg[sum_norm][1]
  -------------------------------------------------------------------
                         required time                          4.011    
                         arrival time                          -3.584    
  -------------------------------------------------------------------
                         slack                                  0.427    

Slack (MET) :             0.427ns  (required time - arrival time)
  Source:                 matrix/deqacc/genblk1[0].lanes[10].lane/raw_q2_reg[sum_raw][22]/C
                            (rising edge-triggered cell FDRE clocked by core_clk  {rise@0.000ns fall@2.000ns period=4.000ns})
  Destination:            matrix/deqacc/genblk1[0].lanes[10].lane/norm_q3_reg[sum_norm][25]/D
                            (rising edge-triggered cell FDRE clocked by core_clk  {rise@0.000ns fall@2.000ns period=4.000ns})
  Path Group:             core_clk
  Path Type:              Setup (Max at Slow Process Corner)
  Requirement:            4.000ns  (core_clk rise@4.000ns - core_clk rise@0.000ns)
  Data Path Delay:        3.554ns  (logic 0.864ns (24.311%)  route 2.690ns (75.689%))
  Logic Levels:           13  (CARRY8=1 LUT2=1 LUT3=1 LUT4=4 LUT5=1 LUT6=5)
  Clock Path Skew:        -0.009ns (DCD - SCD + CPR)
    Destination Clock Delay (DCD):    0.021ns = ( 4.021 - 4.000 ) 
    Source Clock Delay      (SCD):    0.030ns
    Clock Pessimism Removal (CPR):    0.000ns
  Clock Uncertainty:      0.035ns  ((TSJ^2 + TIJ^2)^1/2 + DJ) / 2 + PE
    Total System Jitter     (TSJ):    0.071ns
    Total Input Jitter      (TIJ):    0.000ns
    Discrete Jitter          (DJ):    0.000ns
    Phase Error              (PE):    0.000ns

    Location             Delay type                Incr(ns)  Path(ns)    Netlist Resource(s)
  -------------------------------------------------------------------    -------------------
                         (clock core_clk rise edge)
                                                      0.000     0.000 r  
                                                      0.000     0.000 r  clk (IN)
                         net (fo=49055, unset)        0.030     0.030    matrix/deqacc/genblk1[0].lanes[10].lane/clk
                         FDRE                                         r  matrix/deqacc/genblk1[0].lanes[10].lane/raw_q2_reg[sum_raw][22]/C
  -------------------------------------------------------------------    -------------------
                         FDRE (Prop_FDRE_C_Q)         0.078     0.108 r  matrix/deqacc/genblk1[0].lanes[10].lane/raw_q2_reg[sum_raw][22]/Q
                         net (fo=4, unplaced)         0.104     0.212    matrix/deqacc/genblk1[0].lanes[10].lane/raw_q2_reg[sum_raw_n_0_][22]
                         LUT4 (Prop_LUT4_I0_O)        0.100     0.312 r  matrix/deqacc/genblk1[0].lanes[10].lane/norm_q3[is_zero]_i_7__23/O
                         net (fo=1, unplaced)         0.185     0.497    matrix/deqacc/genblk1[0].lanes[10].lane/norm_q3[is_zero]_i_7__23_n_0
                         LUT5 (Prop_LUT5_I4_O)        0.038     0.535 r  matrix/deqacc/genblk1[0].lanes[10].lane/norm_q3[is_zero]_i_4__23/O
                         net (fo=3, unplaced)         0.191     0.726    matrix/deqacc/genblk1[0].lanes[10].lane/norm_q3[is_zero]_i_4__23_n_0
                         LUT4 (Prop_LUT4_I1_O)        0.038     0.764 r  matrix/deqacc/genblk1[0].lanes[10].lane/norm_q3[exponent_norm][7]_i_11__23/O
                         net (fo=13, unplaced)        0.224     0.988    matrix/deqacc/genblk1[0].lanes[10].lane/norm_q3[exponent_norm][7]_i_11__23_n_0
                         LUT3 (Prop_LUT3_I1_O)        0.038     1.026 r  matrix/deqacc/genblk1[0].lanes[10].lane/norm_q3[exponent_norm][7]_i_13__23/O
                         net (fo=12, unplaced)        0.222     1.248    matrix/deqacc/genblk1[0].lanes[10].lane/norm_q3[exponent_norm][7]_i_13__23_n_0
                         LUT6 (Prop_LUT6_I4_O)        0.038     1.286 r  matrix/deqacc/genblk1[0].lanes[10].lane/norm_q3[sum_norm][26]_i_8__23/O
                         net (fo=18, unplaced)        0.232     1.518    matrix/deqacc/genblk1[0].lanes[10].lane/norm_q3[sum_norm][26]_i_8__23_n_0
                         LUT4 (Prop_LUT4_I3_O)        0.038     1.556 r  matrix/deqacc/genblk1[0].lanes[10].lane/norm_q3[sum_norm][26]_i_9__23/O
                         net (fo=16, unplaced)        0.184     1.740    matrix/deqacc/genblk1[0].lanes[10].lane/norm_q3[sum_norm][26]_i_9__23_n_0
                         LUT6 (Prop_LUT6_I2_O)        0.090     1.830 r  matrix/deqacc/genblk1[0].lanes[10].lane/norm_q3[sum_norm][26]_i_3__23/O
                         net (fo=5, unplaced)         0.203     2.033    matrix/deqacc/genblk1[0].lanes[10].lane/norm_q3[sum_norm][26]_i_3__23_n_0
                         LUT4 (Prop_LUT4_I0_O)        0.070     2.103 f  matrix/deqacc/genblk1[0].lanes[10].lane/norm_q3[sum_norm][26]_i_19__23/O
                         net (fo=1, unplaced)         0.242     2.345    matrix/deqacc/genblk1[0].lanes[10].lane/norm_q3[sum_norm][26]_i_19__23_n_0
                         CARRY8 (Prop_CARRY8_DI[0]_CO[4])
                                                      0.184     2.529 f  matrix/deqacc/genblk1[0].lanes[10].lane/norm_q3_reg[sum_norm][26]_i_4__22/CO[4]
                         net (fo=37, unplaced)        0.246     2.775    matrix/deqacc/genblk1[0].lanes[10].lane/norm_q3_reg[sum_norm][26]_i_4__22_n_3
                         LUT2 (Prop_LUT2_I0_O)        0.038     2.813 r  matrix/deqacc/genblk1[0].lanes[10].lane/norm_q3[sum_norm][24]_i_8__23/O
                         net (fo=2, unplaced)         0.185     2.998    matrix/deqacc/genblk1[0].lanes[10].lane/norm_q3[sum_norm][24]_i_8__23_n_0
                         LUT6 (Prop_LUT6_I0_O)        0.038     3.036 r  matrix/deqacc/genblk1[0].lanes[10].lane/norm_q3[sum_norm][24]_i_5__23/O
                         net (fo=25, unplaced)        0.239     3.275    matrix/deqacc/genblk1[0].lanes[10].lane/norm_q3[sum_norm][24]_i_5__23_n_0
                         LUT6 (Prop_LUT6_I2_O)        0.038     3.313 r  matrix/deqacc/genblk1[0].lanes[10].lane/norm_q3[sum_norm][25]_i_2__23/O
                         net (fo=1, unplaced)         0.185     3.498    matrix/deqacc/genblk1[0].lanes[10].lane/norm_q3[sum_norm][25]_i_2__23_n_0
                         LUT6 (Prop_LUT6_I0_O)        0.038     3.536 r  matrix/deqacc/genblk1[0].lanes[10].lane/norm_q3[sum_norm][25]_i_1__23/O
                         net (fo=1, unplaced)         0.048     3.584    matrix/deqacc/genblk1[0].lanes[10].lane/fp32_normalize_mid[sum_norm]_return[25]
                         FDRE                                         r  matrix/deqacc/genblk1[0].lanes[10].lane/norm_q3_reg[sum_norm][25]/D
  -------------------------------------------------------------------    -------------------

                         (clock core_clk rise edge)
                                                      4.000     4.000 r  
                                                      0.000     4.000 r  clk (IN)
                         net (fo=49055, unset)        0.021     4.021    matrix/deqacc/genblk1[0].lanes[10].lane/clk
                         FDRE                                         r  matrix/deqacc/genblk1[0].lanes[10].lane/norm_q3_reg[sum_norm][25]/C
                         clock pessimism              0.000     4.021    
                         clock uncertainty           -0.035     3.986    
                         FDRE (Setup_FDRE_C_D)        0.025     4.011    matrix/deqacc/genblk1[0].lanes[10].lane/norm_q3_reg[sum_norm][25]
  -------------------------------------------------------------------
                         required time                          4.011    
                         arrival time                          -3.584    
  -------------------------------------------------------------------
                         slack                                  0.427    

Slack (MET) :             0.427ns  (required time - arrival time)
  Source:                 matrix/deqacc/genblk1[0].lanes[10].lane/raw_q2_reg[sum_raw][22]/C
                            (rising edge-triggered cell FDRE clocked by core_clk  {rise@0.000ns fall@2.000ns period=4.000ns})
  Destination:            matrix/deqacc/genblk1[0].lanes[10].lane/norm_q3_reg[sum_norm][2]/D
                            (rising edge-triggered cell FDRE clocked by core_clk  {rise@0.000ns fall@2.000ns period=4.000ns})
  Path Group:             core_clk
  Path Type:              Setup (Max at Slow Process Corner)
  Requirement:            4.000ns  (core_clk rise@4.000ns - core_clk rise@0.000ns)
  Data Path Delay:        3.554ns  (logic 0.864ns (24.311%)  route 2.690ns (75.689%))
  Logic Levels:           13  (CARRY8=1 LUT2=1 LUT3=1 LUT4=4 LUT5=2 LUT6=4)
  Clock Path Skew:        -0.009ns (DCD - SCD + CPR)
    Destination Clock Delay (DCD):    0.021ns = ( 4.021 - 4.000 ) 
    Source Clock Delay      (SCD):    0.030ns
    Clock Pessimism Removal (CPR):    0.000ns
  Clock Uncertainty:      0.035ns  ((TSJ^2 + TIJ^2)^1/2 + DJ) / 2 + PE
    Total System Jitter     (TSJ):    0.071ns
    Total Input Jitter      (TIJ):    0.000ns
    Discrete Jitter          (DJ):    0.000ns
    Phase Error              (PE):    0.000ns

    Location             Delay type                Incr(ns)  Path(ns)    Netlist Resource(s)
  -------------------------------------------------------------------    -------------------
                         (clock core_clk rise edge)
                                                      0.000     0.000 r  
                                                      0.000     0.000 r  clk (IN)
                         net (fo=49055, unset)        0.030     0.030    matrix/deqacc/genblk1[0].lanes[10].lane/clk
                         FDRE                                         r  matrix/deqacc/genblk1[0].lanes[10].lane/raw_q2_reg[sum_raw][22]/C
  -------------------------------------------------------------------    -------------------
                         FDRE (Prop_FDRE_C_Q)         0.078     0.108 r  matrix/deqacc/genblk1[0].lanes[10].lane/raw_q2_reg[sum_raw][22]/Q
                         net (fo=4, unplaced)         0.104     0.212    matrix/deqacc/genblk1[0].lanes[10].lane/raw_q2_reg[sum_raw_n_0_][22]
                         LUT4 (Prop_LUT4_I0_O)        0.100     0.312 r  matrix/deqacc/genblk1[0].lanes[10].lane/norm_q3[is_zero]_i_7__23/O
                         net (fo=1, unplaced)         0.185     0.497    matrix/deqacc/genblk1[0].lanes[10].lane/norm_q3[is_zero]_i_7__23_n_0
                         LUT5 (Prop_LUT5_I4_O)        0.038     0.535 r  matrix/deqacc/genblk1[0].lanes[10].lane/norm_q3[is_zero]_i_4__23/O
                         net (fo=3, unplaced)         0.191     0.726    matrix/deqacc/genblk1[0].lanes[10].lane/norm_q3[is_zero]_i_4__23_n_0
                         LUT4 (Prop_LUT4_I1_O)        0.038     0.764 r  matrix/deqacc/genblk1[0].lanes[10].lane/norm_q3[exponent_norm][7]_i_11__23/O
                         net (fo=13, unplaced)        0.224     0.988    matrix/deqacc/genblk1[0].lanes[10].lane/norm_q3[exponent_norm][7]_i_11__23_n_0
                         LUT3 (Prop_LUT3_I1_O)        0.038     1.026 r  matrix/deqacc/genblk1[0].lanes[10].lane/norm_q3[exponent_norm][7]_i_13__23/O
                         net (fo=12, unplaced)        0.222     1.248    matrix/deqacc/genblk1[0].lanes[10].lane/norm_q3[exponent_norm][7]_i_13__23_n_0
                         LUT6 (Prop_LUT6_I4_O)        0.038     1.286 r  matrix/deqacc/genblk1[0].lanes[10].lane/norm_q3[sum_norm][26]_i_8__23/O
                         net (fo=18, unplaced)        0.232     1.518    matrix/deqacc/genblk1[0].lanes[10].lane/norm_q3[sum_norm][26]_i_8__23_n_0
                         LUT4 (Prop_LUT4_I3_O)        0.038     1.556 r  matrix/deqacc/genblk1[0].lanes[10].lane/norm_q3[sum_norm][26]_i_9__23/O
                         net (fo=16, unplaced)        0.184     1.740    matrix/deqacc/genblk1[0].lanes[10].lane/norm_q3[sum_norm][26]_i_9__23_n_0
                         LUT6 (Prop_LUT6_I2_O)        0.090     1.830 r  matrix/deqacc/genblk1[0].lanes[10].lane/norm_q3[sum_norm][26]_i_3__23/O
                         net (fo=5, unplaced)         0.203     2.033    matrix/deqacc/genblk1[0].lanes[10].lane/norm_q3[sum_norm][26]_i_3__23_n_0
                         LUT4 (Prop_LUT4_I0_O)        0.070     2.103 f  matrix/deqacc/genblk1[0].lanes[10].lane/norm_q3[sum_norm][26]_i_19__23/O
                         net (fo=1, unplaced)         0.242     2.345    matrix/deqacc/genblk1[0].lanes[10].lane/norm_q3[sum_norm][26]_i_19__23_n_0
                         CARRY8 (Prop_CARRY8_DI[0]_CO[4])
                                                      0.184     2.529 f  matrix/deqacc/genblk1[0].lanes[10].lane/norm_q3_reg[sum_norm][26]_i_4__22/CO[4]
                         net (fo=37, unplaced)        0.246     2.775    matrix/deqacc/genblk1[0].lanes[10].lane/norm_q3_reg[sum_norm][26]_i_4__22_n_3
                         LUT2 (Prop_LUT2_I0_O)        0.038     2.813 r  matrix/deqacc/genblk1[0].lanes[10].lane/norm_q3[sum_norm][24]_i_8__23/O
                         net (fo=2, unplaced)         0.185     2.998    matrix/deqacc/genblk1[0].lanes[10].lane/norm_q3[sum_norm][24]_i_8__23_n_0
                         LUT6 (Prop_LUT6_I0_O)        0.038     3.036 r  matrix/deqacc/genblk1[0].lanes[10].lane/norm_q3[sum_norm][24]_i_5__23/O
                         net (fo=25, unplaced)        0.239     3.275    matrix/deqacc/genblk1[0].lanes[10].lane/norm_q3[sum_norm][24]_i_5__23_n_0
                         LUT6 (Prop_LUT6_I5_O)        0.038     3.313 r  matrix/deqacc/genblk1[0].lanes[10].lane/norm_q3[sum_norm][2]_i_3__23/O
                         net (fo=1, unplaced)         0.185     3.498    matrix/deqacc/genblk1[0].lanes[10].lane/norm_q3[sum_norm][2]_i_3__23_n_0
                         LUT5 (Prop_LUT5_I4_O)        0.038     3.536 r  matrix/deqacc/genblk1[0].lanes[10].lane/norm_q3[sum_norm][2]_i_1__23/O
                         net (fo=1, unplaced)         0.048     3.584    matrix/deqacc/genblk1[0].lanes[10].lane/fp32_normalize_mid[sum_norm]_return[2]
                         FDRE                                         r  matrix/deqacc/genblk1[0].lanes[10].lane/norm_q3_reg[sum_norm][2]/D
  -------------------------------------------------------------------    -------------------

                         (clock core_clk rise edge)
                                                      4.000     4.000 r  
                                                      0.000     4.000 r  clk (IN)
                         net (fo=49055, unset)        0.021     4.021    matrix/deqacc/genblk1[0].lanes[10].lane/clk
                         FDRE                                         r  matrix/deqacc/genblk1[0].lanes[10].lane/norm_q3_reg[sum_norm][2]/C
                         clock pessimism              0.000     4.021    
                         clock uncertainty           -0.035     3.986    
                         FDRE (Setup_FDRE_C_D)        0.025     4.011    matrix/deqacc/genblk1[0].lanes[10].lane/norm_q3_reg[sum_norm][2]
  -------------------------------------------------------------------
                         required time                          4.011    
                         arrival time                          -3.584    
  -------------------------------------------------------------------
                         slack                                  0.427    

Slack (MET) :             0.427ns  (required time - arrival time)
  Source:                 matrix/deqacc/genblk1[0].lanes[11].lane/raw_q2_reg[sum_raw][22]/C
                            (rising edge-triggered cell FDRE clocked by core_clk  {rise@0.000ns fall@2.000ns period=4.000ns})
  Destination:            matrix/deqacc/genblk1[0].lanes[11].lane/norm_q3_reg[sum_norm][1]/D
                            (rising edge-triggered cell FDRE clocked by core_clk  {rise@0.000ns fall@2.000ns period=4.000ns})
  Path Group:             core_clk
  Path Type:              Setup (Max at Slow Process Corner)
  Requirement:            4.000ns  (core_clk rise@4.000ns - core_clk rise@0.000ns)
  Data Path Delay:        3.554ns  (logic 0.864ns (24.311%)  route 2.690ns (75.689%))
  Logic Levels:           13  (CARRY8=1 LUT2=1 LUT3=1 LUT4=4 LUT5=3 LUT6=3)
  Clock Path Skew:        -0.009ns (DCD - SCD + CPR)
    Destination Clock Delay (DCD):    0.021ns = ( 4.021 - 4.000 ) 
    Source Clock Delay      (SCD):    0.030ns
    Clock Pessimism Removal (CPR):    0.000ns
  Clock Uncertainty:      0.035ns  ((TSJ^2 + TIJ^2)^1/2 + DJ) / 2 + PE
    Total System Jitter     (TSJ):    0.071ns
    Total Input Jitter      (TIJ):    0.000ns
    Discrete Jitter          (DJ):    0.000ns
    Phase Error              (PE):    0.000ns

    Location             Delay type                Incr(ns)  Path(ns)    Netlist Resource(s)
  -------------------------------------------------------------------    -------------------
                         (clock core_clk rise edge)
                                                      0.000     0.000 r  
                                                      0.000     0.000 r  clk (IN)
                         net (fo=49055, unset)        0.030     0.030    matrix/deqacc/genblk1[0].lanes[11].lane/clk
                         FDRE                                         r  matrix/deqacc/genblk1[0].lanes[11].lane/raw_q2_reg[sum_raw][22]/C
  -------------------------------------------------------------------    -------------------
                         FDRE (Prop_FDRE_C_Q)         0.078     0.108 r  matrix/deqacc/genblk1[0].lanes[11].lane/raw_q2_reg[sum_raw][22]/Q
                         net (fo=4, unplaced)         0.104     0.212    matrix/deqacc/genblk1[0].lanes[11].lane/raw_q2_reg[sum_raw_n_0_][22]
                         LUT4 (Prop_LUT4_I0_O)        0.100     0.312 r  matrix/deqacc/genblk1[0].lanes[11].lane/norm_q3[is_zero]_i_7__22/O
                         net (fo=1, unplaced)         0.185     0.497    matrix/deqacc/genblk1[0].lanes[11].lane/norm_q3[is_zero]_i_7__22_n_0
                         LUT5 (Prop_LUT5_I4_O)        0.038     0.535 r  matrix/deqacc/genblk1[0].lanes[11].lane/norm_q3[is_zero]_i_4__22/O
                         net (fo=3, unplaced)         0.191     0.726    matrix/deqacc/genblk1[0].lanes[11].lane/norm_q3[is_zero]_i_4__22_n_0
                         LUT4 (Prop_LUT4_I1_O)        0.038     0.764 r  matrix/deqacc/genblk1[0].lanes[11].lane/norm_q3[exponent_norm][7]_i_11__22/O
                         net (fo=13, unplaced)        0.224     0.988    matrix/deqacc/genblk1[0].lanes[11].lane/norm_q3[exponent_norm][7]_i_11__22_n_0
                         LUT3 (Prop_LUT3_I1_O)        0.038     1.026 r  matrix/deqacc/genblk1[0].lanes[11].lane/norm_q3[exponent_norm][7]_i_13__22/O
                         net (fo=12, unplaced)        0.222     1.248    matrix/deqacc/genblk1[0].lanes[11].lane/norm_q3[exponent_norm][7]_i_13__22_n_0
                         LUT6 (Prop_LUT6_I4_O)        0.038     1.286 r  matrix/deqacc/genblk1[0].lanes[11].lane/norm_q3[sum_norm][26]_i_8__22/O
                         net (fo=18, unplaced)        0.232     1.518    matrix/deqacc/genblk1[0].lanes[11].lane/norm_q3[sum_norm][26]_i_8__22_n_0
                         LUT4 (Prop_LUT4_I3_O)        0.038     1.556 r  matrix/deqacc/genblk1[0].lanes[11].lane/norm_q3[sum_norm][26]_i_9__22/O
                         net (fo=16, unplaced)        0.184     1.740    matrix/deqacc/genblk1[0].lanes[11].lane/norm_q3[sum_norm][26]_i_9__22_n_0
                         LUT6 (Prop_LUT6_I2_O)        0.090     1.830 r  matrix/deqacc/genblk1[0].lanes[11].lane/norm_q3[sum_norm][26]_i_3__22/O
                         net (fo=5, unplaced)         0.203     2.033    matrix/deqacc/genblk1[0].lanes[11].lane/norm_q3[sum_norm][26]_i_3__22_n_0
                         LUT4 (Prop_LUT4_I0_O)        0.070     2.103 f  matrix/deqacc/genblk1[0].lanes[11].lane/norm_q3[sum_norm][26]_i_19__22/O
                         net (fo=1, unplaced)         0.242     2.345    matrix/deqacc/genblk1[0].lanes[11].lane/norm_q3[sum_norm][26]_i_19__22_n_0
                         CARRY8 (Prop_CARRY8_DI[0]_CO[4])
                                                      0.184     2.529 f  matrix/deqacc/genblk1[0].lanes[11].lane/norm_q3_reg[sum_norm][26]_i_4__21/CO[4]
                         net (fo=37, unplaced)        0.246     2.775    matrix/deqacc/genblk1[0].lanes[11].lane/norm_q3_reg[sum_norm][26]_i_4__21_n_3
                         LUT2 (Prop_LUT2_I0_O)        0.038     2.813 r  matrix/deqacc/genblk1[0].lanes[11].lane/norm_q3[sum_norm][24]_i_8__22/O
                         net (fo=2, unplaced)         0.185     2.998    matrix/deqacc/genblk1[0].lanes[11].lane/norm_q3[sum_norm][24]_i_8__22_n_0
                         LUT6 (Prop_LUT6_I0_O)        0.038     3.036 r  matrix/deqacc/genblk1[0].lanes[11].lane/norm_q3[sum_norm][24]_i_5__22/O
                         net (fo=25, unplaced)        0.239     3.275    matrix/deqacc/genblk1[0].lanes[11].lane/norm_q3[sum_norm][24]_i_5__22_n_0
                         LUT5 (Prop_LUT5_I2_O)        0.038     3.313 r  matrix/deqacc/genblk1[0].lanes[11].lane/norm_q3[sum_norm][1]_i_2__22/O
                         net (fo=1, unplaced)         0.185     3.498    matrix/deqacc/genblk1[0].lanes[11].lane/norm_q3[sum_norm][1]_i_2__22_n_0
                         LUT5 (Prop_LUT5_I4_O)        0.038     3.536 r  matrix/deqacc/genblk1[0].lanes[11].lane/norm_q3[sum_norm][1]_i_1__22/O
                         net (fo=1, unplaced)         0.048     3.584    matrix/deqacc/genblk1[0].lanes[11].lane/fp32_normalize_mid[sum_norm]_return[1]
                         FDRE                                         r  matrix/deqacc/genblk1[0].lanes[11].lane/norm_q3_reg[sum_norm][1]/D
  -------------------------------------------------------------------    -------------------

                         (clock core_clk rise edge)
                                                      4.000     4.000 r  
                                                      0.000     4.000 r  clk (IN)
                         net (fo=49055, unset)        0.021     4.021    matrix/deqacc/genblk1[0].lanes[11].lane/clk
                         FDRE                                         r  matrix/deqacc/genblk1[0].lanes[11].lane/norm_q3_reg[sum_norm][1]/C
                         clock pessimism              0.000     4.021    
                         clock uncertainty           -0.035     3.986    
                         FDRE (Setup_FDRE_C_D)        0.025     4.011    matrix/deqacc/genblk1[0].lanes[11].lane/norm_q3_reg[sum_norm][1]
  -------------------------------------------------------------------
                         required time                          4.011    
                         arrival time                          -3.584    
  -------------------------------------------------------------------
                         slack                                  0.427    

Slack (MET) :             0.427ns  (required time - arrival time)
  Source:                 matrix/deqacc/genblk1[0].lanes[11].lane/raw_q2_reg[sum_raw][22]/C
                            (rising edge-triggered cell FDRE clocked by core_clk  {rise@0.000ns fall@2.000ns period=4.000ns})
  Destination:            matrix/deqacc/genblk1[0].lanes[11].lane/norm_q3_reg[sum_norm][25]/D
                            (rising edge-triggered cell FDRE clocked by core_clk  {rise@0.000ns fall@2.000ns period=4.000ns})
  Path Group:             core_clk
  Path Type:              Setup (Max at Slow Process Corner)
  Requirement:            4.000ns  (core_clk rise@4.000ns - core_clk rise@0.000ns)
  Data Path Delay:        3.554ns  (logic 0.864ns (24.311%)  route 2.690ns (75.689%))
  Logic Levels:           13  (CARRY8=1 LUT2=1 LUT3=1 LUT4=4 LUT5=1 LUT6=5)
  Clock Path Skew:        -0.009ns (DCD - SCD + CPR)
    Destination Clock Delay (DCD):    0.021ns = ( 4.021 - 4.000 ) 
    Source Clock Delay      (SCD):    0.030ns
    Clock Pessimism Removal (CPR):    0.000ns
  Clock Uncertainty:      0.035ns  ((TSJ^2 + TIJ^2)^1/2 + DJ) / 2 + PE
    Total System Jitter     (TSJ):    0.071ns
    Total Input Jitter      (TIJ):    0.000ns
    Discrete Jitter          (DJ):    0.000ns
    Phase Error              (PE):    0.000ns

    Location             Delay type                Incr(ns)  Path(ns)    Netlist Resource(s)
  -------------------------------------------------------------------    -------------------
                         (clock core_clk rise edge)
                                                      0.000     0.000 r  
                                                      0.000     0.000 r  clk (IN)
                         net (fo=49055, unset)        0.030     0.030    matrix/deqacc/genblk1[0].lanes[11].lane/clk
                         FDRE                                         r  matrix/deqacc/genblk1[0].lanes[11].lane/raw_q2_reg[sum_raw][22]/C
  -------------------------------------------------------------------    -------------------
                         FDRE (Prop_FDRE_C_Q)         0.078     0.108 r  matrix/deqacc/genblk1[0].lanes[11].lane/raw_q2_reg[sum_raw][22]/Q
                         net (fo=4, unplaced)         0.104     0.212    matrix/deqacc/genblk1[0].lanes[11].lane/raw_q2_reg[sum_raw_n_0_][22]
                         LUT4 (Prop_LUT4_I0_O)        0.100     0.312 r  matrix/deqacc/genblk1[0].lanes[11].lane/norm_q3[is_zero]_i_7__22/O
                         net (fo=1, unplaced)         0.185     0.497    matrix/deqacc/genblk1[0].lanes[11].lane/norm_q3[is_zero]_i_7__22_n_0
                         LUT5 (Prop_LUT5_I4_O)        0.038     0.535 r  matrix/deqacc/genblk1[0].lanes[11].lane/norm_q3[is_zero]_i_4__22/O
                         net (fo=3, unplaced)         0.191     0.726    matrix/deqacc/genblk1[0].lanes[11].lane/norm_q3[is_zero]_i_4__22_n_0
                         LUT4 (Prop_LUT4_I1_O)        0.038     0.764 r  matrix/deqacc/genblk1[0].lanes[11].lane/norm_q3[exponent_norm][7]_i_11__22/O
                         net (fo=13, unplaced)        0.224     0.988    matrix/deqacc/genblk1[0].lanes[11].lane/norm_q3[exponent_norm][7]_i_11__22_n_0
                         LUT3 (Prop_LUT3_I1_O)        0.038     1.026 r  matrix/deqacc/genblk1[0].lanes[11].lane/norm_q3[exponent_norm][7]_i_13__22/O
                         net (fo=12, unplaced)        0.222     1.248    matrix/deqacc/genblk1[0].lanes[11].lane/norm_q3[exponent_norm][7]_i_13__22_n_0
                         LUT6 (Prop_LUT6_I4_O)        0.038     1.286 r  matrix/deqacc/genblk1[0].lanes[11].lane/norm_q3[sum_norm][26]_i_8__22/O
                         net (fo=18, unplaced)        0.232     1.518    matrix/deqacc/genblk1[0].lanes[11].lane/norm_q3[sum_norm][26]_i_8__22_n_0
                         LUT4 (Prop_LUT4_I3_O)        0.038     1.556 r  matrix/deqacc/genblk1[0].lanes[11].lane/norm_q3[sum_norm][26]_i_9__22/O
                         net (fo=16, unplaced)        0.184     1.740    matrix/deqacc/genblk1[0].lanes[11].lane/norm_q3[sum_norm][26]_i_9__22_n_0
                         LUT6 (Prop_LUT6_I2_O)        0.090     1.830 r  matrix/deqacc/genblk1[0].lanes[11].lane/norm_q3[sum_norm][26]_i_3__22/O
                         net (fo=5, unplaced)         0.203     2.033    matrix/deqacc/genblk1[0].lanes[11].lane/norm_q3[sum_norm][26]_i_3__22_n_0
                         LUT4 (Prop_LUT4_I0_O)        0.070     2.103 f  matrix/deqacc/genblk1[0].lanes[11].lane/norm_q3[sum_norm][26]_i_19__22/O
                         net (fo=1, unplaced)         0.242     2.345    matrix/deqacc/genblk1[0].lanes[11].lane/norm_q3[sum_norm][26]_i_19__22_n_0
                         CARRY8 (Prop_CARRY8_DI[0]_CO[4])
                                                      0.184     2.529 f  matrix/deqacc/genblk1[0].lanes[11].lane/norm_q3_reg[sum_norm][26]_i_4__21/CO[4]
                         net (fo=37, unplaced)        0.246     2.775    matrix/deqacc/genblk1[0].lanes[11].lane/norm_q3_reg[sum_norm][26]_i_4__21_n_3
                         LUT2 (Prop_LUT2_I0_O)        0.038     2.813 r  matrix/deqacc/genblk1[0].lanes[11].lane/norm_q3[sum_norm][24]_i_8__22/O
                         net (fo=2, unplaced)         0.185     2.998    matrix/deqacc/genblk1[0].lanes[11].lane/norm_q3[sum_norm][24]_i_8__22_n_0
                         LUT6 (Prop_LUT6_I0_O)        0.038     3.036 r  matrix/deqacc/genblk1[0].lanes[11].lane/norm_q3[sum_norm][24]_i_5__22/O
                         net (fo=25, unplaced)        0.239     3.275    matrix/deqacc/genblk1[0].lanes[11].lane/norm_q3[sum_norm][24]_i_5__22_n_0
                         LUT6 (Prop_LUT6_I2_O)        0.038     3.313 r  matrix/deqacc/genblk1[0].lanes[11].lane/norm_q3[sum_norm][25]_i_2__22/O
                         net (fo=1, unplaced)         0.185     3.498    matrix/deqacc/genblk1[0].lanes[11].lane/norm_q3[sum_norm][25]_i_2__22_n_0
                         LUT6 (Prop_LUT6_I0_O)        0.038     3.536 r  matrix/deqacc/genblk1[0].lanes[11].lane/norm_q3[sum_norm][25]_i_1__22/O
                         net (fo=1, unplaced)         0.048     3.584    matrix/deqacc/genblk1[0].lanes[11].lane/fp32_normalize_mid[sum_norm]_return[25]
                         FDRE                                         r  matrix/deqacc/genblk1[0].lanes[11].lane/norm_q3_reg[sum_norm][25]/D
  -------------------------------------------------------------------    -------------------

                         (clock core_clk rise edge)
                                                      4.000     4.000 r  
                                                      0.000     4.000 r  clk (IN)
                         net (fo=49055, unset)        0.021     4.021    matrix/deqacc/genblk1[0].lanes[11].lane/clk
                         FDRE                                         r  matrix/deqacc/genblk1[0].lanes[11].lane/norm_q3_reg[sum_norm][25]/C
                         clock pessimism              0.000     4.021    
                         clock uncertainty           -0.035     3.986    
                         FDRE (Setup_FDRE_C_D)        0.025     4.011    matrix/deqacc/genblk1[0].lanes[11].lane/norm_q3_reg[sum_norm][25]
  -------------------------------------------------------------------
                         required time                          4.011    
                         arrival time                          -3.584    
  -------------------------------------------------------------------
                         slack                                  0.427    

Slack (MET) :             0.427ns  (required time - arrival time)
  Source:                 matrix/deqacc/genblk1[0].lanes[11].lane/raw_q2_reg[sum_raw][22]/C
                            (rising edge-triggered cell FDRE clocked by core_clk  {rise@0.000ns fall@2.000ns period=4.000ns})
  Destination:            matrix/deqacc/genblk1[0].lanes[11].lane/norm_q3_reg[sum_norm][2]/D
                            (rising edge-triggered cell FDRE clocked by core_clk  {rise@0.000ns fall@2.000ns period=4.000ns})
  Path Group:             core_clk
  Path Type:              Setup (Max at Slow Process Corner)
  Requirement:            4.000ns  (core_clk rise@4.000ns - core_clk rise@0.000ns)
  Data Path Delay:        3.554ns  (logic 0.864ns (24.311%)  route 2.690ns (75.689%))
  Logic Levels:           13  (CARRY8=1 LUT2=1 LUT3=1 LUT4=4 LUT5=2 LUT6=4)
  Clock Path Skew:        -0.009ns (DCD - SCD + CPR)
    Destination Clock Delay (DCD):    0.021ns = ( 4.021 - 4.000 ) 
    Source Clock Delay      (SCD):    0.030ns
    Clock Pessimism Removal (CPR):    0.000ns
  Clock Uncertainty:      0.035ns  ((TSJ^2 + TIJ^2)^1/2 + DJ) / 2 + PE
    Total System Jitter     (TSJ):    0.071ns
    Total Input Jitter      (TIJ):    0.000ns
    Discrete Jitter          (DJ):    0.000ns
    Phase Error              (PE):    0.000ns

    Location             Delay type                Incr(ns)  Path(ns)    Netlist Resource(s)
  -------------------------------------------------------------------    -------------------
                         (clock core_clk rise edge)
                                                      0.000     0.000 r  
                                                      0.000     0.000 r  clk (IN)
                         net (fo=49055, unset)        0.030     0.030    matrix/deqacc/genblk1[0].lanes[11].lane/clk
                         FDRE                                         r  matrix/deqacc/genblk1[0].lanes[11].lane/raw_q2_reg[sum_raw][22]/C
  -------------------------------------------------------------------    -------------------
                         FDRE (Prop_FDRE_C_Q)         0.078     0.108 r  matrix/deqacc/genblk1[0].lanes[11].lane/raw_q2_reg[sum_raw][22]/Q
                         net (fo=4, unplaced)         0.104     0.212    matrix/deqacc/genblk1[0].lanes[11].lane/raw_q2_reg[sum_raw_n_0_][22]
                         LUT4 (Prop_LUT4_I0_O)        0.100     0.312 r  matrix/deqacc/genblk1[0].lanes[11].lane/norm_q3[is_zero]_i_7__22/O
                         net (fo=1, unplaced)         0.185     0.497    matrix/deqacc/genblk1[0].lanes[11].lane/norm_q3[is_zero]_i_7__22_n_0
                         LUT5 (Prop_LUT5_I4_O)        0.038     0.535 r  matrix/deqacc/genblk1[0].lanes[11].lane/norm_q3[is_zero]_i_4__22/O
                         net (fo=3, unplaced)         0.191     0.726    matrix/deqacc/genblk1[0].lanes[11].lane/norm_q3[is_zero]_i_4__22_n_0
                         LUT4 (Prop_LUT4_I1_O)        0.038     0.764 r  matrix/deqacc/genblk1[0].lanes[11].lane/norm_q3[exponent_norm][7]_i_11__22/O
                         net (fo=13, unplaced)        0.224     0.988    matrix/deqacc/genblk1[0].lanes[11].lane/norm_q3[exponent_norm][7]_i_11__22_n_0
                         LUT3 (Prop_LUT3_I1_O)        0.038     1.026 r  matrix/deqacc/genblk1[0].lanes[11].lane/norm_q3[exponent_norm][7]_i_13__22/O
                         net (fo=12, unplaced)        0.222     1.248    matrix/deqacc/genblk1[0].lanes[11].lane/norm_q3[exponent_norm][7]_i_13__22_n_0
                         LUT6 (Prop_LUT6_I4_O)        0.038     1.286 r  matrix/deqacc/genblk1[0].lanes[11].lane/norm_q3[sum_norm][26]_i_8__22/O
                         net (fo=18, unplaced)        0.232     1.518    matrix/deqacc/genblk1[0].lanes[11].lane/norm_q3[sum_norm][26]_i_8__22_n_0
                         LUT4 (Prop_LUT4_I3_O)        0.038     1.556 r  matrix/deqacc/genblk1[0].lanes[11].lane/norm_q3[sum_norm][26]_i_9__22/O
                         net (fo=16, unplaced)        0.184     1.740    matrix/deqacc/genblk1[0].lanes[11].lane/norm_q3[sum_norm][26]_i_9__22_n_0
                         LUT6 (Prop_LUT6_I2_O)        0.090     1.830 r  matrix/deqacc/genblk1[0].lanes[11].lane/norm_q3[sum_norm][26]_i_3__22/O
                         net (fo=5, unplaced)         0.203     2.033    matrix/deqacc/genblk1[0].lanes[11].lane/norm_q3[sum_norm][26]_i_3__22_n_0
                         LUT4 (Prop_LUT4_I0_O)        0.070     2.103 f  matrix/deqacc/genblk1[0].lanes[11].lane/norm_q3[sum_norm][26]_i_19__22/O
                         net (fo=1, unplaced)         0.242     2.345    matrix/deqacc/genblk1[0].lanes[11].lane/norm_q3[sum_norm][26]_i_19__22_n_0
                         CARRY8 (Prop_CARRY8_DI[0]_CO[4])
                                                      0.184     2.529 f  matrix/deqacc/genblk1[0].lanes[11].lane/norm_q3_reg[sum_norm][26]_i_4__21/CO[4]
                         net (fo=37, unplaced)        0.246     2.775    matrix/deqacc/genblk1[0].lanes[11].lane/norm_q3_reg[sum_norm][26]_i_4__21_n_3
                         LUT2 (Prop_LUT2_I0_O)        0.038     2.813 r  matrix/deqacc/genblk1[0].lanes[11].lane/norm_q3[sum_norm][24]_i_8__22/O
                         net (fo=2, unplaced)         0.185     2.998    matrix/deqacc/genblk1[0].lanes[11].lane/norm_q3[sum_norm][24]_i_8__22_n_0
                         LUT6 (Prop_LUT6_I0_O)        0.038     3.036 r  matrix/deqacc/genblk1[0].lanes[11].lane/norm_q3[sum_norm][24]_i_5__22/O
                         net (fo=25, unplaced)        0.239     3.275    matrix/deqacc/genblk1[0].lanes[11].lane/norm_q3[sum_norm][24]_i_5__22_n_0
                         LUT6 (Prop_LUT6_I5_O)        0.038     3.313 r  matrix/deqacc/genblk1[0].lanes[11].lane/norm_q3[sum_norm][2]_i_3__22/O
                         net (fo=1, unplaced)         0.185     3.498    matrix/deqacc/genblk1[0].lanes[11].lane/norm_q3[sum_norm][2]_i_3__22_n_0
                         LUT5 (Prop_LUT5_I4_O)        0.038     3.536 r  matrix/deqacc/genblk1[0].lanes[11].lane/norm_q3[sum_norm][2]_i_1__22/O
                         net (fo=1, unplaced)         0.048     3.584    matrix/deqacc/genblk1[0].lanes[11].lane/fp32_normalize_mid[sum_norm]_return[2]
                         FDRE                                         r  matrix/deqacc/genblk1[0].lanes[11].lane/norm_q3_reg[sum_norm][2]/D
  -------------------------------------------------------------------    -------------------

                         (clock core_clk rise edge)
                                                      4.000     4.000 r  
                                                      0.000     4.000 r  clk (IN)
                         net (fo=49055, unset)        0.021     4.021    matrix/deqacc/genblk1[0].lanes[11].lane/clk
                         FDRE                                         r  matrix/deqacc/genblk1[0].lanes[11].lane/norm_q3_reg[sum_norm][2]/C
                         clock pessimism              0.000     4.021    
                         clock uncertainty           -0.035     3.986    
                         FDRE (Setup_FDRE_C_D)        0.025     4.011    matrix/deqacc/genblk1[0].lanes[11].lane/norm_q3_reg[sum_norm][2]
  -------------------------------------------------------------------
                         required time                          4.011    
                         arrival time                          -3.584    
  -------------------------------------------------------------------
                         slack                                  0.427    

Slack (MET) :             0.427ns  (required time - arrival time)
  Source:                 matrix/deqacc/genblk1[0].lanes[12].lane/raw_q2_reg[sum_raw][22]/C
                            (rising edge-triggered cell FDRE clocked by core_clk  {rise@0.000ns fall@2.000ns period=4.000ns})
  Destination:            matrix/deqacc/genblk1[0].lanes[12].lane/norm_q3_reg[sum_norm][1]/D
                            (rising edge-triggered cell FDRE clocked by core_clk  {rise@0.000ns fall@2.000ns period=4.000ns})
  Path Group:             core_clk
  Path Type:              Setup (Max at Slow Process Corner)
  Requirement:            4.000ns  (core_clk rise@4.000ns - core_clk rise@0.000ns)
  Data Path Delay:        3.554ns  (logic 0.864ns (24.311%)  route 2.690ns (75.689%))
  Logic Levels:           13  (CARRY8=1 LUT2=1 LUT3=1 LUT4=4 LUT5=3 LUT6=3)
  Clock Path Skew:        -0.009ns (DCD - SCD + CPR)
    Destination Clock Delay (DCD):    0.021ns = ( 4.021 - 4.000 ) 
    Source Clock Delay      (SCD):    0.030ns
    Clock Pessimism Removal (CPR):    0.000ns
  Clock Uncertainty:      0.035ns  ((TSJ^2 + TIJ^2)^1/2 + DJ) / 2 + PE
    Total System Jitter     (TSJ):    0.071ns
    Total Input Jitter      (TIJ):    0.000ns
    Discrete Jitter          (DJ):    0.000ns
    Phase Error              (PE):    0.000ns

    Location             Delay type                Incr(ns)  Path(ns)    Netlist Resource(s)
  -------------------------------------------------------------------    -------------------
                         (clock core_clk rise edge)
                                                      0.000     0.000 r  
                                                      0.000     0.000 r  clk (IN)
                         net (fo=49055, unset)        0.030     0.030    matrix/deqacc/genblk1[0].lanes[12].lane/clk
                         FDRE                                         r  matrix/deqacc/genblk1[0].lanes[12].lane/raw_q2_reg[sum_raw][22]/C
  -------------------------------------------------------------------    -------------------
                         FDRE (Prop_FDRE_C_Q)         0.078     0.108 r  matrix/deqacc/genblk1[0].lanes[12].lane/raw_q2_reg[sum_raw][22]/Q
                         net (fo=4, unplaced)         0.104     0.212    matrix/deqacc/genblk1[0].lanes[12].lane/raw_q2_reg[sum_raw_n_0_][22]
                         LUT4 (Prop_LUT4_I0_O)        0.100     0.312 r  matrix/deqacc/genblk1[0].lanes[12].lane/norm_q3[is_zero]_i_7__21/O
                         net (fo=1, unplaced)         0.185     0.497    matrix/deqacc/genblk1[0].lanes[12].lane/norm_q3[is_zero]_i_7__21_n_0
                         LUT5 (Prop_LUT5_I4_O)        0.038     0.535 r  matrix/deqacc/genblk1[0].lanes[12].lane/norm_q3[is_zero]_i_4__21/O
                         net (fo=3, unplaced)         0.191     0.726    matrix/deqacc/genblk1[0].lanes[12].lane/norm_q3[is_zero]_i_4__21_n_0
                         LUT4 (Prop_LUT4_I1_O)        0.038     0.764 r  matrix/deqacc/genblk1[0].lanes[12].lane/norm_q3[exponent_norm][7]_i_11__21/O
                         net (fo=13, unplaced)        0.224     0.988    matrix/deqacc/genblk1[0].lanes[12].lane/norm_q3[exponent_norm][7]_i_11__21_n_0
                         LUT3 (Prop_LUT3_I1_O)        0.038     1.026 r  matrix/deqacc/genblk1[0].lanes[12].lane/norm_q3[exponent_norm][7]_i_13__21/O
                         net (fo=12, unplaced)        0.222     1.248    matrix/deqacc/genblk1[0].lanes[12].lane/norm_q3[exponent_norm][7]_i_13__21_n_0
                         LUT6 (Prop_LUT6_I4_O)        0.038     1.286 r  matrix/deqacc/genblk1[0].lanes[12].lane/norm_q3[sum_norm][26]_i_8__21/O
                         net (fo=18, unplaced)        0.232     1.518    matrix/deqacc/genblk1[0].lanes[12].lane/norm_q3[sum_norm][26]_i_8__21_n_0
                         LUT4 (Prop_LUT4_I3_O)        0.038     1.556 r  matrix/deqacc/genblk1[0].lanes[12].lane/norm_q3[sum_norm][26]_i_9__21/O
                         net (fo=16, unplaced)        0.184     1.740    matrix/deqacc/genblk1[0].lanes[12].lane/norm_q3[sum_norm][26]_i_9__21_n_0
                         LUT6 (Prop_LUT6_I2_O)        0.090     1.830 r  matrix/deqacc/genblk1[0].lanes[12].lane/norm_q3[sum_norm][26]_i_3__21/O
                         net (fo=5, unplaced)         0.203     2.033    matrix/deqacc/genblk1[0].lanes[12].lane/norm_q3[sum_norm][26]_i_3__21_n_0
                         LUT4 (Prop_LUT4_I0_O)        0.070     2.103 f  matrix/deqacc/genblk1[0].lanes[12].lane/norm_q3[sum_norm][26]_i_19__21/O
                         net (fo=1, unplaced)         0.242     2.345    matrix/deqacc/genblk1[0].lanes[12].lane/norm_q3[sum_norm][26]_i_19__21_n_0
                         CARRY8 (Prop_CARRY8_DI[0]_CO[4])
                                                      0.184     2.529 f  matrix/deqacc/genblk1[0].lanes[12].lane/norm_q3_reg[sum_norm][26]_i_4__20/CO[4]
                         net (fo=37, unplaced)        0.246     2.775    matrix/deqacc/genblk1[0].lanes[12].lane/norm_q3_reg[sum_norm][26]_i_4__20_n_3
                         LUT2 (Prop_LUT2_I0_O)        0.038     2.813 r  matrix/deqacc/genblk1[0].lanes[12].lane/norm_q3[sum_norm][24]_i_8__21/O
                         net (fo=2, unplaced)         0.185     2.998    matrix/deqacc/genblk1[0].lanes[12].lane/norm_q3[sum_norm][24]_i_8__21_n_0
                         LUT6 (Prop_LUT6_I0_O)        0.038     3.036 r  matrix/deqacc/genblk1[0].lanes[12].lane/norm_q3[sum_norm][24]_i_5__21/O
                         net (fo=25, unplaced)        0.239     3.275    matrix/deqacc/genblk1[0].lanes[12].lane/norm_q3[sum_norm][24]_i_5__21_n_0
                         LUT5 (Prop_LUT5_I2_O)        0.038     3.313 r  matrix/deqacc/genblk1[0].lanes[12].lane/norm_q3[sum_norm][1]_i_2__21/O
                         net (fo=1, unplaced)         0.185     3.498    matrix/deqacc/genblk1[0].lanes[12].lane/norm_q3[sum_norm][1]_i_2__21_n_0
                         LUT5 (Prop_LUT5_I4_O)        0.038     3.536 r  matrix/deqacc/genblk1[0].lanes[12].lane/norm_q3[sum_norm][1]_i_1__21/O
                         net (fo=1, unplaced)         0.048     3.584    matrix/deqacc/genblk1[0].lanes[12].lane/fp32_normalize_mid[sum_norm]_return[1]
                         FDRE                                         r  matrix/deqacc/genblk1[0].lanes[12].lane/norm_q3_reg[sum_norm][1]/D
  -------------------------------------------------------------------    -------------------

                         (clock core_clk rise edge)
                                                      4.000     4.000 r  
                                                      0.000     4.000 r  clk (IN)
                         net (fo=49055, unset)        0.021     4.021    matrix/deqacc/genblk1[0].lanes[12].lane/clk
                         FDRE                                         r  matrix/deqacc/genblk1[0].lanes[12].lane/norm_q3_reg[sum_norm][1]/C
                         clock pessimism              0.000     4.021    
                         clock uncertainty           -0.035     3.986    
                         FDRE (Setup_FDRE_C_D)        0.025     4.011    matrix/deqacc/genblk1[0].lanes[12].lane/norm_q3_reg[sum_norm][1]
  -------------------------------------------------------------------
                         required time                          4.011    
                         arrival time                          -3.584    
  -------------------------------------------------------------------
                         slack                                  0.427    

Slack (MET) :             0.427ns  (required time - arrival time)
  Source:                 matrix/deqacc/genblk1[0].lanes[12].lane/raw_q2_reg[sum_raw][22]/C
                            (rising edge-triggered cell FDRE clocked by core_clk  {rise@0.000ns fall@2.000ns period=4.000ns})
  Destination:            matrix/deqacc/genblk1[0].lanes[12].lane/norm_q3_reg[sum_norm][25]/D
                            (rising edge-triggered cell FDRE clocked by core_clk  {rise@0.000ns fall@2.000ns period=4.000ns})
  Path Group:             core_clk
  Path Type:              Setup (Max at Slow Process Corner)
  Requirement:            4.000ns  (core_clk rise@4.000ns - core_clk rise@0.000ns)
  Data Path Delay:        3.554ns  (logic 0.864ns (24.311%)  route 2.690ns (75.689%))
  Logic Levels:           13  (CARRY8=1 LUT2=1 LUT3=1 LUT4=4 LUT5=1 LUT6=5)
  Clock Path Skew:        -0.009ns (DCD - SCD + CPR)
    Destination Clock Delay (DCD):    0.021ns = ( 4.021 - 4.000 ) 
    Source Clock Delay      (SCD):    0.030ns
    Clock Pessimism Removal (CPR):    0.000ns
  Clock Uncertainty:      0.035ns  ((TSJ^2 + TIJ^2)^1/2 + DJ) / 2 + PE
    Total System Jitter     (TSJ):    0.071ns
    Total Input Jitter      (TIJ):    0.000ns
    Discrete Jitter          (DJ):    0.000ns
    Phase Error              (PE):    0.000ns

    Location             Delay type                Incr(ns)  Path(ns)    Netlist Resource(s)
  -------------------------------------------------------------------    -------------------
                         (clock core_clk rise edge)
                                                      0.000     0.000 r  
                                                      0.000     0.000 r  clk (IN)
                         net (fo=49055, unset)        0.030     0.030    matrix/deqacc/genblk1[0].lanes[12].lane/clk
                         FDRE                                         r  matrix/deqacc/genblk1[0].lanes[12].lane/raw_q2_reg[sum_raw][22]/C
  -------------------------------------------------------------------    -------------------
                         FDRE (Prop_FDRE_C_Q)         0.078     0.108 r  matrix/deqacc/genblk1[0].lanes[12].lane/raw_q2_reg[sum_raw][22]/Q
                         net (fo=4, unplaced)         0.104     0.212    matrix/deqacc/genblk1[0].lanes[12].lane/raw_q2_reg[sum_raw_n_0_][22]
                         LUT4 (Prop_LUT4_I0_O)        0.100     0.312 r  matrix/deqacc/genblk1[0].lanes[12].lane/norm_q3[is_zero]_i_7__21/O
                         net (fo=1, unplaced)         0.185     0.497    matrix/deqacc/genblk1[0].lanes[12].lane/norm_q3[is_zero]_i_7__21_n_0
                         LUT5 (Prop_LUT5_I4_O)        0.038     0.535 r  matrix/deqacc/genblk1[0].lanes[12].lane/norm_q3[is_zero]_i_4__21/O
                         net (fo=3, unplaced)         0.191     0.726    matrix/deqacc/genblk1[0].lanes[12].lane/norm_q3[is_zero]_i_4__21_n_0
                         LUT4 (Prop_LUT4_I1_O)        0.038     0.764 r  matrix/deqacc/genblk1[0].lanes[12].lane/norm_q3[exponent_norm][7]_i_11__21/O
                         net (fo=13, unplaced)        0.224     0.988    matrix/deqacc/genblk1[0].lanes[12].lane/norm_q3[exponent_norm][7]_i_11__21_n_0
                         LUT3 (Prop_LUT3_I1_O)        0.038     1.026 r  matrix/deqacc/genblk1[0].lanes[12].lane/norm_q3[exponent_norm][7]_i_13__21/O
                         net (fo=12, unplaced)        0.222     1.248    matrix/deqacc/genblk1[0].lanes[12].lane/norm_q3[exponent_norm][7]_i_13__21_n_0
                         LUT6 (Prop_LUT6_I4_O)        0.038     1.286 r  matrix/deqacc/genblk1[0].lanes[12].lane/norm_q3[sum_norm][26]_i_8__21/O
                         net (fo=18, unplaced)        0.232     1.518    matrix/deqacc/genblk1[0].lanes[12].lane/norm_q3[sum_norm][26]_i_8__21_n_0
                         LUT4 (Prop_LUT4_I3_O)        0.038     1.556 r  matrix/deqacc/genblk1[0].lanes[12].lane/norm_q3[sum_norm][26]_i_9__21/O
                         net (fo=16, unplaced)        0.184     1.740    matrix/deqacc/genblk1[0].lanes[12].lane/norm_q3[sum_norm][26]_i_9__21_n_0
                         LUT6 (Prop_LUT6_I2_O)        0.090     1.830 r  matrix/deqacc/genblk1[0].lanes[12].lane/norm_q3[sum_norm][26]_i_3__21/O
                         net (fo=5, unplaced)         0.203     2.033    matrix/deqacc/genblk1[0].lanes[12].lane/norm_q3[sum_norm][26]_i_3__21_n_0
                         LUT4 (Prop_LUT4_I0_O)        0.070     2.103 f  matrix/deqacc/genblk1[0].lanes[12].lane/norm_q3[sum_norm][26]_i_19__21/O
                         net (fo=1, unplaced)         0.242     2.345    matrix/deqacc/genblk1[0].lanes[12].lane/norm_q3[sum_norm][26]_i_19__21_n_0
                         CARRY8 (Prop_CARRY8_DI[0]_CO[4])
                                                      0.184     2.529 f  matrix/deqacc/genblk1[0].lanes[12].lane/norm_q3_reg[sum_norm][26]_i_4__20/CO[4]
                         net (fo=37, unplaced)        0.246     2.775    matrix/deqacc/genblk1[0].lanes[12].lane/norm_q3_reg[sum_norm][26]_i_4__20_n_3
                         LUT2 (Prop_LUT2_I0_O)        0.038     2.813 r  matrix/deqacc/genblk1[0].lanes[12].lane/norm_q3[sum_norm][24]_i_8__21/O
                         net (fo=2, unplaced)         0.185     2.998    matrix/deqacc/genblk1[0].lanes[12].lane/norm_q3[sum_norm][24]_i_8__21_n_0
                         LUT6 (Prop_LUT6_I0_O)        0.038     3.036 r  matrix/deqacc/genblk1[0].lanes[12].lane/norm_q3[sum_norm][24]_i_5__21/O
                         net (fo=25, unplaced)        0.239     3.275    matrix/deqacc/genblk1[0].lanes[12].lane/norm_q3[sum_norm][24]_i_5__21_n_0
                         LUT6 (Prop_LUT6_I2_O)        0.038     3.313 r  matrix/deqacc/genblk1[0].lanes[12].lane/norm_q3[sum_norm][25]_i_2__21/O
                         net (fo=1, unplaced)         0.185     3.498    matrix/deqacc/genblk1[0].lanes[12].lane/norm_q3[sum_norm][25]_i_2__21_n_0
                         LUT6 (Prop_LUT6_I0_O)        0.038     3.536 r  matrix/deqacc/genblk1[0].lanes[12].lane/norm_q3[sum_norm][25]_i_1__21/O
                         net (fo=1, unplaced)         0.048     3.584    matrix/deqacc/genblk1[0].lanes[12].lane/fp32_normalize_mid[sum_norm]_return[25]
                         FDRE                                         r  matrix/deqacc/genblk1[0].lanes[12].lane/norm_q3_reg[sum_norm][25]/D
  -------------------------------------------------------------------    -------------------

                         (clock core_clk rise edge)
                                                      4.000     4.000 r  
                                                      0.000     4.000 r  clk (IN)
                         net (fo=49055, unset)        0.021     4.021    matrix/deqacc/genblk1[0].lanes[12].lane/clk
                         FDRE                                         r  matrix/deqacc/genblk1[0].lanes[12].lane/norm_q3_reg[sum_norm][25]/C
                         clock pessimism              0.000     4.021    
                         clock uncertainty           -0.035     3.986    
                         FDRE (Setup_FDRE_C_D)        0.025     4.011    matrix/deqacc/genblk1[0].lanes[12].lane/norm_q3_reg[sum_norm][25]
  -------------------------------------------------------------------
                         required time                          4.011    
                         arrival time                          -3.584    
  -------------------------------------------------------------------
                         slack                                  0.427    





Pulse Width Checks
--------------------------------------------------------------------------------------
Clock Name:         core_clk
Waveform(ns):       { 0.000 2.000 }
Period(ns):         4.000
Sources:            { clk }

Check Type        Corner  Lib Pin             Reference Pin  Required(ns)  Actual(ns)  Slack(ns)  Location  Pin
Min Period        n/a     RAMB36E2/CLKARDCLK  n/a            1.569         4.000       2.431                matrix/a_fifo/mem_even_reg_0/CLKARDCLK
Min Period        n/a     RAMB36E2/CLKBWRCLK  n/a            1.569         4.000       2.431                matrix/a_fifo/mem_even_reg_0/CLKBWRCLK
Min Period        n/a     RAMB36E2/CLKARDCLK  n/a            1.569         4.000       2.431                matrix/a_fifo/mem_even_reg_1/CLKARDCLK
Min Period        n/a     RAMB36E2/CLKBWRCLK  n/a            1.569         4.000       2.431                matrix/a_fifo/mem_even_reg_1/CLKBWRCLK
Min Period        n/a     RAMB36E2/CLKARDCLK  n/a            1.569         4.000       2.431                matrix/a_fifo/mem_even_reg_2/CLKARDCLK
Min Period        n/a     RAMB36E2/CLKBWRCLK  n/a            1.569         4.000       2.431                matrix/a_fifo/mem_even_reg_2/CLKBWRCLK
Min Period        n/a     RAMB36E2/CLKARDCLK  n/a            1.569         4.000       2.431                matrix/a_fifo/mem_even_reg_3/CLKARDCLK
Min Period        n/a     RAMB36E2/CLKBWRCLK  n/a            1.569         4.000       2.431                matrix/a_fifo/mem_even_reg_3/CLKBWRCLK
Min Period        n/a     RAMB36E2/CLKARDCLK  n/a            1.569         4.000       2.431                matrix/a_fifo/mem_odd_reg_0/CLKARDCLK
Min Period        n/a     RAMB36E2/CLKBWRCLK  n/a            1.569         4.000       2.431                matrix/a_fifo/mem_odd_reg_0/CLKBWRCLK
Low Pulse Width   Slow    RAMB36E2/CLKARDCLK  n/a            0.542         2.000       1.458                matrix/a_fifo/mem_even_reg_0/CLKARDCLK
Low Pulse Width   Fast    RAMB36E2/CLKARDCLK  n/a            0.542         2.000       1.458                matrix/a_fifo/mem_even_reg_0/CLKARDCLK
Low Pulse Width   Slow    RAMB36E2/CLKBWRCLK  n/a            0.542         2.000       1.458                matrix/a_fifo/mem_even_reg_0/CLKBWRCLK
Low Pulse Width   Fast    RAMB36E2/CLKBWRCLK  n/a            0.542         2.000       1.458                matrix/a_fifo/mem_even_reg_0/CLKBWRCLK
Low Pulse Width   Slow    RAMB36E2/CLKARDCLK  n/a            0.542         2.000       1.458                matrix/a_fifo/mem_even_reg_1/CLKARDCLK
Low Pulse Width   Fast    RAMB36E2/CLKARDCLK  n/a            0.542         2.000       1.458                matrix/a_fifo/mem_even_reg_1/CLKARDCLK
Low Pulse Width   Slow    RAMB36E2/CLKBWRCLK  n/a            0.542         2.000       1.458                matrix/a_fifo/mem_even_reg_1/CLKBWRCLK
Low Pulse Width   Fast    RAMB36E2/CLKBWRCLK  n/a            0.542         2.000       1.458                matrix/a_fifo/mem_even_reg_1/CLKBWRCLK
Low Pulse Width   Slow    RAMB36E2/CLKARDCLK  n/a            0.542         2.000       1.458                matrix/a_fifo/mem_even_reg_2/CLKARDCLK
Low Pulse Width   Fast    RAMB36E2/CLKARDCLK  n/a            0.542         2.000       1.458                matrix/a_fifo/mem_even_reg_2/CLKARDCLK
High Pulse Width  Slow    RAMB36E2/CLKARDCLK  n/a            0.542         2.000       1.458                matrix/a_fifo/mem_even_reg_0/CLKARDCLK
High Pulse Width  Fast    RAMB36E2/CLKARDCLK  n/a            0.542         2.000       1.458                matrix/a_fifo/mem_even_reg_0/CLKARDCLK
High Pulse Width  Slow    RAMB36E2/CLKBWRCLK  n/a            0.542         2.000       1.458                matrix/a_fifo/mem_even_reg_0/CLKBWRCLK
High Pulse Width  Fast    RAMB36E2/CLKBWRCLK  n/a            0.542         2.000       1.458                matrix/a_fifo/mem_even_reg_0/CLKBWRCLK
High Pulse Width  Slow    RAMB36E2/CLKARDCLK  n/a            0.542         2.000       1.458                matrix/a_fifo/mem_even_reg_1/CLKARDCLK
High Pulse Width  Fast    RAMB36E2/CLKARDCLK  n/a            0.542         2.000       1.458                matrix/a_fifo/mem_even_reg_1/CLKARDCLK
High Pulse Width  Slow    RAMB36E2/CLKBWRCLK  n/a            0.542         2.000       1.458                matrix/a_fifo/mem_even_reg_1/CLKBWRCLK
High Pulse Width  Fast    RAMB36E2/CLKBWRCLK  n/a            0.542         2.000       1.458                matrix/a_fifo/mem_even_reg_1/CLKBWRCLK
High Pulse Width  Slow    RAMB36E2/CLKARDCLK  n/a            0.542         2.000       1.458                matrix/a_fifo/mem_even_reg_2/CLKARDCLK
High Pulse Width  Fast    RAMB36E2/CLKARDCLK  n/a            0.542         2.000       1.458                matrix/a_fifo/mem_even_reg_2/CLKARDCLK



