Copyright 1986-2022 Xilinx, Inc. All Rights Reserved.
-----------------------------------------------------------------------------------------------------------------------------------------------------
| Tool Version : Vivado v.2022.2 (win64) Build 3671981 Fri Oct 14 05:00:03 MDT 2022
| Date         : Wed Sep 30 15:26:41 2026
| Host         : FLY running 64-bit major release  (build 9200)
| Command      : report_utilization -hierarchical -file C:/Users/fly04/Desktop/VLA/PCore_2.0/v3/reports/ooc_dea8_attention_matrix_v3/utilization.rpt
| Design       : dea8_attention_matrix_v3
| Device       : xcu50-fsvh2104-2-e
| Speed File   : -2
| Design State : Synthesized
-----------------------------------------------------------------------------------------------------------------------------------------------------

Utilization Design Information

Table of Contents
-----------------
1. Utilization by Hierarchy

1. Utilization by Hierarchy
---------------------------

+---------------------------------+---------------------------------------+------------+------------+---------+------+-------+--------+--------+------+------------+
|             Instance            |                 Module                | Total LUTs | Logic LUTs | LUTRAMs | SRLs |  FFs  | RAMB36 | RAMB18 | URAM | DSP Blocks |
+---------------------------------+---------------------------------------+------------+------------+---------+------+-------+--------+--------+------+------------+
| dea8_attention_matrix_v3        |                                 (top) |      48934 |      47735 |    1184 |   15 | 45057 |     38 |      2 |    0 |        256 |
|   (dea8_attention_matrix_v3)    |                                 (top) |         16 |         16 |       0 |    0 |    74 |      0 |      0 |    0 |          0 |
|   matrix                        |                        dea8_matrix_v3 |      48130 |      46931 |    1184 |   15 | 44878 |     26 |      2 |    0 |        256 |
|     (matrix)                    |                        dea8_matrix_v3 |         18 |         18 |       0 |    0 |    33 |      0 |      0 |    0 |          0 |
|     a_fifo                      |                         dea8_afifo_v3 |        373 |        373 |       0 |    0 |   327 |      8 |      0 |    0 |          0 |
|     b_fifo                      |                         dea8_bfifo_v3 |        356 |        356 |       0 |    0 |   320 |      4 |      0 |    0 |          0 |
|     b_loader                    |                      dea8_b_loader_v3 |         66 |         66 |       0 |    0 |    22 |      0 |      0 |    0 |          0 |
|     b_serializer                |                  dea8_b_serializer_v3 |         71 |         71 |       0 |    0 |   283 |      0 |      0 |    0 |          0 |
|     deqacc                      |                      dea8_deqacc32_v4 |      31675 |      30476 |    1184 |   15 | 21393 |     14 |      2 |    0 |          0 |
|       (deqacc)                  |                      dea8_deqacc32_v4 |       7666 |       7651 |       0 |   15 |  6645 |      0 |      0 |    0 |          0 |
|       acc_store                 |                     dea8_acc_store_v3 |       5653 |       4469 |    1184 |    0 |  3029 |     14 |      2 |    0 |          0 |
|         (acc_store)             |                     dea8_acc_store_v3 |          0 |          0 |       0 |    0 |    49 |      0 |      0 |    0 |          0 |
|         banks[0].parity[0].ram  |                      dea8_acc_bank_v3 |        323 |         27 |     296 |    0 |   539 |      0 |      0 |    0 |          0 |
|         banks[0].parity[1].ram  |      dea8_acc_bank_v3__parameterized0 |        324 |         28 |     296 |    0 |   538 |      0 |      0 |    0 |          0 |
|         banks[1].parity[0].ram  |                  dea8_acc_bank_v3_286 |       1346 |       1050 |     296 |    0 |   539 |      0 |      0 |    0 |          0 |
|         banks[1].parity[1].ram  |  dea8_acc_bank_v3__parameterized0_287 |       1350 |       1054 |     296 |    0 |   538 |      0 |      0 |    0 |          0 |
|         banks[2].parity[0].ram  |      dea8_acc_bank_v3__parameterized1 |       1161 |       1161 |       0 |    0 |   421 |      7 |      1 |    0 |          0 |
|         banks[2].parity[1].ram  |      dea8_acc_bank_v3__parameterized2 |       1149 |       1149 |       0 |    0 |   405 |      7 |      1 |    0 |          0 |
|       genblk1[0].lanes[0].lane  |                 dea8_fp32_acc_lane_v4 |       1244 |       1244 |       0 |    0 |   367 |      0 |      0 |    0 |          0 |
|       genblk1[0].lanes[10].lane |             dea8_fp32_acc_lane_v4_255 |        553 |        553 |       0 |    0 |   366 |      0 |      0 |    0 |          0 |
|       genblk1[0].lanes[11].lane |             dea8_fp32_acc_lane_v4_256 |        553 |        553 |       0 |    0 |   366 |      0 |      0 |    0 |          0 |
|       genblk1[0].lanes[12].lane |             dea8_fp32_acc_lane_v4_257 |        553 |        553 |       0 |    0 |   366 |      0 |      0 |    0 |          0 |
|       genblk1[0].lanes[13].lane |             dea8_fp32_acc_lane_v4_258 |        553 |        553 |       0 |    0 |   366 |      0 |      0 |    0 |          0 |
|       genblk1[0].lanes[14].lane |             dea8_fp32_acc_lane_v4_259 |        553 |        553 |       0 |    0 |   366 |      0 |      0 |    0 |          0 |
|       genblk1[0].lanes[15].lane |             dea8_fp32_acc_lane_v4_260 |        553 |        553 |       0 |    0 |   369 |      0 |      0 |    0 |          0 |
|       genblk1[0].lanes[1].lane  |             dea8_fp32_acc_lane_v4_261 |        551 |        551 |       0 |    0 |   366 |      0 |      0 |    0 |          0 |
|       genblk1[0].lanes[2].lane  |             dea8_fp32_acc_lane_v4_262 |        551 |        551 |       0 |    0 |   366 |      0 |      0 |    0 |          0 |
|       genblk1[0].lanes[3].lane  |             dea8_fp32_acc_lane_v4_263 |        553 |        553 |       0 |    0 |   366 |      0 |      0 |    0 |          0 |
|       genblk1[0].lanes[4].lane  |             dea8_fp32_acc_lane_v4_264 |        553 |        553 |       0 |    0 |   366 |      0 |      0 |    0 |          0 |
|       genblk1[0].lanes[5].lane  |             dea8_fp32_acc_lane_v4_265 |        553 |        553 |       0 |    0 |   366 |      0 |      0 |    0 |          0 |
|       genblk1[0].lanes[6].lane  |             dea8_fp32_acc_lane_v4_266 |        553 |        553 |       0 |    0 |   366 |      0 |      0 |    0 |          0 |
|       genblk1[0].lanes[7].lane  |             dea8_fp32_acc_lane_v4_267 |        553 |        553 |       0 |    0 |   366 |      0 |      0 |    0 |          0 |
|       genblk1[0].lanes[8].lane  |             dea8_fp32_acc_lane_v4_268 |        553 |        553 |       0 |    0 |   366 |      0 |      0 |    0 |          0 |
|       genblk1[0].lanes[9].lane  |             dea8_fp32_acc_lane_v4_269 |        553 |        553 |       0 |    0 |   366 |      0 |      0 |    0 |          0 |
|       genblk1[1].lanes[0].lane  |             dea8_fp32_acc_lane_v4_270 |        551 |        551 |       0 |    0 |   366 |      0 |      0 |    0 |          0 |
|       genblk1[1].lanes[10].lane |             dea8_fp32_acc_lane_v4_271 |        551 |        551 |       0 |    0 |   366 |      0 |      0 |    0 |          0 |
|       genblk1[1].lanes[11].lane |             dea8_fp32_acc_lane_v4_272 |        554 |        554 |       0 |    0 |   366 |      0 |      0 |    0 |          0 |
|       genblk1[1].lanes[12].lane |             dea8_fp32_acc_lane_v4_273 |        551 |        551 |       0 |    0 |   366 |      0 |      0 |    0 |          0 |
|       genblk1[1].lanes[13].lane |             dea8_fp32_acc_lane_v4_274 |        551 |        551 |       0 |    0 |   366 |      0 |      0 |    0 |          0 |
|       genblk1[1].lanes[14].lane |             dea8_fp32_acc_lane_v4_275 |        551 |        551 |       0 |    0 |   366 |      0 |      0 |    0 |          0 |
|       genblk1[1].lanes[15].lane |             dea8_fp32_acc_lane_v4_276 |        553 |        553 |       0 |    0 |   369 |      0 |      0 |    0 |          0 |
|       genblk1[1].lanes[1].lane  |             dea8_fp32_acc_lane_v4_277 |        551 |        551 |       0 |    0 |   366 |      0 |      0 |    0 |          0 |
|       genblk1[1].lanes[2].lane  |             dea8_fp32_acc_lane_v4_278 |        551 |        551 |       0 |    0 |   366 |      0 |      0 |    0 |          0 |
|       genblk1[1].lanes[3].lane  |             dea8_fp32_acc_lane_v4_279 |        551 |        551 |       0 |    0 |   366 |      0 |      0 |    0 |          0 |
|       genblk1[1].lanes[4].lane  |             dea8_fp32_acc_lane_v4_280 |        551 |        551 |       0 |    0 |   366 |      0 |      0 |    0 |          0 |
|       genblk1[1].lanes[5].lane  |             dea8_fp32_acc_lane_v4_281 |        551 |        551 |       0 |    0 |   366 |      0 |      0 |    0 |          0 |
|       genblk1[1].lanes[6].lane  |             dea8_fp32_acc_lane_v4_282 |        551 |        551 |       0 |    0 |   366 |      0 |      0 |    0 |          0 |
|       genblk1[1].lanes[7].lane  |             dea8_fp32_acc_lane_v4_283 |        551 |        551 |       0 |    0 |   366 |      0 |      0 |    0 |          0 |
|       genblk1[1].lanes[8].lane  |             dea8_fp32_acc_lane_v4_284 |        551 |        551 |       0 |    0 |   366 |      0 |      0 |    0 |          0 |
|       genblk1[1].lanes[9].lane  |             dea8_fp32_acc_lane_v4_285 |        551 |        551 |       0 |    0 |   366 |      0 |      0 |    0 |          0 |
|     mxu                         |                      dea8_mxu_2row_v3 |      15571 |      15571 |       0 |    0 | 22500 |      0 |      0 |    0 |        256 |
|       (mxu)                     |                      dea8_mxu_2row_v3 |      10191 |      10191 |       0 |    0 | 10210 |      0 |      0 |    0 |          0 |
|       genblk1[0].g_pe[0].pe     |                       dea8_pe_2row_v3 |         37 |         37 |       0 |    0 |    48 |      0 |      0 |    0 |          1 |
|       genblk1[0].g_pe[10].pe    |                     dea8_pe_2row_v3_0 |         37 |         37 |       0 |    0 |    48 |      0 |      0 |    0 |          1 |
|       genblk1[0].g_pe[11].pe    |                     dea8_pe_2row_v3_1 |         37 |         37 |       0 |    0 |    48 |      0 |      0 |    0 |          1 |
|       genblk1[0].g_pe[12].pe    |                     dea8_pe_2row_v3_2 |         37 |         37 |       0 |    0 |    48 |      0 |      0 |    0 |          1 |
|       genblk1[0].g_pe[13].pe    |                     dea8_pe_2row_v3_3 |         37 |         37 |       0 |    0 |    48 |      0 |      0 |    0 |          1 |
|       genblk1[0].g_pe[14].pe    |                     dea8_pe_2row_v3_4 |         37 |         37 |       0 |    0 |    48 |      0 |      0 |    0 |          1 |
|       genblk1[0].g_pe[15].pe    |                     dea8_pe_2row_v3_5 |         37 |         37 |       0 |    0 |    48 |      0 |      0 |    0 |          1 |
|       genblk1[0].g_pe[1].pe     |                     dea8_pe_2row_v3_6 |         37 |         37 |       0 |    0 |    48 |      0 |      0 |    0 |          1 |
|       genblk1[0].g_pe[2].pe     |                     dea8_pe_2row_v3_7 |         37 |         37 |       0 |    0 |    48 |      0 |      0 |    0 |          1 |
|       genblk1[0].g_pe[3].pe     |                     dea8_pe_2row_v3_8 |         37 |         37 |       0 |    0 |    48 |      0 |      0 |    0 |          1 |
|       genblk1[0].g_pe[4].pe     |                     dea8_pe_2row_v3_9 |         37 |         37 |       0 |    0 |    48 |      0 |      0 |    0 |          1 |
|       genblk1[0].g_pe[5].pe     |                    dea8_pe_2row_v3_10 |         37 |         37 |       0 |    0 |    48 |      0 |      0 |    0 |          1 |
|       genblk1[0].g_pe[6].pe     |                    dea8_pe_2row_v3_11 |         37 |         37 |       0 |    0 |    48 |      0 |      0 |    0 |          1 |
|       genblk1[0].g_pe[7].pe     |                    dea8_pe_2row_v3_12 |         37 |         37 |       0 |    0 |    48 |      0 |      0 |    0 |          1 |
|       genblk1[0].g_pe[8].pe     |                    dea8_pe_2row_v3_13 |         37 |         37 |       0 |    0 |    48 |      0 |      0 |    0 |          1 |
|       genblk1[0].g_pe[9].pe     |                    dea8_pe_2row_v3_14 |         37 |         37 |       0 |    0 |    48 |      0 |      0 |    0 |          1 |
|       genblk1[10].g_pe[0].pe    |                    dea8_pe_2row_v3_15 |         37 |         37 |       0 |    0 |    48 |      0 |      0 |    0 |          1 |
|       genblk1[10].g_pe[10].pe   |                    dea8_pe_2row_v3_16 |         37 |         37 |       0 |    0 |    48 |      0 |      0 |    0 |          1 |
|       genblk1[10].g_pe[11].pe   |                    dea8_pe_2row_v3_17 |         37 |         37 |       0 |    0 |    48 |      0 |      0 |    0 |          1 |
|       genblk1[10].g_pe[12].pe   |                    dea8_pe_2row_v3_18 |         37 |         37 |       0 |    0 |    48 |      0 |      0 |    0 |          1 |
|       genblk1[10].g_pe[13].pe   |                    dea8_pe_2row_v3_19 |         37 |         37 |       0 |    0 |    48 |      0 |      0 |    0 |          1 |
|       genblk1[10].g_pe[14].pe   |                    dea8_pe_2row_v3_20 |         37 |         37 |       0 |    0 |    48 |      0 |      0 |    0 |          1 |
|       genblk1[10].g_pe[15].pe   |                    dea8_pe_2row_v3_21 |         37 |         37 |       0 |    0 |    48 |      0 |      0 |    0 |          1 |
|       genblk1[10].g_pe[1].pe    |                    dea8_pe_2row_v3_22 |         37 |         37 |       0 |    0 |    48 |      0 |      0 |    0 |          1 |
|       genblk1[10].g_pe[2].pe    |                    dea8_pe_2row_v3_23 |         37 |         37 |       0 |    0 |    48 |      0 |      0 |    0 |          1 |
|       genblk1[10].g_pe[3].pe    |                    dea8_pe_2row_v3_24 |         37 |         37 |       0 |    0 |    48 |      0 |      0 |    0 |          1 |
|       genblk1[10].g_pe[4].pe    |                    dea8_pe_2row_v3_25 |         37 |         37 |       0 |    0 |    48 |      0 |      0 |    0 |          1 |
|       genblk1[10].g_pe[5].pe    |                    dea8_pe_2row_v3_26 |         37 |         37 |       0 |    0 |    48 |      0 |      0 |    0 |          1 |
|       genblk1[10].g_pe[6].pe    |                    dea8_pe_2row_v3_27 |         37 |         37 |       0 |    0 |    48 |      0 |      0 |    0 |          1 |
|       genblk1[10].g_pe[7].pe    |                    dea8_pe_2row_v3_28 |         37 |         37 |       0 |    0 |    48 |      0 |      0 |    0 |          1 |
|       genblk1[10].g_pe[8].pe    |                    dea8_pe_2row_v3_29 |         37 |         37 |       0 |    0 |    48 |      0 |      0 |    0 |          1 |
|       genblk1[10].g_pe[9].pe    |                    dea8_pe_2row_v3_30 |         37 |         37 |       0 |    0 |    48 |      0 |      0 |    0 |          1 |
|       genblk1[11].g_pe[0].pe    |                    dea8_pe_2row_v3_31 |          5 |          5 |       0 |    0 |    48 |      0 |      0 |    0 |          1 |
|       genblk1[11].g_pe[10].pe   |                    dea8_pe_2row_v3_32 |          5 |          5 |       0 |    0 |    48 |      0 |      0 |    0 |          1 |
|       genblk1[11].g_pe[11].pe   |                    dea8_pe_2row_v3_33 |          5 |          5 |       0 |    0 |    48 |      0 |      0 |    0 |          1 |
|       genblk1[11].g_pe[12].pe   |                    dea8_pe_2row_v3_34 |          5 |          5 |       0 |    0 |    48 |      0 |      0 |    0 |          1 |
|       genblk1[11].g_pe[13].pe   |                    dea8_pe_2row_v3_35 |          5 |          5 |       0 |    0 |    48 |      0 |      0 |    0 |          1 |
|       genblk1[11].g_pe[14].pe   |                    dea8_pe_2row_v3_36 |          5 |          5 |       0 |    0 |    48 |      0 |      0 |    0 |          1 |
|       genblk1[11].g_pe[15].pe   |                    dea8_pe_2row_v3_37 |          5 |          5 |       0 |    0 |    48 |      0 |      0 |    0 |          1 |
|       genblk1[11].g_pe[1].pe    |                    dea8_pe_2row_v3_38 |          5 |          5 |       0 |    0 |    48 |      0 |      0 |    0 |          1 |
|       genblk1[11].g_pe[2].pe    |                    dea8_pe_2row_v3_39 |          5 |          5 |       0 |    0 |    48 |      0 |      0 |    0 |          1 |
|       genblk1[11].g_pe[3].pe    |                    dea8_pe_2row_v3_40 |          5 |          5 |       0 |    0 |    48 |      0 |      0 |    0 |          1 |
|       genblk1[11].g_pe[4].pe    |                    dea8_pe_2row_v3_41 |          5 |          5 |       0 |    0 |    48 |      0 |      0 |    0 |          1 |
|       genblk1[11].g_pe[5].pe    |                    dea8_pe_2row_v3_42 |          5 |          5 |       0 |    0 |    48 |      0 |      0 |    0 |          1 |
|       genblk1[11].g_pe[6].pe    |                    dea8_pe_2row_v3_43 |          5 |          5 |       0 |    0 |    48 |      0 |      0 |    0 |          1 |
|       genblk1[11].g_pe[7].pe    |                    dea8_pe_2row_v3_44 |          5 |          5 |       0 |    0 |    48 |      0 |      0 |    0 |          1 |
|       genblk1[11].g_pe[8].pe    |                    dea8_pe_2row_v3_45 |          5 |          5 |       0 |    0 |    48 |      0 |      0 |    0 |          1 |
|       genblk1[11].g_pe[9].pe    |                    dea8_pe_2row_v3_46 |          5 |          5 |       0 |    0 |    48 |      0 |      0 |    0 |          1 |
|       genblk1[12].g_pe[0].pe    |                    dea8_pe_2row_v3_47 |         37 |         37 |       0 |    0 |    48 |      0 |      0 |    0 |          1 |
|       genblk1[12].g_pe[10].pe   |                    dea8_pe_2row_v3_48 |         37 |         37 |       0 |    0 |    48 |      0 |      0 |    0 |          1 |
|       genblk1[12].g_pe[11].pe   |                    dea8_pe_2row_v3_49 |         37 |         37 |       0 |    0 |    48 |      0 |      0 |    0 |          1 |
|       genblk1[12].g_pe[12].pe   |                    dea8_pe_2row_v3_50 |         37 |         37 |       0 |    0 |    48 |      0 |      0 |    0 |          1 |
|       genblk1[12].g_pe[13].pe   |                    dea8_pe_2row_v3_51 |         37 |         37 |       0 |    0 |    48 |      0 |      0 |    0 |          1 |
|       genblk1[12].g_pe[14].pe   |                    dea8_pe_2row_v3_52 |         37 |         37 |       0 |    0 |    48 |      0 |      0 |    0 |          1 |
|       genblk1[12].g_pe[15].pe   |                    dea8_pe_2row_v3_53 |         37 |         37 |       0 |    0 |    48 |      0 |      0 |    0 |          1 |
|       genblk1[12].g_pe[1].pe    |                    dea8_pe_2row_v3_54 |         37 |         37 |       0 |    0 |    48 |      0 |      0 |    0 |          1 |
|       genblk1[12].g_pe[2].pe    |                    dea8_pe_2row_v3_55 |         37 |         37 |       0 |    0 |    48 |      0 |      0 |    0 |          1 |
|       genblk1[12].g_pe[3].pe    |                    dea8_pe_2row_v3_56 |         37 |         37 |       0 |    0 |    48 |      0 |      0 |    0 |          1 |
|       genblk1[12].g_pe[4].pe    |                    dea8_pe_2row_v3_57 |         37 |         37 |       0 |    0 |    48 |      0 |      0 |    0 |          1 |
|       genblk1[12].g_pe[5].pe    |                    dea8_pe_2row_v3_58 |         37 |         37 |       0 |    0 |    48 |      0 |      0 |    0 |          1 |
|       genblk1[12].g_pe[6].pe    |                    dea8_pe_2row_v3_59 |         37 |         37 |       0 |    0 |    48 |      0 |      0 |    0 |          1 |
|       genblk1[12].g_pe[7].pe    |                    dea8_pe_2row_v3_60 |         37 |         37 |       0 |    0 |    48 |      0 |      0 |    0 |          1 |
|       genblk1[12].g_pe[8].pe    |                    dea8_pe_2row_v3_61 |         37 |         37 |       0 |    0 |    48 |      0 |      0 |    0 |          1 |
|       genblk1[12].g_pe[9].pe    |                    dea8_pe_2row_v3_62 |         37 |         37 |       0 |    0 |    48 |      0 |      0 |    0 |          1 |
|       genblk1[13].g_pe[0].pe    |                    dea8_pe_2row_v3_63 |          5 |          5 |       0 |    0 |    48 |      0 |      0 |    0 |          1 |
|       genblk1[13].g_pe[10].pe   |                    dea8_pe_2row_v3_64 |          5 |          5 |       0 |    0 |    48 |      0 |      0 |    0 |          1 |
|       genblk1[13].g_pe[11].pe   |                    dea8_pe_2row_v3_65 |          5 |          5 |       0 |    0 |    48 |      0 |      0 |    0 |          1 |
|       genblk1[13].g_pe[12].pe   |                    dea8_pe_2row_v3_66 |          5 |          5 |       0 |    0 |    48 |      0 |      0 |    0 |          1 |
|       genblk1[13].g_pe[13].pe   |                    dea8_pe_2row_v3_67 |          5 |          5 |       0 |    0 |    48 |      0 |      0 |    0 |          1 |
|       genblk1[13].g_pe[14].pe   |                    dea8_pe_2row_v3_68 |          5 |          5 |       0 |    0 |    48 |      0 |      0 |    0 |          1 |
|       genblk1[13].g_pe[15].pe   |                    dea8_pe_2row_v3_69 |          5 |          5 |       0 |    0 |    48 |      0 |      0 |    0 |          1 |
|       genblk1[13].g_pe[1].pe    |                    dea8_pe_2row_v3_70 |          5 |          5 |       0 |    0 |    48 |      0 |      0 |    0 |          1 |
|       genblk1[13].g_pe[2].pe    |                    dea8_pe_2row_v3_71 |          5 |          5 |       0 |    0 |    48 |      0 |      0 |    0 |          1 |
|       genblk1[13].g_pe[3].pe    |                    dea8_pe_2row_v3_72 |          5 |          5 |       0 |    0 |    48 |      0 |      0 |    0 |          1 |
|       genblk1[13].g_pe[4].pe    |                    dea8_pe_2row_v3_73 |          5 |          5 |       0 |    0 |    48 |      0 |      0 |    0 |          1 |
|       genblk1[13].g_pe[5].pe    |                    dea8_pe_2row_v3_74 |          5 |          5 |       0 |    0 |    48 |      0 |      0 |    0 |          1 |
|       genblk1[13].g_pe[6].pe    |                    dea8_pe_2row_v3_75 |          5 |          5 |       0 |    0 |    48 |      0 |      0 |    0 |          1 |
|       genblk1[13].g_pe[7].pe    |                    dea8_pe_2row_v3_76 |          5 |          5 |       0 |    0 |    48 |      0 |      0 |    0 |          1 |
|       genblk1[13].g_pe[8].pe    |                    dea8_pe_2row_v3_77 |          5 |          5 |       0 |    0 |    48 |      0 |      0 |    0 |          1 |
|       genblk1[13].g_pe[9].pe    |                    dea8_pe_2row_v3_78 |          5 |          5 |       0 |    0 |    48 |      0 |      0 |    0 |          1 |
|       genblk1[14].g_pe[0].pe    |                    dea8_pe_2row_v3_79 |         37 |         37 |       0 |    0 |    48 |      0 |      0 |    0 |          1 |
|       genblk1[14].g_pe[10].pe   |                    dea8_pe_2row_v3_80 |         37 |         37 |       0 |    0 |    48 |      0 |      0 |    0 |          1 |
|       genblk1[14].g_pe[11].pe   |                    dea8_pe_2row_v3_81 |         37 |         37 |       0 |    0 |    48 |      0 |      0 |    0 |          1 |
|       genblk1[14].g_pe[12].pe   |                    dea8_pe_2row_v3_82 |         37 |         37 |       0 |    0 |    48 |      0 |      0 |    0 |          1 |
|       genblk1[14].g_pe[13].pe   |                    dea8_pe_2row_v3_83 |         37 |         37 |       0 |    0 |    48 |      0 |      0 |    0 |          1 |
|       genblk1[14].g_pe[14].pe   |                    dea8_pe_2row_v3_84 |         37 |         37 |       0 |    0 |    48 |      0 |      0 |    0 |          1 |
|       genblk1[14].g_pe[15].pe   |                    dea8_pe_2row_v3_85 |         37 |         37 |       0 |    0 |    48 |      0 |      0 |    0 |          1 |
|       genblk1[14].g_pe[1].pe    |                    dea8_pe_2row_v3_86 |         37 |         37 |       0 |    0 |    48 |      0 |      0 |    0 |          1 |
|       genblk1[14].g_pe[2].pe    |                    dea8_pe_2row_v3_87 |         37 |         37 |       0 |    0 |    48 |      0 |      0 |    0 |          1 |
|       genblk1[14].g_pe[3].pe    |                    dea8_pe_2row_v3_88 |         37 |         37 |       0 |    0 |    48 |      0 |      0 |    0 |          1 |
|       genblk1[14].g_pe[4].pe    |                    dea8_pe_2row_v3_89 |         37 |         37 |       0 |    0 |    48 |      0 |      0 |    0 |          1 |
|       genblk1[14].g_pe[5].pe    |                    dea8_pe_2row_v3_90 |         37 |         37 |       0 |    0 |    48 |      0 |      0 |    0 |          1 |
|       genblk1[14].g_pe[6].pe    |                    dea8_pe_2row_v3_91 |         37 |         37 |       0 |    0 |    48 |      0 |      0 |    0 |          1 |
|       genblk1[14].g_pe[7].pe    |                    dea8_pe_2row_v3_92 |         37 |         37 |       0 |    0 |    48 |      0 |      0 |    0 |          1 |
|       genblk1[14].g_pe[8].pe    |                    dea8_pe_2row_v3_93 |         37 |         37 |       0 |    0 |    48 |      0 |      0 |    0 |          1 |
|       genblk1[14].g_pe[9].pe    |                    dea8_pe_2row_v3_94 |         37 |         37 |       0 |    0 |    48 |      0 |      0 |    0 |          1 |
|       genblk1[15].g_pe[0].pe    |                    dea8_pe_2row_v3_95 |          5 |          5 |       0 |    0 |    48 |      0 |      0 |    0 |          1 |
|       genblk1[15].g_pe[10].pe   |                    dea8_pe_2row_v3_96 |          5 |          5 |       0 |    0 |    48 |      0 |      0 |    0 |          1 |
|       genblk1[15].g_pe[11].pe   |                    dea8_pe_2row_v3_97 |          5 |          5 |       0 |    0 |    48 |      0 |      0 |    0 |          1 |
|       genblk1[15].g_pe[12].pe   |                    dea8_pe_2row_v3_98 |          5 |          5 |       0 |    0 |    48 |      0 |      0 |    0 |          1 |
|       genblk1[15].g_pe[13].pe   |                    dea8_pe_2row_v3_99 |          5 |          5 |       0 |    0 |    48 |      0 |      0 |    0 |          1 |
|       genblk1[15].g_pe[14].pe   |                   dea8_pe_2row_v3_100 |          5 |          5 |       0 |    0 |    48 |      0 |      0 |    0 |          1 |
|       genblk1[15].g_pe[15].pe   |                   dea8_pe_2row_v3_101 |          5 |          5 |       0 |    0 |    48 |      0 |      0 |    0 |          1 |
|       genblk1[15].g_pe[1].pe    |                   dea8_pe_2row_v3_102 |          5 |          5 |       0 |    0 |    48 |      0 |      0 |    0 |          1 |
|       genblk1[15].g_pe[2].pe    |                   dea8_pe_2row_v3_103 |          5 |          5 |       0 |    0 |    48 |      0 |      0 |    0 |          1 |
|       genblk1[15].g_pe[3].pe    |                   dea8_pe_2row_v3_104 |          5 |          5 |       0 |    0 |    48 |      0 |      0 |    0 |          1 |
|       genblk1[15].g_pe[4].pe    |                   dea8_pe_2row_v3_105 |          5 |          5 |       0 |    0 |    48 |      0 |      0 |    0 |          1 |
|       genblk1[15].g_pe[5].pe    |                   dea8_pe_2row_v3_106 |          7 |          7 |       0 |    0 |    49 |      0 |      0 |    0 |          1 |
|       genblk1[15].g_pe[6].pe    |                   dea8_pe_2row_v3_107 |          5 |          5 |       0 |    0 |    48 |      0 |      0 |    0 |          1 |
|       genblk1[15].g_pe[7].pe    |                   dea8_pe_2row_v3_108 |          5 |          5 |       0 |    0 |    48 |      0 |      0 |    0 |          1 |
|       genblk1[15].g_pe[8].pe    |                   dea8_pe_2row_v3_109 |          5 |          5 |       0 |    0 |    48 |      0 |      0 |    0 |          1 |
|       genblk1[15].g_pe[9].pe    |                   dea8_pe_2row_v3_110 |          5 |          5 |       0 |    0 |    48 |      0 |      0 |    0 |          1 |
|       genblk1[1].g_pe[0].pe     |                   dea8_pe_2row_v3_111 |          5 |          5 |       0 |    0 |    48 |      0 |      0 |    0 |          1 |
|       genblk1[1].g_pe[10].pe    |                   dea8_pe_2row_v3_112 |          5 |          5 |       0 |    0 |    48 |      0 |      0 |    0 |          1 |
|       genblk1[1].g_pe[11].pe    |                   dea8_pe_2row_v3_113 |          5 |          5 |       0 |    0 |    48 |      0 |      0 |    0 |          1 |
|       genblk1[1].g_pe[12].pe    |                   dea8_pe_2row_v3_114 |          5 |          5 |       0 |    0 |    48 |      0 |      0 |    0 |          1 |
|       genblk1[1].g_pe[13].pe    |                   dea8_pe_2row_v3_115 |          5 |          5 |       0 |    0 |    48 |      0 |      0 |    0 |          1 |
|       genblk1[1].g_pe[14].pe    |                   dea8_pe_2row_v3_116 |          5 |          5 |       0 |    0 |    48 |      0 |      0 |    0 |          1 |
|       genblk1[1].g_pe[15].pe    |                   dea8_pe_2row_v3_117 |          5 |          5 |       0 |    0 |    48 |      0 |      0 |    0 |          1 |
|       genblk1[1].g_pe[1].pe     |                   dea8_pe_2row_v3_118 |          5 |          5 |       0 |    0 |    48 |      0 |      0 |    0 |          1 |
|       genblk1[1].g_pe[2].pe     |                   dea8_pe_2row_v3_119 |          5 |          5 |       0 |    0 |    48 |      0 |      0 |    0 |          1 |
|       genblk1[1].g_pe[3].pe     |                   dea8_pe_2row_v3_120 |          5 |          5 |       0 |    0 |    48 |      0 |      0 |    0 |          1 |
|       genblk1[1].g_pe[4].pe     |                   dea8_pe_2row_v3_121 |          5 |          5 |       0 |    0 |    48 |      0 |      0 |    0 |          1 |
|       genblk1[1].g_pe[5].pe     |                   dea8_pe_2row_v3_122 |          5 |          5 |       0 |    0 |    48 |      0 |      0 |    0 |          1 |
|       genblk1[1].g_pe[6].pe     |                   dea8_pe_2row_v3_123 |          5 |          5 |       0 |    0 |    48 |      0 |      0 |    0 |          1 |
|       genblk1[1].g_pe[7].pe     |                   dea8_pe_2row_v3_124 |          5 |          5 |       0 |    0 |    48 |      0 |      0 |    0 |          1 |
|       genblk1[1].g_pe[8].pe     |                   dea8_pe_2row_v3_125 |          5 |          5 |       0 |    0 |    48 |      0 |      0 |    0 |          1 |
|       genblk1[1].g_pe[9].pe     |                   dea8_pe_2row_v3_126 |          5 |          5 |       0 |    0 |    48 |      0 |      0 |    0 |          1 |
|       genblk1[2].g_pe[0].pe     |                   dea8_pe_2row_v3_127 |         37 |         37 |       0 |    0 |    48 |      0 |      0 |    0 |          1 |
|       genblk1[2].g_pe[10].pe    |                   dea8_pe_2row_v3_128 |         37 |         37 |       0 |    0 |    48 |      0 |      0 |    0 |          1 |
|       genblk1[2].g_pe[11].pe    |                   dea8_pe_2row_v3_129 |         37 |         37 |       0 |    0 |    48 |      0 |      0 |    0 |          1 |
|       genblk1[2].g_pe[12].pe    |                   dea8_pe_2row_v3_130 |         37 |         37 |       0 |    0 |    48 |      0 |      0 |    0 |          1 |
|       genblk1[2].g_pe[13].pe    |                   dea8_pe_2row_v3_131 |         37 |         37 |       0 |    0 |    48 |      0 |      0 |    0 |          1 |
|       genblk1[2].g_pe[14].pe    |                   dea8_pe_2row_v3_132 |         37 |         37 |       0 |    0 |    48 |      0 |      0 |    0 |          1 |
|       genblk1[2].g_pe[15].pe    |                   dea8_pe_2row_v3_133 |         37 |         37 |       0 |    0 |    48 |      0 |      0 |    0 |          1 |
|       genblk1[2].g_pe[1].pe     |                   dea8_pe_2row_v3_134 |         37 |         37 |       0 |    0 |    48 |      0 |      0 |    0 |          1 |
|       genblk1[2].g_pe[2].pe     |                   dea8_pe_2row_v3_135 |         37 |         37 |       0 |    0 |    48 |      0 |      0 |    0 |          1 |
|       genblk1[2].g_pe[3].pe     |                   dea8_pe_2row_v3_136 |         37 |         37 |       0 |    0 |    48 |      0 |      0 |    0 |          1 |
|       genblk1[2].g_pe[4].pe     |                   dea8_pe_2row_v3_137 |         37 |         37 |       0 |    0 |    48 |      0 |      0 |    0 |          1 |
|       genblk1[2].g_pe[5].pe     |                   dea8_pe_2row_v3_138 |         37 |         37 |       0 |    0 |    48 |      0 |      0 |    0 |          1 |
|       genblk1[2].g_pe[6].pe     |                   dea8_pe_2row_v3_139 |         37 |         37 |       0 |    0 |    48 |      0 |      0 |    0 |          1 |
|       genblk1[2].g_pe[7].pe     |                   dea8_pe_2row_v3_140 |         37 |         37 |       0 |    0 |    48 |      0 |      0 |    0 |          1 |
|       genblk1[2].g_pe[8].pe     |                   dea8_pe_2row_v3_141 |         37 |         37 |       0 |    0 |    48 |      0 |      0 |    0 |          1 |
|       genblk1[2].g_pe[9].pe     |                   dea8_pe_2row_v3_142 |         37 |         37 |       0 |    0 |    48 |      0 |      0 |    0 |          1 |
|       genblk1[3].g_pe[0].pe     |                   dea8_pe_2row_v3_143 |          5 |          5 |       0 |    0 |    48 |      0 |      0 |    0 |          1 |
|       genblk1[3].g_pe[10].pe    |                   dea8_pe_2row_v3_144 |          5 |          5 |       0 |    0 |    48 |      0 |      0 |    0 |          1 |
|       genblk1[3].g_pe[11].pe    |                   dea8_pe_2row_v3_145 |          5 |          5 |       0 |    0 |    48 |      0 |      0 |    0 |          1 |
|       genblk1[3].g_pe[12].pe    |                   dea8_pe_2row_v3_146 |          5 |          5 |       0 |    0 |    48 |      0 |      0 |    0 |          1 |
|       genblk1[3].g_pe[13].pe    |                   dea8_pe_2row_v3_147 |          5 |          5 |       0 |    0 |    48 |      0 |      0 |    0 |          1 |
|       genblk1[3].g_pe[14].pe    |                   dea8_pe_2row_v3_148 |          5 |          5 |       0 |    0 |    48 |      0 |      0 |    0 |          1 |
|       genblk1[3].g_pe[15].pe    |                   dea8_pe_2row_v3_149 |          5 |          5 |       0 |    0 |    48 |      0 |      0 |    0 |          1 |
|       genblk1[3].g_pe[1].pe     |                   dea8_pe_2row_v3_150 |          5 |          5 |       0 |    0 |    48 |      0 |      0 |    0 |          1 |
|       genblk1[3].g_pe[2].pe     |                   dea8_pe_2row_v3_151 |          5 |          5 |       0 |    0 |    48 |      0 |      0 |    0 |          1 |
|       genblk1[3].g_pe[3].pe     |                   dea8_pe_2row_v3_152 |          5 |          5 |       0 |    0 |    48 |      0 |      0 |    0 |          1 |
|       genblk1[3].g_pe[4].pe     |                   dea8_pe_2row_v3_153 |          5 |          5 |       0 |    0 |    48 |      0 |      0 |    0 |          1 |
|       genblk1[3].g_pe[5].pe     |                   dea8_pe_2row_v3_154 |          7 |          7 |       0 |    0 |    49 |      0 |      0 |    0 |          1 |
|       genblk1[3].g_pe[6].pe     |                   dea8_pe_2row_v3_155 |          5 |          5 |       0 |    0 |    48 |      0 |      0 |    0 |          1 |
|       genblk1[3].g_pe[7].pe     |                   dea8_pe_2row_v3_156 |          5 |          5 |       0 |    0 |    48 |      0 |      0 |    0 |          1 |
|       genblk1[3].g_pe[8].pe     |                   dea8_pe_2row_v3_157 |          5 |          5 |       0 |    0 |    48 |      0 |      0 |    0 |          1 |
|       genblk1[3].g_pe[9].pe     |                   dea8_pe_2row_v3_158 |          5 |          5 |       0 |    0 |    48 |      0 |      0 |    0 |          1 |
|       genblk1[4].g_pe[0].pe     |                   dea8_pe_2row_v3_159 |         37 |         37 |       0 |    0 |    48 |      0 |      0 |    0 |          1 |
|       genblk1[4].g_pe[10].pe    |                   dea8_pe_2row_v3_160 |         37 |         37 |       0 |    0 |    48 |      0 |      0 |    0 |          1 |
|       genblk1[4].g_pe[11].pe    |                   dea8_pe_2row_v3_161 |         37 |         37 |       0 |    0 |    48 |      0 |      0 |    0 |          1 |
|       genblk1[4].g_pe[12].pe    |                   dea8_pe_2row_v3_162 |         37 |         37 |       0 |    0 |    48 |      0 |      0 |    0 |          1 |
|       genblk1[4].g_pe[13].pe    |                   dea8_pe_2row_v3_163 |         37 |         37 |       0 |    0 |    48 |      0 |      0 |    0 |          1 |
|       genblk1[4].g_pe[14].pe    |                   dea8_pe_2row_v3_164 |         37 |         37 |       0 |    0 |    48 |      0 |      0 |    0 |          1 |
|       genblk1[4].g_pe[15].pe    |                   dea8_pe_2row_v3_165 |         37 |         37 |       0 |    0 |    48 |      0 |      0 |    0 |          1 |
|       genblk1[4].g_pe[1].pe     |                   dea8_pe_2row_v3_166 |         37 |         37 |       0 |    0 |    48 |      0 |      0 |    0 |          1 |
|       genblk1[4].g_pe[2].pe     |                   dea8_pe_2row_v3_167 |         37 |         37 |       0 |    0 |    48 |      0 |      0 |    0 |          1 |
|       genblk1[4].g_pe[3].pe     |                   dea8_pe_2row_v3_168 |         37 |         37 |       0 |    0 |    48 |      0 |      0 |    0 |          1 |
|       genblk1[4].g_pe[4].pe     |                   dea8_pe_2row_v3_169 |         37 |         37 |       0 |    0 |    48 |      0 |      0 |    0 |          1 |
|       genblk1[4].g_pe[5].pe     |                   dea8_pe_2row_v3_170 |         37 |         37 |       0 |    0 |    48 |      0 |      0 |    0 |          1 |
|       genblk1[4].g_pe[6].pe     |                   dea8_pe_2row_v3_171 |         37 |         37 |       0 |    0 |    48 |      0 |      0 |    0 |          1 |
|       genblk1[4].g_pe[7].pe     |                   dea8_pe_2row_v3_172 |         37 |         37 |       0 |    0 |    48 |      0 |      0 |    0 |          1 |
|       genblk1[4].g_pe[8].pe     |                   dea8_pe_2row_v3_173 |         37 |         37 |       0 |    0 |    48 |      0 |      0 |    0 |          1 |
|       genblk1[4].g_pe[9].pe     |                   dea8_pe_2row_v3_174 |         37 |         37 |       0 |    0 |    48 |      0 |      0 |    0 |          1 |
|       genblk1[5].g_pe[0].pe     |                   dea8_pe_2row_v3_175 |          5 |          5 |       0 |    0 |    48 |      0 |      0 |    0 |          1 |
|       genblk1[5].g_pe[10].pe    |                   dea8_pe_2row_v3_176 |          5 |          5 |       0 |    0 |    48 |      0 |      0 |    0 |          1 |
|       genblk1[5].g_pe[11].pe    |                   dea8_pe_2row_v3_177 |          5 |          5 |       0 |    0 |    48 |      0 |      0 |    0 |          1 |
|       genblk1[5].g_pe[12].pe    |                   dea8_pe_2row_v3_178 |          5 |          5 |       0 |    0 |    48 |      0 |      0 |    0 |          1 |
|       genblk1[5].g_pe[13].pe    |                   dea8_pe_2row_v3_179 |          5 |          5 |       0 |    0 |    48 |      0 |      0 |    0 |          1 |
|       genblk1[5].g_pe[14].pe    |                   dea8_pe_2row_v3_180 |          5 |          5 |       0 |    0 |    48 |      0 |      0 |    0 |          1 |
|       genblk1[5].g_pe[15].pe    |                   dea8_pe_2row_v3_181 |          5 |          5 |       0 |    0 |    48 |      0 |      0 |    0 |          1 |
|       genblk1[5].g_pe[1].pe     |                   dea8_pe_2row_v3_182 |          5 |          5 |       0 |    0 |    48 |      0 |      0 |    0 |          1 |
|       genblk1[5].g_pe[2].pe     |                   dea8_pe_2row_v3_183 |          5 |          5 |       0 |    0 |    48 |      0 |      0 |    0 |          1 |
|       genblk1[5].g_pe[3].pe     |                   dea8_pe_2row_v3_184 |          5 |          5 |       0 |    0 |    48 |      0 |      0 |    0 |          1 |
|       genblk1[5].g_pe[4].pe     |                   dea8_pe_2row_v3_185 |          5 |          5 |       0 |    0 |    48 |      0 |      0 |    0 |          1 |
|       genblk1[5].g_pe[5].pe     |                   dea8_pe_2row_v3_186 |          5 |          5 |       0 |    0 |    48 |      0 |      0 |    0 |          1 |
|       genblk1[5].g_pe[6].pe     |                   dea8_pe_2row_v3_187 |          5 |          5 |       0 |    0 |    48 |      0 |      0 |    0 |          1 |
|       genblk1[5].g_pe[7].pe     |                   dea8_pe_2row_v3_188 |          5 |          5 |       0 |    0 |    48 |      0 |      0 |    0 |          1 |
|       genblk1[5].g_pe[8].pe     |                   dea8_pe_2row_v3_189 |          5 |          5 |       0 |    0 |    48 |      0 |      0 |    0 |          1 |
|       genblk1[5].g_pe[9].pe     |                   dea8_pe_2row_v3_190 |          5 |          5 |       0 |    0 |    48 |      0 |      0 |    0 |          1 |
|       genblk1[6].g_pe[0].pe     |                   dea8_pe_2row_v3_191 |         37 |         37 |       0 |    0 |    48 |      0 |      0 |    0 |          1 |
|       genblk1[6].g_pe[10].pe    |                   dea8_pe_2row_v3_192 |         37 |         37 |       0 |    0 |    48 |      0 |      0 |    0 |          1 |
|       genblk1[6].g_pe[11].pe    |                   dea8_pe_2row_v3_193 |         37 |         37 |       0 |    0 |    48 |      0 |      0 |    0 |          1 |
|       genblk1[6].g_pe[12].pe    |                   dea8_pe_2row_v3_194 |         37 |         37 |       0 |    0 |    48 |      0 |      0 |    0 |          1 |
|       genblk1[6].g_pe[13].pe    |                   dea8_pe_2row_v3_195 |         37 |         37 |       0 |    0 |    48 |      0 |      0 |    0 |          1 |
|       genblk1[6].g_pe[14].pe    |                   dea8_pe_2row_v3_196 |         37 |         37 |       0 |    0 |    48 |      0 |      0 |    0 |          1 |
|       genblk1[6].g_pe[15].pe    |                   dea8_pe_2row_v3_197 |         37 |         37 |       0 |    0 |    48 |      0 |      0 |    0 |          1 |
|       genblk1[6].g_pe[1].pe     |                   dea8_pe_2row_v3_198 |         37 |         37 |       0 |    0 |    48 |      0 |      0 |    0 |          1 |
|       genblk1[6].g_pe[2].pe     |                   dea8_pe_2row_v3_199 |         37 |         37 |       0 |    0 |    48 |      0 |      0 |    0 |          1 |
|       genblk1[6].g_pe[3].pe     |                   dea8_pe_2row_v3_200 |         37 |         37 |       0 |    0 |    48 |      0 |      0 |    0 |          1 |
|       genblk1[6].g_pe[4].pe     |                   dea8_pe_2row_v3_201 |         37 |         37 |       0 |    0 |    48 |      0 |      0 |    0 |          1 |
|       genblk1[6].g_pe[5].pe     |                   dea8_pe_2row_v3_202 |         37 |         37 |       0 |    0 |    48 |      0 |      0 |    0 |          1 |
|       genblk1[6].g_pe[6].pe     |                   dea8_pe_2row_v3_203 |         37 |         37 |       0 |    0 |    48 |      0 |      0 |    0 |          1 |
|       genblk1[6].g_pe[7].pe     |                   dea8_pe_2row_v3_204 |         37 |         37 |       0 |    0 |    48 |      0 |      0 |    0 |          1 |
|       genblk1[6].g_pe[8].pe     |                   dea8_pe_2row_v3_205 |         37 |         37 |       0 |    0 |    48 |      0 |      0 |    0 |          1 |
|       genblk1[6].g_pe[9].pe     |                   dea8_pe_2row_v3_206 |         37 |         37 |       0 |    0 |    48 |      0 |      0 |    0 |          1 |
|       genblk1[7].g_pe[0].pe     |                   dea8_pe_2row_v3_207 |          5 |          5 |       0 |    0 |    48 |      0 |      0 |    0 |          1 |
|       genblk1[7].g_pe[10].pe    |                   dea8_pe_2row_v3_208 |          5 |          5 |       0 |    0 |    48 |      0 |      0 |    0 |          1 |
|       genblk1[7].g_pe[11].pe    |                   dea8_pe_2row_v3_209 |          5 |          5 |       0 |    0 |    48 |      0 |      0 |    0 |          1 |
|       genblk1[7].g_pe[12].pe    |                   dea8_pe_2row_v3_210 |          5 |          5 |       0 |    0 |    48 |      0 |      0 |    0 |          1 |
|       genblk1[7].g_pe[13].pe    |                   dea8_pe_2row_v3_211 |          5 |          5 |       0 |    0 |    48 |      0 |      0 |    0 |          1 |
|       genblk1[7].g_pe[14].pe    |                   dea8_pe_2row_v3_212 |          5 |          5 |       0 |    0 |    48 |      0 |      0 |    0 |          1 |
|       genblk1[7].g_pe[15].pe    |                   dea8_pe_2row_v3_213 |          5 |          5 |       0 |    0 |    48 |      0 |      0 |    0 |          1 |
|       genblk1[7].g_pe[1].pe     |                   dea8_pe_2row_v3_214 |          5 |          5 |       0 |    0 |    48 |      0 |      0 |    0 |          1 |
|       genblk1[7].g_pe[2].pe     |                   dea8_pe_2row_v3_215 |          5 |          5 |       0 |    0 |    48 |      0 |      0 |    0 |          1 |
|       genblk1[7].g_pe[3].pe     |                   dea8_pe_2row_v3_216 |          5 |          5 |       0 |    0 |    48 |      0 |      0 |    0 |          1 |
|       genblk1[7].g_pe[4].pe     |                   dea8_pe_2row_v3_217 |          5 |          5 |       0 |    0 |    48 |      0 |      0 |    0 |          1 |
|       genblk1[7].g_pe[5].pe     |                   dea8_pe_2row_v3_218 |          5 |          5 |       0 |    0 |    48 |      0 |      0 |    0 |          1 |
|       genblk1[7].g_pe[6].pe     |                   dea8_pe_2row_v3_219 |          5 |          5 |       0 |    0 |    48 |      0 |      0 |    0 |          1 |
|       genblk1[7].g_pe[7].pe     |                   dea8_pe_2row_v3_220 |          5 |          5 |       0 |    0 |    48 |      0 |      0 |    0 |          1 |
|       genblk1[7].g_pe[8].pe     |                   dea8_pe_2row_v3_221 |          5 |          5 |       0 |    0 |    48 |      0 |      0 |    0 |          1 |
|       genblk1[7].g_pe[9].pe     |                   dea8_pe_2row_v3_222 |          5 |          5 |       0 |    0 |    48 |      0 |      0 |    0 |          1 |
|       genblk1[8].g_pe[0].pe     |                   dea8_pe_2row_v3_223 |         37 |         37 |       0 |    0 |    48 |      0 |      0 |    0 |          1 |
|       genblk1[8].g_pe[10].pe    |                   dea8_pe_2row_v3_224 |         37 |         37 |       0 |    0 |    48 |      0 |      0 |    0 |          1 |
|       genblk1[8].g_pe[11].pe    |                   dea8_pe_2row_v3_225 |         37 |         37 |       0 |    0 |    48 |      0 |      0 |    0 |          1 |
|       genblk1[8].g_pe[12].pe    |                   dea8_pe_2row_v3_226 |         37 |         37 |       0 |    0 |    48 |      0 |      0 |    0 |          1 |
|       genblk1[8].g_pe[13].pe    |                   dea8_pe_2row_v3_227 |         37 |         37 |       0 |    0 |    48 |      0 |      0 |    0 |          1 |
|       genblk1[8].g_pe[14].pe    |                   dea8_pe_2row_v3_228 |         37 |         37 |       0 |    0 |    48 |      0 |      0 |    0 |          1 |
|       genblk1[8].g_pe[15].pe    |                   dea8_pe_2row_v3_229 |         37 |         37 |       0 |    0 |    48 |      0 |      0 |    0 |          1 |
|       genblk1[8].g_pe[1].pe     |                   dea8_pe_2row_v3_230 |         37 |         37 |       0 |    0 |    48 |      0 |      0 |    0 |          1 |
|       genblk1[8].g_pe[2].pe     |                   dea8_pe_2row_v3_231 |         37 |         37 |       0 |    0 |    48 |      0 |      0 |    0 |          1 |
|       genblk1[8].g_pe[3].pe     |                   dea8_pe_2row_v3_232 |         37 |         37 |       0 |    0 |    48 |      0 |      0 |    0 |          1 |
|       genblk1[8].g_pe[4].pe     |                   dea8_pe_2row_v3_233 |         37 |         37 |       0 |    0 |    48 |      0 |      0 |    0 |          1 |
|       genblk1[8].g_pe[5].pe     |                   dea8_pe_2row_v3_234 |         37 |         37 |       0 |    0 |    48 |      0 |      0 |    0 |          1 |
|       genblk1[8].g_pe[6].pe     |                   dea8_pe_2row_v3_235 |         37 |         37 |       0 |    0 |    48 |      0 |      0 |    0 |          1 |
|       genblk1[8].g_pe[7].pe     |                   dea8_pe_2row_v3_236 |         37 |         37 |       0 |    0 |    48 |      0 |      0 |    0 |          1 |
|       genblk1[8].g_pe[8].pe     |                   dea8_pe_2row_v3_237 |         37 |         37 |       0 |    0 |    48 |      0 |      0 |    0 |          1 |
|       genblk1[8].g_pe[9].pe     |                   dea8_pe_2row_v3_238 |         37 |         37 |       0 |    0 |    48 |      0 |      0 |    0 |          1 |
|       genblk1[9].g_pe[0].pe     |                   dea8_pe_2row_v3_239 |          5 |          5 |       0 |    0 |    48 |      0 |      0 |    0 |          1 |
|       genblk1[9].g_pe[10].pe    |                   dea8_pe_2row_v3_240 |          5 |          5 |       0 |    0 |    48 |      0 |      0 |    0 |          1 |
|       genblk1[9].g_pe[11].pe    |                   dea8_pe_2row_v3_241 |          5 |          5 |       0 |    0 |    48 |      0 |      0 |    0 |          1 |
|       genblk1[9].g_pe[12].pe    |                   dea8_pe_2row_v3_242 |          5 |          5 |       0 |    0 |    48 |      0 |      0 |    0 |          1 |
|       genblk1[9].g_pe[13].pe    |                   dea8_pe_2row_v3_243 |          5 |          5 |       0 |    0 |    48 |      0 |      0 |    0 |          1 |
|       genblk1[9].g_pe[14].pe    |                   dea8_pe_2row_v3_244 |          5 |          5 |       0 |    0 |    48 |      0 |      0 |    0 |          1 |
|       genblk1[9].g_pe[15].pe    |                   dea8_pe_2row_v3_245 |          5 |          5 |       0 |    0 |    48 |      0 |      0 |    0 |          1 |
|       genblk1[9].g_pe[1].pe     |                   dea8_pe_2row_v3_246 |          5 |          5 |       0 |    0 |    48 |      0 |      0 |    0 |          1 |
|       genblk1[9].g_pe[2].pe     |                   dea8_pe_2row_v3_247 |          5 |          5 |       0 |    0 |    48 |      0 |      0 |    0 |          1 |
|       genblk1[9].g_pe[3].pe     |                   dea8_pe_2row_v3_248 |          5 |          5 |       0 |    0 |    48 |      0 |      0 |    0 |          1 |
|       genblk1[9].g_pe[4].pe     |                   dea8_pe_2row_v3_249 |          5 |          5 |       0 |    0 |    48 |      0 |      0 |    0 |          1 |
|       genblk1[9].g_pe[5].pe     |                   dea8_pe_2row_v3_250 |          5 |          5 |       0 |    0 |    48 |      0 |      0 |    0 |          1 |
|       genblk1[9].g_pe[6].pe     |                   dea8_pe_2row_v3_251 |          5 |          5 |       0 |    0 |    48 |      0 |      0 |    0 |          1 |
|       genblk1[9].g_pe[7].pe     |                   dea8_pe_2row_v3_252 |          5 |          5 |       0 |    0 |    48 |      0 |      0 |    0 |          1 |
|       genblk1[9].g_pe[8].pe     |                   dea8_pe_2row_v3_253 |          5 |          5 |       0 |    0 |    48 |      0 |      0 |    0 |          1 |
|       genblk1[9].g_pe[9].pe     |                   dea8_pe_2row_v3_254 |          5 |          5 |       0 |    0 |    48 |      0 |      0 |    0 |          1 |
|   pbuf                          | dea8_local_a_store_v3__parameterized0 |        695 |        695 |       0 |    0 |    69 |      8 |      0 |    0 |          0 |
|   qoz                           |                 dea8_local_a_store_v3 |         93 |         93 |       0 |    0 |    36 |      4 |      0 |    0 |          0 |
+---------------------------------+---------------------------------------+------------+------------+---------+------+-------+--------+--------+------+------------+


