Copyright 1986-2022 Xilinx, Inc. All Rights Reserved.
-----------------------------------------------------------------------------------------------------------------------------------------------------
| Tool Version : Vivado v.2022.2 (win64) Build 3671981 Fri Oct 14 05:00:03 MDT 2022
| Date         : Tue Sep 29 17:07:35 2026
| Host         : FLY running 64-bit major release  (build 9200)
| Command      : report_utilization -hierarchical -file C:/Users/fly04/Desktop/VLA/PCore_2.0/v3/reports/ooc_dea8_attention_matrix_v3/utilization.rpt
| Design       : dea8_attention_matrix_v3
| Device       : xcu50-fsvh2104-2-e
| Speed File   : -2
| Design State : Synthesized
-----------------------------------------------------------------------------------------------------------------------------------------------------

Utilization Design Information

Table of Contents
-----------------
1. Utilization by Hierarchy

1. Utilization by Hierarchy
---------------------------

+--------------------------------+---------------------------------------+------------+------------+---------+------+-------+--------+--------+------+------------+
|            Instance            |                 Module                | Total LUTs | Logic LUTs | LUTRAMs | SRLs |  FFs  | RAMB36 | RAMB18 | URAM | DSP Blocks |
+--------------------------------+---------------------------------------+------------+------------+---------+------+-------+--------+--------+------+------------+
| dea8_attention_matrix_v3       |                                 (top) |      91777 |      90129 |    1648 |    0 | 65427 |     18 |      2 |    0 |        256 |
|   (dea8_attention_matrix_v3)   |                                 (top) |       1764 |       1764 |       0 |    0 |   131 |      0 |      0 |    0 |          0 |
|   matrix                       |                        dea8_matrix_v3 |      84849 |      83341 |    1508 |    0 | 50762 |     14 |      2 |    0 |        256 |
|     (matrix)                   |                        dea8_matrix_v3 |         16 |         16 |       0 |    0 |    33 |      0 |      0 |    0 |          0 |
|     a_fifo                     |                         dea8_afifo_v3 |       5132 |       5132 |       0 |    0 | 18384 |      0 |      0 |    0 |          0 |
|     b_fifo                     |                         dea8_bfifo_v3 |        541 |        217 |     324 |    0 |    50 |      0 |      0 |    0 |          0 |
|     b_loader                   |                      dea8_b_loader_v3 |         63 |         63 |       0 |    0 |    22 |      0 |      0 |    0 |          0 |
|     b_serializer               |                  dea8_b_serializer_v3 |         72 |         72 |       0 |    0 |   283 |      0 |      0 |    0 |          0 |
|     deqacc                     |                      dea8_deqacc32_v3 |      66018 |      64834 |    1184 |    0 |  9498 |     14 |      2 |    0 |          0 |
|       (deqacc)                 |                      dea8_deqacc32_v3 |      58166 |      58166 |       0 |    0 |  6459 |      0 |      0 |    0 |          0 |
|       acc_store                |                     dea8_acc_store_v3 |       7852 |       6668 |    1184 |    0 |  3039 |     14 |      2 |    0 |          0 |
|         (acc_store)            |                     dea8_acc_store_v3 |          2 |          2 |       0 |    0 |    43 |      0 |      0 |    0 |          0 |
|         banks[0].parity[0].ram |                      dea8_acc_bank_v3 |        631 |        335 |     296 |    0 |   543 |      0 |      0 |    0 |          0 |
|         banks[0].parity[1].ram |      dea8_acc_bank_v3__parameterized0 |        622 |        326 |     296 |    0 |   542 |      0 |      0 |    0 |          0 |
|         banks[1].parity[0].ram |                  dea8_acc_bank_v3_255 |       1649 |       1353 |     296 |    0 |   543 |      0 |      0 |    0 |          0 |
|         banks[1].parity[1].ram |  dea8_acc_bank_v3__parameterized0_256 |       1641 |       1345 |     296 |    0 |   542 |      0 |      0 |    0 |          0 |
|         banks[2].parity[0].ram |      dea8_acc_bank_v3__parameterized1 |       1662 |       1662 |       0 |    0 |   421 |      7 |      1 |    0 |          0 |
|         banks[2].parity[1].ram |      dea8_acc_bank_v3__parameterized2 |       1645 |       1645 |       0 |    0 |   405 |      7 |      1 |    0 |          0 |
|     mxu                        |                      dea8_mxu_2row_v3 |      13007 |      13007 |       0 |    0 | 22492 |      0 |      0 |    0 |        256 |
|       (mxu)                    |                      dea8_mxu_2row_v3 |       7424 |       7424 |       0 |    0 | 10202 |      0 |      0 |    0 |          0 |
|       genblk1[0].g_pe[0].pe    |                       dea8_pe_2row_v3 |         37 |         37 |       0 |    0 |    48 |      0 |      0 |    0 |          1 |
|       genblk1[0].g_pe[10].pe   |                     dea8_pe_2row_v3_0 |         38 |         38 |       0 |    0 |    48 |      0 |      0 |    0 |          1 |
|       genblk1[0].g_pe[11].pe   |                     dea8_pe_2row_v3_1 |         37 |         37 |       0 |    0 |    48 |      0 |      0 |    0 |          1 |
|       genblk1[0].g_pe[12].pe   |                     dea8_pe_2row_v3_2 |         38 |         38 |       0 |    0 |    48 |      0 |      0 |    0 |          1 |
|       genblk1[0].g_pe[13].pe   |                     dea8_pe_2row_v3_3 |         38 |         38 |       0 |    0 |    48 |      0 |      0 |    0 |          1 |
|       genblk1[0].g_pe[14].pe   |                     dea8_pe_2row_v3_4 |         38 |         38 |       0 |    0 |    48 |      0 |      0 |    0 |          1 |
|       genblk1[0].g_pe[15].pe   |                     dea8_pe_2row_v3_5 |         38 |         38 |       0 |    0 |    48 |      0 |      0 |    0 |          1 |
|       genblk1[0].g_pe[1].pe    |                     dea8_pe_2row_v3_6 |         38 |         38 |       0 |    0 |    48 |      0 |      0 |    0 |          1 |
|       genblk1[0].g_pe[2].pe    |                     dea8_pe_2row_v3_7 |         38 |         38 |       0 |    0 |    48 |      0 |      0 |    0 |          1 |
|       genblk1[0].g_pe[3].pe    |                     dea8_pe_2row_v3_8 |         38 |         38 |       0 |    0 |    48 |      0 |      0 |    0 |          1 |
|       genblk1[0].g_pe[4].pe    |                     dea8_pe_2row_v3_9 |         38 |         38 |       0 |    0 |    48 |      0 |      0 |    0 |          1 |
|       genblk1[0].g_pe[5].pe    |                    dea8_pe_2row_v3_10 |         38 |         38 |       0 |    0 |    48 |      0 |      0 |    0 |          1 |
|       genblk1[0].g_pe[6].pe    |                    dea8_pe_2row_v3_11 |         38 |         38 |       0 |    0 |    48 |      0 |      0 |    0 |          1 |
|       genblk1[0].g_pe[7].pe    |                    dea8_pe_2row_v3_12 |         37 |         37 |       0 |    0 |    48 |      0 |      0 |    0 |          1 |
|       genblk1[0].g_pe[8].pe    |                    dea8_pe_2row_v3_13 |         38 |         38 |       0 |    0 |    48 |      0 |      0 |    0 |          1 |
|       genblk1[0].g_pe[9].pe    |                    dea8_pe_2row_v3_14 |         38 |         38 |       0 |    0 |    48 |      0 |      0 |    0 |          1 |
|       genblk1[10].g_pe[0].pe   |                    dea8_pe_2row_v3_15 |         38 |         38 |       0 |    0 |    48 |      0 |      0 |    0 |          1 |
|       genblk1[10].g_pe[10].pe  |                    dea8_pe_2row_v3_16 |         38 |         38 |       0 |    0 |    48 |      0 |      0 |    0 |          1 |
|       genblk1[10].g_pe[11].pe  |                    dea8_pe_2row_v3_17 |         37 |         37 |       0 |    0 |    48 |      0 |      0 |    0 |          1 |
|       genblk1[10].g_pe[12].pe  |                    dea8_pe_2row_v3_18 |         38 |         38 |       0 |    0 |    48 |      0 |      0 |    0 |          1 |
|       genblk1[10].g_pe[13].pe  |                    dea8_pe_2row_v3_19 |         38 |         38 |       0 |    0 |    48 |      0 |      0 |    0 |          1 |
|       genblk1[10].g_pe[14].pe  |                    dea8_pe_2row_v3_20 |         37 |         37 |       0 |    0 |    48 |      0 |      0 |    0 |          1 |
|       genblk1[10].g_pe[15].pe  |                    dea8_pe_2row_v3_21 |         38 |         38 |       0 |    0 |    48 |      0 |      0 |    0 |          1 |
|       genblk1[10].g_pe[1].pe   |                    dea8_pe_2row_v3_22 |         38 |         38 |       0 |    0 |    48 |      0 |      0 |    0 |          1 |
|       genblk1[10].g_pe[2].pe   |                    dea8_pe_2row_v3_23 |         38 |         38 |       0 |    0 |    48 |      0 |      0 |    0 |          1 |
|       genblk1[10].g_pe[3].pe   |                    dea8_pe_2row_v3_24 |         38 |         38 |       0 |    0 |    48 |      0 |      0 |    0 |          1 |
|       genblk1[10].g_pe[4].pe   |                    dea8_pe_2row_v3_25 |         38 |         38 |       0 |    0 |    48 |      0 |      0 |    0 |          1 |
|       genblk1[10].g_pe[5].pe   |                    dea8_pe_2row_v3_26 |         38 |         38 |       0 |    0 |    48 |      0 |      0 |    0 |          1 |
|       genblk1[10].g_pe[6].pe   |                    dea8_pe_2row_v3_27 |         38 |         38 |       0 |    0 |    48 |      0 |      0 |    0 |          1 |
|       genblk1[10].g_pe[7].pe   |                    dea8_pe_2row_v3_28 |         37 |         37 |       0 |    0 |    48 |      0 |      0 |    0 |          1 |
|       genblk1[10].g_pe[8].pe   |                    dea8_pe_2row_v3_29 |         38 |         38 |       0 |    0 |    48 |      0 |      0 |    0 |          1 |
|       genblk1[10].g_pe[9].pe   |                    dea8_pe_2row_v3_30 |         38 |         38 |       0 |    0 |    48 |      0 |      0 |    0 |          1 |
|       genblk1[11].g_pe[0].pe   |                    dea8_pe_2row_v3_31 |          6 |          6 |       0 |    0 |    48 |      0 |      0 |    0 |          1 |
|       genblk1[11].g_pe[10].pe  |                    dea8_pe_2row_v3_32 |          6 |          6 |       0 |    0 |    48 |      0 |      0 |    0 |          1 |
|       genblk1[11].g_pe[11].pe  |                    dea8_pe_2row_v3_33 |          5 |          5 |       0 |    0 |    48 |      0 |      0 |    0 |          1 |
|       genblk1[11].g_pe[12].pe  |                    dea8_pe_2row_v3_34 |          6 |          6 |       0 |    0 |    48 |      0 |      0 |    0 |          1 |
|       genblk1[11].g_pe[13].pe  |                    dea8_pe_2row_v3_35 |          6 |          6 |       0 |    0 |    48 |      0 |      0 |    0 |          1 |
|       genblk1[11].g_pe[14].pe  |                    dea8_pe_2row_v3_36 |          5 |          5 |       0 |    0 |    48 |      0 |      0 |    0 |          1 |
|       genblk1[11].g_pe[15].pe  |                    dea8_pe_2row_v3_37 |          6 |          6 |       0 |    0 |    48 |      0 |      0 |    0 |          1 |
|       genblk1[11].g_pe[1].pe   |                    dea8_pe_2row_v3_38 |          6 |          6 |       0 |    0 |    48 |      0 |      0 |    0 |          1 |
|       genblk1[11].g_pe[2].pe   |                    dea8_pe_2row_v3_39 |          6 |          6 |       0 |    0 |    48 |      0 |      0 |    0 |          1 |
|       genblk1[11].g_pe[3].pe   |                    dea8_pe_2row_v3_40 |          6 |          6 |       0 |    0 |    48 |      0 |      0 |    0 |          1 |
|       genblk1[11].g_pe[4].pe   |                    dea8_pe_2row_v3_41 |          6 |          6 |       0 |    0 |    48 |      0 |      0 |    0 |          1 |
|       genblk1[11].g_pe[5].pe   |                    dea8_pe_2row_v3_42 |          6 |          6 |       0 |    0 |    48 |      0 |      0 |    0 |          1 |
|       genblk1[11].g_pe[6].pe   |                    dea8_pe_2row_v3_43 |          6 |          6 |       0 |    0 |    48 |      0 |      0 |    0 |          1 |
|       genblk1[11].g_pe[7].pe   |                    dea8_pe_2row_v3_44 |          5 |          5 |       0 |    0 |    48 |      0 |      0 |    0 |          1 |
|       genblk1[11].g_pe[8].pe   |                    dea8_pe_2row_v3_45 |          6 |          6 |       0 |    0 |    48 |      0 |      0 |    0 |          1 |
|       genblk1[11].g_pe[9].pe   |                    dea8_pe_2row_v3_46 |          6 |          6 |       0 |    0 |    48 |      0 |      0 |    0 |          1 |
|       genblk1[12].g_pe[0].pe   |                    dea8_pe_2row_v3_47 |         38 |         38 |       0 |    0 |    48 |      0 |      0 |    0 |          1 |
|       genblk1[12].g_pe[10].pe  |                    dea8_pe_2row_v3_48 |         38 |         38 |       0 |    0 |    48 |      0 |      0 |    0 |          1 |
|       genblk1[12].g_pe[11].pe  |                    dea8_pe_2row_v3_49 |         37 |         37 |       0 |    0 |    48 |      0 |      0 |    0 |          1 |
|       genblk1[12].g_pe[12].pe  |                    dea8_pe_2row_v3_50 |         38 |         38 |       0 |    0 |    48 |      0 |      0 |    0 |          1 |
|       genblk1[12].g_pe[13].pe  |                    dea8_pe_2row_v3_51 |         38 |         38 |       0 |    0 |    48 |      0 |      0 |    0 |          1 |
|       genblk1[12].g_pe[14].pe  |                    dea8_pe_2row_v3_52 |         37 |         37 |       0 |    0 |    48 |      0 |      0 |    0 |          1 |
|       genblk1[12].g_pe[15].pe  |                    dea8_pe_2row_v3_53 |         38 |         38 |       0 |    0 |    48 |      0 |      0 |    0 |          1 |
|       genblk1[12].g_pe[1].pe   |                    dea8_pe_2row_v3_54 |         38 |         38 |       0 |    0 |    48 |      0 |      0 |    0 |          1 |
|       genblk1[12].g_pe[2].pe   |                    dea8_pe_2row_v3_55 |         38 |         38 |       0 |    0 |    48 |      0 |      0 |    0 |          1 |
|       genblk1[12].g_pe[3].pe   |                    dea8_pe_2row_v3_56 |         38 |         38 |       0 |    0 |    48 |      0 |      0 |    0 |          1 |
|       genblk1[12].g_pe[4].pe   |                    dea8_pe_2row_v3_57 |         38 |         38 |       0 |    0 |    48 |      0 |      0 |    0 |          1 |
|       genblk1[12].g_pe[5].pe   |                    dea8_pe_2row_v3_58 |         38 |         38 |       0 |    0 |    48 |      0 |      0 |    0 |          1 |
|       genblk1[12].g_pe[6].pe   |                    dea8_pe_2row_v3_59 |         38 |         38 |       0 |    0 |    48 |      0 |      0 |    0 |          1 |
|       genblk1[12].g_pe[7].pe   |                    dea8_pe_2row_v3_60 |         37 |         37 |       0 |    0 |    48 |      0 |      0 |    0 |          1 |
|       genblk1[12].g_pe[8].pe   |                    dea8_pe_2row_v3_61 |         38 |         38 |       0 |    0 |    48 |      0 |      0 |    0 |          1 |
|       genblk1[12].g_pe[9].pe   |                    dea8_pe_2row_v3_62 |         38 |         38 |       0 |    0 |    48 |      0 |      0 |    0 |          1 |
|       genblk1[13].g_pe[0].pe   |                    dea8_pe_2row_v3_63 |          6 |          6 |       0 |    0 |    48 |      0 |      0 |    0 |          1 |
|       genblk1[13].g_pe[10].pe  |                    dea8_pe_2row_v3_64 |          6 |          6 |       0 |    0 |    48 |      0 |      0 |    0 |          1 |
|       genblk1[13].g_pe[11].pe  |                    dea8_pe_2row_v3_65 |          5 |          5 |       0 |    0 |    48 |      0 |      0 |    0 |          1 |
|       genblk1[13].g_pe[12].pe  |                    dea8_pe_2row_v3_66 |          6 |          6 |       0 |    0 |    48 |      0 |      0 |    0 |          1 |
|       genblk1[13].g_pe[13].pe  |                    dea8_pe_2row_v3_67 |          6 |          6 |       0 |    0 |    48 |      0 |      0 |    0 |          1 |
|       genblk1[13].g_pe[14].pe  |                    dea8_pe_2row_v3_68 |          5 |          5 |       0 |    0 |    48 |      0 |      0 |    0 |          1 |
|       genblk1[13].g_pe[15].pe  |                    dea8_pe_2row_v3_69 |          6 |          6 |       0 |    0 |    48 |      0 |      0 |    0 |          1 |
|       genblk1[13].g_pe[1].pe   |                    dea8_pe_2row_v3_70 |          6 |          6 |       0 |    0 |    48 |      0 |      0 |    0 |          1 |
|       genblk1[13].g_pe[2].pe   |                    dea8_pe_2row_v3_71 |          6 |          6 |       0 |    0 |    48 |      0 |      0 |    0 |          1 |
|       genblk1[13].g_pe[3].pe   |                    dea8_pe_2row_v3_72 |          6 |          6 |       0 |    0 |    48 |      0 |      0 |    0 |          1 |
|       genblk1[13].g_pe[4].pe   |                    dea8_pe_2row_v3_73 |          6 |          6 |       0 |    0 |    48 |      0 |      0 |    0 |          1 |
|       genblk1[13].g_pe[5].pe   |                    dea8_pe_2row_v3_74 |          6 |          6 |       0 |    0 |    48 |      0 |      0 |    0 |          1 |
|       genblk1[13].g_pe[6].pe   |                    dea8_pe_2row_v3_75 |          6 |          6 |       0 |    0 |    48 |      0 |      0 |    0 |          1 |
|       genblk1[13].g_pe[7].pe   |                    dea8_pe_2row_v3_76 |          5 |          5 |       0 |    0 |    48 |      0 |      0 |    0 |          1 |
|       genblk1[13].g_pe[8].pe   |                    dea8_pe_2row_v3_77 |          6 |          6 |       0 |    0 |    48 |      0 |      0 |    0 |          1 |
|       genblk1[13].g_pe[9].pe   |                    dea8_pe_2row_v3_78 |          6 |          6 |       0 |    0 |    48 |      0 |      0 |    0 |          1 |
|       genblk1[14].g_pe[0].pe   |                    dea8_pe_2row_v3_79 |         38 |         38 |       0 |    0 |    48 |      0 |      0 |    0 |          1 |
|       genblk1[14].g_pe[10].pe  |                    dea8_pe_2row_v3_80 |         38 |         38 |       0 |    0 |    48 |      0 |      0 |    0 |          1 |
|       genblk1[14].g_pe[11].pe  |                    dea8_pe_2row_v3_81 |         37 |         37 |       0 |    0 |    48 |      0 |      0 |    0 |          1 |
|       genblk1[14].g_pe[12].pe  |                    dea8_pe_2row_v3_82 |         38 |         38 |       0 |    0 |    48 |      0 |      0 |    0 |          1 |
|       genblk1[14].g_pe[13].pe  |                    dea8_pe_2row_v3_83 |         38 |         38 |       0 |    0 |    48 |      0 |      0 |    0 |          1 |
|       genblk1[14].g_pe[14].pe  |                    dea8_pe_2row_v3_84 |         37 |         37 |       0 |    0 |    48 |      0 |      0 |    0 |          1 |
|       genblk1[14].g_pe[15].pe  |                    dea8_pe_2row_v3_85 |         38 |         38 |       0 |    0 |    48 |      0 |      0 |    0 |          1 |
|       genblk1[14].g_pe[1].pe   |                    dea8_pe_2row_v3_86 |         38 |         38 |       0 |    0 |    48 |      0 |      0 |    0 |          1 |
|       genblk1[14].g_pe[2].pe   |                    dea8_pe_2row_v3_87 |         38 |         38 |       0 |    0 |    48 |      0 |      0 |    0 |          1 |
|       genblk1[14].g_pe[3].pe   |                    dea8_pe_2row_v3_88 |         38 |         38 |       0 |    0 |    48 |      0 |      0 |    0 |          1 |
|       genblk1[14].g_pe[4].pe   |                    dea8_pe_2row_v3_89 |         38 |         38 |       0 |    0 |    48 |      0 |      0 |    0 |          1 |
|       genblk1[14].g_pe[5].pe   |                    dea8_pe_2row_v3_90 |         38 |         38 |       0 |    0 |    48 |      0 |      0 |    0 |          1 |
|       genblk1[14].g_pe[6].pe   |                    dea8_pe_2row_v3_91 |         38 |         38 |       0 |    0 |    48 |      0 |      0 |    0 |          1 |
|       genblk1[14].g_pe[7].pe   |                    dea8_pe_2row_v3_92 |         37 |         37 |       0 |    0 |    48 |      0 |      0 |    0 |          1 |
|       genblk1[14].g_pe[8].pe   |                    dea8_pe_2row_v3_93 |         38 |         38 |       0 |    0 |    48 |      0 |      0 |    0 |          1 |
|       genblk1[14].g_pe[9].pe   |                    dea8_pe_2row_v3_94 |         38 |         38 |       0 |    0 |    48 |      0 |      0 |    0 |          1 |
|       genblk1[15].g_pe[0].pe   |                    dea8_pe_2row_v3_95 |          6 |          6 |       0 |    0 |    48 |      0 |      0 |    0 |          1 |
|       genblk1[15].g_pe[10].pe  |                    dea8_pe_2row_v3_96 |          6 |          6 |       0 |    0 |    48 |      0 |      0 |    0 |          1 |
|       genblk1[15].g_pe[11].pe  |                    dea8_pe_2row_v3_97 |          5 |          5 |       0 |    0 |    48 |      0 |      0 |    0 |          1 |
|       genblk1[15].g_pe[12].pe  |                    dea8_pe_2row_v3_98 |          6 |          6 |       0 |    0 |    48 |      0 |      0 |    0 |          1 |
|       genblk1[15].g_pe[13].pe  |                    dea8_pe_2row_v3_99 |          6 |          6 |       0 |    0 |    48 |      0 |      0 |    0 |          1 |
|       genblk1[15].g_pe[14].pe  |                   dea8_pe_2row_v3_100 |          5 |          5 |       0 |    0 |    48 |      0 |      0 |    0 |          1 |
|       genblk1[15].g_pe[15].pe  |                   dea8_pe_2row_v3_101 |          6 |          6 |       0 |    0 |    48 |      0 |      0 |    0 |          1 |
|       genblk1[15].g_pe[1].pe   |                   dea8_pe_2row_v3_102 |          6 |          6 |       0 |    0 |    48 |      0 |      0 |    0 |          1 |
|       genblk1[15].g_pe[2].pe   |                   dea8_pe_2row_v3_103 |          6 |          6 |       0 |    0 |    48 |      0 |      0 |    0 |          1 |
|       genblk1[15].g_pe[3].pe   |                   dea8_pe_2row_v3_104 |          6 |          6 |       0 |    0 |    48 |      0 |      0 |    0 |          1 |
|       genblk1[15].g_pe[4].pe   |                   dea8_pe_2row_v3_105 |          6 |          6 |       0 |    0 |    48 |      0 |      0 |    0 |          1 |
|       genblk1[15].g_pe[5].pe   |                   dea8_pe_2row_v3_106 |          6 |          6 |       0 |    0 |    48 |      0 |      0 |    0 |          1 |
|       genblk1[15].g_pe[6].pe   |                   dea8_pe_2row_v3_107 |          6 |          6 |       0 |    0 |    48 |      0 |      0 |    0 |          1 |
|       genblk1[15].g_pe[7].pe   |                   dea8_pe_2row_v3_108 |          5 |          5 |       0 |    0 |    48 |      0 |      0 |    0 |          1 |
|       genblk1[15].g_pe[8].pe   |                   dea8_pe_2row_v3_109 |          6 |          6 |       0 |    0 |    48 |      0 |      0 |    0 |          1 |
|       genblk1[15].g_pe[9].pe   |                   dea8_pe_2row_v3_110 |          6 |          6 |       0 |    0 |    48 |      0 |      0 |    0 |          1 |
|       genblk1[1].g_pe[0].pe    |                   dea8_pe_2row_v3_111 |          5 |          5 |       0 |    0 |    48 |      0 |      0 |    0 |          1 |
|       genblk1[1].g_pe[10].pe   |                   dea8_pe_2row_v3_112 |          6 |          6 |       0 |    0 |    48 |      0 |      0 |    0 |          1 |
|       genblk1[1].g_pe[11].pe   |                   dea8_pe_2row_v3_113 |          5 |          5 |       0 |    0 |    48 |      0 |      0 |    0 |          1 |
|       genblk1[1].g_pe[12].pe   |                   dea8_pe_2row_v3_114 |          6 |          6 |       0 |    0 |    48 |      0 |      0 |    0 |          1 |
|       genblk1[1].g_pe[13].pe   |                   dea8_pe_2row_v3_115 |          6 |          6 |       0 |    0 |    48 |      0 |      0 |    0 |          1 |
|       genblk1[1].g_pe[14].pe   |                   dea8_pe_2row_v3_116 |          5 |          5 |       0 |    0 |    48 |      0 |      0 |    0 |          1 |
|       genblk1[1].g_pe[15].pe   |                   dea8_pe_2row_v3_117 |          6 |          6 |       0 |    0 |    48 |      0 |      0 |    0 |          1 |
|       genblk1[1].g_pe[1].pe    |                   dea8_pe_2row_v3_118 |          6 |          6 |       0 |    0 |    48 |      0 |      0 |    0 |          1 |
|       genblk1[1].g_pe[2].pe    |                   dea8_pe_2row_v3_119 |          6 |          6 |       0 |    0 |    48 |      0 |      0 |    0 |          1 |
|       genblk1[1].g_pe[3].pe    |                   dea8_pe_2row_v3_120 |          6 |          6 |       0 |    0 |    48 |      0 |      0 |    0 |          1 |
|       genblk1[1].g_pe[4].pe    |                   dea8_pe_2row_v3_121 |          6 |          6 |       0 |    0 |    48 |      0 |      0 |    0 |          1 |
|       genblk1[1].g_pe[5].pe    |                   dea8_pe_2row_v3_122 |          6 |          6 |       0 |    0 |    48 |      0 |      0 |    0 |          1 |
|       genblk1[1].g_pe[6].pe    |                   dea8_pe_2row_v3_123 |          6 |          6 |       0 |    0 |    48 |      0 |      0 |    0 |          1 |
|       genblk1[1].g_pe[7].pe    |                   dea8_pe_2row_v3_124 |          5 |          5 |       0 |    0 |    48 |      0 |      0 |    0 |          1 |
|       genblk1[1].g_pe[8].pe    |                   dea8_pe_2row_v3_125 |          6 |          6 |       0 |    0 |    48 |      0 |      0 |    0 |          1 |
|       genblk1[1].g_pe[9].pe    |                   dea8_pe_2row_v3_126 |          6 |          6 |       0 |    0 |    48 |      0 |      0 |    0 |          1 |
|       genblk1[2].g_pe[0].pe    |                   dea8_pe_2row_v3_127 |         37 |         37 |       0 |    0 |    48 |      0 |      0 |    0 |          1 |
|       genblk1[2].g_pe[10].pe   |                   dea8_pe_2row_v3_128 |         38 |         38 |       0 |    0 |    48 |      0 |      0 |    0 |          1 |
|       genblk1[2].g_pe[11].pe   |                   dea8_pe_2row_v3_129 |         37 |         37 |       0 |    0 |    48 |      0 |      0 |    0 |          1 |
|       genblk1[2].g_pe[12].pe   |                   dea8_pe_2row_v3_130 |         38 |         38 |       0 |    0 |    48 |      0 |      0 |    0 |          1 |
|       genblk1[2].g_pe[13].pe   |                   dea8_pe_2row_v3_131 |         38 |         38 |       0 |    0 |    48 |      0 |      0 |    0 |          1 |
|       genblk1[2].g_pe[14].pe   |                   dea8_pe_2row_v3_132 |         37 |         37 |       0 |    0 |    48 |      0 |      0 |    0 |          1 |
|       genblk1[2].g_pe[15].pe   |                   dea8_pe_2row_v3_133 |         38 |         38 |       0 |    0 |    48 |      0 |      0 |    0 |          1 |
|       genblk1[2].g_pe[1].pe    |                   dea8_pe_2row_v3_134 |         38 |         38 |       0 |    0 |    48 |      0 |      0 |    0 |          1 |
|       genblk1[2].g_pe[2].pe    |                   dea8_pe_2row_v3_135 |         38 |         38 |       0 |    0 |    48 |      0 |      0 |    0 |          1 |
|       genblk1[2].g_pe[3].pe    |                   dea8_pe_2row_v3_136 |         38 |         38 |       0 |    0 |    48 |      0 |      0 |    0 |          1 |
|       genblk1[2].g_pe[4].pe    |                   dea8_pe_2row_v3_137 |         38 |         38 |       0 |    0 |    48 |      0 |      0 |    0 |          1 |
|       genblk1[2].g_pe[5].pe    |                   dea8_pe_2row_v3_138 |         38 |         38 |       0 |    0 |    48 |      0 |      0 |    0 |          1 |
|       genblk1[2].g_pe[6].pe    |                   dea8_pe_2row_v3_139 |         38 |         38 |       0 |    0 |    48 |      0 |      0 |    0 |          1 |
|       genblk1[2].g_pe[7].pe    |                   dea8_pe_2row_v3_140 |         37 |         37 |       0 |    0 |    48 |      0 |      0 |    0 |          1 |
|       genblk1[2].g_pe[8].pe    |                   dea8_pe_2row_v3_141 |         38 |         38 |       0 |    0 |    48 |      0 |      0 |    0 |          1 |
|       genblk1[2].g_pe[9].pe    |                   dea8_pe_2row_v3_142 |         38 |         38 |       0 |    0 |    48 |      0 |      0 |    0 |          1 |
|       genblk1[3].g_pe[0].pe    |                   dea8_pe_2row_v3_143 |          5 |          5 |       0 |    0 |    48 |      0 |      0 |    0 |          1 |
|       genblk1[3].g_pe[10].pe   |                   dea8_pe_2row_v3_144 |          6 |          6 |       0 |    0 |    48 |      0 |      0 |    0 |          1 |
|       genblk1[3].g_pe[11].pe   |                   dea8_pe_2row_v3_145 |          5 |          5 |       0 |    0 |    48 |      0 |      0 |    0 |          1 |
|       genblk1[3].g_pe[12].pe   |                   dea8_pe_2row_v3_146 |          6 |          6 |       0 |    0 |    48 |      0 |      0 |    0 |          1 |
|       genblk1[3].g_pe[13].pe   |                   dea8_pe_2row_v3_147 |          6 |          6 |       0 |    0 |    48 |      0 |      0 |    0 |          1 |
|       genblk1[3].g_pe[14].pe   |                   dea8_pe_2row_v3_148 |          5 |          5 |       0 |    0 |    48 |      0 |      0 |    0 |          1 |
|       genblk1[3].g_pe[15].pe   |                   dea8_pe_2row_v3_149 |          6 |          6 |       0 |    0 |    48 |      0 |      0 |    0 |          1 |
|       genblk1[3].g_pe[1].pe    |                   dea8_pe_2row_v3_150 |          6 |          6 |       0 |    0 |    48 |      0 |      0 |    0 |          1 |
|       genblk1[3].g_pe[2].pe    |                   dea8_pe_2row_v3_151 |          6 |          6 |       0 |    0 |    48 |      0 |      0 |    0 |          1 |
|       genblk1[3].g_pe[3].pe    |                   dea8_pe_2row_v3_152 |          6 |          6 |       0 |    0 |    48 |      0 |      0 |    0 |          1 |
|       genblk1[3].g_pe[4].pe    |                   dea8_pe_2row_v3_153 |          6 |          6 |       0 |    0 |    48 |      0 |      0 |    0 |          1 |
|       genblk1[3].g_pe[5].pe    |                   dea8_pe_2row_v3_154 |          6 |          6 |       0 |    0 |    48 |      0 |      0 |    0 |          1 |
|       genblk1[3].g_pe[6].pe    |                   dea8_pe_2row_v3_155 |          6 |          6 |       0 |    0 |    48 |      0 |      0 |    0 |          1 |
|       genblk1[3].g_pe[7].pe    |                   dea8_pe_2row_v3_156 |          5 |          5 |       0 |    0 |    48 |      0 |      0 |    0 |          1 |
|       genblk1[3].g_pe[8].pe    |                   dea8_pe_2row_v3_157 |          6 |          6 |       0 |    0 |    48 |      0 |      0 |    0 |          1 |
|       genblk1[3].g_pe[9].pe    |                   dea8_pe_2row_v3_158 |          6 |          6 |       0 |    0 |    48 |      0 |      0 |    0 |          1 |
|       genblk1[4].g_pe[0].pe    |                   dea8_pe_2row_v3_159 |         37 |         37 |       0 |    0 |    48 |      0 |      0 |    0 |          1 |
|       genblk1[4].g_pe[10].pe   |                   dea8_pe_2row_v3_160 |         38 |         38 |       0 |    0 |    48 |      0 |      0 |    0 |          1 |
|       genblk1[4].g_pe[11].pe   |                   dea8_pe_2row_v3_161 |         37 |         37 |       0 |    0 |    48 |      0 |      0 |    0 |          1 |
|       genblk1[4].g_pe[12].pe   |                   dea8_pe_2row_v3_162 |         38 |         38 |       0 |    0 |    48 |      0 |      0 |    0 |          1 |
|       genblk1[4].g_pe[13].pe   |                   dea8_pe_2row_v3_163 |         38 |         38 |       0 |    0 |    48 |      0 |      0 |    0 |          1 |
|       genblk1[4].g_pe[14].pe   |                   dea8_pe_2row_v3_164 |         37 |         37 |       0 |    0 |    48 |      0 |      0 |    0 |          1 |
|       genblk1[4].g_pe[15].pe   |                   dea8_pe_2row_v3_165 |         38 |         38 |       0 |    0 |    48 |      0 |      0 |    0 |          1 |
|       genblk1[4].g_pe[1].pe    |                   dea8_pe_2row_v3_166 |         38 |         38 |       0 |    0 |    48 |      0 |      0 |    0 |          1 |
|       genblk1[4].g_pe[2].pe    |                   dea8_pe_2row_v3_167 |         38 |         38 |       0 |    0 |    48 |      0 |      0 |    0 |          1 |
|       genblk1[4].g_pe[3].pe    |                   dea8_pe_2row_v3_168 |         38 |         38 |       0 |    0 |    48 |      0 |      0 |    0 |          1 |
|       genblk1[4].g_pe[4].pe    |                   dea8_pe_2row_v3_169 |         38 |         38 |       0 |    0 |    48 |      0 |      0 |    0 |          1 |
|       genblk1[4].g_pe[5].pe    |                   dea8_pe_2row_v3_170 |         38 |         38 |       0 |    0 |    48 |      0 |      0 |    0 |          1 |
|       genblk1[4].g_pe[6].pe    |                   dea8_pe_2row_v3_171 |         38 |         38 |       0 |    0 |    48 |      0 |      0 |    0 |          1 |
|       genblk1[4].g_pe[7].pe    |                   dea8_pe_2row_v3_172 |         37 |         37 |       0 |    0 |    48 |      0 |      0 |    0 |          1 |
|       genblk1[4].g_pe[8].pe    |                   dea8_pe_2row_v3_173 |         38 |         38 |       0 |    0 |    48 |      0 |      0 |    0 |          1 |
|       genblk1[4].g_pe[9].pe    |                   dea8_pe_2row_v3_174 |         38 |         38 |       0 |    0 |    48 |      0 |      0 |    0 |          1 |
|       genblk1[5].g_pe[0].pe    |                   dea8_pe_2row_v3_175 |          5 |          5 |       0 |    0 |    48 |      0 |      0 |    0 |          1 |
|       genblk1[5].g_pe[10].pe   |                   dea8_pe_2row_v3_176 |          6 |          6 |       0 |    0 |    48 |      0 |      0 |    0 |          1 |
|       genblk1[5].g_pe[11].pe   |                   dea8_pe_2row_v3_177 |          5 |          5 |       0 |    0 |    48 |      0 |      0 |    0 |          1 |
|       genblk1[5].g_pe[12].pe   |                   dea8_pe_2row_v3_178 |          6 |          6 |       0 |    0 |    48 |      0 |      0 |    0 |          1 |
|       genblk1[5].g_pe[13].pe   |                   dea8_pe_2row_v3_179 |          6 |          6 |       0 |    0 |    48 |      0 |      0 |    0 |          1 |
|       genblk1[5].g_pe[14].pe   |                   dea8_pe_2row_v3_180 |          5 |          5 |       0 |    0 |    48 |      0 |      0 |    0 |          1 |
|       genblk1[5].g_pe[15].pe   |                   dea8_pe_2row_v3_181 |          6 |          6 |       0 |    0 |    48 |      0 |      0 |    0 |          1 |
|       genblk1[5].g_pe[1].pe    |                   dea8_pe_2row_v3_182 |          6 |          6 |       0 |    0 |    48 |      0 |      0 |    0 |          1 |
|       genblk1[5].g_pe[2].pe    |                   dea8_pe_2row_v3_183 |          6 |          6 |       0 |    0 |    48 |      0 |      0 |    0 |          1 |
|       genblk1[5].g_pe[3].pe    |                   dea8_pe_2row_v3_184 |          6 |          6 |       0 |    0 |    48 |      0 |      0 |    0 |          1 |
|       genblk1[5].g_pe[4].pe    |                   dea8_pe_2row_v3_185 |          6 |          6 |       0 |    0 |    48 |      0 |      0 |    0 |          1 |
|       genblk1[5].g_pe[5].pe    |                   dea8_pe_2row_v3_186 |          6 |          6 |       0 |    0 |    48 |      0 |      0 |    0 |          1 |
|       genblk1[5].g_pe[6].pe    |                   dea8_pe_2row_v3_187 |          6 |          6 |       0 |    0 |    48 |      0 |      0 |    0 |          1 |
|       genblk1[5].g_pe[7].pe    |                   dea8_pe_2row_v3_188 |          5 |          5 |       0 |    0 |    48 |      0 |      0 |    0 |          1 |
|       genblk1[5].g_pe[8].pe    |                   dea8_pe_2row_v3_189 |          6 |          6 |       0 |    0 |    48 |      0 |      0 |    0 |          1 |
|       genblk1[5].g_pe[9].pe    |                   dea8_pe_2row_v3_190 |          6 |          6 |       0 |    0 |    48 |      0 |      0 |    0 |          1 |
|       genblk1[6].g_pe[0].pe    |                   dea8_pe_2row_v3_191 |         37 |         37 |       0 |    0 |    48 |      0 |      0 |    0 |          1 |
|       genblk1[6].g_pe[10].pe   |                   dea8_pe_2row_v3_192 |         38 |         38 |       0 |    0 |    48 |      0 |      0 |    0 |          1 |
|       genblk1[6].g_pe[11].pe   |                   dea8_pe_2row_v3_193 |         38 |         38 |       0 |    0 |    48 |      0 |      0 |    0 |          1 |
|       genblk1[6].g_pe[12].pe   |                   dea8_pe_2row_v3_194 |         38 |         38 |       0 |    0 |    48 |      0 |      0 |    0 |          1 |
|       genblk1[6].g_pe[13].pe   |                   dea8_pe_2row_v3_195 |         38 |         38 |       0 |    0 |    48 |      0 |      0 |    0 |          1 |
|       genblk1[6].g_pe[14].pe   |                   dea8_pe_2row_v3_196 |         37 |         37 |       0 |    0 |    48 |      0 |      0 |    0 |          1 |
|       genblk1[6].g_pe[15].pe   |                   dea8_pe_2row_v3_197 |         38 |         38 |       0 |    0 |    48 |      0 |      0 |    0 |          1 |
|       genblk1[6].g_pe[1].pe    |                   dea8_pe_2row_v3_198 |         38 |         38 |       0 |    0 |    48 |      0 |      0 |    0 |          1 |
|       genblk1[6].g_pe[2].pe    |                   dea8_pe_2row_v3_199 |         38 |         38 |       0 |    0 |    48 |      0 |      0 |    0 |          1 |
|       genblk1[6].g_pe[3].pe    |                   dea8_pe_2row_v3_200 |         38 |         38 |       0 |    0 |    48 |      0 |      0 |    0 |          1 |
|       genblk1[6].g_pe[4].pe    |                   dea8_pe_2row_v3_201 |         38 |         38 |       0 |    0 |    48 |      0 |      0 |    0 |          1 |
|       genblk1[6].g_pe[5].pe    |                   dea8_pe_2row_v3_202 |         38 |         38 |       0 |    0 |    48 |      0 |      0 |    0 |          1 |
|       genblk1[6].g_pe[6].pe    |                   dea8_pe_2row_v3_203 |         38 |         38 |       0 |    0 |    48 |      0 |      0 |    0 |          1 |
|       genblk1[6].g_pe[7].pe    |                   dea8_pe_2row_v3_204 |         37 |         37 |       0 |    0 |    48 |      0 |      0 |    0 |          1 |
|       genblk1[6].g_pe[8].pe    |                   dea8_pe_2row_v3_205 |         38 |         38 |       0 |    0 |    48 |      0 |      0 |    0 |          1 |
|       genblk1[6].g_pe[9].pe    |                   dea8_pe_2row_v3_206 |         38 |         38 |       0 |    0 |    48 |      0 |      0 |    0 |          1 |
|       genblk1[7].g_pe[0].pe    |                   dea8_pe_2row_v3_207 |          7 |          7 |       0 |    0 |    49 |      0 |      0 |    0 |          1 |
|       genblk1[7].g_pe[10].pe   |                   dea8_pe_2row_v3_208 |          6 |          6 |       0 |    0 |    48 |      0 |      0 |    0 |          1 |
|       genblk1[7].g_pe[11].pe   |                   dea8_pe_2row_v3_209 |          8 |          8 |       0 |    0 |    49 |      0 |      0 |    0 |          1 |
|       genblk1[7].g_pe[12].pe   |                   dea8_pe_2row_v3_210 |          6 |          6 |       0 |    0 |    48 |      0 |      0 |    0 |          1 |
|       genblk1[7].g_pe[13].pe   |                   dea8_pe_2row_v3_211 |          6 |          6 |       0 |    0 |    48 |      0 |      0 |    0 |          1 |
|       genblk1[7].g_pe[14].pe   |                   dea8_pe_2row_v3_212 |          5 |          5 |       0 |    0 |    48 |      0 |      0 |    0 |          1 |
|       genblk1[7].g_pe[15].pe   |                   dea8_pe_2row_v3_213 |          6 |          6 |       0 |    0 |    48 |      0 |      0 |    0 |          1 |
|       genblk1[7].g_pe[1].pe    |                   dea8_pe_2row_v3_214 |          6 |          6 |       0 |    0 |    48 |      0 |      0 |    0 |          1 |
|       genblk1[7].g_pe[2].pe    |                   dea8_pe_2row_v3_215 |          6 |          6 |       0 |    0 |    48 |      0 |      0 |    0 |          1 |
|       genblk1[7].g_pe[3].pe    |                   dea8_pe_2row_v3_216 |          6 |          6 |       0 |    0 |    48 |      0 |      0 |    0 |          1 |
|       genblk1[7].g_pe[4].pe    |                   dea8_pe_2row_v3_217 |          6 |          6 |       0 |    0 |    48 |      0 |      0 |    0 |          1 |
|       genblk1[7].g_pe[5].pe    |                   dea8_pe_2row_v3_218 |          6 |          6 |       0 |    0 |    48 |      0 |      0 |    0 |          1 |
|       genblk1[7].g_pe[6].pe    |                   dea8_pe_2row_v3_219 |          6 |          6 |       0 |    0 |    48 |      0 |      0 |    0 |          1 |
|       genblk1[7].g_pe[7].pe    |                   dea8_pe_2row_v3_220 |          5 |          5 |       0 |    0 |    48 |      0 |      0 |    0 |          1 |
|       genblk1[7].g_pe[8].pe    |                   dea8_pe_2row_v3_221 |          6 |          6 |       0 |    0 |    48 |      0 |      0 |    0 |          1 |
|       genblk1[7].g_pe[9].pe    |                   dea8_pe_2row_v3_222 |          6 |          6 |       0 |    0 |    48 |      0 |      0 |    0 |          1 |
|       genblk1[8].g_pe[0].pe    |                   dea8_pe_2row_v3_223 |         38 |         38 |       0 |    0 |    48 |      0 |      0 |    0 |          1 |
|       genblk1[8].g_pe[10].pe   |                   dea8_pe_2row_v3_224 |         38 |         38 |       0 |    0 |    48 |      0 |      0 |    0 |          1 |
|       genblk1[8].g_pe[11].pe   |                   dea8_pe_2row_v3_225 |         37 |         37 |       0 |    0 |    48 |      0 |      0 |    0 |          1 |
|       genblk1[8].g_pe[12].pe   |                   dea8_pe_2row_v3_226 |         38 |         38 |       0 |    0 |    48 |      0 |      0 |    0 |          1 |
|       genblk1[8].g_pe[13].pe   |                   dea8_pe_2row_v3_227 |         38 |         38 |       0 |    0 |    48 |      0 |      0 |    0 |          1 |
|       genblk1[8].g_pe[14].pe   |                   dea8_pe_2row_v3_228 |         37 |         37 |       0 |    0 |    48 |      0 |      0 |    0 |          1 |
|       genblk1[8].g_pe[15].pe   |                   dea8_pe_2row_v3_229 |         38 |         38 |       0 |    0 |    48 |      0 |      0 |    0 |          1 |
|       genblk1[8].g_pe[1].pe    |                   dea8_pe_2row_v3_230 |         38 |         38 |       0 |    0 |    48 |      0 |      0 |    0 |          1 |
|       genblk1[8].g_pe[2].pe    |                   dea8_pe_2row_v3_231 |         38 |         38 |       0 |    0 |    48 |      0 |      0 |    0 |          1 |
|       genblk1[8].g_pe[3].pe    |                   dea8_pe_2row_v3_232 |         38 |         38 |       0 |    0 |    48 |      0 |      0 |    0 |          1 |
|       genblk1[8].g_pe[4].pe    |                   dea8_pe_2row_v3_233 |         38 |         38 |       0 |    0 |    48 |      0 |      0 |    0 |          1 |
|       genblk1[8].g_pe[5].pe    |                   dea8_pe_2row_v3_234 |         38 |         38 |       0 |    0 |    48 |      0 |      0 |    0 |          1 |
|       genblk1[8].g_pe[6].pe    |                   dea8_pe_2row_v3_235 |         38 |         38 |       0 |    0 |    48 |      0 |      0 |    0 |          1 |
|       genblk1[8].g_pe[7].pe    |                   dea8_pe_2row_v3_236 |         37 |         37 |       0 |    0 |    48 |      0 |      0 |    0 |          1 |
|       genblk1[8].g_pe[8].pe    |                   dea8_pe_2row_v3_237 |         38 |         38 |       0 |    0 |    48 |      0 |      0 |    0 |          1 |
|       genblk1[8].g_pe[9].pe    |                   dea8_pe_2row_v3_238 |         38 |         38 |       0 |    0 |    48 |      0 |      0 |    0 |          1 |
|       genblk1[9].g_pe[0].pe    |                   dea8_pe_2row_v3_239 |          6 |          6 |       0 |    0 |    48 |      0 |      0 |    0 |          1 |
|       genblk1[9].g_pe[10].pe   |                   dea8_pe_2row_v3_240 |          6 |          6 |       0 |    0 |    48 |      0 |      0 |    0 |          1 |
|       genblk1[9].g_pe[11].pe   |                   dea8_pe_2row_v3_241 |          5 |          5 |       0 |    0 |    48 |      0 |      0 |    0 |          1 |
|       genblk1[9].g_pe[12].pe   |                   dea8_pe_2row_v3_242 |          6 |          6 |       0 |    0 |    48 |      0 |      0 |    0 |          1 |
|       genblk1[9].g_pe[13].pe   |                   dea8_pe_2row_v3_243 |          6 |          6 |       0 |    0 |    48 |      0 |      0 |    0 |          1 |
|       genblk1[9].g_pe[14].pe   |                   dea8_pe_2row_v3_244 |          5 |          5 |       0 |    0 |    48 |      0 |      0 |    0 |          1 |
|       genblk1[9].g_pe[15].pe   |                   dea8_pe_2row_v3_245 |          6 |          6 |       0 |    0 |    48 |      0 |      0 |    0 |          1 |
|       genblk1[9].g_pe[1].pe    |                   dea8_pe_2row_v3_246 |          6 |          6 |       0 |    0 |    48 |      0 |      0 |    0 |          1 |
|       genblk1[9].g_pe[2].pe    |                   dea8_pe_2row_v3_247 |          6 |          6 |       0 |    0 |    48 |      0 |      0 |    0 |          1 |
|       genblk1[9].g_pe[3].pe    |                   dea8_pe_2row_v3_248 |          6 |          6 |       0 |    0 |    48 |      0 |      0 |    0 |          1 |
|       genblk1[9].g_pe[4].pe    |                   dea8_pe_2row_v3_249 |          6 |          6 |       0 |    0 |    48 |      0 |      0 |    0 |          1 |
|       genblk1[9].g_pe[5].pe    |                   dea8_pe_2row_v3_250 |          6 |          6 |       0 |    0 |    48 |      0 |      0 |    0 |          1 |
|       genblk1[9].g_pe[6].pe    |                   dea8_pe_2row_v3_251 |          6 |          6 |       0 |    0 |    48 |      0 |      0 |    0 |          1 |
|       genblk1[9].g_pe[7].pe    |                   dea8_pe_2row_v3_252 |          5 |          5 |       0 |    0 |    48 |      0 |      0 |    0 |          1 |
|       genblk1[9].g_pe[8].pe    |                   dea8_pe_2row_v3_253 |          6 |          6 |       0 |    0 |    48 |      0 |      0 |    0 |          1 |
|       genblk1[9].g_pe[9].pe    |                   dea8_pe_2row_v3_254 |          6 |          6 |       0 |    0 |    48 |      0 |      0 |    0 |          1 |
|   pbuf                         | dea8_local_a_store_v3__parameterized0 |       4623 |       4623 |       0 |    0 | 14483 |      0 |      0 |    0 |          0 |
|   qoz                          |                 dea8_local_a_store_v3 |        547 |        407 |     140 |    0 |    51 |      4 |      0 |    0 |          0 |
+--------------------------------+---------------------------------------+------------+------------+---------+------+-------+--------+--------+------+------------+


