Copyright 1986-2022 Xilinx, Inc. All Rights Reserved.
---------------------------------------------------------------------------------------------------------------------------------------------
| Tool Version : Vivado v.2022.2 (win64) Build 3671981 Fri Oct 14 05:00:03 MDT 2022
| Date         : Tue Sep 29 16:54:20 2026
| Host         : FLY running 64-bit major release  (build 9200)
| Command      : report_utilization -hierarchical -file C:/Users/fly04/Desktop/VLA/PCore_2.0/v3/reports/ooc_dea8_deqacc32_v3/utilization.rpt
| Design       : dea8_deqacc32_v3
| Device       : xcu50-fsvh2104-2-e
| Speed File   : -2
| Design State : Synthesized
---------------------------------------------------------------------------------------------------------------------------------------------

Utilization Design Information

Table of Contents
-----------------
1. Utilization by Hierarchy

1. Utilization by Hierarchy
---------------------------

+----------------------------+------------------------------------+------------+------------+---------+------+------+--------+--------+------+------------+
|          Instance          |               Module               | Total LUTs | Logic LUTs | LUTRAMs | SRLs |  FFs | RAMB36 | RAMB18 | URAM | DSP Blocks |
+----------------------------+------------------------------------+------------+------------+---------+------+------+--------+--------+------+------------+
| dea8_deqacc32_v3           |                              (top) |      72086 |      70902 |    1184 |    0 | 9585 |     14 |      2 |    0 |          0 |
|   (dea8_deqacc32_v3)       |                              (top) |      63773 |      63773 |       0 |    0 | 6546 |      0 |      0 |    0 |          0 |
|   acc_store                |                  dea8_acc_store_v3 |       8313 |       7129 |    1184 |    0 | 3039 |     14 |      2 |    0 |          0 |
|     (acc_store)            |                  dea8_acc_store_v3 |          1 |          1 |       0 |    0 |   43 |      0 |      0 |    0 |          0 |
|     banks[0].parity[0].ram |                   dea8_acc_bank_v3 |        626 |        330 |     296 |    0 |  543 |      0 |      0 |    0 |          0 |
|     banks[0].parity[1].ram |   dea8_acc_bank_v3__parameterized0 |        633 |        337 |     296 |    0 |  542 |      0 |      0 |    0 |          0 |
|     banks[1].parity[0].ram |                 dea8_acc_bank_v3_0 |       1654 |       1358 |     296 |    0 |  543 |      0 |      0 |    0 |          0 |
|     banks[1].parity[1].ram | dea8_acc_bank_v3__parameterized0_1 |       1652 |       1356 |     296 |    0 |  542 |      0 |      0 |    0 |          0 |
|     banks[2].parity[0].ram |   dea8_acc_bank_v3__parameterized1 |       1884 |       1884 |       0 |    0 |  421 |      7 |      1 |    0 |          0 |
|     banks[2].parity[1].ram |   dea8_acc_bank_v3__parameterized2 |       1863 |       1863 |       0 |    0 |  405 |      7 |      1 |    0 |          0 |
+----------------------------+------------------------------------+------------+------------+---------+------+------+--------+--------+------+------------+


