#-----------------------------------------------------------
# xsim v2022.2 (64-bit)
# SW Build 3671981 on Fri Oct 14 05:00:03 MDT 2022
# IP Build 3669848 on Fri Oct 14 08:30:02 MDT 2022
# Start of session at: Wed Oct  7 09:47:21 2026
# Process ID: 32056
# Current directory: C:/Users/fly04/Desktop/VLA/V3
# Command line: xsim.exe -log reports/control_v3_seven_jobs_signoff.log -mode tcl -source {xsim.dir/control_v3_signoff_checked/xsim_script.tcl}
# Log file: C:/Users/fly04/Desktop/VLA/V3/reports/control_v3_seven_jobs_signoff.log
# Journal file: C:/Users/fly04/Desktop/VLA/V3\xsim.jou
# Running On: FLY, OS: Windows, CPU Frequency: 2688 MHz, CPU Physical cores: 14, Host memory: 34071 MB
#-----------------------------------------------------------
source xsim.dir/control_v3_signoff_checked/xsim_script.tcl
# xsim {control_v3_signoff_checked} -autoloadwcfg -runall
Time resolution is 1 ps
run -all
CONTROL_JOB op=1 cycles=3719 issues=3328 sent=52 commands=1
CONTROL_JOB op=2 cycles=3558 issues=3328 sent=64 commands=2
CONTROL_PROGRESS cycle=10000 op=0 issues=2657 post=0 capture=25 index=0 vec=13 sfu=0 region=1
CONTROL_PROGRESS cycle=20000 op=0 issues=12543 post=0 capture=25 index=0 vec=14 sfu=0 region=1
CONTROL_PROGRESS cycle=30000 op=0 issues=22429 post=0 capture=25 index=0 vec=14 sfu=0 region=1
CONTROL_JOB op=0 cycles=27281 issues=26624 sent=0 commands=8
CONTROL_PROGRESS cycle=40000 op=3 issues=1664 post=0 capture=0 index=0 vec=6 sfu=10 region=1
CONTROL_PROGRESS cycle=50000 op=3 issues=3328 post=0 capture=0 index=0 vec=6 sfu=10 region=1
CONTROL_PROGRESS cycle=60000 op=3 issues=4992 post=0 capture=0 index=0 vec=6 sfu=10 region=1
CONTROL_PROGRESS cycle=70000 op=3 issues=6656 post=0 capture=0 index=0 vec=6 sfu=10 region=1
CONTROL_PROGRESS cycle=80000 op=3 issues=8320 post=0 capture=0 index=0 vec=6 sfu=10 region=1
CONTROL_PROGRESS cycle=90000 op=3 issues=9984 post=0 capture=0 index=0 vec=6 sfu=10 region=1
CONTROL_PROGRESS cycle=100000 op=3 issues=11648 post=0 capture=0 index=0 vec=6 sfu=10 region=1
CONTROL_PROGRESS cycle=110000 op=3 issues=13312 post=0 capture=0 index=0 vec=6 sfu=10 region=1
CONTROL_PROGRESS cycle=120000 op=3 issues=14976 post=0 capture=0 index=0 vec=6 sfu=10 region=1
CONTROL_PROGRESS cycle=130000 op=3 issues=16640 post=0 capture=0 index=0 vec=6 sfu=10 region=1
CONTROL_PROGRESS cycle=140000 op=3 issues=18304 post=0 capture=0 index=0 vec=6 sfu=10 region=1
CONTROL_PROGRESS cycle=150000 op=3 issues=19968 post=0 capture=0 index=0 vec=6 sfu=10 region=1
CONTROL_PROGRESS cycle=160000 op=3 issues=21632 post=0 capture=0 index=0 vec=6 sfu=10 region=1
CONTROL_PROGRESS cycle=170000 op=3 issues=23296 post=0 capture=0 index=0 vec=6 sfu=10 region=1
CONTROL_PROGRESS cycle=180000 op=3 issues=24960 post=0 capture=0 index=0 vec=6 sfu=10 region=1
CONTROL_PROGRESS cycle=190000 op=3 issues=26624 post=0 capture=0 index=0 vec=6 sfu=10 region=1
CONTROL_PROGRESS cycle=200000 op=3 issues=28288 post=0 capture=0 index=0 vec=6 sfu=10 region=1
CONTROL_PROGRESS cycle=210000 op=3 issues=29952 post=0 capture=0 index=0 vec=6 sfu=10 region=1
CONTROL_PROGRESS cycle=220000 op=3 issues=31616 post=0 capture=0 index=0 vec=6 sfu=10 region=1
CONTROL_PROGRESS cycle=230000 op=3 issues=33334 post=0 capture=0 index=0 vec=5 sfu=11 region=1
CONTROL_PROGRESS cycle=240000 op=3 issues=35108 post=0 capture=0 index=0 vec=5 sfu=11 region=1
CONTROL_PROGRESS cycle=250000 op=3 issues=36882 post=0 capture=0 index=0 vec=5 sfu=11 region=1
CONTROL_PROGRESS cycle=260000 op=3 issues=38655 post=0 capture=0 index=0 vec=5 sfu=11 region=1
CONTROL_PROGRESS cycle=270000 op=3 issues=40410 post=0 capture=0 index=0 vec=5 sfu=11 region=1
CONTROL_PROGRESS cycle=280000 op=3 issues=42184 post=0 capture=0 index=0 vec=6 sfu=11 region=1
CONTROL_PROGRESS cycle=290000 op=3 issues=43955 post=0 capture=0 index=0 vec=6 sfu=11 region=1
CONTROL_PROGRESS cycle=300000 op=3 issues=45344 post=0 capture=0 index=0 vec=6 sfu=11 region=2
CONTROL_JOB op=3 cycles=273292 issues=45760 sent=0 commands=165
CONTROL_PROGRESS cycle=310000 op=4 issues=1997 post=0 capture=0 index=0 vec=16 sfu=12 region=2
CONTROL_PROGRESS cycle=320000 op=4 issues=11445 post=0 capture=0 index=0 vec=16 sfu=12 region=2
CONTROL_PROGRESS cycle=330000 op=4 issues=20893 post=0 capture=0 index=0 vec=16 sfu=12 region=2
CONTROL_JOB op=4 cycles=28249 issues=26624 sent=1664 commands=0
CONTROL_PROGRESS cycle=340000 op=5 issues=3787 post=0 capture=0 index=50 vec=15 sfu=9 region=3
CONTROL_PROGRESS cycle=350000 op=5 issues=13733 post=0 capture=0 index=50 vec=15 sfu=9 region=3
CONTROL_PROGRESS cycle=360000 op=5 issues=23679 post=0 capture=0 index=50 vec=15 sfu=9 region=3
CONTROL_PROGRESS cycle=370000 op=5 issues=33625 post=0 capture=0 index=50 vec=15 sfu=9 region=3
CONTROL_PROGRESS cycle=380000 op=5 issues=43571 post=0 capture=0 index=50 vec=15 sfu=9 region=3
CONTROL_PROGRESS cycle=390000 op=5 issues=53517 post=0 capture=0 index=50 vec=15 sfu=9 region=3
CONTROL_PROGRESS cycle=400000 op=5 issues=63463 post=0 capture=0 index=50 vec=15 sfu=9 region=3
CONTROL_PROGRESS cycle=410000 op=5 issues=73409 post=5 capture=0 index=50 vec=15 sfu=9 region=3
CONTROL_PROGRESS cycle=420000 op=5 issues=83355 post=4 capture=0 index=50 vec=15 sfu=9 region=3
CONTROL_PROGRESS cycle=430000 op=5 issues=93301 post=4 capture=0 index=37 vec=15 sfu=9 region=3
CONTROL_PROGRESS cycle=440000 op=5 issues=103247 post=4 capture=0 index=25 vec=15 sfu=9 region=3
CONTROL_JOB op=5 cycles=107357 issues=106496 sent=0 commands=32
CONTROL_PROGRESS cycle=450000 op=6 issues=6309 post=0 capture=0 index=0 vec=15 sfu=9 region=3
CONTROL_PROGRESS cycle=460000 op=6 issues=16021 post=0 capture=0 index=0 vec=15 sfu=9 region=3
CONTROL_PROGRESS cycle=470000 op=6 issues=25757 post=0 capture=0 index=0 vec=15 sfu=9 region=3
CONTROL_PROGRESS cycle=480000 op=6 issues=35469 post=0 capture=0 index=0 vec=15 sfu=9 region=3
CONTROL_PROGRESS cycle=490000 op=6 issues=45181 post=0 capture=0 index=0 vec=15 sfu=9 region=3
CONTROL_JOB op=6 cycles=54873 issues=53248 sent=1664 commands=0
tb_v3_pcore_control_v3 PASS jobs=7 issues=265408 attention_jobs=110 real_rope=1 real_gelu=1 real_softmax=1 all_mask_row=1 q_o_z_chain=1 egress_backpressure=1
$finish called at time : 1993596 ns : File "C:/Users/fly04/Desktop/VLA/V3/tb/tb_v3_pcore_control_v3.sv" Line 532
run: Time (s): cpu = 00:00:02 ; elapsed = 00:29:04 . Memory (MB): peak = 239.547 ; gain = 0.000
exit
INFO: xsimkernel Simulation Memory Usage: 65512 KB (Peak: 65512 KB), Simulation CPU Usage: 1630921 ms
INFO: [Common 17-206] Exiting xsim at Wed Oct  7 10:16:27 2026...
