Copyright 1986-2022 Xilinx, Inc. All Rights Reserved.
--------------------------------------------------------------------------------------------------------------------------
| Tool Version : Vivado v.2022.2 (win64) Build 3671981 Fri Oct 14 05:00:03 MDT 2022
| Date         : Thu Sep 17 14:56:08 2026
| Host         : FLY running 64-bit major release  (build 9200)
| Command      : report_utilization -hierarchical -file C:/Users/fly04/Desktop/VLA/pcore/rtl/w_loader_synth/hierarchy.rpt
| Design       : dea8_w_loader
| Device       : xcu280-fsvh2892-2L-e
| Speed File   : -2L
| Design State : Synthesized
--------------------------------------------------------------------------------------------------------------------------

Utilization Design Information

Table of Contents
-----------------
1. Utilization by Hierarchy

1. Utilization by Hierarchy
---------------------------

+-------------------+------------------------+------------+------------+---------+------+------+--------+--------+------+------------+
|      Instance     |         Module         | Total LUTs | Logic LUTs | LUTRAMs | SRLs |  FFs | RAMB36 | RAMB18 | URAM | DSP Blocks |
+-------------------+------------------------+------------+------------+---------+------+------+--------+--------+------+------------+
| dea8_w_loader     |                  (top) |        700 |        700 |       0 |    0 | 2364 |      2 |      0 |    0 |          0 |
|   (dea8_w_loader) |                  (top) |          0 |          0 |       0 |    0 |    0 |      0 |      0 |    0 |          0 |
|   stationary      | dea8_stationary_loader |         28 |         28 |       0 |    0 |   11 |      0 |      0 |    0 |          0 |
|   stream          |        dea8_w_b_stream |        672 |        672 |       0 |    0 | 2353 |      2 |      0 |    0 |          0 |
|     assembler     |  dea8_w_tile_assembler |        575 |        575 |       0 |    0 | 2197 |      0 |      0 |    0 |          0 |
|     wfifo         |            dea8_b_fifo |         97 |         97 |       0 |    0 |  156 |      2 |      0 |    0 |          0 |
+-------------------+------------------------+------------+------------+---------+------+------+--------+--------+------+------------+


