Copyright 1986-2022 Xilinx, Inc. All Rights Reserved.
----------------------------------------------------------------------------------------------------------------------------------------
| Tool Version      : Vivado v.2022.2 (win64) Build 3671981 Fri Oct 14 05:00:03 MDT 2022
| Date              : Thu Sep 24 11:06:15 2026
| Host              : FLY running 64-bit major release  (build 9200)
| Command           : report_timing_summary -file C:/Users/fly04/Desktop/VLA/PCore_2.0/reports/dea8_matrix_engine_2row_synth_timing.rpt
| Design            : dea8_matrix_engine_2row
| Device            : xcu50-fsvh2104
| Speed File        : -2  PRODUCTION 1.30 05-01-2022
| Temperature Grade : E
----------------------------------------------------------------------------------------------------------------------------------------

Timing Summary Report

------------------------------------------------------------------------------------------------
| Timer Settings
| --------------
------------------------------------------------------------------------------------------------

  Enable Multi Corner Analysis               :  Yes
  Enable Pessimism Removal                   :  Yes
  Pessimism Removal Resolution               :  Nearest Common Node
  Enable Input Delay Default Clock           :  No
  Enable Preset / Clear Arcs                 :  No
  Disable Flight Delays                      :  No
  Ignore I/O Paths                           :  No
  Timing Early Launch at Borrowing Latches   :  No
  Borrow Time for Max Delay Exceptions       :  Yes
  Merge Timing Exceptions                    :  Yes

  Corner  Analyze    Analyze    
  Name    Max Paths  Min Paths  
  ------  ---------  ---------  
  Slow    Yes        Yes        
  Fast    Yes        Yes        


------------------------------------------------------------------------------------------------
| Report Methodology
| ------------------
------------------------------------------------------------------------------------------------

No report available as report_methodology has not been run prior. Run report_methodology on the current design for the summary of methodology violations.



check_timing report

Table of Contents
-----------------
1. checking no_clock (0)
2. checking constant_clock (0)
3. checking pulse_width_clock (0)
4. checking unconstrained_internal_endpoints (0)
5. checking no_input_delay (1326)
6. checking no_output_delay (1264)
7. checking multiple_clock (0)
8. checking generated_clocks (0)
9. checking loops (0)
10. checking partial_input_delay (0)
11. checking partial_output_delay (0)
12. checking latch_loops (0)

1. checking no_clock (0)
------------------------
 There are 0 register/latch pins with no clock.


2. checking constant_clock (0)
------------------------------
 There are 0 register/latch pins with constant_clock.


3. checking pulse_width_clock (0)
---------------------------------
 There are 0 register/latch pins which need pulse_width check


4. checking unconstrained_internal_endpoints (0)
------------------------------------------------
 There are 0 pins that are not constrained for maximum delay.

 There are 0 pins that are not constrained for maximum delay due to constant clock.


5. checking no_input_delay (1326)
---------------------------------
 There are 1326 input ports with no input delay specified. (HIGH)

 There are 0 input ports with no input delay but user has a false path constraint.


6. checking no_output_delay (1264)
----------------------------------
 There are 1264 ports with no output delay specified. (HIGH)

 There are 0 ports with no output delay but user has a false path constraint

 There are 0 ports with no output delay but with a timing clock defined on it or propagating through it


7. checking multiple_clock (0)
------------------------------
 There are 0 register/latch pins with multiple clocks.


8. checking generated_clocks (0)
--------------------------------
 There are 0 generated clocks that are not connected to a clock source.


9. checking loops (0)
---------------------
 There are 0 combinational loops in the design.


10. checking partial_input_delay (0)
------------------------------------
 There are 0 input ports with partial input delay specified.


11. checking partial_output_delay (0)
-------------------------------------
 There are 0 ports with partial output delay specified.


12. checking latch_loops (0)
----------------------------
 There are 0 combinational latch loops in the design through latch input



------------------------------------------------------------------------------------------------
| Design Timing Summary
| ---------------------
------------------------------------------------------------------------------------------------

    WNS(ns)      TNS(ns)  TNS Failing Endpoints  TNS Total Endpoints      WHS(ns)      THS(ns)  THS Failing Endpoints  THS Total Endpoints     WPWS(ns)     TPWS(ns)  TPWS Failing Endpoints  TPWS Total Endpoints  
    -------      -------  ---------------------  -------------------      -------      -------  ---------------------  -------------------     --------     --------  ----------------------  --------------------  
      0.668        0.000                      0                76583        0.057        0.000                      0                76583        1.458        0.000                       0                 29796  


All user specified timing constraints are met.


------------------------------------------------------------------------------------------------
| Clock Summary
| -------------
------------------------------------------------------------------------------------------------

Clock     Waveform(ns)         Period(ns)      Frequency(MHz)
-----     ------------         ----------      --------------
core_clk  {0.000 2.000}        4.000           250.000         


------------------------------------------------------------------------------------------------
| Intra Clock Table
| -----------------
------------------------------------------------------------------------------------------------

Clock             WNS(ns)      TNS(ns)  TNS Failing Endpoints  TNS Total Endpoints      WHS(ns)      THS(ns)  THS Failing Endpoints  THS Total Endpoints     WPWS(ns)     TPWS(ns)  TPWS Failing Endpoints  TPWS Total Endpoints  
-----             -------      -------  ---------------------  -------------------      -------      -------  ---------------------  -------------------     --------     --------  ----------------------  --------------------  
core_clk            0.668        0.000                      0                76583        0.057        0.000                      0                76583        1.458        0.000                       0                 29796  


------------------------------------------------------------------------------------------------
| Inter Clock Table
| -----------------
------------------------------------------------------------------------------------------------

From Clock    To Clock          WNS(ns)      TNS(ns)  TNS Failing Endpoints  TNS Total Endpoints      WHS(ns)      THS(ns)  THS Failing Endpoints  THS Total Endpoints  
----------    --------          -------      -------  ---------------------  -------------------      -------      -------  ---------------------  -------------------  


------------------------------------------------------------------------------------------------
| Other Path Groups Table
| -----------------------
------------------------------------------------------------------------------------------------

Path Group    From Clock    To Clock          WNS(ns)      TNS(ns)  TNS Failing Endpoints  TNS Total Endpoints      WHS(ns)      THS(ns)  THS Failing Endpoints  THS Total Endpoints  
----------    ----------    --------          -------      -------  ---------------------  -------------------      -------      -------  ---------------------  -------------------  


------------------------------------------------------------------------------------------------
| Timing Details
| --------------
------------------------------------------------------------------------------------------------


---------------------------------------------------------------------------------------------------
From Clock:  core_clk
  To Clock:  core_clk

Setup :            0  Failing Endpoints,  Worst Slack        0.668ns,  Total Violation        0.000ns
Hold  :            0  Failing Endpoints,  Worst Slack        0.057ns,  Total Violation        0.000ns
PW    :            0  Failing Endpoints,  Worst Slack        1.458ns,  Total Violation        0.000ns
---------------------------------------------------------------------------------------------------


Max Delay Paths
--------------------------------------------------------------------------------------
Slack (MET) :             0.668ns  (required time - arrival time)
  Source:                 frontend/job_q_reg[a_source][1]/C
                            (rising edge-triggered cell FDRE clocked by core_clk  {rise@0.000ns fall@2.000ns period=4.000ns})
  Destination:            g_memory[2].buffer/g_parity[0].data_mem_reg_0/ENARDEN
                            (rising edge-triggered cell RAMB36E2 clocked by core_clk  {rise@0.000ns fall@2.000ns period=4.000ns})
  Path Group:             core_clk
  Path Type:              Setup (Max at Slow Process Corner)
  Requirement:            4.000ns  (core_clk rise@4.000ns - core_clk rise@0.000ns)
  Data Path Delay:        2.964ns  (logic 0.651ns (21.964%)  route 2.313ns (78.036%))
  Logic Levels:           11  (LUT2=1 LUT4=1 LUT5=4 LUT6=5)
  Clock Path Skew:        0.009ns (DCD - SCD + CPR)
    Destination Clock Delay (DCD):    0.039ns = ( 4.039 - 4.000 ) 
    Source Clock Delay      (SCD):    0.030ns
    Clock Pessimism Removal (CPR):    0.000ns
  Clock Uncertainty:      0.035ns  ((TSJ^2 + TIJ^2)^1/2 + DJ) / 2 + PE
    Total System Jitter     (TSJ):    0.071ns
    Total Input Jitter      (TIJ):    0.000ns
    Discrete Jitter          (DJ):    0.000ns
    Phase Error              (PE):    0.000ns

    Location             Delay type                Incr(ns)  Path(ns)    Netlist Resource(s)
  -------------------------------------------------------------------    -------------------
                         (clock core_clk rise edge)
                                                      0.000     0.000 r  
                                                      0.000     0.000 r  clk (IN)
                         net (fo=31331, unset)        0.030     0.030    frontend/clk
                         FDRE                                         r  frontend/job_q_reg[a_source][1]/C
  -------------------------------------------------------------------    -------------------
                         FDRE (Prop_FDRE_C_Q)         0.077     0.107 f  frontend/job_q_reg[a_source][1]/Q
                         net (fo=22, unplaced)        0.188     0.295    frontend/a_fifo/fifo/mem_reg_0_0[1]
                         LUT2 (Prop_LUT2_I1_O)        0.038     0.333 r  frontend/a_fifo/fifo/mem_reg_0_i_85__0/O
                         net (fo=71, unplaced)        0.218     0.551    frontend/a_fifo/fifo/mem_reg_0_i_85__0_n_0
                         LUT6 (Prop_LUT6_I1_O)        0.090     0.641 r  frontend/a_fifo/fifo/mem_reg_0_i_39__0/O
                         net (fo=5, unplaced)         0.158     0.799    frontend/adapter/in_data[1]
                         LUT6 (Prop_LUT6_I1_O)        0.090     0.889 r  frontend/adapter/xbc_ready_INST_0_i_10/O
                         net (fo=1, unplaced)         0.185     1.074    frontend/adapter/xbc_ready_INST_0_i_10_n_0
                         LUT5 (Prop_LUT5_I0_O)        0.038     1.112 r  frontend/adapter/xbc_ready_INST_0_i_4/O
                         net (fo=2, unplaced)         0.140     1.252    frontend/adapter/xbc_ready_INST_0_i_4_n_0
                         LUT5 (Prop_LUT5_I0_O)        0.090     1.342 f  frontend/adapter/xbc_ready_INST_0_i_1/O
                         net (fo=9, unplaced)         0.216     1.558    frontend/a_fifo/fifo/head_bypass_reg[1]_2
                         LUT6 (Prop_LUT6_I4_O)        0.038     1.596 f  frontend/a_fifo/fifo/xbc_ready_INST_0_i_3/O
                         net (fo=4, unplaced)         0.197     1.793    frontend/adapter/xbc_ready_0
                         LUT4 (Prop_LUT4_I3_O)        0.038     1.831 r  frontend/adapter/g_parity[1].data_mem_reg_0_i_85/O
                         net (fo=1, unplaced)         0.185     2.016    reader/g_parity[1].data_mem_reg_0_i_47_0
                         LUT6 (Prop_LUT6_I3_O)        0.038     2.054 f  reader/g_parity[1].data_mem_reg_0_i_82/O
                         net (fo=1, unplaced)         0.185     2.239    reader/g_parity[1].data_mem_reg_0_i_82_n_0
                         LUT5 (Prop_LUT5_I4_O)        0.038     2.277 f  reader/g_parity[1].data_mem_reg_0_i_47/O
                         net (fo=1, unplaced)         0.185     2.462    reader/g_parity[1].data_mem_reg_0_i_47_n_0
                         LUT5 (Prop_LUT5_I4_O)        0.038     2.500 f  reader/g_parity[1].data_mem_reg_0_i_20/O
                         net (fo=1, unplaced)         0.185     2.685    reader/g_parity[1].data_mem_reg_0_i_20_n_0
                         LUT6 (Prop_LUT6_I5_O)        0.038     2.723 r  reader/g_parity[1].data_mem_reg_0_i_1/O
                         net (fo=27, unplaced)        0.271     2.994    g_memory[2].buffer/out_valid0
                         RAMB36E2                                     r  g_memory[2].buffer/g_parity[0].data_mem_reg_0/ENARDEN
  -------------------------------------------------------------------    -------------------

                         (clock core_clk rise edge)
                                                      4.000     4.000 r  
                                                      0.000     4.000 r  clk (IN)
                         net (fo=31331, unset)        0.039     4.039    g_memory[2].buffer/clk
                         RAMB36E2                                     r  g_memory[2].buffer/g_parity[0].data_mem_reg_0/CLKARDCLK
                         clock pessimism              0.000     4.039    
                         clock uncertainty           -0.035     4.004    
                         RAMB36E2 (Setup_RAMB36E2_CLKARDCLK_ENARDEN)
                                                     -0.342     3.662    g_memory[2].buffer/g_parity[0].data_mem_reg_0
  -------------------------------------------------------------------
                         required time                          3.662    
                         arrival time                          -2.994    
  -------------------------------------------------------------------
                         slack                                  0.668    





Min Delay Paths
--------------------------------------------------------------------------------------
Slack (MET) :             0.057ns  (arrival time - required time)
  Source:                 frontend/kv_fifo/wp_reg[4]/C
                            (rising edge-triggered cell FDRE clocked by core_clk  {rise@0.000ns fall@2.000ns period=4.000ns})
  Destination:            frontend/kv_fifo/mem_reg_0/ADDRBWRADDR[10]
                            (rising edge-triggered cell RAMB36E2 clocked by core_clk  {rise@0.000ns fall@2.000ns period=4.000ns})
  Path Group:             core_clk
  Path Type:              Hold (Min at Fast Process Corner)
  Requirement:            0.000ns  (core_clk rise@0.000ns - core_clk rise@0.000ns)
  Data Path Delay:        0.104ns  (logic 0.038ns (36.538%)  route 0.066ns (63.462%))
  Logic Levels:           0  
  Clock Path Skew:        0.041ns (DCD - SCD - CPR)
    Destination Clock Delay (DCD):    0.054ns
    Source Clock Delay      (SCD):    0.013ns
    Clock Pessimism Removal (CPR):    -0.000ns

    Location             Delay type                Incr(ns)  Path(ns)    Netlist Resource(s)
  -------------------------------------------------------------------    -------------------
                         (clock core_clk rise edge)
                                                      0.000     0.000 r  
                                                      0.000     0.000 r  clk (IN)
                         net (fo=31331, unset)        0.013     0.013    frontend/kv_fifo/clk
                         FDRE                                         r  frontend/kv_fifo/wp_reg[4]/C
  -------------------------------------------------------------------    -------------------
                         FDRE (Prop_FDRE_C_Q)         0.038     0.051 r  frontend/kv_fifo/wp_reg[4]/Q
                         net (fo=4, unplaced)         0.066     0.117    frontend/kv_fifo/wp[4]
                         RAMB36E2                                     r  frontend/kv_fifo/mem_reg_0/ADDRBWRADDR[10]
  -------------------------------------------------------------------    -------------------

                         (clock core_clk rise edge)
                                                      0.000     0.000 r  
                                                      0.000     0.000 r  clk (IN)
                         net (fo=31331, unset)        0.054     0.054    frontend/kv_fifo/clk
                         RAMB36E2                                     r  frontend/kv_fifo/mem_reg_0/CLKBWRCLK
                         clock pessimism              0.000     0.054    
                         RAMB36E2 (Hold_RAMB36E2_CLKBWRCLK_ADDRBWRADDR[10])
                                                      0.006     0.060    frontend/kv_fifo/mem_reg_0
  -------------------------------------------------------------------
                         required time                         -0.060    
                         arrival time                           0.117    
  -------------------------------------------------------------------
                         slack                                  0.057    





Pulse Width Checks
--------------------------------------------------------------------------------------
Clock Name:         core_clk
Waveform(ns):       { 0.000 2.000 }
Period(ns):         4.000
Sources:            { clk }

Check Type        Corner  Lib Pin             Reference Pin  Required(ns)  Actual(ns)  Slack(ns)  Location  Pin
Min Period        n/a     RAMB36E2/CLKARDCLK  n/a            1.569         4.000       2.431                frontend/a_fifo/fifo/mem_reg_0/CLKARDCLK
Low Pulse Width   Slow    RAMB36E2/CLKARDCLK  n/a            0.542         2.000       1.458                frontend/a_fifo/fifo/mem_reg_0/CLKARDCLK
High Pulse Width  Slow    RAMB36E2/CLKARDCLK  n/a            0.542         2.000       1.458                frontend/a_fifo/fifo/mem_reg_0/CLKARDCLK



