Copyright 1986-2022 Xilinx, Inc. All Rights Reserved.
------------------------------------------------------------------------------------------------------------------------------
| Tool Version      : Vivado v.2022.2 (win64) Build 3671981 Fri Oct 14 05:00:03 MDT 2022
| Date              : Thu Sep 24 10:54:48 2026
| Host              : FLY running 64-bit major release  (build 9200)
| Command           : report_timing_summary -file C:/Users/fly04/Desktop/VLA/PCore_2.0/reports/dea8_mxu_2row_synth_timing.rpt
| Design            : dea8_mxu_2row
| Device            : xcu50-fsvh2104
| Speed File        : -2  PRODUCTION 1.30 05-01-2022
| Temperature Grade : E
------------------------------------------------------------------------------------------------------------------------------

Timing Summary Report

------------------------------------------------------------------------------------------------
| Timer Settings
| --------------
------------------------------------------------------------------------------------------------

  Enable Multi Corner Analysis               :  Yes
  Enable Pessimism Removal                   :  Yes
  Pessimism Removal Resolution               :  Nearest Common Node
  Enable Input Delay Default Clock           :  No
  Enable Preset / Clear Arcs                 :  No
  Disable Flight Delays                      :  No
  Ignore I/O Paths                           :  No
  Timing Early Launch at Borrowing Latches   :  No
  Borrow Time for Max Delay Exceptions       :  Yes
  Merge Timing Exceptions                    :  Yes

  Corner  Analyze    Analyze    
  Name    Max Paths  Min Paths  
  ------  ---------  ---------  
  Slow    Yes        Yes        
  Fast    Yes        Yes        


------------------------------------------------------------------------------------------------
| Report Methodology
| ------------------
------------------------------------------------------------------------------------------------

No report available as report_methodology has not been run prior. Run report_methodology on the current design for the summary of methodology violations.



check_timing report

Table of Contents
-----------------
1. checking no_clock (0)
2. checking constant_clock (0)
3. checking pulse_width_clock (0)
4. checking unconstrained_internal_endpoints (0)
5. checking no_input_delay (508)
6. checking no_output_delay (1259)
7. checking multiple_clock (0)
8. checking generated_clocks (0)
9. checking loops (0)
10. checking partial_input_delay (0)
11. checking partial_output_delay (0)
12. checking latch_loops (0)

1. checking no_clock (0)
------------------------
 There are 0 register/latch pins with no clock.


2. checking constant_clock (0)
------------------------------
 There are 0 register/latch pins with constant_clock.


3. checking pulse_width_clock (0)
---------------------------------
 There are 0 register/latch pins which need pulse_width check


4. checking unconstrained_internal_endpoints (0)
------------------------------------------------
 There are 0 pins that are not constrained for maximum delay.

 There are 0 pins that are not constrained for maximum delay due to constant clock.


5. checking no_input_delay (508)
--------------------------------
 There are 508 input ports with no input delay specified. (HIGH)

 There are 0 input ports with no input delay but user has a false path constraint.


6. checking no_output_delay (1259)
----------------------------------
 There are 1259 ports with no output delay specified. (HIGH)

 There are 0 ports with no output delay but user has a false path constraint

 There are 0 ports with no output delay but with a timing clock defined on it or propagating through it


7. checking multiple_clock (0)
------------------------------
 There are 0 register/latch pins with multiple clocks.


8. checking generated_clocks (0)
--------------------------------
 There are 0 generated clocks that are not connected to a clock source.


9. checking loops (0)
---------------------
 There are 0 combinational loops in the design.


10. checking partial_input_delay (0)
------------------------------------
 There are 0 input ports with partial input delay specified.


11. checking partial_output_delay (0)
-------------------------------------
 There are 0 ports with partial output delay specified.


12. checking latch_loops (0)
----------------------------
 There are 0 combinational latch loops in the design through latch input



------------------------------------------------------------------------------------------------
| Design Timing Summary
| ---------------------
------------------------------------------------------------------------------------------------

    WNS(ns)      TNS(ns)  TNS Failing Endpoints  TNS Total Endpoints      WHS(ns)      THS(ns)  THS Failing Endpoints  THS Total Endpoints     WPWS(ns)     TPWS(ns)  TPWS Failing Endpoints  TPWS Total Endpoints  
    -------      -------  ---------------------  -------------------      -------      -------  ---------------------  -------------------     --------     --------  ----------------------  --------------------  
      2.024        0.000                      0                58367        0.070        0.000                      0                58367        1.725        0.000                       0                 22982  


All user specified timing constraints are met.


------------------------------------------------------------------------------------------------
| Clock Summary
| -------------
------------------------------------------------------------------------------------------------

Clock     Waveform(ns)         Period(ns)      Frequency(MHz)
-----     ------------         ----------      --------------
core_clk  {0.000 2.000}        4.000           250.000         


------------------------------------------------------------------------------------------------
| Intra Clock Table
| -----------------
------------------------------------------------------------------------------------------------

Clock             WNS(ns)      TNS(ns)  TNS Failing Endpoints  TNS Total Endpoints      WHS(ns)      THS(ns)  THS Failing Endpoints  THS Total Endpoints     WPWS(ns)     TPWS(ns)  TPWS Failing Endpoints  TPWS Total Endpoints  
-----             -------      -------  ---------------------  -------------------      -------      -------  ---------------------  -------------------     --------     --------  ----------------------  --------------------  
core_clk            2.024        0.000                      0                58367        0.070        0.000                      0                58367        1.725        0.000                       0                 22982  


------------------------------------------------------------------------------------------------
| Inter Clock Table
| -----------------
------------------------------------------------------------------------------------------------

From Clock    To Clock          WNS(ns)      TNS(ns)  TNS Failing Endpoints  TNS Total Endpoints      WHS(ns)      THS(ns)  THS Failing Endpoints  THS Total Endpoints  
----------    --------          -------      -------  ---------------------  -------------------      -------      -------  ---------------------  -------------------  


------------------------------------------------------------------------------------------------
| Other Path Groups Table
| -----------------------
------------------------------------------------------------------------------------------------

Path Group    From Clock    To Clock          WNS(ns)      TNS(ns)  TNS Failing Endpoints  TNS Total Endpoints      WHS(ns)      THS(ns)  THS Failing Endpoints  THS Total Endpoints  
----------    ----------    --------          -------      -------  ---------------------  -------------------      -------      -------  ---------------------  -------------------  


------------------------------------------------------------------------------------------------
| Timing Details
| --------------
------------------------------------------------------------------------------------------------


---------------------------------------------------------------------------------------------------
From Clock:  core_clk
  To Clock:  core_clk

Setup :            0  Failing Endpoints,  Worst Slack        2.024ns,  Total Violation        0.000ns
Hold  :            0  Failing Endpoints,  Worst Slack        0.070ns,  Total Violation        0.000ns
PW    :            0  Failing Endpoints,  Worst Slack        1.725ns,  Total Violation        0.000ns
---------------------------------------------------------------------------------------------------


Max Delay Paths
--------------------------------------------------------------------------------------
Slack (MET) :             2.024ns  (required time - arrival time)
  Source:                 Q_ACT_REG_reg[0][0][7]/C
                            (rising edge-triggered cell FDRE clocked by core_clk  {rise@0.000ns fall@2.000ns period=4.000ns})
  Destination:            g_k[0].g_n[0].pe/dsp/DSP_M_DATA_INST/U[26]
                            (rising edge-triggered cell DSP_M_DATA clocked by core_clk  {rise@0.000ns fall@2.000ns period=4.000ns})
  Path Group:             core_clk
  Path Type:              Setup (Max at Slow Process Corner)
  Requirement:            4.000ns  (core_clk rise@4.000ns - core_clk rise@0.000ns)
  Data Path Delay:        1.969ns  (logic 1.543ns (78.363%)  route 0.426ns (21.637%))
  Logic Levels:           5  (DSP_A_B_DATA=1 DSP_MULTIPLIER=1 DSP_PREADD=1 DSP_PREADD_DATA=2)
  Clock Path Skew:        0.013ns (DCD - SCD + CPR)
    Destination Clock Delay (DCD):    0.043ns = ( 4.043 - 4.000 ) 
    Source Clock Delay      (SCD):    0.030ns
    Clock Pessimism Removal (CPR):    0.000ns
  Clock Uncertainty:      0.035ns  ((TSJ^2 + TIJ^2)^1/2 + DJ) / 2 + PE
    Total System Jitter     (TSJ):    0.071ns
    Total Input Jitter      (TIJ):    0.000ns
    Discrete Jitter          (DJ):    0.000ns
    Phase Error              (PE):    0.000ns

    Location             Delay type                Incr(ns)  Path(ns)    Netlist Resource(s)
  -------------------------------------------------------------------    -------------------
                         (clock core_clk rise edge)
                                                      0.000     0.000 r  
                                                      0.000     0.000 r  clk (IN)
                         net (fo=24517, unset)        0.030     0.030    clk
                         FDRE                                         r  Q_ACT_REG_reg[0][0][7]/C
  -------------------------------------------------------------------    -------------------
                         FDRE (Prop_FDRE_C_Q)         0.077     0.107 r  Q_ACT_REG_reg[0][0][7]/Q
                         net (fo=80, unplaced)        0.426     0.533    g_k[0].g_n[0].pe/dsp/A[25]
                         DSP_A_B_DATA (Prop_DSP_A_B_DATA_A[25]_A2_DATA[25])
                                                      0.192     0.725 f  g_k[0].g_n[0].pe/dsp/DSP_A_B_DATA_INST/A2_DATA[25]
                         net (fo=1, unplaced)         0.000     0.725    g_k[0].g_n[0].pe/dsp/DSP_A_B_DATA.A2_DATA<25>
                         DSP_PREADD_DATA (Prop_DSP_PREADD_DATA_A2_DATA[25]_PREADD_AB[25])
                                                      0.124     0.849 r  g_k[0].g_n[0].pe/dsp/DSP_PREADD_DATA_INST/PREADD_AB[25]
                         net (fo=1, unplaced)         0.000     0.849    g_k[0].g_n[0].pe/dsp/DSP_PREADD_DATA.PREADD_AB<25>
                         DSP_PREADD (Prop_DSP_PREADD_PREADD_AB[25]_AD[25])
                                                      0.488     1.337 f  g_k[0].g_n[0].pe/dsp/DSP_PREADD_INST/AD[25]
                         net (fo=1, unplaced)         0.000     1.337    g_k[0].g_n[0].pe/dsp/DSP_PREADD.AD<25>
                         DSP_PREADD_DATA (Prop_DSP_PREADD_DATA_AD[25]_AD_DATA[25])
                                                      0.050     1.387 r  g_k[0].g_n[0].pe/dsp/DSP_PREADD_DATA_INST/AD_DATA[25]
                         net (fo=1, unplaced)         0.000     1.387    g_k[0].g_n[0].pe/dsp/DSP_PREADD_DATA.AD_DATA<25>
                         DSP_MULTIPLIER (Prop_DSP_MULTIPLIER_AD_DATA[25]_U[26])
                                                      0.612     1.999 r  g_k[0].g_n[0].pe/dsp/DSP_MULTIPLIER_INST/U[26]
                         net (fo=1, unplaced)         0.000     1.999    g_k[0].g_n[0].pe/dsp/DSP_MULTIPLIER.U<26>
                         DSP_M_DATA                                   r  g_k[0].g_n[0].pe/dsp/DSP_M_DATA_INST/U[26]
  -------------------------------------------------------------------    -------------------

                         (clock core_clk rise edge)
                                                      4.000     4.000 r  
                                                      0.000     4.000 r  clk (IN)
                         net (fo=24517, unset)        0.043     4.043    g_k[0].g_n[0].pe/dsp/CLK
                         DSP_M_DATA                                   r  g_k[0].g_n[0].pe/dsp/DSP_M_DATA_INST/CLK
                         clock pessimism              0.000     4.043    
                         clock uncertainty           -0.035     4.008    
                         DSP_M_DATA (Setup_DSP_M_DATA_CLK_U[26])
                                                      0.015     4.023    g_k[0].g_n[0].pe/dsp/DSP_M_DATA_INST
  -------------------------------------------------------------------
                         required time                          4.023    
                         arrival time                          -1.999    
  -------------------------------------------------------------------
                         slack                                  2.024    





Min Delay Paths
--------------------------------------------------------------------------------------
Slack (MET) :             0.070ns  (arrival time - required time)
  Source:                 g_k[0].g_n[0].pe/product0_reg[9]/C
                            (rising edge-triggered cell FDRE clocked by core_clk  {rise@0.000ns fall@2.000ns period=4.000ns})
  Destination:            l1_reg[0][0][0][10]/D
                            (rising edge-triggered cell FDRE clocked by core_clk  {rise@0.000ns fall@2.000ns period=4.000ns})
  Path Group:             core_clk
  Path Type:              Hold (Min at Fast Process Corner)
  Requirement:            0.000ns  (core_clk rise@0.000ns - core_clk rise@0.000ns)
  Data Path Delay:        0.122ns  (logic 0.069ns (56.557%)  route 0.053ns (43.443%))
  Logic Levels:           1  (CARRY8=1)
  Clock Path Skew:        0.006ns (DCD - SCD - CPR)
    Destination Clock Delay (DCD):    0.018ns
    Source Clock Delay      (SCD):    0.012ns
    Clock Pessimism Removal (CPR):    -0.000ns

    Location             Delay type                Incr(ns)  Path(ns)    Netlist Resource(s)
  -------------------------------------------------------------------    -------------------
                         (clock core_clk rise edge)
                                                      0.000     0.000 r  
                                                      0.000     0.000 r  clk (IN)
                         net (fo=24517, unset)        0.012     0.012    g_k[0].g_n[0].pe/clk
                         FDRE                                         r  g_k[0].g_n[0].pe/product0_reg[9]/C
  -------------------------------------------------------------------    -------------------
                         FDRE (Prop_FDRE_C_Q)         0.038     0.050 r  g_k[0].g_n[0].pe/product0_reg[9]/Q
                         net (fo=2, unplaced)         0.046     0.096    g_k[0].g_n[0].pe/product0[9]
                         CARRY8 (Prop_CARRY8_DI[1]_O[2])
                                                      0.031     0.127 r  g_k[0].g_n[0].pe/l1_reg[0][0][0][15]_i_1/O[2]
                         net (fo=1, unplaced)         0.007     0.134    g_k[0].g_n[0].pe_n_23
                         FDRE                                         r  l1_reg[0][0][0][10]/D
  -------------------------------------------------------------------    -------------------

                         (clock core_clk rise edge)
                                                      0.000     0.000 r  
                                                      0.000     0.000 r  clk (IN)
                         net (fo=24517, unset)        0.018     0.018    clk
                         FDRE                                         r  l1_reg[0][0][0][10]/C
                         clock pessimism              0.000     0.018    
                         FDRE (Hold_FDRE_C_D)         0.046     0.064    l1_reg[0][0][0][10]
  -------------------------------------------------------------------
                         required time                         -0.064    
                         arrival time                           0.134    
  -------------------------------------------------------------------
                         slack                                  0.070    





Pulse Width Checks
--------------------------------------------------------------------------------------
Clock Name:         core_clk
Waveform(ns):       { 0.000 2.000 }
Period(ns):         4.000
Sources:            { clk }

Check Type        Corner  Lib Pin  Reference Pin  Required(ns)  Actual(ns)  Slack(ns)  Location  Pin
Min Period        n/a     FDRE/C   n/a            0.550         4.000       3.450                E_STAT_BANK_reg[0][0][0]/C
Low Pulse Width   Slow    FDRE/C   n/a            0.275         2.000       1.725                E_STAT_BANK_reg[0][0][0]/C
High Pulse Width  Slow    FDRE/C   n/a            0.275         2.000       1.725                E_STAT_BANK_reg[0][0][0]/C



