#-----------------------------------------------------------
# xsim v2022.2 (64-bit)
# SW Build 3671981 on Fri Oct 14 05:00:03 MDT 2022
# IP Build 3669848 on Fri Oct 14 08:30:02 MDT 2022
# Start of session at: Thu Oct  8 15:56:22 2026
# Process ID: 32564
# Current directory: C:/Users/fly04/Desktop/VLA/Collective
# Command line: xsim.exe -log reports/tb_collective.log -mode tcl -source {xsim.dir/collective_checked/xsim_script.tcl}
# Log file: C:/Users/fly04/Desktop/VLA/Collective/reports/tb_collective.log
# Journal file: C:/Users/fly04/Desktop/VLA/Collective\xsim.jou
# Running On: FLY, OS: Windows, CPU Frequency: 2688 MHz, CPU Physical cores: 14, Host memory: 34071 MB
#-----------------------------------------------------------
source xsim.dir/collective_checked/xsim_script.tcl
# xsim {collective_checked} -autoloadwcfg -runall
Time resolution is 1 ps
run -all
JOB PASS op=0 inputs_per_core=52 outputs=416 cycles=611 gaps=1
JOB PASS op=1 inputs_per_core=64 outputs=512 cycles=754 gaps=1
JOB PASS op=2 inputs_per_core=1664 outputs=1664 cycles=2402 gaps=1
JOB PASS op=3 inputs_per_core=1664 outputs=1664 cycles=1679 gaps=0
JOB PASS op=0 inputs_per_core=52 outputs=416 cycles=419 gaps=0
tb_collective PASS jobs=5 faults=8 kv_stalls=12154 fp_stalls=4434 tree_stalls=712
$finish called at time : 23916 ns : File "C:/Users/fly04/Desktop/VLA/Collective/tb/tb_collective.sv" Line 215
run: Time (s): cpu = 00:00:00 ; elapsed = 00:00:12 . Memory (MB): peak = 239.234 ; gain = 0.000
exit
INFO: xsimkernel Simulation Memory Usage: 13488 KB (Peak: 13488 KB), Simulation CPU Usage: 10764 ms
INFO: [Common 17-206] Exiting xsim at Thu Oct  8 15:56:37 2026...
