Copyright 1986-2022 Xilinx, Inc. All Rights Reserved.
---------------------------------------------------------------------------------------------------------------------------
| Tool Version : Vivado v.2022.2 (win64) Build 3671981 Fri Oct 14 05:00:03 MDT 2022
| Date         : Tue Sep 29 19:52:37 2026
| Host         : FLY running 64-bit major release  (build 9200)
| Command      : report_ram_utilization -file C:/Users/fly04/Desktop/VLA/PCore_2.0/v3/reports/ooc_dea8_fp32_add_v2/ram.rpt
| Design       : dea8_fp32_add_v2
| Device       : xcu50-fsvh2104-2-e
| Speed File   : -2
---------------------------------------------------------------------------------------------------------------------------

RAM Usage Information

Table of Contents
-----------------
1. Summary

1. Summary
----------

+--------------------------+------------+-----------+-------+-----------+
| Memory Type              | Total Used | Available | Util% | Inferred% |
+--------------------------+------------+-----------+-------+-----------+
| URAM                     |          0 |       640 |  0.00 |      0.00 |
| BlockRAM                 |          0 |      1344 |  0.00 |      0.00 |
| LUTMs as Distributed RAM |          0 |    403200 |  0.00 |      0.00 |
+--------------------------+------------+-----------+-------+-----------+
*  Each RAMB18 is calculated as 0.5 BlockRAM
**  Tables 2, 3, 4 and 5 cover RAMs inferred by Vivado Synthesis using XPMs or RTL inference
***  XRAMs are not reported for detailed tables


