Copyright 1986-2022 Xilinx, Inc. All Rights Reserved.
---------------------------------------------------------------------------------------------------------------------------------------------
| Tool Version : Vivado v.2022.2 (win64) Build 3671981 Fri Oct 14 05:00:03 MDT 2022
| Date         : Tue Sep 29 19:52:19 2026
| Host         : FLY running 64-bit major release  (build 9200)
| Command      : report_utilization -hierarchical -file C:/Users/fly04/Desktop/VLA/PCore_2.0/v3/reports/ooc_dea8_fp32_add_v2/utilization.rpt
| Design       : dea8_fp32_add_v2
| Device       : xcu50-fsvh2104-2-e
| Speed File   : -2
| Design State : Synthesized
---------------------------------------------------------------------------------------------------------------------------------------------

Utilization Design Information

Table of Contents
-----------------
1. Utilization by Hierarchy

1. Utilization by Hierarchy
---------------------------

+------------------+--------+------------+------------+---------+------+-----+--------+--------+------+------------+
|     Instance     | Module | Total LUTs | Logic LUTs | LUTRAMs | SRLs | FFs | RAMB36 | RAMB18 | URAM | DSP Blocks |
+------------------+--------+------------+------------+---------+------+-----+--------+--------+------+------------+
| dea8_fp32_add_v2 |  (top) |        443 |        443 |       0 |    0 |  96 |      0 |      0 |    0 |          0 |
+------------------+--------+------------+------------+---------+------+-----+--------+--------+------+------------+


