Copyright 1986-2022 Xilinx, Inc. All Rights Reserved.
-------------------------------------------------------------------------------------------------------------
| Tool Version : Vivado v.2022.2 (win64) Build 3671981 Fri Oct 14 05:00:03 MDT 2022
| Date         : Wed Sep 30 18:42:49 2026
| Host         : FLY running 64-bit major release  (build 9200)
| Command      : report_drc -file C:/Users/fly04/Desktop/VLA/PCore_2.0/v3/reports/DEQACC_3.3ns/final_drc.rpt
| Design       : DEQACC_3_3ns_timing_shell
| Device       : xcu50-fsvh2104-2-e
| Speed File   : -2
| Design State : Fully Routed
-------------------------------------------------------------------------------------------------------------

Report DRC

Table of Contents
-----------------
1. REPORT SUMMARY
2. REPORT DETAILS

1. REPORT SUMMARY
-----------------
            Netlist: netlist
          Floorplan: checkpoint_final_250MHz
      Design limits: <entire design considered>
           Ruledeck: default
             Max violations: <unlimited>
             Violations found: 1
+-----------+----------+-------------------+------------+
| Rule      | Severity | Description       | Violations |
+-----------+----------+-------------------+------------+
| RTSTAT-10 | Warning  | No routable loads | 1          |
+-----------+----------+-------------------+------------+

2. REPORT DETAILS
-----------------
RTSTAT-10#1 Warning
No routable loads  
1062 net(s) have no routable loads. The problem bus(es) and/or net(s) are commit_meta[acc_sel][1:0], commit_meta[add_old], commit_meta[epoch][3:0],
commit_meta[exp_fold][5:0], commit_meta[final_k], commit_meta[head][2:0],
commit_meta[last], commit_meta[nt][3:0], commit_meta[pair_idx][4:0],
commit_meta[tile_idx][5:0], commit_valid, done, result_even_data[0][31:0],
result_even_data[1][31:0], result_even_data[2][31:0]
 (the first 15 of 47 listed).
Related violations: <none>


