Copyright 1986-2022 Xilinx, Inc. All Rights Reserved.
---------------------------------------------------------------------------------------------------------------------
| Tool Version      : Vivado v.2022.2 (win64) Build 3671981 Fri Oct 14 05:00:03 MDT 2022
| Date              : Wed Sep 30 18:18:42 2026
| Host              : FLY running 64-bit major release  (build 9200)
| Command           : report_timing -to [get_cells -hier -filter {NAME =~ *norm_q_reg*}] -max_paths 1 -return_string
| Design            : DEQACC_3_3ns_timing_shell
| Device            : xcu50-fsvh2104
| Speed File        : -2  PRODUCTION 1.30 05-01-2022
| Temperature Grade : E
---------------------------------------------------------------------------------------------------------------------

Timing Report

Slack (MET) :             1.553ns  (required time - arrival time)
  Source:                 core/genblk1[1].lanes[5].lane/control_q_reg[shift][4]/C
                            (rising edge-triggered cell FDRE clocked by core_clk  {rise@0.000ns fall@2.000ns period=4.000ns})
  Destination:            core/genblk1[1].lanes[5].lane/norm_q_reg[norm][sum_norm][21]/D
                            (rising edge-triggered cell FDRE clocked by core_clk  {rise@0.000ns fall@2.000ns period=4.000ns})
  Path Group:             core_clk
  Path Type:              Setup (Max at Slow Process Corner)
  Requirement:            4.000ns  (core_clk rise@4.000ns - core_clk rise@0.000ns)
  Data Path Delay:        2.426ns  (logic 0.397ns (16.362%)  route 2.029ns (83.638%))
  Logic Levels:           4  (LUT5=3 LUT6=1)
  Clock Path Skew:        -0.010ns (DCD - SCD + CPR)
    Destination Clock Delay (DCD):    0.020ns = ( 4.020 - 4.000 ) 
    Source Clock Delay      (SCD):    0.030ns
    Clock Pessimism Removal (CPR):    0.000ns
  Clock Uncertainty:      0.035ns  ((TSJ^2 + TIJ^2)^1/2 + DJ) / 2 + PE
    Total System Jitter     (TSJ):    0.071ns
    Total Input Jitter      (TIJ):    0.000ns
    Discrete Jitter          (DJ):    0.000ns
    Phase Error              (PE):    0.000ns

    Location             Delay type                Incr(ns)  Path(ns)    Netlist Resource(s)
  -------------------------------------------------------------------    -------------------
                         (clock core_clk rise edge)
                                                      0.000     0.000 r  
                                                      0.000     0.000 r  clk (IN)
                         net (fo=28818, unset)        0.030     0.030    core/genblk1[1].lanes[5].lane/clk
    SLICE_X118Y17        FDRE                                         r  core/genblk1[1].lanes[5].lane/control_q_reg[shift][4]/C
  -------------------------------------------------------------------    -------------------
    SLICE_X118Y17        FDRE (Prop_BFF_SLICEM_C_Q)
                                                      0.078     0.108 r  core/genblk1[1].lanes[5].lane/control_q_reg[shift][4]/Q
                         net (fo=34, routed)          0.928     1.036    core/genblk1[1].lanes[5].lane/control_q_reg[shift][4]
    SLICE_X115Y12        LUT5 (Prop_D5LUT_SLICEM_I3_O)
                                                      0.158     1.194 r  core/genblk1[1].lanes[5].lane/norm_q[norm][sum_norm][25]_i_3/O
                         net (fo=3, routed)           0.619     1.813    core/genblk1[1].lanes[5].lane/norm_q[norm][sum_norm][25]_i_3_n_0
    SLICE_X117Y12        LUT6 (Prop_F6LUT_SLICEL_I5_O)
                                                      0.035     1.848 r  core/genblk1[1].lanes[5].lane/norm_q[norm][sum_norm][21]_i_3/O
                         net (fo=2, routed)           0.042     1.890    core/genblk1[1].lanes[5].lane/norm_q[norm][sum_norm][21]_i_3_n_0
    SLICE_X117Y12        LUT5 (Prop_E6LUT_SLICEL_I3_O)
                                                      0.090     1.980 r  core/genblk1[1].lanes[5].lane/norm_q[norm][sum_norm][21]_i_2/O
                         net (fo=2, routed)           0.391     2.371    core/genblk1[1].lanes[5].lane/norm_q[norm][sum_norm][21]_i_2_n_0
    SLICE_X116Y13        LUT5 (Prop_D6LUT_SLICEL_I2_O)
                                                      0.036     2.407 r  core/genblk1[1].lanes[5].lane/norm_q[norm][sum_norm][21]_i_1/O
                         net (fo=1, routed)           0.049     2.456    core/genblk1[1].lanes[5].lane/norm_d[norm][sum_norm][21]
    SLICE_X116Y13        FDRE                                         r  core/genblk1[1].lanes[5].lane/norm_q_reg[norm][sum_norm][21]/D
  -------------------------------------------------------------------    -------------------

                         (clock core_clk rise edge)
                                                      4.000     4.000 r  
                                                      0.000     4.000 r  clk (IN)
                         net (fo=28818, unset)        0.020     4.020    core/genblk1[1].lanes[5].lane/clk
    SLICE_X116Y13        FDRE                                         r  core/genblk1[1].lanes[5].lane/norm_q_reg[norm][sum_norm][21]/C
                         clock pessimism              0.000     4.020    
                         clock uncertainty           -0.035     3.985    
    SLICE_X116Y13        FDRE (Setup_DFF_SLICEL_C_D)
                                                      0.025     4.010    core/genblk1[1].lanes[5].lane/norm_q_reg[norm][sum_norm][21]
  -------------------------------------------------------------------
                         required time                          4.010    
                         arrival time                          -2.456    
  -------------------------------------------------------------------
                         slack                                  1.553    





