Copyright 1986-2022 Xilinx, Inc. All Rights Reserved.
--------------------------------------------------------------------------------------------------------------------------
| Tool Version      : Vivado v.2022.2 (win64) Build 3671981 Fri Oct 14 05:00:03 MDT 2022
| Date              : Wed Sep 30 18:18:42 2026
| Host              : FLY running 64-bit major release  (build 9200)
| Command           : report_timing -to [get_cells -hier -filter {NAME =~ *acc_store*banks*}] -max_paths 1 -return_string
| Design            : DEQACC_3_3ns_timing_shell
| Device            : xcu50-fsvh2104
| Speed File        : -2  PRODUCTION 1.30 05-01-2022
| Temperature Grade : E
--------------------------------------------------------------------------------------------------------------------------

Timing Report

Slack (MET) :             0.733ns  (required time - arrival time)
  Source:                 core/context_q_reg[9][valid]/C
                            (rising edge-triggered cell FDRE clocked by core_clk  {rise@0.000ns fall@2.000ns period=4.000ns})
  Destination:            core/acc_store/banks[1].parity[0].ram/mem_reg_0_31_196_209/RAMA/WE
                            (rising edge-triggered cell RAMD32 clocked by core_clk  {rise@0.000ns fall@2.000ns period=4.000ns})
  Path Group:             core_clk
  Path Type:              Setup (Max at Slow Process Corner)
  Requirement:            4.000ns  (core_clk rise@4.000ns - core_clk rise@0.000ns)
  Data Path Delay:        3.065ns  (logic 0.479ns (15.629%)  route 2.586ns (84.371%))
  Logic Levels:           4  (LUT3=2 LUT6=2)
  Clock Path Skew:        0.013ns (DCD - SCD + CPR)
    Destination Clock Delay (DCD):    0.043ns = ( 4.043 - 4.000 ) 
    Source Clock Delay      (SCD):    0.030ns
    Clock Pessimism Removal (CPR):    0.000ns
  Clock Uncertainty:      0.035ns  ((TSJ^2 + TIJ^2)^1/2 + DJ) / 2 + PE
    Total System Jitter     (TSJ):    0.071ns
    Total Input Jitter      (TIJ):    0.000ns
    Discrete Jitter          (DJ):    0.000ns
    Phase Error              (PE):    0.000ns

    Location             Delay type                Incr(ns)  Path(ns)    Netlist Resource(s)
  -------------------------------------------------------------------    -------------------
                         (clock core_clk rise edge)
                                                      0.000     0.000 r  
                                                      0.000     0.000 r  clk (IN)
                         net (fo=28818, unset)        0.030     0.030    core/clk
    SLICE_X152Y81        FDRE                                         r  core/context_q_reg[9][valid]/C
  -------------------------------------------------------------------    -------------------
    SLICE_X152Y81        FDRE (Prop_DFF2_SLICEM_C_Q)
                                                      0.080     0.110 r  core/context_q_reg[9][valid]/Q
                         net (fo=16, routed)          0.476     0.586    core/acc_store/banks[1].parity[1].ram/context_q_reg[9][valid]
    SLICE_X156Y76        LUT3 (Prop_D6LUT_SLICEM_I0_O)
                                                      0.099     0.685 r  core/acc_store/banks[1].parity[1].ram/mem_reg_0_31_0_13_i_26/O
                         net (fo=1052, routed)        0.500     1.186    core/acc_store/banks[1].parity[0].ram/banks[1].mw
    SLICE_X162Y64        LUT3 (Prop_G5LUT_SLICEM_I2_O)
                                                      0.163     1.349 f  core/acc_store/banks[1].parity[0].ram/valid_q[25]_i_7__0/O
                         net (fo=1, routed)           0.278     1.627    core/acc_store/banks[1].parity[0].ram/banks[1].wa[8]
    SLICE_X160Y66        LUT6 (Prop_B6LUT_SLICEL_I3_O)
                                                      0.036     1.663 f  core/acc_store/banks[1].parity[0].ram/valid_q[25]_i_3__0/O
                         net (fo=4, routed)           0.513     2.176    core/acc_store/banks[1].parity[0].ram/valid_q[25]_i_3__0_n_0
    SLICE_X179Y64        LUT6 (Prop_H6LUT_SLICEM_I3_O)
                                                      0.101     2.277 r  core/acc_store/banks[1].parity[0].ram/mem_reg_0_31_0_13_i_1__1/O
                         net (fo=592, routed)         0.818     3.095    core/acc_store/banks[1].parity[0].ram/mem_reg_0_31_196_209/WE
    SLICE_X194Y42        RAMD32                                       r  core/acc_store/banks[1].parity[0].ram/mem_reg_0_31_196_209/RAMA/WE
  -------------------------------------------------------------------    -------------------

                         (clock core_clk rise edge)
                                                      4.000     4.000 r  
                                                      0.000     4.000 r  clk (IN)
                         net (fo=28818, unset)        0.043     4.043    core/acc_store/banks[1].parity[0].ram/mem_reg_0_31_196_209/WCLK
    SLICE_X194Y42        RAMD32                                       r  core/acc_store/banks[1].parity[0].ram/mem_reg_0_31_196_209/RAMA/CLK
                         clock pessimism              0.000     4.043    
                         clock uncertainty           -0.035     4.008    
    SLICE_X194Y42        RAMD32 (Setup_A5LUT_SLICEM_CLK_WE)
                                                     -0.180     3.828    core/acc_store/banks[1].parity[0].ram/mem_reg_0_31_196_209/RAMA
  -------------------------------------------------------------------
                         required time                          3.828    
                         arrival time                          -3.095    
  -------------------------------------------------------------------
                         slack                                  0.733    





