Copyright 1986-2022 Xilinx, Inc. All Rights Reserved.
------------------------------------------------------------------------------------------------------------------------
| Tool Version      : Vivado v.2022.2 (win64) Build 3671981 Fri Oct 14 05:00:03 MDT 2022
| Date              : Wed Sep 30 18:18:42 2026
| Host              : FLY running 64-bit major release  (build 9200)
| Command           : report_timing -to [get_cells -hier -filter {NAME =~ *control_q_reg*}] -max_paths 1 -return_string
| Design            : DEQACC_3_3ns_timing_shell
| Device            : xcu50-fsvh2104
| Speed File        : -2  PRODUCTION 1.30 05-01-2022
| Temperature Grade : E
------------------------------------------------------------------------------------------------------------------------

Timing Report

Slack (MET) :             1.009ns  (required time - arrival time)
  Source:                 core/genblk1[1].lanes[5].lane/raw_q_reg[nonzero_group][3]/C
                            (rising edge-triggered cell FDRE clocked by core_clk  {rise@0.000ns fall@2.000ns period=4.000ns})
  Destination:            core/genblk1[1].lanes[5].lane/control_q_reg[exponent][8]/D
                            (rising edge-triggered cell FDRE clocked by core_clk  {rise@0.000ns fall@2.000ns period=4.000ns})
  Path Group:             core_clk
  Path Type:              Setup (Max at Slow Process Corner)
  Requirement:            4.000ns  (core_clk rise@4.000ns - core_clk rise@0.000ns)
  Data Path Delay:        2.971ns  (logic 1.118ns (37.627%)  route 1.853ns (62.373%))
  Logic Levels:           9  (CARRY8=3 LUT3=1 LUT4=1 LUT6=4)
  Clock Path Skew:        -0.009ns (DCD - SCD + CPR)
    Destination Clock Delay (DCD):    0.021ns = ( 4.021 - 4.000 ) 
    Source Clock Delay      (SCD):    0.030ns
    Clock Pessimism Removal (CPR):    0.000ns
  Clock Uncertainty:      0.035ns  ((TSJ^2 + TIJ^2)^1/2 + DJ) / 2 + PE
    Total System Jitter     (TSJ):    0.071ns
    Total Input Jitter      (TIJ):    0.000ns
    Discrete Jitter          (DJ):    0.000ns
    Phase Error              (PE):    0.000ns

    Location             Delay type                Incr(ns)  Path(ns)    Netlist Resource(s)
  -------------------------------------------------------------------    -------------------
                         (clock core_clk rise edge)
                                                      0.000     0.000 r  
                                                      0.000     0.000 r  clk (IN)
                         net (fo=28818, unset)        0.030     0.030    core/genblk1[1].lanes[5].lane/clk
    SLICE_X115Y10        FDRE                                         r  core/genblk1[1].lanes[5].lane/raw_q_reg[nonzero_group][3]/C
  -------------------------------------------------------------------    -------------------
    SLICE_X115Y10        FDRE (Prop_DFF_SLICEM_C_Q)
                                                      0.078     0.108 r  core/genblk1[1].lanes[5].lane/raw_q_reg[nonzero_group][3]/Q
                         net (fo=9, routed)           0.198     0.306    core/genblk1[1].lanes[5].lane/raw_q_reg[nonzero_group][3]
    SLICE_X116Y7         LUT3 (Prop_B5LUT_SLICEL_I2_O)
                                                      0.104     0.410 r  core/genblk1[1].lanes[5].lane/control_q[shift][4]_i_27/O
                         net (fo=5, routed)           0.262     0.672    core/genblk1[1].lanes[5].lane/control_q[shift][4]_i_27_n_0
    SLICE_X116Y11        LUT6 (Prop_H6LUT_SLICEL_I4_O)
                                                      0.090     0.762 r  core/genblk1[1].lanes[5].lane/control_q[shift][4]_i_19/O
                         net (fo=2, routed)           0.203     0.965    core/genblk1[1].lanes[5].lane/x[5]
    SLICE_X116Y7         LUT6 (Prop_H6LUT_SLICEL_I5_O)
                                                      0.150     1.115 r  core/genblk1[1].lanes[5].lane/control_q[shift][4]_i_14/O
                         net (fo=4, routed)           0.473     1.588    core/genblk1[1].lanes[5].lane/control_q[shift][4]_i_14_n_0
    SLICE_X117Y10        LUT6 (Prop_D6LUT_SLICEL_I4_O)
                                                      0.122     1.710 r  core/genblk1[1].lanes[5].lane/control_q[shift][2]_i_2/O
                         net (fo=4, routed)           0.322     2.032    core/genblk1[1].lanes[5].lane/control_q[shift][2]_i_2_n_0
    SLICE_X118Y18        LUT6 (Prop_H6LUT_SLICEM_I0_O)
                                                      0.101     2.133 r  core/genblk1[1].lanes[5].lane/control_q[shift][4]_i_6/O
                         net (fo=1, routed)           0.142     2.275    core/genblk1[1].lanes[5].lane/control_q[shift][4]_i_6_n_0
    SLICE_X118Y18        CARRY8 (Prop_CARRY8_SLICEM_DI[1]_CO[4])
                                                      0.172     2.447 r  core/genblk1[1].lanes[5].lane/control_q_reg[shift][4]_i_3/CO[4]
                         net (fo=10, routed)          0.189     2.636    core/genblk1[1].lanes[5].lane/control_q_reg[shift][4]_i_3_n_3
    SLICE_X118Y19        LUT4 (Prop_A6LUT_SLICEM_I1_O)
                                                      0.053     2.689 r  core/genblk1[1].lanes[5].lane/control_q[exponent][7]_i_10/O
                         net (fo=1, routed)           0.013     2.702    core/genblk1[1].lanes[5].lane/control_q[exponent][7]_i_10_n_0
    SLICE_X118Y19        CARRY8 (Prop_CARRY8_SLICEM_S[0]_CO[7])
                                                      0.192     2.894 r  core/genblk1[1].lanes[5].lane/control_q_reg[exponent][7]_i_1/CO[7]
                         net (fo=1, routed)           0.026     2.920    core/genblk1[1].lanes[5].lane/control_q_reg[exponent][7]_i_1_n_0
    SLICE_X118Y20        CARRY8 (Prop_CARRY8_SLICEM_CI_O[0])
                                                      0.056     2.976 r  core/genblk1[1].lanes[5].lane/control_q_reg[exponent][8]_i_1/O[0]
                         net (fo=1, routed)           0.025     3.001    core/genblk1[1].lanes[5].lane/control_q_reg[exponent][8]_i_1_n_15
    SLICE_X118Y20        FDRE                                         r  core/genblk1[1].lanes[5].lane/control_q_reg[exponent][8]/D
  -------------------------------------------------------------------    -------------------

                         (clock core_clk rise edge)
                                                      4.000     4.000 r  
                                                      0.000     4.000 r  clk (IN)
                         net (fo=28818, unset)        0.021     4.021    core/genblk1[1].lanes[5].lane/clk
    SLICE_X118Y20        FDRE                                         r  core/genblk1[1].lanes[5].lane/control_q_reg[exponent][8]/C
                         clock pessimism              0.000     4.021    
                         clock uncertainty           -0.035     3.986    
    SLICE_X118Y20        FDRE (Setup_AFF_SLICEM_C_D)
                                                      0.025     4.011    core/genblk1[1].lanes[5].lane/control_q_reg[exponent][8]
  -------------------------------------------------------------------
                         required time                          4.011    
                         arrival time                          -3.001    
  -------------------------------------------------------------------
                         slack                                  1.009    





