Copyright 1986-2022 Xilinx, Inc. All Rights Reserved.
-----------------------------------------------------------------------------------------------------------------
| Tool Version      : Vivado v.2022.2 (win64) Build 3671981 Fri Oct 14 05:00:03 MDT 2022
| Date              : Wed Sep 30 18:18:41 2026
| Host              : FLY running 64-bit major release  (build 9200)
| Command           : report_timing -to [get_cells -hier -filter {NAME =~ *s2_reg*}] -max_paths 1 -return_string
| Design            : DEQACC_3_3ns_timing_shell
| Device            : xcu50-fsvh2104
| Speed File        : -2  PRODUCTION 1.30 05-01-2022
| Temperature Grade : E
-----------------------------------------------------------------------------------------------------------------

Timing Report

Slack (MET) :             0.732ns  (required time - arrival time)
  Source:                 core/acc_store/banks[2].parity[0].ram/initialized_q_reg/C
                            (rising edge-triggered cell FDRE clocked by core_clk  {rise@0.000ns fall@2.000ns period=4.000ns})
  Destination:            core/s2_reg[0][6][old_value][31]/R
                            (rising edge-triggered cell FDRE clocked by core_clk  {rise@0.000ns fall@2.000ns period=4.000ns})
  Path Group:             core_clk
  Path Type:              Setup (Max at Slow Process Corner)
  Requirement:            4.000ns  (core_clk rise@4.000ns - core_clk rise@0.000ns)
  Data Path Delay:        3.150ns  (logic 0.266ns (8.444%)  route 2.884ns (91.556%))
  Logic Levels:           2  (LUT2=1 LUT5=1)
  Clock Path Skew:        -0.008ns (DCD - SCD + CPR)
    Destination Clock Delay (DCD):    0.021ns = ( 4.021 - 4.000 ) 
    Source Clock Delay      (SCD):    0.029ns
    Clock Pessimism Removal (CPR):    0.000ns
  Clock Uncertainty:      0.035ns  ((TSJ^2 + TIJ^2)^1/2 + DJ) / 2 + PE
    Total System Jitter     (TSJ):    0.071ns
    Total Input Jitter      (TIJ):    0.000ns
    Discrete Jitter          (DJ):    0.000ns
    Phase Error              (PE):    0.000ns

    Location             Delay type                Incr(ns)  Path(ns)    Netlist Resource(s)
  -------------------------------------------------------------------    -------------------
                         (clock core_clk rise edge)
                                                      0.000     0.000 r  
                                                      0.000     0.000 r  clk (IN)
                         net (fo=28818, unset)        0.029     0.029    core/acc_store/banks[2].parity[0].ram/clk
    SLICE_X158Y78        FDRE                                         r  core/acc_store/banks[2].parity[0].ram/initialized_q_reg/C
  -------------------------------------------------------------------    -------------------
    SLICE_X158Y78        FDRE (Prop_HFF2_SLICEL_C_Q)
                                                      0.080     0.109 f  core/acc_store/banks[2].parity[0].ram/initialized_q_reg/Q
                         net (fo=514, routed)         1.259     1.368    core/acc_store/banks[2].parity[0].ram/bank_word_valid[2][0]_41
    SLICE_X185Y65        LUT5 (Prop_F6LUT_SLICEL_I0_O)
                                                      0.097     1.465 f  core/acc_store/banks[2].parity[0].ram/s2[0][0][old_value][31]_i_3/O
                         net (fo=161, routed)         0.378     1.842    core/acc_store/banks[2].parity[0].ram/word_valid[0]
    SLICE_X183Y75        LUT2 (Prop_F6LUT_SLICEL_I1_O)
                                                      0.089     1.931 r  core/acc_store/banks[2].parity[0].ram/s2[0][0][old_value][31]_i_1/O
                         net (fo=352, routed)         1.248     3.179    core/acc_store_n_65
    SLICE_X197Y48        FDRE                                         r  core/s2_reg[0][6][old_value][31]/R
  -------------------------------------------------------------------    -------------------

                         (clock core_clk rise edge)
                                                      4.000     4.000 r  
                                                      0.000     4.000 r  clk (IN)
                         net (fo=28818, unset)        0.021     4.021    core/clk
    SLICE_X197Y48        FDRE                                         r  core/s2_reg[0][6][old_value][31]/C
                         clock pessimism              0.000     4.021    
                         clock uncertainty           -0.035     3.986    
    SLICE_X197Y48        FDRE (Setup_HFF_SLICEM_C_R)
                                                     -0.074     3.912    core/s2_reg[0][6][old_value][31]
  -------------------------------------------------------------------
                         required time                          3.912    
                         arrival time                          -3.179    
  -------------------------------------------------------------------
                         slack                                  0.732    





