Copyright 1986-2022 Xilinx, Inc. All Rights Reserved.
---------------------------------------------------------------------------------------------------------------------------------
| Tool Version      : Vivado v.2022.2 (win64) Build 3671981 Fri Oct 14 05:00:03 MDT 2022
| Date              : Wed Sep 30 18:13:12 2026
| Host              : FLY running 64-bit major release  (build 9200)
| Command           : report_timing -to [get_cells -quiet -hier -filter {NAME =~ *acc_store*banks*}] -max_paths 1 -return_string
| Design            : DEQACC_3_3ns_timing_shell
| Device            : xcu50-fsvh2104
| Speed File        : -2  PRODUCTION 1.30 05-01-2022
| Temperature Grade : E
---------------------------------------------------------------------------------------------------------------------------------

Timing Report

Slack (MET) :             0.470ns  (required time - arrival time)
  Source:                 core/context_q_reg[1][meta][add_old]/C
                            (rising edge-triggered cell FDRE clocked by core_clk  {rise@0.000ns fall@2.000ns period=4.000ns})
  Destination:            core/acc_store/banks[1].parity[0].ram/data_q_reg[201]/CE
                            (rising edge-triggered cell FDRE clocked by core_clk  {rise@0.000ns fall@2.000ns period=4.000ns})
  Path Group:             core_clk
  Path Type:              Setup (Max at Slow Process Corner)
  Requirement:            4.000ns  (core_clk rise@4.000ns - core_clk rise@0.000ns)
  Data Path Delay:        3.425ns  (logic 0.368ns (10.746%)  route 3.057ns (89.254%))
  Logic Levels:           6  (LUT2=3 LUT5=1 LUT6=2)
  Clock Path Skew:        -0.009ns (DCD - SCD + CPR)
    Destination Clock Delay (DCD):    0.021ns = ( 4.021 - 4.000 ) 
    Source Clock Delay      (SCD):    0.030ns
    Clock Pessimism Removal (CPR):    0.000ns
  Clock Uncertainty:      0.035ns  ((TSJ^2 + TIJ^2)^1/2 + DJ) / 2 + PE
    Total System Jitter     (TSJ):    0.071ns
    Total Input Jitter      (TIJ):    0.000ns
    Discrete Jitter          (DJ):    0.000ns
    Phase Error              (PE):    0.000ns

    Location             Delay type                Incr(ns)  Path(ns)    Netlist Resource(s)
  -------------------------------------------------------------------    -------------------
                         (clock core_clk rise edge)
                                                      0.000     0.000 r  
                                                      0.000     0.000 r  clk (IN)
                         net (fo=28818, unset)        0.030     0.030    core/clk
    SLICE_X150Y62        FDRE                                         r  core/context_q_reg[1][meta][add_old]/C
  -------------------------------------------------------------------    -------------------
    SLICE_X150Y62        FDRE (Prop_EFF_SLICEM_C_Q)
                                                      0.076     0.106 f  core/context_q_reg[1][meta][add_old]/Q
                         net (fo=3, routed)           0.355     0.461    core/acc_store/banks[1].parity[1].ram/context_q_reg[1][meta][add_old]__0
    SLICE_X151Y74        LUT2 (Prop_G6LUT_SLICEL_I1_O)
                                                      0.035     0.496 f  core/acc_store/banks[1].parity[1].ram/rd_sel_q[1]_i_1/O
                         net (fo=101, routed)         0.482     0.978    core/acc_store/banks[1].parity[1].ram/rd_valid
    SLICE_X155Y62        LUT5 (Prop_D5LUT_SLICEL_I0_O)
                                                      0.066     1.044 f  core/acc_store/banks[1].parity[1].ram/result_rd_ready_i_3/O
                         net (fo=1, routed)           0.159     1.203    core/acc_store/banks[1].parity[1].ram/result_rd_ready220_out
    SLICE_X155Y62        LUT6 (Prop_G6LUT_SLICEL_I3_O)
                                                      0.035     1.238 r  core/acc_store/banks[1].parity[1].ram/result_rd_ready_i_1/O
                         net (fo=2, routed)           0.091     1.329    core/acc_store/banks[1].parity[1].ram/rd_ready_i
    SLICE_X155Y62        LUT2 (Prop_C6LUT_SLICEL_I1_O)
                                                      0.050     1.379 r  core/acc_store/banks[1].parity[1].ram/result_sel_q[1]_i_1/O
                         net (fo=6, routed)           0.297     1.676    core/acc_store/banks[1].parity[1].ram/p_25_in
    SLICE_X154Y62        LUT6 (Prop_H6LUT_SLICEM_I5_O)
                                                      0.053     1.729 r  core/acc_store/banks[1].parity[1].ram/data_q[511]_i_2__2/O
                         net (fo=4, routed)           0.822     2.551    core/acc_store/banks[1].parity[0].ram/rd_en00_out
    SLICE_X184Y62        LUT2 (Prop_H6LUT_SLICEM_I0_O)
                                                      0.053     2.604 r  core/acc_store/banks[1].parity[0].ram/data_q[511]_i_1__1/O
                         net (fo=512, routed)         0.851     3.455    core/acc_store/banks[1].parity[0].ram/data_q0
    SLICE_X194Y41        FDRE                                         r  core/acc_store/banks[1].parity[0].ram/data_q_reg[201]/CE
  -------------------------------------------------------------------    -------------------

                         (clock core_clk rise edge)
                                                      4.000     4.000 r  
                                                      0.000     4.000 r  clk (IN)
                         net (fo=28818, unset)        0.021     4.021    core/acc_store/banks[1].parity[0].ram/clk
    SLICE_X194Y41        FDRE                                         r  core/acc_store/banks[1].parity[0].ram/data_q_reg[201]/C
                         clock pessimism              0.000     4.021    
                         clock uncertainty           -0.035     3.986    
    SLICE_X194Y41        FDRE (Setup_EFF2_SLICEM_C_CE)
                                                     -0.061     3.925    core/acc_store/banks[1].parity[0].ram/data_q_reg[201]
  -------------------------------------------------------------------
                         required time                          3.925    
                         arrival time                          -3.455    
  -------------------------------------------------------------------
                         slack                                  0.470    





