Copyright 1986-2022 Xilinx, Inc. All Rights Reserved.
---------------------------------------------------------------------------------------------------------------------------------
| Tool Version      : Vivado v.2022.2 (win64) Build 3671981 Fri Oct 14 05:00:03 MDT 2022
| Date              : Wed Sep 30 18:13:12 2026
| Host              : FLY running 64-bit major release  (build 9200)
| Command           : report_timing -to [get_cells -quiet -hier -filter {NAME =~ *magnitude_q_reg*}] -max_paths 1 -return_string
| Design            : DEQACC_3_3ns_timing_shell
| Device            : xcu50-fsvh2104
| Speed File        : -2  PRODUCTION 1.30 05-01-2022
| Temperature Grade : E
---------------------------------------------------------------------------------------------------------------------------------

Timing Report

Slack (MET) :             1.295ns  (required time - arrival time)
  Source:                 rsp_q_reg[psum][1][8][0]/C
                            (rising edge-triggered cell FDRE clocked by core_clk  {rise@0.000ns fall@2.000ns period=4.000ns})
  Destination:            core/magnitude_q_reg[1][8][lead][2]/D
                            (rising edge-triggered cell FDRE clocked by core_clk  {rise@0.000ns fall@2.000ns period=4.000ns})
  Path Group:             core_clk
  Path Type:              Setup (Max at Slow Process Corner)
  Requirement:            4.000ns  (core_clk rise@4.000ns - core_clk rise@0.000ns)
  Data Path Delay:        2.685ns  (logic 1.053ns (39.215%)  route 1.632ns (60.785%))
  Logic Levels:           8  (CARRY8=2 LUT1=1 LUT3=1 LUT4=1 LUT5=1 LUT6=2)
  Clock Path Skew:        -0.009ns (DCD - SCD + CPR)
    Destination Clock Delay (DCD):    0.020ns = ( 4.020 - 4.000 ) 
    Source Clock Delay      (SCD):    0.029ns
    Clock Pessimism Removal (CPR):    0.000ns
  Clock Uncertainty:      0.035ns  ((TSJ^2 + TIJ^2)^1/2 + DJ) / 2 + PE
    Total System Jitter     (TSJ):    0.071ns
    Total Input Jitter      (TIJ):    0.000ns
    Discrete Jitter          (DJ):    0.000ns
    Phase Error              (PE):    0.000ns

    Location             Delay type                Incr(ns)  Path(ns)    Netlist Resource(s)
  -------------------------------------------------------------------    -------------------
                         (clock core_clk rise edge)
                                                      0.000     0.000 r  
                                                      0.000     0.000 r  clk (IN)
                         net (fo=28818, unset)        0.029     0.029    clk
    SLICE_X155Y46        FDRE                                         r  rsp_q_reg[psum][1][8][0]/C
  -------------------------------------------------------------------    -------------------
    SLICE_X155Y46        FDRE (Prop_FFF2_SLICEL_C_Q)
                                                      0.081     0.110 f  rsp_q_reg[psum][1][8][0]/Q
                         net (fo=3, routed)           0.243     0.353    rsp_q_reg[psum_n_0_][1][8][0]
    SLICE_X155Y46        LUT1 (Prop_A6LUT_SLICEL_I0_O)
                                                      0.124     0.477 r  magnitude_q[1][8][mag][8]_i_3/O
                         net (fo=1, routed)           0.183     0.660    magnitude_q[1][8][mag][8]_i_3_n_0
    SLICE_X156Y44        CARRY8 (Prop_CARRY8_SLICEM_CI_CO[7])
                                                      0.153     0.813 r  magnitude_q_reg[1][8][mag][8]_i_2/CO[7]
                         net (fo=1, routed)           0.026     0.839    magnitude_q_reg[1][8][mag][8]_i_2_n_0
    SLICE_X156Y45        CARRY8 (Prop_CARRY8_SLICEM_CI_O[0])
                                                      0.056     0.895 f  magnitude_q_reg[1][8][mag][16]_i_2/O[0]
                         net (fo=1, routed)           0.190     1.085    core/magnitude_q_reg[1][8][mag][16]_0[0]
    SLICE_X155Y46        LUT3 (Prop_C5LUT_SLICEL_I0_O)
                                                      0.158     1.243 f  core/magnitude_q[1][8][mag][9]_i_1/O
                         net (fo=5, routed)           0.357     1.600    core/magnitude_q[1][8][mag][9]_i_1_n_0
    SLICE_X157Y45        LUT4 (Prop_C6LUT_SLICEM_I0_O)
                                                      0.145     1.745 f  core/magnitude_q[1][8][lead][2]_i_6/O
                         net (fo=1, routed)           0.071     1.816    core/magnitude_q[1][8][lead][2]_i_6_n_0
    SLICE_X157Y45        LUT6 (Prop_G6LUT_SLICEM_I5_O)
                                                      0.150     1.966 r  core/magnitude_q[1][8][lead][2]_i_4/O
                         net (fo=1, routed)           0.138     2.104    core/magnitude_q[1][8][lead][2]_i_4_n_0
    SLICE_X158Y47        LUT6 (Prop_G6LUT_SLICEL_I5_O)
                                                      0.050     2.154 r  core/magnitude_q[1][8][lead][2]_i_2/O
                         net (fo=1, routed)           0.053     2.207    core/magnitude_q[1][8][lead][2]_i_2_n_0
    SLICE_X158Y47        LUT5 (Prop_C5LUT_SLICEL_I2_O)
                                                      0.136     2.343 r  core/magnitude_q[1][8][lead][2]_i_1/O
                         net (fo=1, routed)           0.371     2.714    core/magnitude_q[1][8][lead][2]_i_1_n_0
    SLICE_X158Y47        FDRE                                         r  core/magnitude_q_reg[1][8][lead][2]/D
  -------------------------------------------------------------------    -------------------

                         (clock core_clk rise edge)
                                                      4.000     4.000 r  
                                                      0.000     4.000 r  clk (IN)
                         net (fo=28818, unset)        0.020     4.020    core/clk
    SLICE_X158Y47        FDRE                                         r  core/magnitude_q_reg[1][8][lead][2]/C
                         clock pessimism              0.000     4.020    
                         clock uncertainty           -0.035     3.985    
    SLICE_X158Y47        FDRE (Setup_EFF_SLICEL_C_D)
                                                      0.025     4.010    core/magnitude_q_reg[1][8][lead][2]
  -------------------------------------------------------------------
                         required time                          4.010    
                         arrival time                          -2.714    
  -------------------------------------------------------------------
                         slack                                  1.295    





