Copyright 1986-2022 Xilinx, Inc. All Rights Reserved.
---------------------------------------------------------------------------------------------------------------------------------------
| Tool Version      : Vivado v.2022.2 (win64) Build 3671981 Fri Oct 14 05:00:03 MDT 2022
| Date              : Wed Sep 30 18:13:12 2026
| Host              : FLY running 64-bit major release  (build 9200)
| Command           : report_timing -to [get_cells -quiet -hier -filter {NAME =~ *lane/result_value_reg*}] -max_paths 1 -return_string
| Design            : DEQACC_3_3ns_timing_shell
| Device            : xcu50-fsvh2104
| Speed File        : -2  PRODUCTION 1.30 05-01-2022
| Temperature Grade : E
---------------------------------------------------------------------------------------------------------------------------------------

Timing Report

Slack (MET) :             1.291ns  (required time - arrival time)
  Source:                 core/genblk1[0].lanes[0].lane/norm_q_reg[norm][sum_norm][2]/C
                            (rising edge-triggered cell FDRE clocked by core_clk  {rise@0.000ns fall@2.000ns period=4.000ns})
  Destination:            core/genblk1[0].lanes[0].lane/result_value_reg[7]/D
                            (rising edge-triggered cell FDRE clocked by core_clk  {rise@0.000ns fall@2.000ns period=4.000ns})
  Path Group:             core_clk
  Path Type:              Setup (Max at Slow Process Corner)
  Requirement:            4.000ns  (core_clk rise@4.000ns - core_clk rise@0.000ns)
  Data Path Delay:        2.691ns  (logic 0.726ns (26.982%)  route 1.965ns (73.018%))
  Logic Levels:           8  (CARRY8=4 LUT4=1 LUT6=3)
  Clock Path Skew:        -0.008ns (DCD - SCD + CPR)
    Destination Clock Delay (DCD):    0.021ns = ( 4.021 - 4.000 ) 
    Source Clock Delay      (SCD):    0.029ns
    Clock Pessimism Removal (CPR):    0.000ns
  Clock Uncertainty:      0.035ns  ((TSJ^2 + TIJ^2)^1/2 + DJ) / 2 + PE
    Total System Jitter     (TSJ):    0.071ns
    Total Input Jitter      (TIJ):    0.000ns
    Discrete Jitter          (DJ):    0.000ns
    Phase Error              (PE):    0.000ns

    Location             Delay type                Incr(ns)  Path(ns)    Netlist Resource(s)
  -------------------------------------------------------------------    -------------------
                         (clock core_clk rise edge)
                                                      0.000     0.000 r  
                                                      0.000     0.000 r  clk (IN)
                         net (fo=28818, unset)        0.029     0.029    core/genblk1[0].lanes[0].lane/clk
    SLICE_X193Y54        FDRE                                         r  core/genblk1[0].lanes[0].lane/norm_q_reg[norm][sum_norm][2]/C
  -------------------------------------------------------------------    -------------------
    SLICE_X193Y54        FDRE (Prop_HFF_SLICEL_C_Q)
                                                      0.079     0.108 r  core/genblk1[0].lanes[0].lane/norm_q_reg[norm][sum_norm][2]/Q
                         net (fo=1, routed)           0.197     0.305    core/genblk1[0].lanes[0].lane/norm_q_reg[norm][sum_norm_n_0_][2]
    SLICE_X192Y56        LUT4 (Prop_A6LUT_SLICEM_I3_O)
                                                      0.150     0.455 r  core/genblk1[0].lanes[0].lane/result_value[7]_i_4/O
                         net (fo=1, routed)           0.013     0.468    core/genblk1[0].lanes[0].lane/result_value[7]_i_4_n_0
    SLICE_X192Y56        CARRY8 (Prop_CARRY8_SLICEM_S[0]_CO[7])
                                                      0.192     0.660 r  core/genblk1[0].lanes[0].lane/result_value_reg[7]_i_3/CO[7]
                         net (fo=1, routed)           0.026     0.686    core/genblk1[0].lanes[0].lane/result_value_reg[7]_i_3_n_0
    SLICE_X192Y57        CARRY8 (Prop_CARRY8_SLICEM_CI_CO[7])
                                                      0.015     0.701 r  core/genblk1[0].lanes[0].lane/result_value_reg[15]_i_3/CO[7]
                         net (fo=1, routed)           0.026     0.727    core/genblk1[0].lanes[0].lane/result_value_reg[15]_i_3_n_0
    SLICE_X192Y58        CARRY8 (Prop_CARRY8_SLICEM_CI_CO[7])
                                                      0.015     0.742 r  core/genblk1[0].lanes[0].lane/result_value_reg[22]_i_3/CO[7]
                         net (fo=1, routed)           0.026     0.768    core/genblk1[0].lanes[0].lane/result_value_reg[22]_i_3_n_0
    SLICE_X192Y59        CARRY8 (Prop_CARRY8_SLICEM_CI_CO[0])
                                                      0.052     0.820 r  core/genblk1[0].lanes[0].lane/result_value_reg[26]_i_3/CO[0]
                         net (fo=33, routed)          0.747     1.567    core/genblk1[0].lanes[0].lane/p_0_in__1
    SLICE_X183Y52        LUT6 (Prop_G6LUT_SLICEL_I1_O)
                                                      0.035     1.602 r  core/genblk1[0].lanes[0].lane/result_value[20]_i_4/O
                         net (fo=1, routed)           0.043     1.645    core/genblk1[0].lanes[0].lane/result_value[20]_i_4_n_0
    SLICE_X183Y52        LUT6 (Prop_H6LUT_SLICEL_I3_O)
                                                      0.099     1.744 f  core/genblk1[0].lanes[0].lane/result_value[20]_i_3/O
                         net (fo=30, routed)          0.828     2.572    core/genblk1[0].lanes[0].lane/result_value[20]_i_3_n_0
    SLICE_X191Y58        LUT6 (Prop_B6LUT_SLICEM_I5_O)
                                                      0.089     2.661 r  core/genblk1[0].lanes[0].lane/result_value[7]_i_1/O
                         net (fo=1, routed)           0.059     2.720    core/genblk1[0].lanes[0].lane/result_value[7]_i_1_n_0
    SLICE_X191Y58        FDRE                                         r  core/genblk1[0].lanes[0].lane/result_value_reg[7]/D
  -------------------------------------------------------------------    -------------------

                         (clock core_clk rise edge)
                                                      4.000     4.000 r  
                                                      0.000     4.000 r  clk (IN)
                         net (fo=28818, unset)        0.021     4.021    core/genblk1[0].lanes[0].lane/clk
    SLICE_X191Y58        FDRE                                         r  core/genblk1[0].lanes[0].lane/result_value_reg[7]/C
                         clock pessimism              0.000     4.021    
                         clock uncertainty           -0.035     3.986    
    SLICE_X191Y58        FDRE (Setup_BFF_SLICEM_C_D)
                                                      0.025     4.011    core/genblk1[0].lanes[0].lane/result_value_reg[7]
  -------------------------------------------------------------------
                         required time                          4.011    
                         arrival time                          -2.720    
  -------------------------------------------------------------------
                         slack                                  1.291    





