Copyright 1986-2022 Xilinx, Inc. All Rights Reserved.
------------------------------------------------------------------------------------------------------------------------
| Tool Version      : Vivado v.2022.2 (win64) Build 3671981 Fri Oct 14 05:00:03 MDT 2022
| Date              : Wed Sep 30 18:13:12 2026
| Host              : FLY running 64-bit major release  (build 9200)
| Command           : report_timing -to [get_cells -quiet -hier -filter {NAME =~ *s2_reg*}] -max_paths 1 -return_string
| Design            : DEQACC_3_3ns_timing_shell
| Device            : xcu50-fsvh2104
| Speed File        : -2  PRODUCTION 1.30 05-01-2022
| Temperature Grade : E
------------------------------------------------------------------------------------------------------------------------

Timing Report

Slack (MET) :             0.572ns  (required time - arrival time)
  Source:                 core/acc_store/banks[2].parity[1].ram/initialized_q_reg/C
                            (rising edge-triggered cell FDRE clocked by core_clk  {rise@0.000ns fall@2.000ns period=4.000ns})
  Destination:            core/s2_reg[1][12][old_value][30]/R
                            (rising edge-triggered cell FDRE clocked by core_clk  {rise@0.000ns fall@2.000ns period=4.000ns})
  Path Group:             core_clk
  Path Type:              Setup (Max at Slow Process Corner)
  Requirement:            4.000ns  (core_clk rise@4.000ns - core_clk rise@0.000ns)
  Data Path Delay:        3.308ns  (logic 0.248ns (7.496%)  route 3.060ns (92.504%))
  Logic Levels:           2  (LUT2=1 LUT5=1)
  Clock Path Skew:        -0.010ns (DCD - SCD + CPR)
    Destination Clock Delay (DCD):    0.020ns = ( 4.020 - 4.000 ) 
    Source Clock Delay      (SCD):    0.030ns
    Clock Pessimism Removal (CPR):    0.000ns
  Clock Uncertainty:      0.035ns  ((TSJ^2 + TIJ^2)^1/2 + DJ) / 2 + PE
    Total System Jitter     (TSJ):    0.071ns
    Total Input Jitter      (TIJ):    0.000ns
    Discrete Jitter          (DJ):    0.000ns
    Phase Error              (PE):    0.000ns

    Location             Delay type                Incr(ns)  Path(ns)    Netlist Resource(s)
  -------------------------------------------------------------------    -------------------
                         (clock core_clk rise edge)
                                                      0.000     0.000 r  
                                                      0.000     0.000 r  clk (IN)
                         net (fo=28818, unset)        0.030     0.030    core/acc_store/banks[2].parity[1].ram/clk
    SLICE_X154Y87        FDRE                                         r  core/acc_store/banks[2].parity[1].ram/initialized_q_reg/C
  -------------------------------------------------------------------    -------------------
    SLICE_X154Y87        FDRE (Prop_HFF2_SLICEM_C_Q)
                                                      0.078     0.108 f  core/acc_store/banks[2].parity[1].ram/initialized_q_reg/Q
                         net (fo=514, routed)         1.186     1.294    core/acc_store/banks[2].parity[1].ram/bank_word_valid[2][1]_43
    SLICE_X139Y54        LUT5 (Prop_G6LUT_SLICEM_I0_O)
                                                      0.037     1.331 f  core/acc_store/banks[2].parity[1].ram/s2[1][6][old_value][31]_i_2/O
                         net (fo=66, routed)          0.528     1.860    core/acc_store/banks[2].parity[1].ram/word_valid[1]
    SLICE_X134Y33        LUT2 (Prop_D5LUT_SLICEL_I1_O)
                                                      0.133     1.993 r  core/acc_store/banks[2].parity[1].ram/s2[1][8][old_value][31]_i_1/O
                         net (fo=416, routed)         1.346     3.338    core/acc_store_n_194
    SLICE_X148Y70        FDRE                                         r  core/s2_reg[1][12][old_value][30]/R
  -------------------------------------------------------------------    -------------------

                         (clock core_clk rise edge)
                                                      4.000     4.000 r  
                                                      0.000     4.000 r  clk (IN)
                         net (fo=28818, unset)        0.020     4.020    core/clk
    SLICE_X148Y70        FDRE                                         r  core/s2_reg[1][12][old_value][30]/C
                         clock pessimism              0.000     4.020    
                         clock uncertainty           -0.035     3.985    
    SLICE_X148Y70        FDRE (Setup_DFF_SLICEL_C_R)
                                                     -0.074     3.911    core/s2_reg[1][12][old_value][30]
  -------------------------------------------------------------------
                         required time                          3.911    
                         arrival time                          -3.338    
  -------------------------------------------------------------------
                         slack                                  0.572    





