Copyright 1986-2022 Xilinx, Inc. All Rights Reserved.
--------------------------------------------------------------------------------------------------------------------------------------------
| Tool Version : Vivado v.2022.2 (win64) Build 3671981 Fri Oct 14 05:00:03 MDT 2022
| Date         : Wed Sep 30 18:13:14 2026
| Host         : FLY running 64-bit major release  (build 9200)
| Command      : report_utilization -hierarchical -file C:/Users/fly04/Desktop/VLA/PCore_2.0/v3/reports/DEQACC_3.3ns/routed_utilization.rpt
| Design       : DEQACC_3_3ns_timing_shell
| Device       : xcu50-fsvh2104-2-e
| Speed File   : -2
| Design State : Routed
--------------------------------------------------------------------------------------------------------------------------------------------

Utilization Design Information

Table of Contents
-----------------
1. Utilization by Hierarchy

1. Utilization by Hierarchy
---------------------------

+-------------------------------+------------------------------------+------------+------------+---------+------+-------+--------+--------+------+------------+
|            Instance           |               Module               | Total LUTs | Logic LUTs | LUTRAMs | SRLs |  FFs  | RAMB36 | RAMB18 | URAM | DSP Blocks |
+-------------------------------+------------------------------------+------------+------------+---------+------+-------+--------+--------+------+------------+
| DEQACC_3_3ns_timing_shell     |                              (top) |      33812 |      31105 |    1184 | 1523 | 23872 |     14 |      2 |    0 |          0 |
|   (DEQACC_3_3ns_timing_shell) |                              (top) |        288 |        288 |       0 |    0 |  3320 |      0 |      0 |    0 |          0 |
|   core                        |                       DEQACC_3_3ns |      33532 |      30825 |    1184 | 1523 | 20552 |     14 |      2 |    0 |          0 |
|     (core)                    |                       DEQACC_3_3ns |      12016 |      11901 |       0 |  115 |  6071 |      0 |      0 |    0 |          0 |
|     acc_store                 |                  dea8_acc_store_v3 |       7289 |       6105 |    1184 |    0 |  2993 |     14 |      2 |    0 |          0 |
|       (acc_store)             |                  dea8_acc_store_v3 |          1 |          1 |       0 |    0 |    21 |      0 |      0 |    0 |          0 |
|       banks[0].parity[0].ram  |                   dea8_acc_bank_v3 |        617 |        321 |     296 |    0 |   539 |      0 |      0 |    0 |          0 |
|       banks[0].parity[1].ram  |   dea8_acc_bank_v3__parameterized0 |        624 |        328 |     296 |    0 |   538 |      0 |      0 |    0 |          0 |
|       banks[1].parity[0].ram  |                 dea8_acc_bank_v3_0 |       1125 |        829 |     296 |    0 |   539 |      0 |      0 |    0 |          0 |
|       banks[1].parity[1].ram  | dea8_acc_bank_v3__parameterized0_1 |       1137 |        841 |     296 |    0 |   538 |      0 |      0 |    0 |          0 |
|       banks[2].parity[0].ram  |   dea8_acc_bank_v3__parameterized1 |       1945 |       1945 |       0 |    0 |   417 |      7 |      1 |    0 |          0 |
|       banks[2].parity[1].ram  |   dea8_acc_bank_v3__parameterized2 |       1875 |       1875 |       0 |    0 |   401 |      7 |      1 |    0 |          0 |
|     genblk1[0].lanes[0].lane  |              DEQACC_3_3ns_lane__19 |        445 |        401 |       0 |   44 |   359 |      0 |      0 |    0 |          0 |
|     genblk1[0].lanes[10].lane |              DEQACC_3_3ns_lane__23 |        445 |        401 |       0 |   44 |   359 |      0 |      0 |    0 |          0 |
|     genblk1[0].lanes[11].lane |              DEQACC_3_3ns_lane__22 |        445 |        401 |       0 |   44 |   359 |      0 |      0 |    0 |          0 |
|     genblk1[0].lanes[12].lane |              DEQACC_3_3ns_lane__21 |        445 |        401 |       0 |   44 |   359 |      0 |      0 |    0 |          0 |
|     genblk1[0].lanes[13].lane |              DEQACC_3_3ns_lane__30 |        445 |        401 |       0 |   44 |   359 |      0 |      0 |    0 |          0 |
|     genblk1[0].lanes[14].lane |              DEQACC_3_3ns_lane__29 |        445 |        401 |       0 |   44 |   359 |      0 |      0 |    0 |          0 |
|     genblk1[0].lanes[15].lane |              DEQACC_3_3ns_lane__31 |        445 |        401 |       0 |   44 |   359 |      0 |      0 |    0 |          0 |
|     genblk1[0].lanes[1].lane  |              DEQACC_3_3ns_lane__18 |        445 |        401 |       0 |   44 |   359 |      0 |      0 |    0 |          0 |
|     genblk1[0].lanes[2].lane  |                  DEQACC_3_3ns_lane |        444 |        400 |       0 |   44 |   359 |      0 |      0 |    0 |          0 |
|     genblk1[0].lanes[3].lane  |              DEQACC_3_3ns_lane__17 |        445 |        401 |       0 |   44 |   359 |      0 |      0 |    0 |          0 |
|     genblk1[0].lanes[4].lane  |              DEQACC_3_3ns_lane__24 |        445 |        401 |       0 |   44 |   359 |      0 |      0 |    0 |          0 |
|     genblk1[0].lanes[5].lane  |              DEQACC_3_3ns_lane__16 |        445 |        401 |       0 |   44 |   359 |      0 |      0 |    0 |          0 |
|     genblk1[0].lanes[6].lane  |              DEQACC_3_3ns_lane__15 |        445 |        401 |       0 |   44 |   359 |      0 |      0 |    0 |          0 |
|     genblk1[0].lanes[7].lane  |              DEQACC_3_3ns_lane__14 |        445 |        401 |       0 |   44 |   359 |      0 |      0 |    0 |          0 |
|     genblk1[0].lanes[8].lane  |              DEQACC_3_3ns_lane__25 |        445 |        401 |       0 |   44 |   359 |      0 |      0 |    0 |          0 |
|     genblk1[0].lanes[9].lane  |              DEQACC_3_3ns_lane__13 |        445 |        401 |       0 |   44 |   359 |      0 |      0 |    0 |          0 |
|     genblk1[1].lanes[0].lane  |              DEQACC_3_3ns_lane__20 |        445 |        401 |       0 |   44 |   359 |      0 |      0 |    0 |          0 |
|     genblk1[1].lanes[10].lane |              DEQACC_3_3ns_lane__10 |        445 |        401 |       0 |   44 |   359 |      0 |      0 |    0 |          0 |
|     genblk1[1].lanes[11].lane |               DEQACC_3_3ns_lane__3 |        445 |        401 |       0 |   44 |   359 |      0 |      0 |    0 |          0 |
|     genblk1[1].lanes[12].lane |               DEQACC_3_3ns_lane__2 |        445 |        401 |       0 |   44 |   359 |      0 |      0 |    0 |          0 |
|     genblk1[1].lanes[13].lane |               DEQACC_3_3ns_lane__7 |        445 |        401 |       0 |   44 |   359 |      0 |      0 |    0 |          0 |
|     genblk1[1].lanes[14].lane |               DEQACC_3_3ns_lane__6 |        445 |        401 |       0 |   44 |   359 |      0 |      0 |    0 |          0 |
|     genblk1[1].lanes[15].lane |              DEQACC_3_3ns_lane__27 |        445 |        401 |       0 |   44 |   359 |      0 |      0 |    0 |          0 |
|     genblk1[1].lanes[1].lane  |               DEQACC_3_3ns_lane__5 |        445 |        401 |       0 |   44 |   359 |      0 |      0 |    0 |          0 |
|     genblk1[1].lanes[2].lane  |              DEQACC_3_3ns_lane__12 |        445 |        401 |       0 |   44 |   359 |      0 |      0 |    0 |          0 |
|     genblk1[1].lanes[3].lane  |              DEQACC_3_3ns_lane__11 |        445 |        401 |       0 |   44 |   359 |      0 |      0 |    0 |          0 |
|     genblk1[1].lanes[4].lane  |              DEQACC_3_3ns_lane__28 |        445 |        401 |       0 |   44 |   359 |      0 |      0 |    0 |          0 |
|     genblk1[1].lanes[5].lane  |              DEQACC_3_3ns_lane__26 |        446 |        402 |       0 |   44 |   359 |      0 |      0 |    0 |          0 |
|     genblk1[1].lanes[6].lane  |               DEQACC_3_3ns_lane__1 |        445 |        401 |       0 |   44 |   359 |      0 |      0 |    0 |          0 |
|     genblk1[1].lanes[7].lane  |               DEQACC_3_3ns_lane__9 |        445 |        401 |       0 |   44 |   359 |      0 |      0 |    0 |          0 |
|     genblk1[1].lanes[8].lane  |               DEQACC_3_3ns_lane__4 |        445 |        401 |       0 |   44 |   359 |      0 |      0 |    0 |          0 |
|     genblk1[1].lanes[9].lane  |               DEQACC_3_3ns_lane__8 |        445 |        401 |       0 |   44 |   359 |      0 |      0 |    0 |          0 |
+-------------------------------+------------------------------------+------------+------------+---------+------+-------+--------+--------+------+------------+
* Note: The sum of lower-level cells may be larger than their parent cells total, due to cross-hierarchy LUT combining


