Copyright 1986-2022 Xilinx, Inc. All Rights Reserved.
-------------------------------------------------------------------------------------------------------------------------------------------
| Tool Version : Vivado v.2022.2 (win64) Build 3671981 Fri Oct 14 05:00:03 MDT 2022
| Date         : Wed Sep 30 18:08:00 2026
| Host         : FLY running 64-bit major release  (build 9200)
| Command      : report_utilization -hierarchical -file C:/Users/fly04/Desktop/VLA/PCore_2.0/v3/reports/DEQACC_3.3ns/synth_utilization.rpt
| Design       : DEQACC_3_3ns_timing_shell
| Device       : xcu50-fsvh2104-2-e
| Speed File   : -2
| Design State : Synthesized
-------------------------------------------------------------------------------------------------------------------------------------------

Utilization Design Information

Table of Contents
-----------------
1. Utilization by Hierarchy

1. Utilization by Hierarchy
---------------------------

+-------------------------------+------------------------------------+------------+------------+---------+------+-------+--------+--------+------+------------+
|            Instance           |               Module               | Total LUTs | Logic LUTs | LUTRAMs | SRLs |  FFs  | RAMB36 | RAMB18 | URAM | DSP Blocks |
+-------------------------------+------------------------------------+------------+------------+---------+------+-------+--------+--------+------+------------+
| DEQACC_3_3ns_timing_shell     |                              (top) |      35259 |      31528 |    1184 | 2547 | 24064 |     14 |      2 |    0 |          0 |
|   (DEQACC_3_3ns_timing_shell) |                              (top) |        288 |        288 |       0 |    0 |  3320 |      0 |      0 |    0 |          0 |
|   core                        |                       DEQACC_3_3ns |      34971 |      31240 |    1184 | 2547 | 20744 |     14 |      2 |    0 |          0 |
|     (core)                    |                       DEQACC_3_3ns |      12189 |      12074 |       0 |  115 |  6071 |      0 |      0 |    0 |          0 |
|     acc_store                 |                  dea8_acc_store_v3 |       7359 |       6175 |    1184 |    0 |  2993 |     14 |      2 |    0 |          0 |
|       (acc_store)             |                  dea8_acc_store_v3 |          1 |          1 |       0 |    0 |    21 |      0 |      0 |    0 |          0 |
|       banks[0].parity[0].ram  |                   dea8_acc_bank_v3 |        623 |        327 |     296 |    0 |   539 |      0 |      0 |    0 |          0 |
|       banks[0].parity[1].ram  |   dea8_acc_bank_v3__parameterized0 |        627 |        331 |     296 |    0 |   538 |      0 |      0 |    0 |          0 |
|       banks[1].parity[0].ram  |                 dea8_acc_bank_v3_0 |       1131 |        835 |     296 |    0 |   539 |      0 |      0 |    0 |          0 |
|       banks[1].parity[1].ram  | dea8_acc_bank_v3__parameterized0_1 |       1140 |        844 |     296 |    0 |   538 |      0 |      0 |    0 |          0 |
|       banks[2].parity[0].ram  |   dea8_acc_bank_v3__parameterized1 |       1955 |       1955 |       0 |    0 |   417 |      7 |      1 |    0 |          0 |
|       banks[2].parity[1].ram  |   dea8_acc_bank_v3__parameterized2 |       1882 |       1882 |       0 |    0 |   401 |      7 |      1 |    0 |          0 |
|     genblk1[0].lanes[0].lane  |              DEQACC_3_3ns_lane__19 |        482 |        406 |       0 |   76 |   365 |      0 |      0 |    0 |          0 |
|     genblk1[0].lanes[10].lane |              DEQACC_3_3ns_lane__23 |        482 |        406 |       0 |   76 |   365 |      0 |      0 |    0 |          0 |
|     genblk1[0].lanes[11].lane |              DEQACC_3_3ns_lane__22 |        482 |        406 |       0 |   76 |   365 |      0 |      0 |    0 |          0 |
|     genblk1[0].lanes[12].lane |              DEQACC_3_3ns_lane__21 |        482 |        406 |       0 |   76 |   365 |      0 |      0 |    0 |          0 |
|     genblk1[0].lanes[13].lane |              DEQACC_3_3ns_lane__30 |        482 |        406 |       0 |   76 |   365 |      0 |      0 |    0 |          0 |
|     genblk1[0].lanes[14].lane |              DEQACC_3_3ns_lane__29 |        482 |        406 |       0 |   76 |   365 |      0 |      0 |    0 |          0 |
|     genblk1[0].lanes[15].lane |              DEQACC_3_3ns_lane__31 |        482 |        406 |       0 |   76 |   365 |      0 |      0 |    0 |          0 |
|     genblk1[0].lanes[1].lane  |              DEQACC_3_3ns_lane__18 |        482 |        406 |       0 |   76 |   365 |      0 |      0 |    0 |          0 |
|     genblk1[0].lanes[2].lane  |                  DEQACC_3_3ns_lane |        481 |        405 |       0 |   76 |   365 |      0 |      0 |    0 |          0 |
|     genblk1[0].lanes[3].lane  |              DEQACC_3_3ns_lane__17 |        482 |        406 |       0 |   76 |   365 |      0 |      0 |    0 |          0 |
|     genblk1[0].lanes[4].lane  |              DEQACC_3_3ns_lane__24 |        482 |        406 |       0 |   76 |   365 |      0 |      0 |    0 |          0 |
|     genblk1[0].lanes[5].lane  |              DEQACC_3_3ns_lane__16 |        482 |        406 |       0 |   76 |   365 |      0 |      0 |    0 |          0 |
|     genblk1[0].lanes[6].lane  |              DEQACC_3_3ns_lane__15 |        482 |        406 |       0 |   76 |   365 |      0 |      0 |    0 |          0 |
|     genblk1[0].lanes[7].lane  |              DEQACC_3_3ns_lane__14 |        482 |        406 |       0 |   76 |   365 |      0 |      0 |    0 |          0 |
|     genblk1[0].lanes[8].lane  |              DEQACC_3_3ns_lane__25 |        482 |        406 |       0 |   76 |   365 |      0 |      0 |    0 |          0 |
|     genblk1[0].lanes[9].lane  |              DEQACC_3_3ns_lane__13 |        482 |        406 |       0 |   76 |   365 |      0 |      0 |    0 |          0 |
|     genblk1[1].lanes[0].lane  |              DEQACC_3_3ns_lane__20 |        482 |        406 |       0 |   76 |   365 |      0 |      0 |    0 |          0 |
|     genblk1[1].lanes[10].lane |              DEQACC_3_3ns_lane__10 |        482 |        406 |       0 |   76 |   365 |      0 |      0 |    0 |          0 |
|     genblk1[1].lanes[11].lane |               DEQACC_3_3ns_lane__3 |        482 |        406 |       0 |   76 |   365 |      0 |      0 |    0 |          0 |
|     genblk1[1].lanes[12].lane |               DEQACC_3_3ns_lane__2 |        482 |        406 |       0 |   76 |   365 |      0 |      0 |    0 |          0 |
|     genblk1[1].lanes[13].lane |               DEQACC_3_3ns_lane__7 |        482 |        406 |       0 |   76 |   365 |      0 |      0 |    0 |          0 |
|     genblk1[1].lanes[14].lane |               DEQACC_3_3ns_lane__6 |        482 |        406 |       0 |   76 |   365 |      0 |      0 |    0 |          0 |
|     genblk1[1].lanes[15].lane |              DEQACC_3_3ns_lane__27 |        482 |        406 |       0 |   76 |   365 |      0 |      0 |    0 |          0 |
|     genblk1[1].lanes[1].lane  |               DEQACC_3_3ns_lane__5 |        482 |        406 |       0 |   76 |   365 |      0 |      0 |    0 |          0 |
|     genblk1[1].lanes[2].lane  |              DEQACC_3_3ns_lane__12 |        482 |        406 |       0 |   76 |   365 |      0 |      0 |    0 |          0 |
|     genblk1[1].lanes[3].lane  |              DEQACC_3_3ns_lane__11 |        482 |        406 |       0 |   76 |   365 |      0 |      0 |    0 |          0 |
|     genblk1[1].lanes[4].lane  |              DEQACC_3_3ns_lane__28 |        482 |        406 |       0 |   76 |   365 |      0 |      0 |    0 |          0 |
|     genblk1[1].lanes[5].lane  |              DEQACC_3_3ns_lane__26 |        482 |        406 |       0 |   76 |   365 |      0 |      0 |    0 |          0 |
|     genblk1[1].lanes[6].lane  |               DEQACC_3_3ns_lane__1 |        482 |        406 |       0 |   76 |   365 |      0 |      0 |    0 |          0 |
|     genblk1[1].lanes[7].lane  |               DEQACC_3_3ns_lane__9 |        482 |        406 |       0 |   76 |   365 |      0 |      0 |    0 |          0 |
|     genblk1[1].lanes[8].lane  |               DEQACC_3_3ns_lane__4 |        482 |        406 |       0 |   76 |   365 |      0 |      0 |    0 |          0 |
|     genblk1[1].lanes[9].lane  |               DEQACC_3_3ns_lane__8 |        482 |        406 |       0 |   76 |   365 |      0 |      0 |    0 |          0 |
+-------------------------------+------------------------------------+------------+------------+---------+------+-------+--------+--------+------+------------+


