Copyright 1986-2022 Xilinx, Inc. All Rights Reserved.
------------------------------------------------------------------------------------------------------------------------
| Tool Version      : Vivado v.2022.2 (win64) Build 3671981 Fri Oct 14 05:00:03 MDT 2022
| Date              : Wed Sep 30 18:07:57 2026
| Host              : FLY running 64-bit major release  (build 9200)
| Command           : report_timing -to [get_cells -quiet -hier -filter {NAME =~ *s1_reg*}] -max_paths 1 -return_string
| Design            : DEQACC_3_3ns_timing_shell
| Device            : xcu50-fsvh2104
| Speed File        : -2  PRODUCTION 1.30 05-01-2022
| Temperature Grade : E
------------------------------------------------------------------------------------------------------------------------

Timing Report

Slack (MET) :             1.501ns  (required time - arrival time)
  Source:                 core/s0_reg[1][11][exponent][1]/C
                            (rising edge-triggered cell FDRE clocked by core_clk  {rise@0.000ns fall@2.000ns period=4.000ns})
  Destination:            core/s1_reg[1][11][increment]/D
                            (rising edge-triggered cell FDRE clocked by core_clk  {rise@0.000ns fall@2.000ns period=4.000ns})
  Path Group:             core_clk
  Path Type:              Setup (Max at Slow Process Corner)
  Requirement:            4.000ns  (core_clk rise@4.000ns - core_clk rise@0.000ns)
  Data Path Delay:        2.480ns  (logic 0.816ns (32.903%)  route 1.664ns (67.097%))
  Logic Levels:           8  (CARRY8=1 LUT3=1 LUT4=1 LUT6=5)
  Clock Path Skew:        -0.009ns (DCD - SCD + CPR)
    Destination Clock Delay (DCD):    0.021ns = ( 4.021 - 4.000 ) 
    Source Clock Delay      (SCD):    0.030ns
    Clock Pessimism Removal (CPR):    0.000ns
  Clock Uncertainty:      0.035ns  ((TSJ^2 + TIJ^2)^1/2 + DJ) / 2 + PE
    Total System Jitter     (TSJ):    0.071ns
    Total Input Jitter      (TIJ):    0.000ns
    Discrete Jitter          (DJ):    0.000ns
    Phase Error              (PE):    0.000ns

    Location             Delay type                Incr(ns)  Path(ns)    Netlist Resource(s)
  -------------------------------------------------------------------    -------------------
                         (clock core_clk rise edge)
                                                      0.000     0.000 r  
                                                      0.000     0.000 r  clk (IN)
                         net (fo=29010, unset)        0.030     0.030    core/clk
                         FDRE                                         r  core/s0_reg[1][11][exponent][1]/C
  -------------------------------------------------------------------    -------------------
                         FDRE (Prop_FDRE_C_Q)         0.078     0.108 f  core/s0_reg[1][11][exponent][1]/Q
                         net (fo=34, unplaced)        0.215     0.323    core/s0_reg[1][11][exponent][1]
                         LUT6 (Prop_LUT6_I0_O)        0.150     0.473 f  core/s1[1][11][subnormal]_i_2/O
                         net (fo=12, unplaced)        0.222     0.695    core/s1[1][11][subnormal]_i_2_n_0
                         LUT4 (Prop_LUT4_I3_O)        0.070     0.765 r  core/s1[1][11][subnormal]_i_1/O
                         net (fo=29, unplaced)        0.242     1.007    core/pack_next[1][11][subnormal]
                         LUT3 (Prop_LUT3_I1_O)        0.070     1.077 r  core/s1[1][11][increment]_i_49/O
                         net (fo=1, unplaced)         0.242     1.319    core/s1[1][11][increment]_i_49_n_0
                         CARRY8 (Prop_CARRY8_DI[0]_CO[4])
                                                      0.184     1.503 r  core/s1_reg[1][11][increment]_i_20/CO[4]
                         net (fo=12, unplaced)        0.220     1.723    core/s1_reg[1][11][increment]_i_20_n_3
                         LUT6 (Prop_LUT6_I4_O)        0.038     1.761 r  core/s1[1][11][increment]_i_62/O
                         net (fo=1, unplaced)         0.105     1.866    core/s1[1][11][increment]_i_62_n_0
                         LUT6 (Prop_LUT6_I0_O)        0.150     2.016 f  core/s1[1][11][increment]_i_26/O
                         net (fo=1, unplaced)         0.185     2.201    core/s1[1][11][increment]_i_26_n_0
                         LUT6 (Prop_LUT6_I5_O)        0.038     2.239 r  core/s1[1][11][increment]_i_5/O
                         net (fo=1, unplaced)         0.185     2.424    core/s1[1][11][increment]_i_5_n_0
                         LUT6 (Prop_LUT6_I4_O)        0.038     2.462 r  core/s1[1][11][increment]_i_1/O
                         net (fo=1, unplaced)         0.048     2.510    core/pack_next[1][11][increment]
                         FDRE                                         r  core/s1_reg[1][11][increment]/D
  -------------------------------------------------------------------    -------------------

                         (clock core_clk rise edge)
                                                      4.000     4.000 r  
                                                      0.000     4.000 r  clk (IN)
                         net (fo=29010, unset)        0.021     4.021    core/clk
                         FDRE                                         r  core/s1_reg[1][11][increment]/C
                         clock pessimism              0.000     4.021    
                         clock uncertainty           -0.035     3.986    
                         FDRE (Setup_FDRE_C_D)        0.025     4.011    core/s1_reg[1][11][increment]
  -------------------------------------------------------------------
                         required time                          4.011    
                         arrival time                          -2.510    
  -------------------------------------------------------------------
                         slack                                  1.501    





