Copyright 1986-2022 Xilinx, Inc. All Rights Reserved.
---------------------------------------------------------------------------------------------------------------------------
| Tool Version : Vivado v.2022.2 (win64) Build 3671981 Fri Oct 14 05:00:03 MDT 2022
| Date         : Wed Sep 30 12:39:26 2026
| Host         : FLY running 64-bit major release  (build 9200)
| Command      : report_ram_utilization -file C:/Users/fly04/Desktop/VLA/PCore_2.0/v3/reports/ooc_dea8_deqacc32_v4/ram.rpt
| Design       : dea8_deqacc32_v4
| Device       : xcu50-fsvh2104-2-e
| Speed File   : -2
---------------------------------------------------------------------------------------------------------------------------

RAM Usage Information

Table of Contents
-----------------
1. Summary
2. Memory Description
3. Memory Utilization - Inferred
4. Memory Performance - Inferred
5. Block Ram / URAM Memory Power - Inferred

1. Summary
----------

+--------------------------+------------+-----------+-------+-----------+
| Memory Type              | Total Used | Available | Util% | Inferred% |
+--------------------------+------------+-----------+-------+-----------+
| URAM                     |          0 |       640 |  0.00 |      0.00 |
| BlockRAM                 |         15 |      1344 |  1.12 |    100.00 |
|  RAMB36E2                |         14 |           |       |    100.00 |
|  RAMB18E2                |          2 |           |       |    100.00 |
| LUTMs as Distributed RAM |       1184 |    403200 |  0.29 |    100.00 |
|  LUTMs as RAM32M16       |       1184 |           |       |    100.00 |
+--------------------------+------------+-----------+-------+-----------+
*  Each RAMB18 is calculated as 0.5 BlockRAM
**  Tables 2, 3, 4 and 5 cover RAMs inferred by Vivado Synthesis using XPMs or RTL inference
***  XRAMs are not reported for detailed tables


2. Memory Description
---------------------

+---------------------------------------------+------------+-------------+------------------------+------------------------+
| Memory Name                                 | Array Size | Memory Type | Port 1 Dimension / Map | Port 2 Dimension / Map |
+---------------------------------------------+------------+-------------+------------------------+------------------------+
| acc_store/banks[2].parity[0].ram/mem        |     212992 | RAM_SDP     | 512x512                | 512x512                |
|  acc_store/banks[2].parity[0].ram/mem_reg_0 |      36864 |             |  B:B:512x72            |  A:A:512x72            |
|  acc_store/banks[2].parity[0].ram/mem_reg_1 |      36864 |             |  B:B:512x72            |  A:A:512x72            |
|  acc_store/banks[2].parity[0].ram/mem_reg_2 |      36864 |             |  B:B:512x72            |  A:A:512x72            |
|  acc_store/banks[2].parity[0].ram/mem_reg_3 |      36864 |             |  B:B:512x72            |  A:A:512x72            |
|  acc_store/banks[2].parity[0].ram/mem_reg_4 |      36864 |             |  B:B:512x72            |  A:A:512x72            |
|  acc_store/banks[2].parity[0].ram/mem_reg_5 |      36864 |             |  B:B:512x72            |  A:A:512x72            |
|  acc_store/banks[2].parity[0].ram/mem_reg_6 |      36864 |             |  B:B:512x72            |  A:A:512x72            |
|  acc_store/banks[2].parity[0].ram/mem_reg_7 |       4096 |             |  B:B:512x8             |  A:A:512x8             |
| acc_store/banks[2].parity[1].ram/mem        |     204800 | RAM_SDP     | 512x512                | 512x512                |
|  acc_store/banks[2].parity[1].ram/mem_reg_0 |      36864 |             |  B:B:512x72            |  A:A:512x72            |
|  acc_store/banks[2].parity[1].ram/mem_reg_1 |      36864 |             |  B:B:512x72            |  A:A:512x72            |
|  acc_store/banks[2].parity[1].ram/mem_reg_2 |      36864 |             |  B:B:512x72            |  A:A:512x72            |
|  acc_store/banks[2].parity[1].ram/mem_reg_3 |      36864 |             |  B:B:512x72            |  A:A:512x72            |
|  acc_store/banks[2].parity[1].ram/mem_reg_4 |      36864 |             |  B:B:512x72            |  A:A:512x72            |
|  acc_store/banks[2].parity[1].ram/mem_reg_5 |      36864 |             |  B:B:512x72            |  A:A:512x72            |
|  acc_store/banks[2].parity[1].ram/mem_reg_6 |      36864 |             |  B:B:512x72            |  A:A:512x72            |
|  acc_store/banks[2].parity[1].ram/mem_reg_7 |       4096 |             |  B:B:512x8             |  A:A:512x8             |
+---------------------------------------------+------------+-------------+------------------------+------------------------+


3. Memory Utilization - Inferred
--------------------------------

+---------------------------------------------+-----------+----------------+-----------+-----------+---------+---------------+---------------+---------+---------------+---------------+---------+---------------+---------------+---------+---------------+---------------+
| Memory Name                                 | Primitive | Available Bits | Used Bits | Bit Util% | A Depth | A Depth Avail | A Depth Util% | A Width | A Width Avail | A Width Util% | B Depth | B Depth Avail | B Depth Util% | B Width | B Width Avail | B Width Util% |
+---------------------------------------------+-----------+----------------+-----------+-----------+---------+---------------+---------------+---------+---------------+---------------+---------+---------------+---------------+---------+---------------+---------------+
| acc_store/banks[2].parity[0].ram/mem        |           |                |           |           |         |               |               |         |               |               |         |               |               |         |               |               |
|  acc_store/banks[2].parity[0].ram/mem_reg_0 | RAMB36E2  |          36864 |     36864 |    100.00 |     512 |           512 |        100.00 |      72 |            72 |        100.00 |     512 |           512 |        100.00 |      72 |            72 |        100.00 |
|  acc_store/banks[2].parity[0].ram/mem_reg_1 | RAMB36E2  |          36864 |     36864 |    100.00 |     512 |           512 |        100.00 |      72 |            72 |        100.00 |     512 |           512 |        100.00 |      72 |            72 |        100.00 |
|  acc_store/banks[2].parity[0].ram/mem_reg_2 | RAMB36E2  |          36864 |     36864 |    100.00 |     512 |           512 |        100.00 |      72 |            72 |        100.00 |     512 |           512 |        100.00 |      72 |            72 |        100.00 |
|  acc_store/banks[2].parity[0].ram/mem_reg_3 | RAMB36E2  |          36864 |     36864 |    100.00 |     512 |           512 |        100.00 |      72 |            72 |        100.00 |     512 |           512 |        100.00 |      72 |            72 |        100.00 |
|  acc_store/banks[2].parity[0].ram/mem_reg_4 | RAMB36E2  |          36864 |     36864 |    100.00 |     512 |           512 |        100.00 |      72 |            72 |        100.00 |     512 |           512 |        100.00 |      72 |            72 |        100.00 |
|  acc_store/banks[2].parity[0].ram/mem_reg_5 | RAMB36E2  |          36864 |     36864 |    100.00 |     512 |           512 |        100.00 |      72 |            72 |        100.00 |     512 |           512 |        100.00 |      72 |            72 |        100.00 |
|  acc_store/banks[2].parity[0].ram/mem_reg_6 | RAMB36E2  |          36864 |     36864 |    100.00 |     512 |           512 |        100.00 |      72 |            72 |        100.00 |     512 |           512 |        100.00 |      72 |            72 |        100.00 |
|  acc_store/banks[2].parity[0].ram/mem_reg_7 | RAMB18E2  |          18432 |      4096 |     22.22 |     512 |           512 |        100.00 |       8 |            36 |         22.22 |     512 |           512 |        100.00 |       8 |            36 |         22.22 |
| acc_store/banks[2].parity[1].ram/mem        |           |                |           |           |         |               |               |         |               |               |         |               |               |         |               |               |
|  acc_store/banks[2].parity[1].ram/mem_reg_0 | RAMB36E2  |          36864 |     36864 |    100.00 |     512 |           512 |        100.00 |      72 |            72 |        100.00 |     512 |           512 |        100.00 |      72 |            72 |        100.00 |
|  acc_store/banks[2].parity[1].ram/mem_reg_1 | RAMB36E2  |          36864 |     36864 |    100.00 |     512 |           512 |        100.00 |      72 |            72 |        100.00 |     512 |           512 |        100.00 |      72 |            72 |        100.00 |
|  acc_store/banks[2].parity[1].ram/mem_reg_2 | RAMB36E2  |          36864 |     36864 |    100.00 |     512 |           512 |        100.00 |      72 |            72 |        100.00 |     512 |           512 |        100.00 |      72 |            72 |        100.00 |
|  acc_store/banks[2].parity[1].ram/mem_reg_3 | RAMB36E2  |          36864 |     36864 |    100.00 |     512 |           512 |        100.00 |      72 |            72 |        100.00 |     512 |           512 |        100.00 |      72 |            72 |        100.00 |
|  acc_store/banks[2].parity[1].ram/mem_reg_4 | RAMB36E2  |          36864 |     36864 |    100.00 |     512 |           512 |        100.00 |      72 |            72 |        100.00 |     512 |           512 |        100.00 |      72 |            72 |        100.00 |
|  acc_store/banks[2].parity[1].ram/mem_reg_5 | RAMB36E2  |          36864 |     36864 |    100.00 |     512 |           512 |        100.00 |      72 |            72 |        100.00 |     512 |           512 |        100.00 |      72 |            72 |        100.00 |
|  acc_store/banks[2].parity[1].ram/mem_reg_6 | RAMB36E2  |          36864 |     36864 |    100.00 |     512 |           512 |        100.00 |      72 |            72 |        100.00 |     512 |           512 |        100.00 |      72 |            72 |        100.00 |
|  acc_store/banks[2].parity[1].ram/mem_reg_7 | RAMB18E2  |          18432 |      4096 |     22.22 |     512 |           512 |        100.00 |       8 |            36 |         22.22 |     512 |           512 |        100.00 |       8 |            36 |         22.22 |
+---------------------------------------------+-----------+----------------+-----------+-----------+---------+---------------+---------------+---------+---------------+---------------+---------+---------------+---------------+---------+---------------+---------------+


4. Memory Performance - Inferred
--------------------------------

+---------------------------------------------+-----------+------------------------+------------------------+-------------+-------------------------+-------------+-------------------------+-----------+--------+--------+---------+-----------+--------+--------+---------+
| Memory Name                                 | Primitive | Port 1 Dimension / Map | Port 2 Dimension / Map | Port A Type | Port A Requirement (ns) | Port B Type | Port B Requirement (ns) | A Cascade | IREG_A | OREG_A | DOA_REG | B Cascade | IREG_B | OREG_B | DOB_REG |
+---------------------------------------------+-----------+------------------------+------------------------+-------------+-------------------------+-------------+-------------------------+-----------+--------+--------+---------+-----------+--------+--------+---------+
| acc_store/banks[2].parity[0].ram/mem        |           | 512x512                | 512x512                |             |                         |             |                         |           |        |        |         |           |        |        |         |
|  acc_store/banks[2].parity[0].ram/mem_reg_0 | RAMB36E2  |  B:B:512x72            |  A:A:512x72            |        Read |                     4.0 |       Write |                     4.0 |      NONE |        |        |       0 |      NONE |        |        |       0 |
|  acc_store/banks[2].parity[0].ram/mem_reg_1 | RAMB36E2  |  B:B:512x72            |  A:A:512x72            |        Read |                     4.0 |       Write |                     4.0 |      NONE |        |        |       0 |      NONE |        |        |       0 |
|  acc_store/banks[2].parity[0].ram/mem_reg_2 | RAMB36E2  |  B:B:512x72            |  A:A:512x72            |        Read |                     4.0 |       Write |                     4.0 |      NONE |        |        |       0 |      NONE |        |        |       0 |
|  acc_store/banks[2].parity[0].ram/mem_reg_3 | RAMB36E2  |  B:B:512x72            |  A:A:512x72            |        Read |                     4.0 |       Write |                     4.0 |      NONE |        |        |       0 |      NONE |        |        |       0 |
|  acc_store/banks[2].parity[0].ram/mem_reg_4 | RAMB36E2  |  B:B:512x72            |  A:A:512x72            |        Read |                     4.0 |       Write |                     4.0 |      NONE |        |        |       0 |      NONE |        |        |       0 |
|  acc_store/banks[2].parity[0].ram/mem_reg_5 | RAMB36E2  |  B:B:512x72            |  A:A:512x72            |        Read |                     4.0 |       Write |                     4.0 |      NONE |        |        |       0 |      NONE |        |        |       0 |
|  acc_store/banks[2].parity[0].ram/mem_reg_6 | RAMB36E2  |  B:B:512x72            |  A:A:512x72            |        Read |                     4.0 |       Write |                     4.0 |      NONE |        |        |       0 |      NONE |        |        |       0 |
|  acc_store/banks[2].parity[0].ram/mem_reg_7 | RAMB18E2  |  B:B:512x8             |  A:A:512x8             |        Read |                     4.0 |       Write |                     4.0 |      NONE |        |        |       0 |      NONE |        |        |       0 |
| acc_store/banks[2].parity[1].ram/mem        |           | 512x512                | 512x512                |             |                         |             |                         |           |        |        |         |           |        |        |         |
|  acc_store/banks[2].parity[1].ram/mem_reg_0 | RAMB36E2  |  B:B:512x72            |  A:A:512x72            |        Read |                     4.0 |       Write |                     4.0 |      NONE |        |        |       0 |      NONE |        |        |       0 |
|  acc_store/banks[2].parity[1].ram/mem_reg_1 | RAMB36E2  |  B:B:512x72            |  A:A:512x72            |        Read |                     4.0 |       Write |                     4.0 |      NONE |        |        |       0 |      NONE |        |        |       0 |
|  acc_store/banks[2].parity[1].ram/mem_reg_2 | RAMB36E2  |  B:B:512x72            |  A:A:512x72            |        Read |                     4.0 |       Write |                     4.0 |      NONE |        |        |       0 |      NONE |        |        |       0 |
|  acc_store/banks[2].parity[1].ram/mem_reg_3 | RAMB36E2  |  B:B:512x72            |  A:A:512x72            |        Read |                     4.0 |       Write |                     4.0 |      NONE |        |        |       0 |      NONE |        |        |       0 |
|  acc_store/banks[2].parity[1].ram/mem_reg_4 | RAMB36E2  |  B:B:512x72            |  A:A:512x72            |        Read |                     4.0 |       Write |                     4.0 |      NONE |        |        |       0 |      NONE |        |        |       0 |
|  acc_store/banks[2].parity[1].ram/mem_reg_5 | RAMB36E2  |  B:B:512x72            |  A:A:512x72            |        Read |                     4.0 |       Write |                     4.0 |      NONE |        |        |       0 |      NONE |        |        |       0 |
|  acc_store/banks[2].parity[1].ram/mem_reg_6 | RAMB36E2  |  B:B:512x72            |  A:A:512x72            |        Read |                     4.0 |       Write |                     4.0 |      NONE |        |        |       0 |      NONE |        |        |       0 |
|  acc_store/banks[2].parity[1].ram/mem_reg_7 | RAMB18E2  |  B:B:512x8             |  A:A:512x8             |        Read |                     4.0 |       Write |                     4.0 |      NONE |        |        |       0 |      NONE |        |        |       0 |
+---------------------------------------------+-----------+------------------------+------------------------+-------------+-------------------------+-------------+-------------------------+-----------+--------+--------+---------+-----------+--------+--------+---------+


5. Block Ram / URAM Memory Power - Inferred
-------------------------------------------

+---------------------------------------------+-----------+------------------------+------------------------+--------------------+---------------+-------------------+-----------+--------------------+---------------+-------------------+-----------+
| Memory Name                                 | Primitive | Port 1 Dimension / Map | Port 2 Dimension / Map | Port A Power Gated | Port A Enable | Port A WRITE_MODE | A Cascade | Port B Power Gated | Port B Enable | Port B WRITE_MODE | B Cascade |
+---------------------------------------------+-----------+------------------------+------------------------+--------------------+---------------+-------------------+-----------+--------------------+---------------+-------------------+-----------+
| acc_store/banks[2].parity[0].ram/mem        |           | 512x512                | 512x512                |                    |               |                   |           |                    |               |                   |           |
|  acc_store/banks[2].parity[0].ram/mem_reg_0 | RAMB36E2  |  B:B:512x72            |  A:A:512x72            |                    |        SIGNAL |        READ_FIRST |      NONE |                    |        SIGNAL |        READ_FIRST |      NONE |
|  acc_store/banks[2].parity[0].ram/mem_reg_1 | RAMB36E2  |  B:B:512x72            |  A:A:512x72            |                    |        SIGNAL |        READ_FIRST |      NONE |                    |        SIGNAL |        READ_FIRST |      NONE |
|  acc_store/banks[2].parity[0].ram/mem_reg_2 | RAMB36E2  |  B:B:512x72            |  A:A:512x72            |                    |        SIGNAL |        READ_FIRST |      NONE |                    |        SIGNAL |        READ_FIRST |      NONE |
|  acc_store/banks[2].parity[0].ram/mem_reg_3 | RAMB36E2  |  B:B:512x72            |  A:A:512x72            |                    |        SIGNAL |        READ_FIRST |      NONE |                    |        SIGNAL |        READ_FIRST |      NONE |
|  acc_store/banks[2].parity[0].ram/mem_reg_4 | RAMB36E2  |  B:B:512x72            |  A:A:512x72            |                    |        SIGNAL |        READ_FIRST |      NONE |                    |        SIGNAL |        READ_FIRST |      NONE |
|  acc_store/banks[2].parity[0].ram/mem_reg_5 | RAMB36E2  |  B:B:512x72            |  A:A:512x72            |                    |        SIGNAL |        READ_FIRST |      NONE |                    |        SIGNAL |        READ_FIRST |      NONE |
|  acc_store/banks[2].parity[0].ram/mem_reg_6 | RAMB36E2  |  B:B:512x72            |  A:A:512x72            |                    |        SIGNAL |        READ_FIRST |      NONE |                    |        SIGNAL |        READ_FIRST |      NONE |
|  acc_store/banks[2].parity[0].ram/mem_reg_7 | RAMB18E2  |  B:B:512x8             |  A:A:512x8             |                    |        SIGNAL |        READ_FIRST |      NONE |                    |        SIGNAL |        READ_FIRST |      NONE |
| acc_store/banks[2].parity[1].ram/mem        |           | 512x512                | 512x512                |                    |               |                   |           |                    |               |                   |           |
|  acc_store/banks[2].parity[1].ram/mem_reg_0 | RAMB36E2  |  B:B:512x72            |  A:A:512x72            |                    |        SIGNAL |        READ_FIRST |      NONE |                    |        SIGNAL |        READ_FIRST |      NONE |
|  acc_store/banks[2].parity[1].ram/mem_reg_1 | RAMB36E2  |  B:B:512x72            |  A:A:512x72            |                    |        SIGNAL |        READ_FIRST |      NONE |                    |        SIGNAL |        READ_FIRST |      NONE |
|  acc_store/banks[2].parity[1].ram/mem_reg_2 | RAMB36E2  |  B:B:512x72            |  A:A:512x72            |                    |        SIGNAL |        READ_FIRST |      NONE |                    |        SIGNAL |        READ_FIRST |      NONE |
|  acc_store/banks[2].parity[1].ram/mem_reg_3 | RAMB36E2  |  B:B:512x72            |  A:A:512x72            |                    |        SIGNAL |        READ_FIRST |      NONE |                    |        SIGNAL |        READ_FIRST |      NONE |
|  acc_store/banks[2].parity[1].ram/mem_reg_4 | RAMB36E2  |  B:B:512x72            |  A:A:512x72            |                    |        SIGNAL |        READ_FIRST |      NONE |                    |        SIGNAL |        READ_FIRST |      NONE |
|  acc_store/banks[2].parity[1].ram/mem_reg_5 | RAMB36E2  |  B:B:512x72            |  A:A:512x72            |                    |        SIGNAL |        READ_FIRST |      NONE |                    |        SIGNAL |        READ_FIRST |      NONE |
|  acc_store/banks[2].parity[1].ram/mem_reg_6 | RAMB36E2  |  B:B:512x72            |  A:A:512x72            |                    |        SIGNAL |        READ_FIRST |      NONE |                    |        SIGNAL |        READ_FIRST |      NONE |
|  acc_store/banks[2].parity[1].ram/mem_reg_7 | RAMB18E2  |  B:B:512x8             |  A:A:512x8             |                    |        SIGNAL |        READ_FIRST |      NONE |                    |        SIGNAL |        READ_FIRST |      NONE |
+---------------------------------------------+-----------+------------------------+------------------------+--------------------+---------------+-------------------+-----------+--------------------+---------------+-------------------+-----------+


