Copyright 1986-2022 Xilinx, Inc. All Rights Reserved.
----------------------------------------------------------------------------------------------------------------------------------------------------------------
| Tool Version      : Vivado v.2022.2 (win64) Build 3671981 Fri Oct 14 05:00:03 MDT 2022
| Date              : Wed Sep 30 12:39:25 2026
| Host              : FLY running 64-bit major release  (build 9200)
| Command           : report_timing_summary -delay_type max -max_paths 10 -file C:/Users/fly04/Desktop/VLA/PCore_2.0/v3/reports/ooc_dea8_deqacc32_v4/timing.rpt
| Design            : dea8_deqacc32_v4
| Device            : xcu50-fsvh2104
| Speed File        : -2  PRODUCTION 1.30 05-01-2022
| Temperature Grade : E
----------------------------------------------------------------------------------------------------------------------------------------------------------------

Timing Summary Report

------------------------------------------------------------------------------------------------
| Timer Settings
| --------------
------------------------------------------------------------------------------------------------

  Enable Multi Corner Analysis               :  Yes
  Enable Pessimism Removal                   :  Yes
  Pessimism Removal Resolution               :  Nearest Common Node
  Enable Input Delay Default Clock           :  No
  Enable Preset / Clear Arcs                 :  No
  Disable Flight Delays                      :  No
  Ignore I/O Paths                           :  No
  Timing Early Launch at Borrowing Latches   :  No
  Borrow Time for Max Delay Exceptions       :  Yes
  Merge Timing Exceptions                    :  Yes

  Corner  Analyze    Analyze    
  Name    Max Paths  Min Paths  
  ------  ---------  ---------  
  Slow    Yes        Yes        
  Fast    Yes        Yes        


------------------------------------------------------------------------------------------------
| Report Methodology
| ------------------
------------------------------------------------------------------------------------------------

No report available as report_methodology has not been run prior. Run report_methodology on the current design for the summary of methodology violations.



check_timing report

Table of Contents
-----------------
1. checking no_clock (0)
2. checking constant_clock (0)
3. checking pulse_width_clock (0)
4. checking unconstrained_internal_endpoints (0)
5. checking no_input_delay (2259)
6. checking no_output_delay (1062)
7. checking multiple_clock (0)
8. checking generated_clocks (0)
9. checking loops (0)
10. checking partial_input_delay (0)
11. checking partial_output_delay (0)
12. checking latch_loops (0)

1. checking no_clock (0)
------------------------
 There are 0 register/latch pins with no clock.


2. checking constant_clock (0)
------------------------------
 There are 0 register/latch pins with constant_clock.


3. checking pulse_width_clock (0)
---------------------------------
 There are 0 register/latch pins which need pulse_width check


4. checking unconstrained_internal_endpoints (0)
------------------------------------------------
 There are 0 pins that are not constrained for maximum delay.

 There are 0 pins that are not constrained for maximum delay due to constant clock.


5. checking no_input_delay (2259)
---------------------------------
 There are 2259 input ports with no input delay specified. (HIGH)

 There are 0 input ports with no input delay but user has a false path constraint.


6. checking no_output_delay (1062)
----------------------------------
 There are 1062 ports with no output delay specified. (HIGH)

 There are 0 ports with no output delay but user has a false path constraint

 There are 0 ports with no output delay but with a timing clock defined on it or propagating through it


7. checking multiple_clock (0)
------------------------------
 There are 0 register/latch pins with multiple clocks.


8. checking generated_clocks (0)
--------------------------------
 There are 0 generated clocks that are not connected to a clock source.


9. checking loops (0)
---------------------
 There are 0 combinational loops in the design.


10. checking partial_input_delay (0)
------------------------------------
 There are 0 input ports with partial input delay specified.


11. checking partial_output_delay (0)
-------------------------------------
 There are 0 ports with partial output delay specified.


12. checking latch_loops (0)
----------------------------
 There are 0 combinational latch loops in the design through latch input



------------------------------------------------------------------------------------------------
| Design Timing Summary
| ---------------------
------------------------------------------------------------------------------------------------

    WNS(ns)      TNS(ns)  TNS Failing Endpoints  TNS Total Endpoints     WPWS(ns)     TPWS(ns)  TPWS Failing Endpoints  TPWS Total Endpoints  
    -------      -------  ---------------------  -------------------     --------     --------  ----------------------  --------------------  
      0.181        0.000                      0                53136        1.458        0.000                       0                 23951  


All user specified timing constraints are met.


------------------------------------------------------------------------------------------------
| Clock Summary
| -------------
------------------------------------------------------------------------------------------------

Clock     Waveform(ns)         Period(ns)      Frequency(MHz)
-----     ------------         ----------      --------------
core_clk  {0.000 2.000}        4.000           250.000         


------------------------------------------------------------------------------------------------
| Intra Clock Table
| -----------------
------------------------------------------------------------------------------------------------

Clock             WNS(ns)      TNS(ns)  TNS Failing Endpoints  TNS Total Endpoints     WPWS(ns)     TPWS(ns)  TPWS Failing Endpoints  TPWS Total Endpoints  
-----             -------      -------  ---------------------  -------------------     --------     --------  ----------------------  --------------------  
core_clk            0.181        0.000                      0                53136        1.458        0.000                       0                 23951  


------------------------------------------------------------------------------------------------
| Inter Clock Table
| -----------------
------------------------------------------------------------------------------------------------

From Clock    To Clock          WNS(ns)      TNS(ns)  TNS Failing Endpoints  TNS Total Endpoints  
----------    --------          -------      -------  ---------------------  -------------------  


------------------------------------------------------------------------------------------------
| Other Path Groups Table
| -----------------------
------------------------------------------------------------------------------------------------

Path Group    From Clock    To Clock          WNS(ns)      TNS(ns)  TNS Failing Endpoints  TNS Total Endpoints  
----------    ----------    --------          -------      -------  ---------------------  -------------------  


------------------------------------------------------------------------------------------------
| Timing Details
| --------------
------------------------------------------------------------------------------------------------


---------------------------------------------------------------------------------------------------
From Clock:  core_clk
  To Clock:  core_clk

Setup :            0  Failing Endpoints,  Worst Slack        0.181ns,  Total Violation        0.000ns
Hold  :           NA  Failing Endpoints,  Worst Slack           NA  ,  Total Violation           NA
PW    :            0  Failing Endpoints,  Worst Slack        1.458ns,  Total Violation        0.000ns
---------------------------------------------------------------------------------------------------


Max Delay Paths
--------------------------------------------------------------------------------------
Slack (MET) :             0.181ns  (required time - arrival time)
  Source:                 genblk1[0].lanes[1].lane/raw_q2_reg[sum_raw][22]/C
                            (rising edge-triggered cell FDRE clocked by core_clk  {rise@0.000ns fall@2.000ns period=4.000ns})
  Destination:            genblk1[0].lanes[1].lane/norm_q3_reg[sum_norm][1]/D
                            (rising edge-triggered cell FDRE clocked by core_clk  {rise@0.000ns fall@2.000ns period=4.000ns})
  Path Group:             core_clk
  Path Type:              Setup (Max at Slow Process Corner)
  Requirement:            4.000ns  (core_clk rise@4.000ns - core_clk rise@0.000ns)
  Data Path Delay:        3.800ns  (logic 0.902ns (23.737%)  route 2.898ns (76.263%))
  Logic Levels:           14  (CARRY8=1 LUT2=2 LUT3=1 LUT4=3 LUT5=3 LUT6=4)
  Clock Path Skew:        -0.009ns (DCD - SCD + CPR)
    Destination Clock Delay (DCD):    0.021ns = ( 4.021 - 4.000 ) 
    Source Clock Delay      (SCD):    0.030ns
    Clock Pessimism Removal (CPR):    0.000ns
  Clock Uncertainty:      0.035ns  ((TSJ^2 + TIJ^2)^1/2 + DJ) / 2 + PE
    Total System Jitter     (TSJ):    0.071ns
    Total Input Jitter      (TIJ):    0.000ns
    Discrete Jitter          (DJ):    0.000ns
    Phase Error              (PE):    0.000ns

    Location             Delay type                Incr(ns)  Path(ns)    Netlist Resource(s)
  -------------------------------------------------------------------    -------------------
                         (clock core_clk rise edge)
                                                      0.000     0.000 r  
                                                      0.000     0.000 r  clk (IN)
                         net (fo=23950, unset)        0.030     0.030    genblk1[0].lanes[1].lane/clk
                         FDRE                                         r  genblk1[0].lanes[1].lane/raw_q2_reg[sum_raw][22]/C
  -------------------------------------------------------------------    -------------------
                         FDRE (Prop_FDRE_C_Q)         0.078     0.108 r  genblk1[0].lanes[1].lane/raw_q2_reg[sum_raw][22]/Q
                         net (fo=4, unplaced)         0.104     0.212    genblk1[0].lanes[1].lane/raw_q2_reg[sum_raw_n_0_][22]
                         LUT4 (Prop_LUT4_I0_O)        0.100     0.312 r  genblk1[0].lanes[1].lane/norm_q3[is_zero]_i_7__26/O
                         net (fo=1, unplaced)         0.185     0.497    genblk1[0].lanes[1].lane/norm_q3[is_zero]_i_7__26_n_0
                         LUT5 (Prop_LUT5_I4_O)        0.038     0.535 r  genblk1[0].lanes[1].lane/norm_q3[is_zero]_i_4__26/O
                         net (fo=3, unplaced)         0.191     0.726    genblk1[0].lanes[1].lane/norm_q3[is_zero]_i_4__26_n_0
                         LUT4 (Prop_LUT4_I1_O)        0.038     0.764 r  genblk1[0].lanes[1].lane/norm_q3[exponent_norm][7]_i_11__26/O
                         net (fo=10, unplaced)        0.218     0.982    genblk1[0].lanes[1].lane/norm_q3[exponent_norm][7]_i_11__26_n_0
                         LUT3 (Prop_LUT3_I1_O)        0.038     1.020 r  genblk1[0].lanes[1].lane/norm_q3[exponent_norm][7]_i_13__26/O
                         net (fo=9, unplaced)         0.216     1.236    genblk1[0].lanes[1].lane/norm_q3[exponent_norm][7]_i_13__26_n_0
                         LUT2 (Prop_LUT2_I0_O)        0.038     1.274 r  genblk1[0].lanes[1].lane/norm_q3[sum_norm][14]_i_5__26/O
                         net (fo=33, unplaced)        0.245     1.519    genblk1[0].lanes[1].lane/norm_q3[sum_norm][14]_i_5__26_n_0
                         LUT6 (Prop_LUT6_I5_O)        0.038     1.557 r  genblk1[0].lanes[1].lane/norm_q3[sum_norm][26]_i_12__26/O
                         net (fo=6, unplaced)         0.162     1.719    genblk1[0].lanes[1].lane/norm_q3[sum_norm][26]_i_12__26_n_0
                         LUT6 (Prop_LUT6_I2_O)        0.090     1.809 r  genblk1[0].lanes[1].lane/norm_q3[sum_norm][26]_i_10__26/O
                         net (fo=16, unplaced)        0.229     2.038    genblk1[0].lanes[1].lane/norm_q3[sum_norm][26]_i_10__26_n_0
                         LUT6 (Prop_LUT6_I3_O)        0.038     2.076 r  genblk1[0].lanes[1].lane/norm_q3[sum_norm][26]_i_3__26/O
                         net (fo=5, unplaced)         0.203     2.279    genblk1[0].lanes[1].lane/norm_q3[sum_norm][26]_i_3__26_n_0
                         LUT4 (Prop_LUT4_I0_O)        0.070     2.349 f  genblk1[0].lanes[1].lane/norm_q3[sum_norm][26]_i_19__26/O
                         net (fo=1, unplaced)         0.242     2.591    genblk1[0].lanes[1].lane/norm_q3[sum_norm][26]_i_19__26_n_0
                         CARRY8 (Prop_CARRY8_DI[0]_CO[4])
                                                      0.184     2.775 f  genblk1[0].lanes[1].lane/norm_q3_reg[sum_norm][26]_i_4__25/CO[4]
                         net (fo=37, unplaced)        0.246     3.021    genblk1[0].lanes[1].lane/norm_q3_reg[sum_norm][26]_i_4__25_n_3
                         LUT2 (Prop_LUT2_I0_O)        0.038     3.059 r  genblk1[0].lanes[1].lane/norm_q3[sum_norm][24]_i_8__26/O
                         net (fo=2, unplaced)         0.185     3.244    genblk1[0].lanes[1].lane/norm_q3[sum_norm][24]_i_8__26_n_0
                         LUT6 (Prop_LUT6_I0_O)        0.038     3.282 r  genblk1[0].lanes[1].lane/norm_q3[sum_norm][24]_i_5__26/O
                         net (fo=25, unplaced)        0.239     3.521    genblk1[0].lanes[1].lane/norm_q3[sum_norm][24]_i_5__26_n_0
                         LUT5 (Prop_LUT5_I2_O)        0.038     3.559 r  genblk1[0].lanes[1].lane/norm_q3[sum_norm][1]_i_2__26/O
                         net (fo=1, unplaced)         0.185     3.744    genblk1[0].lanes[1].lane/norm_q3[sum_norm][1]_i_2__26_n_0
                         LUT5 (Prop_LUT5_I4_O)        0.038     3.782 r  genblk1[0].lanes[1].lane/norm_q3[sum_norm][1]_i_1__26/O
                         net (fo=1, unplaced)         0.048     3.830    genblk1[0].lanes[1].lane/fp32_normalize_mid[sum_norm]_return[1]
                         FDRE                                         r  genblk1[0].lanes[1].lane/norm_q3_reg[sum_norm][1]/D
  -------------------------------------------------------------------    -------------------

                         (clock core_clk rise edge)
                                                      4.000     4.000 r  
                                                      0.000     4.000 r  clk (IN)
                         net (fo=23950, unset)        0.021     4.021    genblk1[0].lanes[1].lane/clk
                         FDRE                                         r  genblk1[0].lanes[1].lane/norm_q3_reg[sum_norm][1]/C
                         clock pessimism              0.000     4.021    
                         clock uncertainty           -0.035     3.986    
                         FDRE (Setup_FDRE_C_D)        0.025     4.011    genblk1[0].lanes[1].lane/norm_q3_reg[sum_norm][1]
  -------------------------------------------------------------------
                         required time                          4.011    
                         arrival time                          -3.830    
  -------------------------------------------------------------------
                         slack                                  0.181    

Slack (MET) :             0.181ns  (required time - arrival time)
  Source:                 genblk1[0].lanes[1].lane/raw_q2_reg[sum_raw][22]/C
                            (rising edge-triggered cell FDRE clocked by core_clk  {rise@0.000ns fall@2.000ns period=4.000ns})
  Destination:            genblk1[0].lanes[1].lane/norm_q3_reg[sum_norm][25]/D
                            (rising edge-triggered cell FDRE clocked by core_clk  {rise@0.000ns fall@2.000ns period=4.000ns})
  Path Group:             core_clk
  Path Type:              Setup (Max at Slow Process Corner)
  Requirement:            4.000ns  (core_clk rise@4.000ns - core_clk rise@0.000ns)
  Data Path Delay:        3.800ns  (logic 0.902ns (23.737%)  route 2.898ns (76.263%))
  Logic Levels:           14  (CARRY8=1 LUT2=2 LUT3=1 LUT4=3 LUT5=1 LUT6=6)
  Clock Path Skew:        -0.009ns (DCD - SCD + CPR)
    Destination Clock Delay (DCD):    0.021ns = ( 4.021 - 4.000 ) 
    Source Clock Delay      (SCD):    0.030ns
    Clock Pessimism Removal (CPR):    0.000ns
  Clock Uncertainty:      0.035ns  ((TSJ^2 + TIJ^2)^1/2 + DJ) / 2 + PE
    Total System Jitter     (TSJ):    0.071ns
    Total Input Jitter      (TIJ):    0.000ns
    Discrete Jitter          (DJ):    0.000ns
    Phase Error              (PE):    0.000ns

    Location             Delay type                Incr(ns)  Path(ns)    Netlist Resource(s)
  -------------------------------------------------------------------    -------------------
                         (clock core_clk rise edge)
                                                      0.000     0.000 r  
                                                      0.000     0.000 r  clk (IN)
                         net (fo=23950, unset)        0.030     0.030    genblk1[0].lanes[1].lane/clk
                         FDRE                                         r  genblk1[0].lanes[1].lane/raw_q2_reg[sum_raw][22]/C
  -------------------------------------------------------------------    -------------------
                         FDRE (Prop_FDRE_C_Q)         0.078     0.108 r  genblk1[0].lanes[1].lane/raw_q2_reg[sum_raw][22]/Q
                         net (fo=4, unplaced)         0.104     0.212    genblk1[0].lanes[1].lane/raw_q2_reg[sum_raw_n_0_][22]
                         LUT4 (Prop_LUT4_I0_O)        0.100     0.312 r  genblk1[0].lanes[1].lane/norm_q3[is_zero]_i_7__26/O
                         net (fo=1, unplaced)         0.185     0.497    genblk1[0].lanes[1].lane/norm_q3[is_zero]_i_7__26_n_0
                         LUT5 (Prop_LUT5_I4_O)        0.038     0.535 r  genblk1[0].lanes[1].lane/norm_q3[is_zero]_i_4__26/O
                         net (fo=3, unplaced)         0.191     0.726    genblk1[0].lanes[1].lane/norm_q3[is_zero]_i_4__26_n_0
                         LUT4 (Prop_LUT4_I1_O)        0.038     0.764 r  genblk1[0].lanes[1].lane/norm_q3[exponent_norm][7]_i_11__26/O
                         net (fo=10, unplaced)        0.218     0.982    genblk1[0].lanes[1].lane/norm_q3[exponent_norm][7]_i_11__26_n_0
                         LUT3 (Prop_LUT3_I1_O)        0.038     1.020 r  genblk1[0].lanes[1].lane/norm_q3[exponent_norm][7]_i_13__26/O
                         net (fo=9, unplaced)         0.216     1.236    genblk1[0].lanes[1].lane/norm_q3[exponent_norm][7]_i_13__26_n_0
                         LUT2 (Prop_LUT2_I0_O)        0.038     1.274 r  genblk1[0].lanes[1].lane/norm_q3[sum_norm][14]_i_5__26/O
                         net (fo=33, unplaced)        0.245     1.519    genblk1[0].lanes[1].lane/norm_q3[sum_norm][14]_i_5__26_n_0
                         LUT6 (Prop_LUT6_I5_O)        0.038     1.557 r  genblk1[0].lanes[1].lane/norm_q3[sum_norm][26]_i_12__26/O
                         net (fo=6, unplaced)         0.162     1.719    genblk1[0].lanes[1].lane/norm_q3[sum_norm][26]_i_12__26_n_0
                         LUT6 (Prop_LUT6_I2_O)        0.090     1.809 r  genblk1[0].lanes[1].lane/norm_q3[sum_norm][26]_i_10__26/O
                         net (fo=16, unplaced)        0.229     2.038    genblk1[0].lanes[1].lane/norm_q3[sum_norm][26]_i_10__26_n_0
                         LUT6 (Prop_LUT6_I3_O)        0.038     2.076 r  genblk1[0].lanes[1].lane/norm_q3[sum_norm][26]_i_3__26/O
                         net (fo=5, unplaced)         0.203     2.279    genblk1[0].lanes[1].lane/norm_q3[sum_norm][26]_i_3__26_n_0
                         LUT4 (Prop_LUT4_I0_O)        0.070     2.349 f  genblk1[0].lanes[1].lane/norm_q3[sum_norm][26]_i_19__26/O
                         net (fo=1, unplaced)         0.242     2.591    genblk1[0].lanes[1].lane/norm_q3[sum_norm][26]_i_19__26_n_0
                         CARRY8 (Prop_CARRY8_DI[0]_CO[4])
                                                      0.184     2.775 f  genblk1[0].lanes[1].lane/norm_q3_reg[sum_norm][26]_i_4__25/CO[4]
                         net (fo=37, unplaced)        0.246     3.021    genblk1[0].lanes[1].lane/norm_q3_reg[sum_norm][26]_i_4__25_n_3
                         LUT2 (Prop_LUT2_I0_O)        0.038     3.059 r  genblk1[0].lanes[1].lane/norm_q3[sum_norm][24]_i_8__26/O
                         net (fo=2, unplaced)         0.185     3.244    genblk1[0].lanes[1].lane/norm_q3[sum_norm][24]_i_8__26_n_0
                         LUT6 (Prop_LUT6_I0_O)        0.038     3.282 r  genblk1[0].lanes[1].lane/norm_q3[sum_norm][24]_i_5__26/O
                         net (fo=25, unplaced)        0.239     3.521    genblk1[0].lanes[1].lane/norm_q3[sum_norm][24]_i_5__26_n_0
                         LUT6 (Prop_LUT6_I2_O)        0.038     3.559 r  genblk1[0].lanes[1].lane/norm_q3[sum_norm][25]_i_2__26/O
                         net (fo=1, unplaced)         0.185     3.744    genblk1[0].lanes[1].lane/norm_q3[sum_norm][25]_i_2__26_n_0
                         LUT6 (Prop_LUT6_I0_O)        0.038     3.782 r  genblk1[0].lanes[1].lane/norm_q3[sum_norm][25]_i_1__26/O
                         net (fo=1, unplaced)         0.048     3.830    genblk1[0].lanes[1].lane/fp32_normalize_mid[sum_norm]_return[25]
                         FDRE                                         r  genblk1[0].lanes[1].lane/norm_q3_reg[sum_norm][25]/D
  -------------------------------------------------------------------    -------------------

                         (clock core_clk rise edge)
                                                      4.000     4.000 r  
                                                      0.000     4.000 r  clk (IN)
                         net (fo=23950, unset)        0.021     4.021    genblk1[0].lanes[1].lane/clk
                         FDRE                                         r  genblk1[0].lanes[1].lane/norm_q3_reg[sum_norm][25]/C
                         clock pessimism              0.000     4.021    
                         clock uncertainty           -0.035     3.986    
                         FDRE (Setup_FDRE_C_D)        0.025     4.011    genblk1[0].lanes[1].lane/norm_q3_reg[sum_norm][25]
  -------------------------------------------------------------------
                         required time                          4.011    
                         arrival time                          -3.830    
  -------------------------------------------------------------------
                         slack                                  0.181    

Slack (MET) :             0.181ns  (required time - arrival time)
  Source:                 genblk1[0].lanes[1].lane/raw_q2_reg[sum_raw][22]/C
                            (rising edge-triggered cell FDRE clocked by core_clk  {rise@0.000ns fall@2.000ns period=4.000ns})
  Destination:            genblk1[0].lanes[1].lane/norm_q3_reg[sum_norm][2]/D
                            (rising edge-triggered cell FDRE clocked by core_clk  {rise@0.000ns fall@2.000ns period=4.000ns})
  Path Group:             core_clk
  Path Type:              Setup (Max at Slow Process Corner)
  Requirement:            4.000ns  (core_clk rise@4.000ns - core_clk rise@0.000ns)
  Data Path Delay:        3.800ns  (logic 0.902ns (23.737%)  route 2.898ns (76.263%))
  Logic Levels:           14  (CARRY8=1 LUT2=2 LUT3=1 LUT4=3 LUT5=2 LUT6=5)
  Clock Path Skew:        -0.009ns (DCD - SCD + CPR)
    Destination Clock Delay (DCD):    0.021ns = ( 4.021 - 4.000 ) 
    Source Clock Delay      (SCD):    0.030ns
    Clock Pessimism Removal (CPR):    0.000ns
  Clock Uncertainty:      0.035ns  ((TSJ^2 + TIJ^2)^1/2 + DJ) / 2 + PE
    Total System Jitter     (TSJ):    0.071ns
    Total Input Jitter      (TIJ):    0.000ns
    Discrete Jitter          (DJ):    0.000ns
    Phase Error              (PE):    0.000ns

    Location             Delay type                Incr(ns)  Path(ns)    Netlist Resource(s)
  -------------------------------------------------------------------    -------------------
                         (clock core_clk rise edge)
                                                      0.000     0.000 r  
                                                      0.000     0.000 r  clk (IN)
                         net (fo=23950, unset)        0.030     0.030    genblk1[0].lanes[1].lane/clk
                         FDRE                                         r  genblk1[0].lanes[1].lane/raw_q2_reg[sum_raw][22]/C
  -------------------------------------------------------------------    -------------------
                         FDRE (Prop_FDRE_C_Q)         0.078     0.108 r  genblk1[0].lanes[1].lane/raw_q2_reg[sum_raw][22]/Q
                         net (fo=4, unplaced)         0.104     0.212    genblk1[0].lanes[1].lane/raw_q2_reg[sum_raw_n_0_][22]
                         LUT4 (Prop_LUT4_I0_O)        0.100     0.312 r  genblk1[0].lanes[1].lane/norm_q3[is_zero]_i_7__26/O
                         net (fo=1, unplaced)         0.185     0.497    genblk1[0].lanes[1].lane/norm_q3[is_zero]_i_7__26_n_0
                         LUT5 (Prop_LUT5_I4_O)        0.038     0.535 r  genblk1[0].lanes[1].lane/norm_q3[is_zero]_i_4__26/O
                         net (fo=3, unplaced)         0.191     0.726    genblk1[0].lanes[1].lane/norm_q3[is_zero]_i_4__26_n_0
                         LUT4 (Prop_LUT4_I1_O)        0.038     0.764 r  genblk1[0].lanes[1].lane/norm_q3[exponent_norm][7]_i_11__26/O
                         net (fo=10, unplaced)        0.218     0.982    genblk1[0].lanes[1].lane/norm_q3[exponent_norm][7]_i_11__26_n_0
                         LUT3 (Prop_LUT3_I1_O)        0.038     1.020 r  genblk1[0].lanes[1].lane/norm_q3[exponent_norm][7]_i_13__26/O
                         net (fo=9, unplaced)         0.216     1.236    genblk1[0].lanes[1].lane/norm_q3[exponent_norm][7]_i_13__26_n_0
                         LUT2 (Prop_LUT2_I0_O)        0.038     1.274 r  genblk1[0].lanes[1].lane/norm_q3[sum_norm][14]_i_5__26/O
                         net (fo=33, unplaced)        0.245     1.519    genblk1[0].lanes[1].lane/norm_q3[sum_norm][14]_i_5__26_n_0
                         LUT6 (Prop_LUT6_I5_O)        0.038     1.557 r  genblk1[0].lanes[1].lane/norm_q3[sum_norm][26]_i_12__26/O
                         net (fo=6, unplaced)         0.162     1.719    genblk1[0].lanes[1].lane/norm_q3[sum_norm][26]_i_12__26_n_0
                         LUT6 (Prop_LUT6_I2_O)        0.090     1.809 r  genblk1[0].lanes[1].lane/norm_q3[sum_norm][26]_i_10__26/O
                         net (fo=16, unplaced)        0.229     2.038    genblk1[0].lanes[1].lane/norm_q3[sum_norm][26]_i_10__26_n_0
                         LUT6 (Prop_LUT6_I3_O)        0.038     2.076 r  genblk1[0].lanes[1].lane/norm_q3[sum_norm][26]_i_3__26/O
                         net (fo=5, unplaced)         0.203     2.279    genblk1[0].lanes[1].lane/norm_q3[sum_norm][26]_i_3__26_n_0
                         LUT4 (Prop_LUT4_I0_O)        0.070     2.349 f  genblk1[0].lanes[1].lane/norm_q3[sum_norm][26]_i_19__26/O
                         net (fo=1, unplaced)         0.242     2.591    genblk1[0].lanes[1].lane/norm_q3[sum_norm][26]_i_19__26_n_0
                         CARRY8 (Prop_CARRY8_DI[0]_CO[4])
                                                      0.184     2.775 f  genblk1[0].lanes[1].lane/norm_q3_reg[sum_norm][26]_i_4__25/CO[4]
                         net (fo=37, unplaced)        0.246     3.021    genblk1[0].lanes[1].lane/norm_q3_reg[sum_norm][26]_i_4__25_n_3
                         LUT2 (Prop_LUT2_I0_O)        0.038     3.059 r  genblk1[0].lanes[1].lane/norm_q3[sum_norm][24]_i_8__26/O
                         net (fo=2, unplaced)         0.185     3.244    genblk1[0].lanes[1].lane/norm_q3[sum_norm][24]_i_8__26_n_0
                         LUT6 (Prop_LUT6_I0_O)        0.038     3.282 r  genblk1[0].lanes[1].lane/norm_q3[sum_norm][24]_i_5__26/O
                         net (fo=25, unplaced)        0.239     3.521    genblk1[0].lanes[1].lane/norm_q3[sum_norm][24]_i_5__26_n_0
                         LUT6 (Prop_LUT6_I5_O)        0.038     3.559 r  genblk1[0].lanes[1].lane/norm_q3[sum_norm][2]_i_3__26/O
                         net (fo=1, unplaced)         0.185     3.744    genblk1[0].lanes[1].lane/norm_q3[sum_norm][2]_i_3__26_n_0
                         LUT5 (Prop_LUT5_I4_O)        0.038     3.782 r  genblk1[0].lanes[1].lane/norm_q3[sum_norm][2]_i_1__26/O
                         net (fo=1, unplaced)         0.048     3.830    genblk1[0].lanes[1].lane/fp32_normalize_mid[sum_norm]_return[2]
                         FDRE                                         r  genblk1[0].lanes[1].lane/norm_q3_reg[sum_norm][2]/D
  -------------------------------------------------------------------    -------------------

                         (clock core_clk rise edge)
                                                      4.000     4.000 r  
                                                      0.000     4.000 r  clk (IN)
                         net (fo=23950, unset)        0.021     4.021    genblk1[0].lanes[1].lane/clk
                         FDRE                                         r  genblk1[0].lanes[1].lane/norm_q3_reg[sum_norm][2]/C
                         clock pessimism              0.000     4.021    
                         clock uncertainty           -0.035     3.986    
                         FDRE (Setup_FDRE_C_D)        0.025     4.011    genblk1[0].lanes[1].lane/norm_q3_reg[sum_norm][2]
  -------------------------------------------------------------------
                         required time                          4.011    
                         arrival time                          -3.830    
  -------------------------------------------------------------------
                         slack                                  0.181    

Slack (MET) :             0.181ns  (required time - arrival time)
  Source:                 genblk1[0].lanes[5].lane/raw_q2_reg[sum_raw][22]/C
                            (rising edge-triggered cell FDRE clocked by core_clk  {rise@0.000ns fall@2.000ns period=4.000ns})
  Destination:            genblk1[0].lanes[5].lane/norm_q3_reg[sum_norm][1]/D
                            (rising edge-triggered cell FDRE clocked by core_clk  {rise@0.000ns fall@2.000ns period=4.000ns})
  Path Group:             core_clk
  Path Type:              Setup (Max at Slow Process Corner)
  Requirement:            4.000ns  (core_clk rise@4.000ns - core_clk rise@0.000ns)
  Data Path Delay:        3.800ns  (logic 0.902ns (23.737%)  route 2.898ns (76.263%))
  Logic Levels:           14  (CARRY8=1 LUT2=2 LUT3=1 LUT4=3 LUT5=3 LUT6=4)
  Clock Path Skew:        -0.009ns (DCD - SCD + CPR)
    Destination Clock Delay (DCD):    0.021ns = ( 4.021 - 4.000 ) 
    Source Clock Delay      (SCD):    0.030ns
    Clock Pessimism Removal (CPR):    0.000ns
  Clock Uncertainty:      0.035ns  ((TSJ^2 + TIJ^2)^1/2 + DJ) / 2 + PE
    Total System Jitter     (TSJ):    0.071ns
    Total Input Jitter      (TIJ):    0.000ns
    Discrete Jitter          (DJ):    0.000ns
    Phase Error              (PE):    0.000ns

    Location             Delay type                Incr(ns)  Path(ns)    Netlist Resource(s)
  -------------------------------------------------------------------    -------------------
                         (clock core_clk rise edge)
                                                      0.000     0.000 r  
                                                      0.000     0.000 r  clk (IN)
                         net (fo=23950, unset)        0.030     0.030    genblk1[0].lanes[5].lane/clk
                         FDRE                                         r  genblk1[0].lanes[5].lane/raw_q2_reg[sum_raw][22]/C
  -------------------------------------------------------------------    -------------------
                         FDRE (Prop_FDRE_C_Q)         0.078     0.108 r  genblk1[0].lanes[5].lane/raw_q2_reg[sum_raw][22]/Q
                         net (fo=4, unplaced)         0.104     0.212    genblk1[0].lanes[5].lane/raw_q2_reg[sum_raw_n_0_][22]
                         LUT4 (Prop_LUT4_I0_O)        0.100     0.312 r  genblk1[0].lanes[5].lane/norm_q3[is_zero]_i_7__25/O
                         net (fo=1, unplaced)         0.185     0.497    genblk1[0].lanes[5].lane/norm_q3[is_zero]_i_7__25_n_0
                         LUT5 (Prop_LUT5_I4_O)        0.038     0.535 r  genblk1[0].lanes[5].lane/norm_q3[is_zero]_i_4__25/O
                         net (fo=3, unplaced)         0.191     0.726    genblk1[0].lanes[5].lane/norm_q3[is_zero]_i_4__25_n_0
                         LUT4 (Prop_LUT4_I1_O)        0.038     0.764 r  genblk1[0].lanes[5].lane/norm_q3[exponent_norm][7]_i_11__25/O
                         net (fo=10, unplaced)        0.218     0.982    genblk1[0].lanes[5].lane/norm_q3[exponent_norm][7]_i_11__25_n_0
                         LUT3 (Prop_LUT3_I1_O)        0.038     1.020 r  genblk1[0].lanes[5].lane/norm_q3[exponent_norm][7]_i_13__25/O
                         net (fo=9, unplaced)         0.216     1.236    genblk1[0].lanes[5].lane/norm_q3[exponent_norm][7]_i_13__25_n_0
                         LUT2 (Prop_LUT2_I0_O)        0.038     1.274 r  genblk1[0].lanes[5].lane/norm_q3[sum_norm][14]_i_5__25/O
                         net (fo=33, unplaced)        0.245     1.519    genblk1[0].lanes[5].lane/norm_q3[sum_norm][14]_i_5__25_n_0
                         LUT6 (Prop_LUT6_I5_O)        0.038     1.557 r  genblk1[0].lanes[5].lane/norm_q3[sum_norm][26]_i_12__25/O
                         net (fo=6, unplaced)         0.162     1.719    genblk1[0].lanes[5].lane/norm_q3[sum_norm][26]_i_12__25_n_0
                         LUT6 (Prop_LUT6_I2_O)        0.090     1.809 r  genblk1[0].lanes[5].lane/norm_q3[sum_norm][26]_i_10__25/O
                         net (fo=16, unplaced)        0.229     2.038    genblk1[0].lanes[5].lane/norm_q3[sum_norm][26]_i_10__25_n_0
                         LUT6 (Prop_LUT6_I3_O)        0.038     2.076 r  genblk1[0].lanes[5].lane/norm_q3[sum_norm][26]_i_3__25/O
                         net (fo=5, unplaced)         0.203     2.279    genblk1[0].lanes[5].lane/norm_q3[sum_norm][26]_i_3__25_n_0
                         LUT4 (Prop_LUT4_I0_O)        0.070     2.349 f  genblk1[0].lanes[5].lane/norm_q3[sum_norm][26]_i_19__25/O
                         net (fo=1, unplaced)         0.242     2.591    genblk1[0].lanes[5].lane/norm_q3[sum_norm][26]_i_19__25_n_0
                         CARRY8 (Prop_CARRY8_DI[0]_CO[4])
                                                      0.184     2.775 f  genblk1[0].lanes[5].lane/norm_q3_reg[sum_norm][26]_i_4__24/CO[4]
                         net (fo=37, unplaced)        0.246     3.021    genblk1[0].lanes[5].lane/norm_q3_reg[sum_norm][26]_i_4__24_n_3
                         LUT2 (Prop_LUT2_I0_O)        0.038     3.059 r  genblk1[0].lanes[5].lane/norm_q3[sum_norm][24]_i_8__25/O
                         net (fo=2, unplaced)         0.185     3.244    genblk1[0].lanes[5].lane/norm_q3[sum_norm][24]_i_8__25_n_0
                         LUT6 (Prop_LUT6_I0_O)        0.038     3.282 r  genblk1[0].lanes[5].lane/norm_q3[sum_norm][24]_i_5__25/O
                         net (fo=25, unplaced)        0.239     3.521    genblk1[0].lanes[5].lane/norm_q3[sum_norm][24]_i_5__25_n_0
                         LUT5 (Prop_LUT5_I2_O)        0.038     3.559 r  genblk1[0].lanes[5].lane/norm_q3[sum_norm][1]_i_2__25/O
                         net (fo=1, unplaced)         0.185     3.744    genblk1[0].lanes[5].lane/norm_q3[sum_norm][1]_i_2__25_n_0
                         LUT5 (Prop_LUT5_I4_O)        0.038     3.782 r  genblk1[0].lanes[5].lane/norm_q3[sum_norm][1]_i_1__25/O
                         net (fo=1, unplaced)         0.048     3.830    genblk1[0].lanes[5].lane/fp32_normalize_mid[sum_norm]_return[1]
                         FDRE                                         r  genblk1[0].lanes[5].lane/norm_q3_reg[sum_norm][1]/D
  -------------------------------------------------------------------    -------------------

                         (clock core_clk rise edge)
                                                      4.000     4.000 r  
                                                      0.000     4.000 r  clk (IN)
                         net (fo=23950, unset)        0.021     4.021    genblk1[0].lanes[5].lane/clk
                         FDRE                                         r  genblk1[0].lanes[5].lane/norm_q3_reg[sum_norm][1]/C
                         clock pessimism              0.000     4.021    
                         clock uncertainty           -0.035     3.986    
                         FDRE (Setup_FDRE_C_D)        0.025     4.011    genblk1[0].lanes[5].lane/norm_q3_reg[sum_norm][1]
  -------------------------------------------------------------------
                         required time                          4.011    
                         arrival time                          -3.830    
  -------------------------------------------------------------------
                         slack                                  0.181    

Slack (MET) :             0.181ns  (required time - arrival time)
  Source:                 genblk1[0].lanes[5].lane/raw_q2_reg[sum_raw][22]/C
                            (rising edge-triggered cell FDRE clocked by core_clk  {rise@0.000ns fall@2.000ns period=4.000ns})
  Destination:            genblk1[0].lanes[5].lane/norm_q3_reg[sum_norm][25]/D
                            (rising edge-triggered cell FDRE clocked by core_clk  {rise@0.000ns fall@2.000ns period=4.000ns})
  Path Group:             core_clk
  Path Type:              Setup (Max at Slow Process Corner)
  Requirement:            4.000ns  (core_clk rise@4.000ns - core_clk rise@0.000ns)
  Data Path Delay:        3.800ns  (logic 0.902ns (23.737%)  route 2.898ns (76.263%))
  Logic Levels:           14  (CARRY8=1 LUT2=2 LUT3=1 LUT4=3 LUT5=1 LUT6=6)
  Clock Path Skew:        -0.009ns (DCD - SCD + CPR)
    Destination Clock Delay (DCD):    0.021ns = ( 4.021 - 4.000 ) 
    Source Clock Delay      (SCD):    0.030ns
    Clock Pessimism Removal (CPR):    0.000ns
  Clock Uncertainty:      0.035ns  ((TSJ^2 + TIJ^2)^1/2 + DJ) / 2 + PE
    Total System Jitter     (TSJ):    0.071ns
    Total Input Jitter      (TIJ):    0.000ns
    Discrete Jitter          (DJ):    0.000ns
    Phase Error              (PE):    0.000ns

    Location             Delay type                Incr(ns)  Path(ns)    Netlist Resource(s)
  -------------------------------------------------------------------    -------------------
                         (clock core_clk rise edge)
                                                      0.000     0.000 r  
                                                      0.000     0.000 r  clk (IN)
                         net (fo=23950, unset)        0.030     0.030    genblk1[0].lanes[5].lane/clk
                         FDRE                                         r  genblk1[0].lanes[5].lane/raw_q2_reg[sum_raw][22]/C
  -------------------------------------------------------------------    -------------------
                         FDRE (Prop_FDRE_C_Q)         0.078     0.108 r  genblk1[0].lanes[5].lane/raw_q2_reg[sum_raw][22]/Q
                         net (fo=4, unplaced)         0.104     0.212    genblk1[0].lanes[5].lane/raw_q2_reg[sum_raw_n_0_][22]
                         LUT4 (Prop_LUT4_I0_O)        0.100     0.312 r  genblk1[0].lanes[5].lane/norm_q3[is_zero]_i_7__25/O
                         net (fo=1, unplaced)         0.185     0.497    genblk1[0].lanes[5].lane/norm_q3[is_zero]_i_7__25_n_0
                         LUT5 (Prop_LUT5_I4_O)        0.038     0.535 r  genblk1[0].lanes[5].lane/norm_q3[is_zero]_i_4__25/O
                         net (fo=3, unplaced)         0.191     0.726    genblk1[0].lanes[5].lane/norm_q3[is_zero]_i_4__25_n_0
                         LUT4 (Prop_LUT4_I1_O)        0.038     0.764 r  genblk1[0].lanes[5].lane/norm_q3[exponent_norm][7]_i_11__25/O
                         net (fo=10, unplaced)        0.218     0.982    genblk1[0].lanes[5].lane/norm_q3[exponent_norm][7]_i_11__25_n_0
                         LUT3 (Prop_LUT3_I1_O)        0.038     1.020 r  genblk1[0].lanes[5].lane/norm_q3[exponent_norm][7]_i_13__25/O
                         net (fo=9, unplaced)         0.216     1.236    genblk1[0].lanes[5].lane/norm_q3[exponent_norm][7]_i_13__25_n_0
                         LUT2 (Prop_LUT2_I0_O)        0.038     1.274 r  genblk1[0].lanes[5].lane/norm_q3[sum_norm][14]_i_5__25/O
                         net (fo=33, unplaced)        0.245     1.519    genblk1[0].lanes[5].lane/norm_q3[sum_norm][14]_i_5__25_n_0
                         LUT6 (Prop_LUT6_I5_O)        0.038     1.557 r  genblk1[0].lanes[5].lane/norm_q3[sum_norm][26]_i_12__25/O
                         net (fo=6, unplaced)         0.162     1.719    genblk1[0].lanes[5].lane/norm_q3[sum_norm][26]_i_12__25_n_0
                         LUT6 (Prop_LUT6_I2_O)        0.090     1.809 r  genblk1[0].lanes[5].lane/norm_q3[sum_norm][26]_i_10__25/O
                         net (fo=16, unplaced)        0.229     2.038    genblk1[0].lanes[5].lane/norm_q3[sum_norm][26]_i_10__25_n_0
                         LUT6 (Prop_LUT6_I3_O)        0.038     2.076 r  genblk1[0].lanes[5].lane/norm_q3[sum_norm][26]_i_3__25/O
                         net (fo=5, unplaced)         0.203     2.279    genblk1[0].lanes[5].lane/norm_q3[sum_norm][26]_i_3__25_n_0
                         LUT4 (Prop_LUT4_I0_O)        0.070     2.349 f  genblk1[0].lanes[5].lane/norm_q3[sum_norm][26]_i_19__25/O
                         net (fo=1, unplaced)         0.242     2.591    genblk1[0].lanes[5].lane/norm_q3[sum_norm][26]_i_19__25_n_0
                         CARRY8 (Prop_CARRY8_DI[0]_CO[4])
                                                      0.184     2.775 f  genblk1[0].lanes[5].lane/norm_q3_reg[sum_norm][26]_i_4__24/CO[4]
                         net (fo=37, unplaced)        0.246     3.021    genblk1[0].lanes[5].lane/norm_q3_reg[sum_norm][26]_i_4__24_n_3
                         LUT2 (Prop_LUT2_I0_O)        0.038     3.059 r  genblk1[0].lanes[5].lane/norm_q3[sum_norm][24]_i_8__25/O
                         net (fo=2, unplaced)         0.185     3.244    genblk1[0].lanes[5].lane/norm_q3[sum_norm][24]_i_8__25_n_0
                         LUT6 (Prop_LUT6_I0_O)        0.038     3.282 r  genblk1[0].lanes[5].lane/norm_q3[sum_norm][24]_i_5__25/O
                         net (fo=25, unplaced)        0.239     3.521    genblk1[0].lanes[5].lane/norm_q3[sum_norm][24]_i_5__25_n_0
                         LUT6 (Prop_LUT6_I2_O)        0.038     3.559 r  genblk1[0].lanes[5].lane/norm_q3[sum_norm][25]_i_2__25/O
                         net (fo=1, unplaced)         0.185     3.744    genblk1[0].lanes[5].lane/norm_q3[sum_norm][25]_i_2__25_n_0
                         LUT6 (Prop_LUT6_I0_O)        0.038     3.782 r  genblk1[0].lanes[5].lane/norm_q3[sum_norm][25]_i_1__25/O
                         net (fo=1, unplaced)         0.048     3.830    genblk1[0].lanes[5].lane/fp32_normalize_mid[sum_norm]_return[25]
                         FDRE                                         r  genblk1[0].lanes[5].lane/norm_q3_reg[sum_norm][25]/D
  -------------------------------------------------------------------    -------------------

                         (clock core_clk rise edge)
                                                      4.000     4.000 r  
                                                      0.000     4.000 r  clk (IN)
                         net (fo=23950, unset)        0.021     4.021    genblk1[0].lanes[5].lane/clk
                         FDRE                                         r  genblk1[0].lanes[5].lane/norm_q3_reg[sum_norm][25]/C
                         clock pessimism              0.000     4.021    
                         clock uncertainty           -0.035     3.986    
                         FDRE (Setup_FDRE_C_D)        0.025     4.011    genblk1[0].lanes[5].lane/norm_q3_reg[sum_norm][25]
  -------------------------------------------------------------------
                         required time                          4.011    
                         arrival time                          -3.830    
  -------------------------------------------------------------------
                         slack                                  0.181    

Slack (MET) :             0.181ns  (required time - arrival time)
  Source:                 genblk1[0].lanes[5].lane/raw_q2_reg[sum_raw][22]/C
                            (rising edge-triggered cell FDRE clocked by core_clk  {rise@0.000ns fall@2.000ns period=4.000ns})
  Destination:            genblk1[0].lanes[5].lane/norm_q3_reg[sum_norm][2]/D
                            (rising edge-triggered cell FDRE clocked by core_clk  {rise@0.000ns fall@2.000ns period=4.000ns})
  Path Group:             core_clk
  Path Type:              Setup (Max at Slow Process Corner)
  Requirement:            4.000ns  (core_clk rise@4.000ns - core_clk rise@0.000ns)
  Data Path Delay:        3.800ns  (logic 0.902ns (23.737%)  route 2.898ns (76.263%))
  Logic Levels:           14  (CARRY8=1 LUT2=2 LUT3=1 LUT4=3 LUT5=2 LUT6=5)
  Clock Path Skew:        -0.009ns (DCD - SCD + CPR)
    Destination Clock Delay (DCD):    0.021ns = ( 4.021 - 4.000 ) 
    Source Clock Delay      (SCD):    0.030ns
    Clock Pessimism Removal (CPR):    0.000ns
  Clock Uncertainty:      0.035ns  ((TSJ^2 + TIJ^2)^1/2 + DJ) / 2 + PE
    Total System Jitter     (TSJ):    0.071ns
    Total Input Jitter      (TIJ):    0.000ns
    Discrete Jitter          (DJ):    0.000ns
    Phase Error              (PE):    0.000ns

    Location             Delay type                Incr(ns)  Path(ns)    Netlist Resource(s)
  -------------------------------------------------------------------    -------------------
                         (clock core_clk rise edge)
                                                      0.000     0.000 r  
                                                      0.000     0.000 r  clk (IN)
                         net (fo=23950, unset)        0.030     0.030    genblk1[0].lanes[5].lane/clk
                         FDRE                                         r  genblk1[0].lanes[5].lane/raw_q2_reg[sum_raw][22]/C
  -------------------------------------------------------------------    -------------------
                         FDRE (Prop_FDRE_C_Q)         0.078     0.108 r  genblk1[0].lanes[5].lane/raw_q2_reg[sum_raw][22]/Q
                         net (fo=4, unplaced)         0.104     0.212    genblk1[0].lanes[5].lane/raw_q2_reg[sum_raw_n_0_][22]
                         LUT4 (Prop_LUT4_I0_O)        0.100     0.312 r  genblk1[0].lanes[5].lane/norm_q3[is_zero]_i_7__25/O
                         net (fo=1, unplaced)         0.185     0.497    genblk1[0].lanes[5].lane/norm_q3[is_zero]_i_7__25_n_0
                         LUT5 (Prop_LUT5_I4_O)        0.038     0.535 r  genblk1[0].lanes[5].lane/norm_q3[is_zero]_i_4__25/O
                         net (fo=3, unplaced)         0.191     0.726    genblk1[0].lanes[5].lane/norm_q3[is_zero]_i_4__25_n_0
                         LUT4 (Prop_LUT4_I1_O)        0.038     0.764 r  genblk1[0].lanes[5].lane/norm_q3[exponent_norm][7]_i_11__25/O
                         net (fo=10, unplaced)        0.218     0.982    genblk1[0].lanes[5].lane/norm_q3[exponent_norm][7]_i_11__25_n_0
                         LUT3 (Prop_LUT3_I1_O)        0.038     1.020 r  genblk1[0].lanes[5].lane/norm_q3[exponent_norm][7]_i_13__25/O
                         net (fo=9, unplaced)         0.216     1.236    genblk1[0].lanes[5].lane/norm_q3[exponent_norm][7]_i_13__25_n_0
                         LUT2 (Prop_LUT2_I0_O)        0.038     1.274 r  genblk1[0].lanes[5].lane/norm_q3[sum_norm][14]_i_5__25/O
                         net (fo=33, unplaced)        0.245     1.519    genblk1[0].lanes[5].lane/norm_q3[sum_norm][14]_i_5__25_n_0
                         LUT6 (Prop_LUT6_I5_O)        0.038     1.557 r  genblk1[0].lanes[5].lane/norm_q3[sum_norm][26]_i_12__25/O
                         net (fo=6, unplaced)         0.162     1.719    genblk1[0].lanes[5].lane/norm_q3[sum_norm][26]_i_12__25_n_0
                         LUT6 (Prop_LUT6_I2_O)        0.090     1.809 r  genblk1[0].lanes[5].lane/norm_q3[sum_norm][26]_i_10__25/O
                         net (fo=16, unplaced)        0.229     2.038    genblk1[0].lanes[5].lane/norm_q3[sum_norm][26]_i_10__25_n_0
                         LUT6 (Prop_LUT6_I3_O)        0.038     2.076 r  genblk1[0].lanes[5].lane/norm_q3[sum_norm][26]_i_3__25/O
                         net (fo=5, unplaced)         0.203     2.279    genblk1[0].lanes[5].lane/norm_q3[sum_norm][26]_i_3__25_n_0
                         LUT4 (Prop_LUT4_I0_O)        0.070     2.349 f  genblk1[0].lanes[5].lane/norm_q3[sum_norm][26]_i_19__25/O
                         net (fo=1, unplaced)         0.242     2.591    genblk1[0].lanes[5].lane/norm_q3[sum_norm][26]_i_19__25_n_0
                         CARRY8 (Prop_CARRY8_DI[0]_CO[4])
                                                      0.184     2.775 f  genblk1[0].lanes[5].lane/norm_q3_reg[sum_norm][26]_i_4__24/CO[4]
                         net (fo=37, unplaced)        0.246     3.021    genblk1[0].lanes[5].lane/norm_q3_reg[sum_norm][26]_i_4__24_n_3
                         LUT2 (Prop_LUT2_I0_O)        0.038     3.059 r  genblk1[0].lanes[5].lane/norm_q3[sum_norm][24]_i_8__25/O
                         net (fo=2, unplaced)         0.185     3.244    genblk1[0].lanes[5].lane/norm_q3[sum_norm][24]_i_8__25_n_0
                         LUT6 (Prop_LUT6_I0_O)        0.038     3.282 r  genblk1[0].lanes[5].lane/norm_q3[sum_norm][24]_i_5__25/O
                         net (fo=25, unplaced)        0.239     3.521    genblk1[0].lanes[5].lane/norm_q3[sum_norm][24]_i_5__25_n_0
                         LUT6 (Prop_LUT6_I5_O)        0.038     3.559 r  genblk1[0].lanes[5].lane/norm_q3[sum_norm][2]_i_3__25/O
                         net (fo=1, unplaced)         0.185     3.744    genblk1[0].lanes[5].lane/norm_q3[sum_norm][2]_i_3__25_n_0
                         LUT5 (Prop_LUT5_I4_O)        0.038     3.782 r  genblk1[0].lanes[5].lane/norm_q3[sum_norm][2]_i_1__25/O
                         net (fo=1, unplaced)         0.048     3.830    genblk1[0].lanes[5].lane/fp32_normalize_mid[sum_norm]_return[2]
                         FDRE                                         r  genblk1[0].lanes[5].lane/norm_q3_reg[sum_norm][2]/D
  -------------------------------------------------------------------    -------------------

                         (clock core_clk rise edge)
                                                      4.000     4.000 r  
                                                      0.000     4.000 r  clk (IN)
                         net (fo=23950, unset)        0.021     4.021    genblk1[0].lanes[5].lane/clk
                         FDRE                                         r  genblk1[0].lanes[5].lane/norm_q3_reg[sum_norm][2]/C
                         clock pessimism              0.000     4.021    
                         clock uncertainty           -0.035     3.986    
                         FDRE (Setup_FDRE_C_D)        0.025     4.011    genblk1[0].lanes[5].lane/norm_q3_reg[sum_norm][2]
  -------------------------------------------------------------------
                         required time                          4.011    
                         arrival time                          -3.830    
  -------------------------------------------------------------------
                         slack                                  0.181    

Slack (MET) :             0.181ns  (required time - arrival time)
  Source:                 genblk1[0].lanes[8].lane/raw_q2_reg[sum_raw][22]/C
                            (rising edge-triggered cell FDRE clocked by core_clk  {rise@0.000ns fall@2.000ns period=4.000ns})
  Destination:            genblk1[0].lanes[8].lane/norm_q3_reg[sum_norm][1]/D
                            (rising edge-triggered cell FDRE clocked by core_clk  {rise@0.000ns fall@2.000ns period=4.000ns})
  Path Group:             core_clk
  Path Type:              Setup (Max at Slow Process Corner)
  Requirement:            4.000ns  (core_clk rise@4.000ns - core_clk rise@0.000ns)
  Data Path Delay:        3.800ns  (logic 0.902ns (23.737%)  route 2.898ns (76.263%))
  Logic Levels:           14  (CARRY8=1 LUT2=2 LUT3=1 LUT4=3 LUT5=3 LUT6=4)
  Clock Path Skew:        -0.009ns (DCD - SCD + CPR)
    Destination Clock Delay (DCD):    0.021ns = ( 4.021 - 4.000 ) 
    Source Clock Delay      (SCD):    0.030ns
    Clock Pessimism Removal (CPR):    0.000ns
  Clock Uncertainty:      0.035ns  ((TSJ^2 + TIJ^2)^1/2 + DJ) / 2 + PE
    Total System Jitter     (TSJ):    0.071ns
    Total Input Jitter      (TIJ):    0.000ns
    Discrete Jitter          (DJ):    0.000ns
    Phase Error              (PE):    0.000ns

    Location             Delay type                Incr(ns)  Path(ns)    Netlist Resource(s)
  -------------------------------------------------------------------    -------------------
                         (clock core_clk rise edge)
                                                      0.000     0.000 r  
                                                      0.000     0.000 r  clk (IN)
                         net (fo=23950, unset)        0.030     0.030    genblk1[0].lanes[8].lane/clk
                         FDRE                                         r  genblk1[0].lanes[8].lane/raw_q2_reg[sum_raw][22]/C
  -------------------------------------------------------------------    -------------------
                         FDRE (Prop_FDRE_C_Q)         0.078     0.108 r  genblk1[0].lanes[8].lane/raw_q2_reg[sum_raw][22]/Q
                         net (fo=4, unplaced)         0.104     0.212    genblk1[0].lanes[8].lane/raw_q2_reg[sum_raw_n_0_][22]
                         LUT4 (Prop_LUT4_I0_O)        0.100     0.312 r  genblk1[0].lanes[8].lane/norm_q3[is_zero]_i_7__18/O
                         net (fo=1, unplaced)         0.185     0.497    genblk1[0].lanes[8].lane/norm_q3[is_zero]_i_7__18_n_0
                         LUT5 (Prop_LUT5_I4_O)        0.038     0.535 r  genblk1[0].lanes[8].lane/norm_q3[is_zero]_i_4__18/O
                         net (fo=3, unplaced)         0.191     0.726    genblk1[0].lanes[8].lane/norm_q3[is_zero]_i_4__18_n_0
                         LUT4 (Prop_LUT4_I1_O)        0.038     0.764 r  genblk1[0].lanes[8].lane/norm_q3[exponent_norm][7]_i_11__18/O
                         net (fo=10, unplaced)        0.218     0.982    genblk1[0].lanes[8].lane/norm_q3[exponent_norm][7]_i_11__18_n_0
                         LUT3 (Prop_LUT3_I1_O)        0.038     1.020 r  genblk1[0].lanes[8].lane/norm_q3[exponent_norm][7]_i_13__18/O
                         net (fo=9, unplaced)         0.216     1.236    genblk1[0].lanes[8].lane/norm_q3[exponent_norm][7]_i_13__18_n_0
                         LUT2 (Prop_LUT2_I0_O)        0.038     1.274 r  genblk1[0].lanes[8].lane/norm_q3[sum_norm][14]_i_5__18/O
                         net (fo=33, unplaced)        0.245     1.519    genblk1[0].lanes[8].lane/norm_q3[sum_norm][14]_i_5__18_n_0
                         LUT6 (Prop_LUT6_I5_O)        0.038     1.557 r  genblk1[0].lanes[8].lane/norm_q3[sum_norm][26]_i_12__18/O
                         net (fo=6, unplaced)         0.162     1.719    genblk1[0].lanes[8].lane/norm_q3[sum_norm][26]_i_12__18_n_0
                         LUT6 (Prop_LUT6_I2_O)        0.090     1.809 r  genblk1[0].lanes[8].lane/norm_q3[sum_norm][26]_i_10__18/O
                         net (fo=16, unplaced)        0.229     2.038    genblk1[0].lanes[8].lane/norm_q3[sum_norm][26]_i_10__18_n_0
                         LUT6 (Prop_LUT6_I3_O)        0.038     2.076 r  genblk1[0].lanes[8].lane/norm_q3[sum_norm][26]_i_3__18/O
                         net (fo=5, unplaced)         0.203     2.279    genblk1[0].lanes[8].lane/norm_q3[sum_norm][26]_i_3__18_n_0
                         LUT4 (Prop_LUT4_I0_O)        0.070     2.349 f  genblk1[0].lanes[8].lane/norm_q3[sum_norm][26]_i_19__18/O
                         net (fo=1, unplaced)         0.242     2.591    genblk1[0].lanes[8].lane/norm_q3[sum_norm][26]_i_19__18_n_0
                         CARRY8 (Prop_CARRY8_DI[0]_CO[4])
                                                      0.184     2.775 f  genblk1[0].lanes[8].lane/norm_q3_reg[sum_norm][26]_i_4__17/CO[4]
                         net (fo=37, unplaced)        0.246     3.021    genblk1[0].lanes[8].lane/norm_q3_reg[sum_norm][26]_i_4__17_n_3
                         LUT2 (Prop_LUT2_I0_O)        0.038     3.059 r  genblk1[0].lanes[8].lane/norm_q3[sum_norm][24]_i_8__18/O
                         net (fo=2, unplaced)         0.185     3.244    genblk1[0].lanes[8].lane/norm_q3[sum_norm][24]_i_8__18_n_0
                         LUT6 (Prop_LUT6_I0_O)        0.038     3.282 r  genblk1[0].lanes[8].lane/norm_q3[sum_norm][24]_i_5__18/O
                         net (fo=25, unplaced)        0.239     3.521    genblk1[0].lanes[8].lane/norm_q3[sum_norm][24]_i_5__18_n_0
                         LUT5 (Prop_LUT5_I2_O)        0.038     3.559 r  genblk1[0].lanes[8].lane/norm_q3[sum_norm][1]_i_2__18/O
                         net (fo=1, unplaced)         0.185     3.744    genblk1[0].lanes[8].lane/norm_q3[sum_norm][1]_i_2__18_n_0
                         LUT5 (Prop_LUT5_I4_O)        0.038     3.782 r  genblk1[0].lanes[8].lane/norm_q3[sum_norm][1]_i_1__18/O
                         net (fo=1, unplaced)         0.048     3.830    genblk1[0].lanes[8].lane/fp32_normalize_mid[sum_norm]_return[1]
                         FDRE                                         r  genblk1[0].lanes[8].lane/norm_q3_reg[sum_norm][1]/D
  -------------------------------------------------------------------    -------------------

                         (clock core_clk rise edge)
                                                      4.000     4.000 r  
                                                      0.000     4.000 r  clk (IN)
                         net (fo=23950, unset)        0.021     4.021    genblk1[0].lanes[8].lane/clk
                         FDRE                                         r  genblk1[0].lanes[8].lane/norm_q3_reg[sum_norm][1]/C
                         clock pessimism              0.000     4.021    
                         clock uncertainty           -0.035     3.986    
                         FDRE (Setup_FDRE_C_D)        0.025     4.011    genblk1[0].lanes[8].lane/norm_q3_reg[sum_norm][1]
  -------------------------------------------------------------------
                         required time                          4.011    
                         arrival time                          -3.830    
  -------------------------------------------------------------------
                         slack                                  0.181    

Slack (MET) :             0.181ns  (required time - arrival time)
  Source:                 genblk1[0].lanes[8].lane/raw_q2_reg[sum_raw][22]/C
                            (rising edge-triggered cell FDRE clocked by core_clk  {rise@0.000ns fall@2.000ns period=4.000ns})
  Destination:            genblk1[0].lanes[8].lane/norm_q3_reg[sum_norm][25]/D
                            (rising edge-triggered cell FDRE clocked by core_clk  {rise@0.000ns fall@2.000ns period=4.000ns})
  Path Group:             core_clk
  Path Type:              Setup (Max at Slow Process Corner)
  Requirement:            4.000ns  (core_clk rise@4.000ns - core_clk rise@0.000ns)
  Data Path Delay:        3.800ns  (logic 0.902ns (23.737%)  route 2.898ns (76.263%))
  Logic Levels:           14  (CARRY8=1 LUT2=2 LUT3=1 LUT4=3 LUT5=1 LUT6=6)
  Clock Path Skew:        -0.009ns (DCD - SCD + CPR)
    Destination Clock Delay (DCD):    0.021ns = ( 4.021 - 4.000 ) 
    Source Clock Delay      (SCD):    0.030ns
    Clock Pessimism Removal (CPR):    0.000ns
  Clock Uncertainty:      0.035ns  ((TSJ^2 + TIJ^2)^1/2 + DJ) / 2 + PE
    Total System Jitter     (TSJ):    0.071ns
    Total Input Jitter      (TIJ):    0.000ns
    Discrete Jitter          (DJ):    0.000ns
    Phase Error              (PE):    0.000ns

    Location             Delay type                Incr(ns)  Path(ns)    Netlist Resource(s)
  -------------------------------------------------------------------    -------------------
                         (clock core_clk rise edge)
                                                      0.000     0.000 r  
                                                      0.000     0.000 r  clk (IN)
                         net (fo=23950, unset)        0.030     0.030    genblk1[0].lanes[8].lane/clk
                         FDRE                                         r  genblk1[0].lanes[8].lane/raw_q2_reg[sum_raw][22]/C
  -------------------------------------------------------------------    -------------------
                         FDRE (Prop_FDRE_C_Q)         0.078     0.108 r  genblk1[0].lanes[8].lane/raw_q2_reg[sum_raw][22]/Q
                         net (fo=4, unplaced)         0.104     0.212    genblk1[0].lanes[8].lane/raw_q2_reg[sum_raw_n_0_][22]
                         LUT4 (Prop_LUT4_I0_O)        0.100     0.312 r  genblk1[0].lanes[8].lane/norm_q3[is_zero]_i_7__18/O
                         net (fo=1, unplaced)         0.185     0.497    genblk1[0].lanes[8].lane/norm_q3[is_zero]_i_7__18_n_0
                         LUT5 (Prop_LUT5_I4_O)        0.038     0.535 r  genblk1[0].lanes[8].lane/norm_q3[is_zero]_i_4__18/O
                         net (fo=3, unplaced)         0.191     0.726    genblk1[0].lanes[8].lane/norm_q3[is_zero]_i_4__18_n_0
                         LUT4 (Prop_LUT4_I1_O)        0.038     0.764 r  genblk1[0].lanes[8].lane/norm_q3[exponent_norm][7]_i_11__18/O
                         net (fo=10, unplaced)        0.218     0.982    genblk1[0].lanes[8].lane/norm_q3[exponent_norm][7]_i_11__18_n_0
                         LUT3 (Prop_LUT3_I1_O)        0.038     1.020 r  genblk1[0].lanes[8].lane/norm_q3[exponent_norm][7]_i_13__18/O
                         net (fo=9, unplaced)         0.216     1.236    genblk1[0].lanes[8].lane/norm_q3[exponent_norm][7]_i_13__18_n_0
                         LUT2 (Prop_LUT2_I0_O)        0.038     1.274 r  genblk1[0].lanes[8].lane/norm_q3[sum_norm][14]_i_5__18/O
                         net (fo=33, unplaced)        0.245     1.519    genblk1[0].lanes[8].lane/norm_q3[sum_norm][14]_i_5__18_n_0
                         LUT6 (Prop_LUT6_I5_O)        0.038     1.557 r  genblk1[0].lanes[8].lane/norm_q3[sum_norm][26]_i_12__18/O
                         net (fo=6, unplaced)         0.162     1.719    genblk1[0].lanes[8].lane/norm_q3[sum_norm][26]_i_12__18_n_0
                         LUT6 (Prop_LUT6_I2_O)        0.090     1.809 r  genblk1[0].lanes[8].lane/norm_q3[sum_norm][26]_i_10__18/O
                         net (fo=16, unplaced)        0.229     2.038    genblk1[0].lanes[8].lane/norm_q3[sum_norm][26]_i_10__18_n_0
                         LUT6 (Prop_LUT6_I3_O)        0.038     2.076 r  genblk1[0].lanes[8].lane/norm_q3[sum_norm][26]_i_3__18/O
                         net (fo=5, unplaced)         0.203     2.279    genblk1[0].lanes[8].lane/norm_q3[sum_norm][26]_i_3__18_n_0
                         LUT4 (Prop_LUT4_I0_O)        0.070     2.349 f  genblk1[0].lanes[8].lane/norm_q3[sum_norm][26]_i_19__18/O
                         net (fo=1, unplaced)         0.242     2.591    genblk1[0].lanes[8].lane/norm_q3[sum_norm][26]_i_19__18_n_0
                         CARRY8 (Prop_CARRY8_DI[0]_CO[4])
                                                      0.184     2.775 f  genblk1[0].lanes[8].lane/norm_q3_reg[sum_norm][26]_i_4__17/CO[4]
                         net (fo=37, unplaced)        0.246     3.021    genblk1[0].lanes[8].lane/norm_q3_reg[sum_norm][26]_i_4__17_n_3
                         LUT2 (Prop_LUT2_I0_O)        0.038     3.059 r  genblk1[0].lanes[8].lane/norm_q3[sum_norm][24]_i_8__18/O
                         net (fo=2, unplaced)         0.185     3.244    genblk1[0].lanes[8].lane/norm_q3[sum_norm][24]_i_8__18_n_0
                         LUT6 (Prop_LUT6_I0_O)        0.038     3.282 r  genblk1[0].lanes[8].lane/norm_q3[sum_norm][24]_i_5__18/O
                         net (fo=25, unplaced)        0.239     3.521    genblk1[0].lanes[8].lane/norm_q3[sum_norm][24]_i_5__18_n_0
                         LUT6 (Prop_LUT6_I2_O)        0.038     3.559 r  genblk1[0].lanes[8].lane/norm_q3[sum_norm][25]_i_2__18/O
                         net (fo=1, unplaced)         0.185     3.744    genblk1[0].lanes[8].lane/norm_q3[sum_norm][25]_i_2__18_n_0
                         LUT6 (Prop_LUT6_I0_O)        0.038     3.782 r  genblk1[0].lanes[8].lane/norm_q3[sum_norm][25]_i_1__18/O
                         net (fo=1, unplaced)         0.048     3.830    genblk1[0].lanes[8].lane/fp32_normalize_mid[sum_norm]_return[25]
                         FDRE                                         r  genblk1[0].lanes[8].lane/norm_q3_reg[sum_norm][25]/D
  -------------------------------------------------------------------    -------------------

                         (clock core_clk rise edge)
                                                      4.000     4.000 r  
                                                      0.000     4.000 r  clk (IN)
                         net (fo=23950, unset)        0.021     4.021    genblk1[0].lanes[8].lane/clk
                         FDRE                                         r  genblk1[0].lanes[8].lane/norm_q3_reg[sum_norm][25]/C
                         clock pessimism              0.000     4.021    
                         clock uncertainty           -0.035     3.986    
                         FDRE (Setup_FDRE_C_D)        0.025     4.011    genblk1[0].lanes[8].lane/norm_q3_reg[sum_norm][25]
  -------------------------------------------------------------------
                         required time                          4.011    
                         arrival time                          -3.830    
  -------------------------------------------------------------------
                         slack                                  0.181    

Slack (MET) :             0.181ns  (required time - arrival time)
  Source:                 genblk1[0].lanes[8].lane/raw_q2_reg[sum_raw][22]/C
                            (rising edge-triggered cell FDRE clocked by core_clk  {rise@0.000ns fall@2.000ns period=4.000ns})
  Destination:            genblk1[0].lanes[8].lane/norm_q3_reg[sum_norm][2]/D
                            (rising edge-triggered cell FDRE clocked by core_clk  {rise@0.000ns fall@2.000ns period=4.000ns})
  Path Group:             core_clk
  Path Type:              Setup (Max at Slow Process Corner)
  Requirement:            4.000ns  (core_clk rise@4.000ns - core_clk rise@0.000ns)
  Data Path Delay:        3.800ns  (logic 0.902ns (23.737%)  route 2.898ns (76.263%))
  Logic Levels:           14  (CARRY8=1 LUT2=2 LUT3=1 LUT4=3 LUT5=2 LUT6=5)
  Clock Path Skew:        -0.009ns (DCD - SCD + CPR)
    Destination Clock Delay (DCD):    0.021ns = ( 4.021 - 4.000 ) 
    Source Clock Delay      (SCD):    0.030ns
    Clock Pessimism Removal (CPR):    0.000ns
  Clock Uncertainty:      0.035ns  ((TSJ^2 + TIJ^2)^1/2 + DJ) / 2 + PE
    Total System Jitter     (TSJ):    0.071ns
    Total Input Jitter      (TIJ):    0.000ns
    Discrete Jitter          (DJ):    0.000ns
    Phase Error              (PE):    0.000ns

    Location             Delay type                Incr(ns)  Path(ns)    Netlist Resource(s)
  -------------------------------------------------------------------    -------------------
                         (clock core_clk rise edge)
                                                      0.000     0.000 r  
                                                      0.000     0.000 r  clk (IN)
                         net (fo=23950, unset)        0.030     0.030    genblk1[0].lanes[8].lane/clk
                         FDRE                                         r  genblk1[0].lanes[8].lane/raw_q2_reg[sum_raw][22]/C
  -------------------------------------------------------------------    -------------------
                         FDRE (Prop_FDRE_C_Q)         0.078     0.108 r  genblk1[0].lanes[8].lane/raw_q2_reg[sum_raw][22]/Q
                         net (fo=4, unplaced)         0.104     0.212    genblk1[0].lanes[8].lane/raw_q2_reg[sum_raw_n_0_][22]
                         LUT4 (Prop_LUT4_I0_O)        0.100     0.312 r  genblk1[0].lanes[8].lane/norm_q3[is_zero]_i_7__18/O
                         net (fo=1, unplaced)         0.185     0.497    genblk1[0].lanes[8].lane/norm_q3[is_zero]_i_7__18_n_0
                         LUT5 (Prop_LUT5_I4_O)        0.038     0.535 r  genblk1[0].lanes[8].lane/norm_q3[is_zero]_i_4__18/O
                         net (fo=3, unplaced)         0.191     0.726    genblk1[0].lanes[8].lane/norm_q3[is_zero]_i_4__18_n_0
                         LUT4 (Prop_LUT4_I1_O)        0.038     0.764 r  genblk1[0].lanes[8].lane/norm_q3[exponent_norm][7]_i_11__18/O
                         net (fo=10, unplaced)        0.218     0.982    genblk1[0].lanes[8].lane/norm_q3[exponent_norm][7]_i_11__18_n_0
                         LUT3 (Prop_LUT3_I1_O)        0.038     1.020 r  genblk1[0].lanes[8].lane/norm_q3[exponent_norm][7]_i_13__18/O
                         net (fo=9, unplaced)         0.216     1.236    genblk1[0].lanes[8].lane/norm_q3[exponent_norm][7]_i_13__18_n_0
                         LUT2 (Prop_LUT2_I0_O)        0.038     1.274 r  genblk1[0].lanes[8].lane/norm_q3[sum_norm][14]_i_5__18/O
                         net (fo=33, unplaced)        0.245     1.519    genblk1[0].lanes[8].lane/norm_q3[sum_norm][14]_i_5__18_n_0
                         LUT6 (Prop_LUT6_I5_O)        0.038     1.557 r  genblk1[0].lanes[8].lane/norm_q3[sum_norm][26]_i_12__18/O
                         net (fo=6, unplaced)         0.162     1.719    genblk1[0].lanes[8].lane/norm_q3[sum_norm][26]_i_12__18_n_0
                         LUT6 (Prop_LUT6_I2_O)        0.090     1.809 r  genblk1[0].lanes[8].lane/norm_q3[sum_norm][26]_i_10__18/O
                         net (fo=16, unplaced)        0.229     2.038    genblk1[0].lanes[8].lane/norm_q3[sum_norm][26]_i_10__18_n_0
                         LUT6 (Prop_LUT6_I3_O)        0.038     2.076 r  genblk1[0].lanes[8].lane/norm_q3[sum_norm][26]_i_3__18/O
                         net (fo=5, unplaced)         0.203     2.279    genblk1[0].lanes[8].lane/norm_q3[sum_norm][26]_i_3__18_n_0
                         LUT4 (Prop_LUT4_I0_O)        0.070     2.349 f  genblk1[0].lanes[8].lane/norm_q3[sum_norm][26]_i_19__18/O
                         net (fo=1, unplaced)         0.242     2.591    genblk1[0].lanes[8].lane/norm_q3[sum_norm][26]_i_19__18_n_0
                         CARRY8 (Prop_CARRY8_DI[0]_CO[4])
                                                      0.184     2.775 f  genblk1[0].lanes[8].lane/norm_q3_reg[sum_norm][26]_i_4__17/CO[4]
                         net (fo=37, unplaced)        0.246     3.021    genblk1[0].lanes[8].lane/norm_q3_reg[sum_norm][26]_i_4__17_n_3
                         LUT2 (Prop_LUT2_I0_O)        0.038     3.059 r  genblk1[0].lanes[8].lane/norm_q3[sum_norm][24]_i_8__18/O
                         net (fo=2, unplaced)         0.185     3.244    genblk1[0].lanes[8].lane/norm_q3[sum_norm][24]_i_8__18_n_0
                         LUT6 (Prop_LUT6_I0_O)        0.038     3.282 r  genblk1[0].lanes[8].lane/norm_q3[sum_norm][24]_i_5__18/O
                         net (fo=25, unplaced)        0.239     3.521    genblk1[0].lanes[8].lane/norm_q3[sum_norm][24]_i_5__18_n_0
                         LUT6 (Prop_LUT6_I5_O)        0.038     3.559 r  genblk1[0].lanes[8].lane/norm_q3[sum_norm][2]_i_3__18/O
                         net (fo=1, unplaced)         0.185     3.744    genblk1[0].lanes[8].lane/norm_q3[sum_norm][2]_i_3__18_n_0
                         LUT5 (Prop_LUT5_I4_O)        0.038     3.782 r  genblk1[0].lanes[8].lane/norm_q3[sum_norm][2]_i_1__18/O
                         net (fo=1, unplaced)         0.048     3.830    genblk1[0].lanes[8].lane/fp32_normalize_mid[sum_norm]_return[2]
                         FDRE                                         r  genblk1[0].lanes[8].lane/norm_q3_reg[sum_norm][2]/D
  -------------------------------------------------------------------    -------------------

                         (clock core_clk rise edge)
                                                      4.000     4.000 r  
                                                      0.000     4.000 r  clk (IN)
                         net (fo=23950, unset)        0.021     4.021    genblk1[0].lanes[8].lane/clk
                         FDRE                                         r  genblk1[0].lanes[8].lane/norm_q3_reg[sum_norm][2]/C
                         clock pessimism              0.000     4.021    
                         clock uncertainty           -0.035     3.986    
                         FDRE (Setup_FDRE_C_D)        0.025     4.011    genblk1[0].lanes[8].lane/norm_q3_reg[sum_norm][2]
  -------------------------------------------------------------------
                         required time                          4.011    
                         arrival time                          -3.830    
  -------------------------------------------------------------------
                         slack                                  0.181    

Slack (MET) :             0.181ns  (required time - arrival time)
  Source:                 genblk1[0].lanes[9].lane/raw_q2_reg[sum_raw][22]/C
                            (rising edge-triggered cell FDRE clocked by core_clk  {rise@0.000ns fall@2.000ns period=4.000ns})
  Destination:            genblk1[0].lanes[9].lane/norm_q3_reg[sum_norm][1]/D
                            (rising edge-triggered cell FDRE clocked by core_clk  {rise@0.000ns fall@2.000ns period=4.000ns})
  Path Group:             core_clk
  Path Type:              Setup (Max at Slow Process Corner)
  Requirement:            4.000ns  (core_clk rise@4.000ns - core_clk rise@0.000ns)
  Data Path Delay:        3.800ns  (logic 0.902ns (23.737%)  route 2.898ns (76.263%))
  Logic Levels:           14  (CARRY8=1 LUT2=2 LUT3=1 LUT4=3 LUT5=3 LUT6=4)
  Clock Path Skew:        -0.009ns (DCD - SCD + CPR)
    Destination Clock Delay (DCD):    0.021ns = ( 4.021 - 4.000 ) 
    Source Clock Delay      (SCD):    0.030ns
    Clock Pessimism Removal (CPR):    0.000ns
  Clock Uncertainty:      0.035ns  ((TSJ^2 + TIJ^2)^1/2 + DJ) / 2 + PE
    Total System Jitter     (TSJ):    0.071ns
    Total Input Jitter      (TIJ):    0.000ns
    Discrete Jitter          (DJ):    0.000ns
    Phase Error              (PE):    0.000ns

    Location             Delay type                Incr(ns)  Path(ns)    Netlist Resource(s)
  -------------------------------------------------------------------    -------------------
                         (clock core_clk rise edge)
                                                      0.000     0.000 r  
                                                      0.000     0.000 r  clk (IN)
                         net (fo=23950, unset)        0.030     0.030    genblk1[0].lanes[9].lane/clk
                         FDRE                                         r  genblk1[0].lanes[9].lane/raw_q2_reg[sum_raw][22]/C
  -------------------------------------------------------------------    -------------------
                         FDRE (Prop_FDRE_C_Q)         0.078     0.108 r  genblk1[0].lanes[9].lane/raw_q2_reg[sum_raw][22]/Q
                         net (fo=4, unplaced)         0.104     0.212    genblk1[0].lanes[9].lane/raw_q2_reg[sum_raw_n_0_][22]
                         LUT4 (Prop_LUT4_I0_O)        0.100     0.312 r  genblk1[0].lanes[9].lane/norm_q3[is_zero]_i_7__19/O
                         net (fo=1, unplaced)         0.185     0.497    genblk1[0].lanes[9].lane/norm_q3[is_zero]_i_7__19_n_0
                         LUT5 (Prop_LUT5_I4_O)        0.038     0.535 r  genblk1[0].lanes[9].lane/norm_q3[is_zero]_i_4__19/O
                         net (fo=3, unplaced)         0.191     0.726    genblk1[0].lanes[9].lane/norm_q3[is_zero]_i_4__19_n_0
                         LUT4 (Prop_LUT4_I1_O)        0.038     0.764 r  genblk1[0].lanes[9].lane/norm_q3[exponent_norm][7]_i_11__19/O
                         net (fo=10, unplaced)        0.218     0.982    genblk1[0].lanes[9].lane/norm_q3[exponent_norm][7]_i_11__19_n_0
                         LUT3 (Prop_LUT3_I1_O)        0.038     1.020 r  genblk1[0].lanes[9].lane/norm_q3[exponent_norm][7]_i_13__19/O
                         net (fo=9, unplaced)         0.216     1.236    genblk1[0].lanes[9].lane/norm_q3[exponent_norm][7]_i_13__19_n_0
                         LUT2 (Prop_LUT2_I0_O)        0.038     1.274 r  genblk1[0].lanes[9].lane/norm_q3[sum_norm][14]_i_5__19/O
                         net (fo=33, unplaced)        0.245     1.519    genblk1[0].lanes[9].lane/norm_q3[sum_norm][14]_i_5__19_n_0
                         LUT6 (Prop_LUT6_I5_O)        0.038     1.557 r  genblk1[0].lanes[9].lane/norm_q3[sum_norm][26]_i_12__19/O
                         net (fo=6, unplaced)         0.162     1.719    genblk1[0].lanes[9].lane/norm_q3[sum_norm][26]_i_12__19_n_0
                         LUT6 (Prop_LUT6_I2_O)        0.090     1.809 r  genblk1[0].lanes[9].lane/norm_q3[sum_norm][26]_i_10__19/O
                         net (fo=16, unplaced)        0.229     2.038    genblk1[0].lanes[9].lane/norm_q3[sum_norm][26]_i_10__19_n_0
                         LUT6 (Prop_LUT6_I3_O)        0.038     2.076 r  genblk1[0].lanes[9].lane/norm_q3[sum_norm][26]_i_3__19/O
                         net (fo=5, unplaced)         0.203     2.279    genblk1[0].lanes[9].lane/norm_q3[sum_norm][26]_i_3__19_n_0
                         LUT4 (Prop_LUT4_I0_O)        0.070     2.349 f  genblk1[0].lanes[9].lane/norm_q3[sum_norm][26]_i_19__19/O
                         net (fo=1, unplaced)         0.242     2.591    genblk1[0].lanes[9].lane/norm_q3[sum_norm][26]_i_19__19_n_0
                         CARRY8 (Prop_CARRY8_DI[0]_CO[4])
                                                      0.184     2.775 f  genblk1[0].lanes[9].lane/norm_q3_reg[sum_norm][26]_i_4__18/CO[4]
                         net (fo=37, unplaced)        0.246     3.021    genblk1[0].lanes[9].lane/norm_q3_reg[sum_norm][26]_i_4__18_n_3
                         LUT2 (Prop_LUT2_I0_O)        0.038     3.059 r  genblk1[0].lanes[9].lane/norm_q3[sum_norm][24]_i_8__19/O
                         net (fo=2, unplaced)         0.185     3.244    genblk1[0].lanes[9].lane/norm_q3[sum_norm][24]_i_8__19_n_0
                         LUT6 (Prop_LUT6_I0_O)        0.038     3.282 r  genblk1[0].lanes[9].lane/norm_q3[sum_norm][24]_i_5__19/O
                         net (fo=25, unplaced)        0.239     3.521    genblk1[0].lanes[9].lane/norm_q3[sum_norm][24]_i_5__19_n_0
                         LUT5 (Prop_LUT5_I2_O)        0.038     3.559 r  genblk1[0].lanes[9].lane/norm_q3[sum_norm][1]_i_2__19/O
                         net (fo=1, unplaced)         0.185     3.744    genblk1[0].lanes[9].lane/norm_q3[sum_norm][1]_i_2__19_n_0
                         LUT5 (Prop_LUT5_I4_O)        0.038     3.782 r  genblk1[0].lanes[9].lane/norm_q3[sum_norm][1]_i_1__19/O
                         net (fo=1, unplaced)         0.048     3.830    genblk1[0].lanes[9].lane/fp32_normalize_mid[sum_norm]_return[1]
                         FDRE                                         r  genblk1[0].lanes[9].lane/norm_q3_reg[sum_norm][1]/D
  -------------------------------------------------------------------    -------------------

                         (clock core_clk rise edge)
                                                      4.000     4.000 r  
                                                      0.000     4.000 r  clk (IN)
                         net (fo=23950, unset)        0.021     4.021    genblk1[0].lanes[9].lane/clk
                         FDRE                                         r  genblk1[0].lanes[9].lane/norm_q3_reg[sum_norm][1]/C
                         clock pessimism              0.000     4.021    
                         clock uncertainty           -0.035     3.986    
                         FDRE (Setup_FDRE_C_D)        0.025     4.011    genblk1[0].lanes[9].lane/norm_q3_reg[sum_norm][1]
  -------------------------------------------------------------------
                         required time                          4.011    
                         arrival time                          -3.830    
  -------------------------------------------------------------------
                         slack                                  0.181    





Pulse Width Checks
--------------------------------------------------------------------------------------
Clock Name:         core_clk
Waveform(ns):       { 0.000 2.000 }
Period(ns):         4.000
Sources:            { clk }

Check Type        Corner  Lib Pin             Reference Pin  Required(ns)  Actual(ns)  Slack(ns)  Location  Pin
Min Period        n/a     RAMB36E2/CLKARDCLK  n/a            1.569         4.000       2.431                acc_store/banks[2].parity[0].ram/mem_reg_0/CLKARDCLK
Min Period        n/a     RAMB36E2/CLKBWRCLK  n/a            1.569         4.000       2.431                acc_store/banks[2].parity[0].ram/mem_reg_0/CLKBWRCLK
Min Period        n/a     RAMB36E2/CLKARDCLK  n/a            1.569         4.000       2.431                acc_store/banks[2].parity[0].ram/mem_reg_1/CLKARDCLK
Min Period        n/a     RAMB36E2/CLKBWRCLK  n/a            1.569         4.000       2.431                acc_store/banks[2].parity[0].ram/mem_reg_1/CLKBWRCLK
Min Period        n/a     RAMB36E2/CLKARDCLK  n/a            1.569         4.000       2.431                acc_store/banks[2].parity[0].ram/mem_reg_2/CLKARDCLK
Min Period        n/a     RAMB36E2/CLKBWRCLK  n/a            1.569         4.000       2.431                acc_store/banks[2].parity[0].ram/mem_reg_2/CLKBWRCLK
Min Period        n/a     RAMB36E2/CLKARDCLK  n/a            1.569         4.000       2.431                acc_store/banks[2].parity[0].ram/mem_reg_3/CLKARDCLK
Min Period        n/a     RAMB36E2/CLKBWRCLK  n/a            1.569         4.000       2.431                acc_store/banks[2].parity[0].ram/mem_reg_3/CLKBWRCLK
Min Period        n/a     RAMB36E2/CLKARDCLK  n/a            1.569         4.000       2.431                acc_store/banks[2].parity[0].ram/mem_reg_4/CLKARDCLK
Min Period        n/a     RAMB36E2/CLKBWRCLK  n/a            1.569         4.000       2.431                acc_store/banks[2].parity[0].ram/mem_reg_4/CLKBWRCLK
Low Pulse Width   Slow    RAMB36E2/CLKARDCLK  n/a            0.542         2.000       1.458                acc_store/banks[2].parity[0].ram/mem_reg_0/CLKARDCLK
Low Pulse Width   Fast    RAMB36E2/CLKARDCLK  n/a            0.542         2.000       1.458                acc_store/banks[2].parity[0].ram/mem_reg_0/CLKARDCLK
Low Pulse Width   Slow    RAMB36E2/CLKBWRCLK  n/a            0.542         2.000       1.458                acc_store/banks[2].parity[0].ram/mem_reg_0/CLKBWRCLK
Low Pulse Width   Fast    RAMB36E2/CLKBWRCLK  n/a            0.542         2.000       1.458                acc_store/banks[2].parity[0].ram/mem_reg_0/CLKBWRCLK
Low Pulse Width   Slow    RAMB36E2/CLKARDCLK  n/a            0.542         2.000       1.458                acc_store/banks[2].parity[0].ram/mem_reg_1/CLKARDCLK
Low Pulse Width   Fast    RAMB36E2/CLKARDCLK  n/a            0.542         2.000       1.458                acc_store/banks[2].parity[0].ram/mem_reg_1/CLKARDCLK
Low Pulse Width   Slow    RAMB36E2/CLKBWRCLK  n/a            0.542         2.000       1.458                acc_store/banks[2].parity[0].ram/mem_reg_1/CLKBWRCLK
Low Pulse Width   Fast    RAMB36E2/CLKBWRCLK  n/a            0.542         2.000       1.458                acc_store/banks[2].parity[0].ram/mem_reg_1/CLKBWRCLK
Low Pulse Width   Slow    RAMB36E2/CLKARDCLK  n/a            0.542         2.000       1.458                acc_store/banks[2].parity[0].ram/mem_reg_2/CLKARDCLK
Low Pulse Width   Fast    RAMB36E2/CLKARDCLK  n/a            0.542         2.000       1.458                acc_store/banks[2].parity[0].ram/mem_reg_2/CLKARDCLK
High Pulse Width  Slow    RAMB36E2/CLKARDCLK  n/a            0.542         2.000       1.458                acc_store/banks[2].parity[0].ram/mem_reg_0/CLKARDCLK
High Pulse Width  Fast    RAMB36E2/CLKARDCLK  n/a            0.542         2.000       1.458                acc_store/banks[2].parity[0].ram/mem_reg_0/CLKARDCLK
High Pulse Width  Slow    RAMB36E2/CLKBWRCLK  n/a            0.542         2.000       1.458                acc_store/banks[2].parity[0].ram/mem_reg_0/CLKBWRCLK
High Pulse Width  Fast    RAMB36E2/CLKBWRCLK  n/a            0.542         2.000       1.458                acc_store/banks[2].parity[0].ram/mem_reg_0/CLKBWRCLK
High Pulse Width  Slow    RAMB36E2/CLKARDCLK  n/a            0.542         2.000       1.458                acc_store/banks[2].parity[0].ram/mem_reg_1/CLKARDCLK
High Pulse Width  Fast    RAMB36E2/CLKARDCLK  n/a            0.542         2.000       1.458                acc_store/banks[2].parity[0].ram/mem_reg_1/CLKARDCLK
High Pulse Width  Slow    RAMB36E2/CLKBWRCLK  n/a            0.542         2.000       1.458                acc_store/banks[2].parity[0].ram/mem_reg_1/CLKBWRCLK
High Pulse Width  Fast    RAMB36E2/CLKBWRCLK  n/a            0.542         2.000       1.458                acc_store/banks[2].parity[0].ram/mem_reg_1/CLKBWRCLK
High Pulse Width  Slow    RAMB36E2/CLKARDCLK  n/a            0.542         2.000       1.458                acc_store/banks[2].parity[0].ram/mem_reg_2/CLKARDCLK
High Pulse Width  Fast    RAMB36E2/CLKARDCLK  n/a            0.542         2.000       1.458                acc_store/banks[2].parity[0].ram/mem_reg_2/CLKARDCLK



