Copyright 1986-2022 Xilinx, Inc. All Rights Reserved.
---------------------------------------------------------------------------------------------------------------------------------------------
| Tool Version : Vivado v.2022.2 (win64) Build 3671981 Fri Oct 14 05:00:03 MDT 2022
| Date         : Wed Sep 30 12:39:01 2026
| Host         : FLY running 64-bit major release  (build 9200)
| Command      : report_utilization -hierarchical -file C:/Users/fly04/Desktop/VLA/PCore_2.0/v3/reports/ooc_dea8_deqacc32_v4/utilization.rpt
| Design       : dea8_deqacc32_v4
| Device       : xcu50-fsvh2104-2-e
| Speed File   : -2
| Design State : Synthesized
---------------------------------------------------------------------------------------------------------------------------------------------

Utilization Design Information

Table of Contents
-----------------
1. Utilization by Hierarchy

1. Utilization by Hierarchy
---------------------------

+-----------------------------+-------------------------------------+------------+------------+---------+------+-------+--------+--------+------+------------+
|           Instance          |                Module               | Total LUTs | Logic LUTs | LUTRAMs | SRLs |  FFs  | RAMB36 | RAMB18 | URAM | DSP Blocks |
+-----------------------------+-------------------------------------+------------+------------+---------+------+-------+--------+--------+------+------------+
| dea8_deqacc32_v4            |                               (top) |      37793 |      36575 |    1184 |   34 | 21517 |     14 |      2 |    0 |          0 |
|   (dea8_deqacc32_v4)        |                               (top) |      13762 |      13728 |       0 |   34 |  6760 |      0 |      0 |    0 |          0 |
|   acc_store                 |                   dea8_acc_store_v3 |       5648 |       4464 |    1184 |    0 |  3031 |     14 |      2 |    0 |          0 |
|     (acc_store)             |                   dea8_acc_store_v3 |          0 |          0 |       0 |    0 |    51 |      0 |      0 |    0 |          0 |
|     banks[0].parity[0].ram  |                    dea8_acc_bank_v3 |        324 |         28 |     296 |    0 |   539 |      0 |      0 |    0 |          0 |
|     banks[0].parity[1].ram  |    dea8_acc_bank_v3__parameterized0 |        324 |         28 |     296 |    0 |   538 |      0 |      0 |    0 |          0 |
|     banks[1].parity[0].ram  |                 dea8_acc_bank_v3_31 |       1345 |       1049 |     296 |    0 |   539 |      0 |      0 |    0 |          0 |
|     banks[1].parity[1].ram  | dea8_acc_bank_v3__parameterized0_32 |       1347 |       1051 |     296 |    0 |   538 |      0 |      0 |    0 |          0 |
|     banks[2].parity[0].ram  |    dea8_acc_bank_v3__parameterized1 |       1159 |       1159 |       0 |    0 |   421 |      7 |      1 |    0 |          0 |
|     banks[2].parity[1].ram  |    dea8_acc_bank_v3__parameterized2 |       1149 |       1149 |       0 |    0 |   405 |      7 |      1 |    0 |          0 |
|   genblk1[0].lanes[0].lane  |               dea8_fp32_acc_lane_v4 |       1243 |       1243 |       0 |    0 |   367 |      0 |      0 |    0 |          0 |
|   genblk1[0].lanes[10].lane |             dea8_fp32_acc_lane_v4_0 |        551 |        551 |       0 |    0 |   366 |      0 |      0 |    0 |          0 |
|   genblk1[0].lanes[11].lane |             dea8_fp32_acc_lane_v4_1 |        551 |        551 |       0 |    0 |   366 |      0 |      0 |    0 |          0 |
|   genblk1[0].lanes[12].lane |             dea8_fp32_acc_lane_v4_2 |        551 |        551 |       0 |    0 |   366 |      0 |      0 |    0 |          0 |
|   genblk1[0].lanes[13].lane |             dea8_fp32_acc_lane_v4_3 |        551 |        551 |       0 |    0 |   366 |      0 |      0 |    0 |          0 |
|   genblk1[0].lanes[14].lane |             dea8_fp32_acc_lane_v4_4 |        551 |        551 |       0 |    0 |   366 |      0 |      0 |    0 |          0 |
|   genblk1[0].lanes[15].lane |             dea8_fp32_acc_lane_v4_5 |        553 |        553 |       0 |    0 |   379 |      0 |      0 |    0 |          0 |
|   genblk1[0].lanes[1].lane  |             dea8_fp32_acc_lane_v4_6 |        557 |        557 |       0 |    0 |   366 |      0 |      0 |    0 |          0 |
|   genblk1[0].lanes[2].lane  |             dea8_fp32_acc_lane_v4_7 |        551 |        551 |       0 |    0 |   366 |      0 |      0 |    0 |          0 |
|   genblk1[0].lanes[3].lane  |             dea8_fp32_acc_lane_v4_8 |        553 |        553 |       0 |    0 |   366 |      0 |      0 |    0 |          0 |
|   genblk1[0].lanes[4].lane  |             dea8_fp32_acc_lane_v4_9 |        551 |        551 |       0 |    0 |   366 |      0 |      0 |    0 |          0 |
|   genblk1[0].lanes[5].lane  |            dea8_fp32_acc_lane_v4_10 |        557 |        557 |       0 |    0 |   366 |      0 |      0 |    0 |          0 |
|   genblk1[0].lanes[6].lane  |            dea8_fp32_acc_lane_v4_11 |        551 |        551 |       0 |    0 |   366 |      0 |      0 |    0 |          0 |
|   genblk1[0].lanes[7].lane  |            dea8_fp32_acc_lane_v4_12 |        551 |        551 |       0 |    0 |   366 |      0 |      0 |    0 |          0 |
|   genblk1[0].lanes[8].lane  |            dea8_fp32_acc_lane_v4_13 |        557 |        557 |       0 |    0 |   366 |      0 |      0 |    0 |          0 |
|   genblk1[0].lanes[9].lane  |            dea8_fp32_acc_lane_v4_14 |        557 |        557 |       0 |    0 |   366 |      0 |      0 |    0 |          0 |
|   genblk1[1].lanes[0].lane  |            dea8_fp32_acc_lane_v4_15 |        551 |        551 |       0 |    0 |   366 |      0 |      0 |    0 |          0 |
|   genblk1[1].lanes[10].lane |            dea8_fp32_acc_lane_v4_16 |        557 |        557 |       0 |    0 |   366 |      0 |      0 |    0 |          0 |
|   genblk1[1].lanes[11].lane |            dea8_fp32_acc_lane_v4_17 |        551 |        551 |       0 |    0 |   366 |      0 |      0 |    0 |          0 |
|   genblk1[1].lanes[12].lane |            dea8_fp32_acc_lane_v4_18 |        551 |        551 |       0 |    0 |   366 |      0 |      0 |    0 |          0 |
|   genblk1[1].lanes[13].lane |            dea8_fp32_acc_lane_v4_19 |        551 |        551 |       0 |    0 |   366 |      0 |      0 |    0 |          0 |
|   genblk1[1].lanes[14].lane |            dea8_fp32_acc_lane_v4_20 |        557 |        557 |       0 |    0 |   366 |      0 |      0 |    0 |          0 |
|   genblk1[1].lanes[15].lane |            dea8_fp32_acc_lane_v4_21 |        557 |        557 |       0 |    0 |   366 |      0 |      0 |    0 |          0 |
|   genblk1[1].lanes[1].lane  |            dea8_fp32_acc_lane_v4_22 |        551 |        551 |       0 |    0 |   366 |      0 |      0 |    0 |          0 |
|   genblk1[1].lanes[2].lane  |            dea8_fp32_acc_lane_v4_23 |        551 |        551 |       0 |    0 |   366 |      0 |      0 |    0 |          0 |
|   genblk1[1].lanes[3].lane  |            dea8_fp32_acc_lane_v4_24 |        551 |        551 |       0 |    0 |   366 |      0 |      0 |    0 |          0 |
|   genblk1[1].lanes[4].lane  |            dea8_fp32_acc_lane_v4_25 |        551 |        551 |       0 |    0 |   366 |      0 |      0 |    0 |          0 |
|   genblk1[1].lanes[5].lane  |            dea8_fp32_acc_lane_v4_26 |        551 |        551 |       0 |    0 |   366 |      0 |      0 |    0 |          0 |
|   genblk1[1].lanes[6].lane  |            dea8_fp32_acc_lane_v4_27 |        552 |        552 |       0 |    0 |   366 |      0 |      0 |    0 |          0 |
|   genblk1[1].lanes[7].lane  |            dea8_fp32_acc_lane_v4_28 |        557 |        557 |       0 |    0 |   366 |      0 |      0 |    0 |          0 |
|   genblk1[1].lanes[8].lane  |            dea8_fp32_acc_lane_v4_29 |        551 |        551 |       0 |    0 |   366 |      0 |      0 |    0 |          0 |
|   genblk1[1].lanes[9].lane  |            dea8_fp32_acc_lane_v4_30 |        557 |        557 |       0 |    0 |   366 |      0 |      0 |    0 |          0 |
+-----------------------------+-------------------------------------+------------+------------+---------+------+-------+--------+--------+------+------------+


