Copyright 1986-2022 Xilinx, Inc. All Rights Reserved.
-----------------------------------------------------------------------------------------------------------------
| Tool Version      : Vivado v.2022.2 (win64) Build 3671981 Fri Oct 14 05:00:03 MDT 2022
| Date              : Wed Sep 30 18:18:41 2026
| Host              : FLY running 64-bit major release  (build 9200)
| Command           : report_timing -to [get_cells -hier -filter {NAME =~ *s0_reg*}] -max_paths 1 -return_string
| Design            : DEQACC_3_3ns_timing_shell
| Device            : xcu50-fsvh2104
| Speed File        : -2  PRODUCTION 1.30 05-01-2022
| Temperature Grade : E
-----------------------------------------------------------------------------------------------------------------

Timing Report

Slack (MET) :             0.847ns  (required time - arrival time)
  Source:                 core/context_q_reg[0][meta][exp_fold][3]/C
                            (rising edge-triggered cell FDRE clocked by core_clk  {rise@0.000ns fall@2.000ns period=4.000ns})
  Destination:            core/s0_reg[1][14][exponent][10]/D
                            (rising edge-triggered cell FDRE clocked by core_clk  {rise@0.000ns fall@2.000ns period=4.000ns})
  Path Group:             core_clk
  Path Type:              Setup (Max at Slow Process Corner)
  Requirement:            4.000ns  (core_clk rise@4.000ns - core_clk rise@0.000ns)
  Data Path Delay:        3.132ns  (logic 0.802ns (25.604%)  route 2.330ns (74.396%))
  Logic Levels:           6  (CARRY8=2 LUT3=1 LUT5=2 LUT6=1)
  Clock Path Skew:        -0.010ns (DCD - SCD + CPR)
    Destination Clock Delay (DCD):    0.020ns = ( 4.020 - 4.000 ) 
    Source Clock Delay      (SCD):    0.030ns
    Clock Pessimism Removal (CPR):    0.000ns
  Clock Uncertainty:      0.035ns  ((TSJ^2 + TIJ^2)^1/2 + DJ) / 2 + PE
    Total System Jitter     (TSJ):    0.071ns
    Total Input Jitter      (TIJ):    0.000ns
    Discrete Jitter          (DJ):    0.000ns
    Phase Error              (PE):    0.000ns

    Location             Delay type                Incr(ns)  Path(ns)    Netlist Resource(s)
  -------------------------------------------------------------------    -------------------
                         (clock core_clk rise edge)
                                                      0.000     0.000 r  
                                                      0.000     0.000 r  clk (IN)
                         net (fo=28818, unset)        0.030     0.030    core/clk
    SLICE_X161Y5         FDRE                                         r  core/context_q_reg[0][meta][exp_fold][3]/C
  -------------------------------------------------------------------    -------------------
    SLICE_X161Y5         FDRE (Prop_EFF_SLICEM_C_Q)
                                                      0.076     0.106 r  core/context_q_reg[0][meta][exp_fold][3]/Q
                         net (fo=129, routed)         1.681     1.787    core/context_q_reg[0][meta][exp_fold_n_0_][3]
    SLICE_X162Y85        LUT3 (Prop_D5LUT_SLICEM_I2_O)
                                                      0.158     1.945 r  core/s0[1][14][exponent][7]_i_20/O
                         net (fo=2, routed)           0.258     2.203    core/s0[1][14][exponent][7]_i_20_n_0
    SLICE_X160Y86        LUT6 (Prop_F6LUT_SLICEL_I5_O)
                                                      0.123     2.326 r  core/s0[1][14][exponent][7]_i_18/O
                         net (fo=2, routed)           0.058     2.384    core/s0[1][14][exponent][7]_i_18_n_0
    SLICE_X160Y86        LUT5 (Prop_B5LUT_SLICEL_I0_O)
                                                      0.165     2.549 r  core/s0[1][14][exponent][7]_i_5/O
                         net (fo=2, routed)           0.275     2.824    core/s0[1][14][exponent][7]_i_5_n_0
    SLICE_X159Y85        LUT5 (Prop_E6LUT_SLICEL_I0_O)
                                                      0.051     2.875 r  core/s0[1][14][exponent][7]_i_12/O
                         net (fo=1, routed)           0.007     2.882    core/s0[1][14][exponent][7]_i_12_n_0
    SLICE_X159Y85        CARRY8 (Prop_CARRY8_SLICEL_S[4]_CO[7])
                                                      0.153     3.035 r  core/s0_reg[1][14][exponent][7]_i_1/CO[7]
                         net (fo=1, routed)           0.026     3.061    core/s0_reg[1][14][exponent][7]_i_1_n_0
    SLICE_X159Y86        CARRY8 (Prop_CARRY8_SLICEL_CI_O[1])
                                                      0.076     3.137 r  core/s0_reg[1][14][exponent][10]_i_1/O[1]
                         net (fo=1, routed)           0.025     3.162    core/s0_reg[1][14][exponent][10]_i_1_n_14
    SLICE_X159Y86        FDRE                                         r  core/s0_reg[1][14][exponent][10]/D
  -------------------------------------------------------------------    -------------------

                         (clock core_clk rise edge)
                                                      4.000     4.000 r  
                                                      0.000     4.000 r  clk (IN)
                         net (fo=28818, unset)        0.020     4.020    core/clk
    SLICE_X159Y86        FDRE                                         r  core/s0_reg[1][14][exponent][10]/C
                         clock pessimism              0.000     4.020    
                         clock uncertainty           -0.035     3.985    
    SLICE_X159Y86        FDRE (Setup_BFF_SLICEL_C_D)
                                                      0.025     4.010    core/s0_reg[1][14][exponent][10]
  -------------------------------------------------------------------
                         required time                          4.010    
                         arrival time                          -3.162    
  -------------------------------------------------------------------
                         slack                                  0.847    





