Copyright 1986-2022 Xilinx, Inc. All Rights Reserved.
----------------------------------------------------------------------------------------------------------------------
| Tool Version      : Vivado v.2022.2 (win64) Build 3671981 Fri Oct 14 05:00:03 MDT 2022
| Date              : Wed Sep 30 18:18:41 2026
| Host              : FLY running 64-bit major release  (build 9200)
| Command           : report_timing -to [get_cells -hier -filter {NAME =~ *order_q_reg*}] -max_paths 1 -return_string
| Design            : DEQACC_3_3ns_timing_shell
| Device            : xcu50-fsvh2104
| Speed File        : -2  PRODUCTION 1.30 05-01-2022
| Temperature Grade : E
----------------------------------------------------------------------------------------------------------------------

Timing Report

Slack (MET) :             0.961ns  (required time - arrival time)
  Source:                 core/s2_reg[1][2][partial][29]/C
                            (rising edge-triggered cell FDSE clocked by core_clk  {rise@0.000ns fall@2.000ns period=4.000ns})
  Destination:            core/genblk1[1].lanes[2].lane/order_q_reg[pre][big_x][14]/D
                            (rising edge-triggered cell FDRE clocked by core_clk  {rise@0.000ns fall@2.000ns period=4.000ns})
  Path Group:             core_clk
  Path Type:              Setup (Max at Slow Process Corner)
  Requirement:            4.000ns  (core_clk rise@4.000ns - core_clk rise@0.000ns)
  Data Path Delay:        3.022ns  (logic 0.643ns (21.278%)  route 2.379ns (78.723%))
  Logic Levels:           6  (CARRY8=1 LUT3=1 LUT4=2 LUT5=1 LUT6=1)
  Clock Path Skew:        -0.007ns (DCD - SCD + CPR)
    Destination Clock Delay (DCD):    0.021ns = ( 4.021 - 4.000 ) 
    Source Clock Delay      (SCD):    0.028ns
    Clock Pessimism Removal (CPR):    0.000ns
  Clock Uncertainty:      0.035ns  ((TSJ^2 + TIJ^2)^1/2 + DJ) / 2 + PE
    Total System Jitter     (TSJ):    0.071ns
    Total Input Jitter      (TIJ):    0.000ns
    Discrete Jitter          (DJ):    0.000ns
    Phase Error              (PE):    0.000ns

    Location             Delay type                Incr(ns)  Path(ns)    Netlist Resource(s)
  -------------------------------------------------------------------    -------------------
                         (clock core_clk rise edge)
                                                      0.000     0.000 r  
                                                      0.000     0.000 r  clk (IN)
                         net (fo=28818, unset)        0.028     0.028    core/clk
    SLICE_X144Y20        FDSE                                         r  core/s2_reg[1][2][partial][29]/C
  -------------------------------------------------------------------    -------------------
    SLICE_X144Y20        FDSE (Prop_BFF_SLICEL_C_Q)
                                                      0.079     0.107 f  core/s2_reg[1][2][partial][29]/Q
                         net (fo=10, routed)          0.674     0.781    core/genblk1[1].lanes[2].lane/partial_value[29]
    SLICE_X126Y18        LUT4 (Prop_F6LUT_SLICEM_I2_O)
                                                      0.123     0.904 f  core/genblk1[1].lanes[2].lane/order_q[pre][big_x][26]_i_11/O
                         net (fo=2, routed)           0.087     0.991    core/genblk1[1].lanes[2].lane/order_q[pre][big_x][26]_i_11_n_0
    SLICE_X126Y18        LUT5 (Prop_C5LUT_SLICEM_I0_O)
                                                      0.068     1.059 r  core/genblk1[1].lanes[2].lane/order_q[pre][big_x][26]_i_4/O
                         net (fo=4, routed)           0.447     1.507    core/genblk1[1].lanes[2].lane/order_q[pre][big_x][26]_i_4_n_0
    SLICE_X130Y16        LUT4 (Prop_D6LUT_SLICEL_I1_O)
                                                      0.122     1.629 r  core/genblk1[1].lanes[2].lane/order_q[pre][big_x][26]_i_17/O
                         net (fo=1, routed)           0.009     1.638    core/genblk1[1].lanes[2].lane/order_q[pre][big_x][26]_i_17_n_0
    SLICE_X130Y16        CARRY8 (Prop_CARRY8_SLICEL_S[3]_CO[3])
                                                      0.128     1.766 r  core/genblk1[1].lanes[2].lane/order_q_reg[pre][big_x][26]_i_7/CO[3]
                         net (fo=1, routed)           0.485     2.251    core/genblk1[1].lanes[2].lane/p_3_in
    SLICE_X125Y20        LUT6 (Prop_F6LUT_SLICEL_I2_O)
                                                      0.035     2.286 r  core/genblk1[1].lanes[2].lane/order_q[pre][big_x][26]_i_3/O
                         net (fo=62, routed)          0.604     2.890    core/genblk1[1].lanes[2].lane/order_q[pre][big_x][26]_i_3_n_0
    SLICE_X129Y12        LUT3 (Prop_D6LUT_SLICEM_I1_O)
                                                      0.088     2.978 r  core/genblk1[1].lanes[2].lane/order_q[pre][big_x][14]_i_1/O
                         net (fo=1, routed)           0.072     3.050    core/genblk1[1].lanes[2].lane/order_d[pre][big_x][14]
    SLICE_X129Y12        FDRE                                         r  core/genblk1[1].lanes[2].lane/order_q_reg[pre][big_x][14]/D
  -------------------------------------------------------------------    -------------------

                         (clock core_clk rise edge)
                                                      4.000     4.000 r  
                                                      0.000     4.000 r  clk (IN)
                         net (fo=28818, unset)        0.021     4.021    core/genblk1[1].lanes[2].lane/clk
    SLICE_X129Y12        FDRE                                         r  core/genblk1[1].lanes[2].lane/order_q_reg[pre][big_x][14]/C
                         clock pessimism              0.000     4.021    
                         clock uncertainty           -0.035     3.986    
    SLICE_X129Y12        FDRE (Setup_DFF_SLICEM_C_D)
                                                      0.025     4.011    core/genblk1[1].lanes[2].lane/order_q_reg[pre][big_x][14]
  -------------------------------------------------------------------
                         required time                          4.011    
                         arrival time                          -3.050    
  -------------------------------------------------------------------
                         slack                                  0.961    





