Copyright 1986-2022 Xilinx, Inc. All Rights Reserved.
-----------------------------------------------------------------------------------------------------------------
| Tool Version      : Vivado v.2022.2 (win64) Build 3671981 Fri Oct 14 05:00:03 MDT 2022
| Date              : Wed Sep 30 18:18:41 2026
| Host              : FLY running 64-bit major release  (build 9200)
| Command           : report_timing -to [get_cells -hier -filter {NAME =~ *s1_reg*}] -max_paths 1 -return_string
| Design            : DEQACC_3_3ns_timing_shell
| Device            : xcu50-fsvh2104
| Speed File        : -2  PRODUCTION 1.30 05-01-2022
| Temperature Grade : E
-----------------------------------------------------------------------------------------------------------------

Timing Report

Slack (MET) :             0.934ns  (required time - arrival time)
  Source:                 core/s0_reg[0][8][exponent][5]/C
                            (rising edge-triggered cell FDRE clocked by core_clk  {rise@0.000ns fall@2.000ns period=4.000ns})
  Destination:            core/s1_reg[0][8][increment]/D
                            (rising edge-triggered cell FDRE clocked by core_clk  {rise@0.000ns fall@2.000ns period=4.000ns})
  Path Group:             core_clk
  Path Type:              Setup (Max at Slow Process Corner)
  Requirement:            4.000ns  (core_clk rise@4.000ns - core_clk rise@0.000ns)
  Data Path Delay:        3.045ns  (logic 0.809ns (26.565%)  route 2.236ns (73.435%))
  Logic Levels:           8  (CARRY8=1 LUT2=1 LUT6=6)
  Clock Path Skew:        -0.010ns (DCD - SCD + CPR)
    Destination Clock Delay (DCD):    0.020ns = ( 4.020 - 4.000 ) 
    Source Clock Delay      (SCD):    0.030ns
    Clock Pessimism Removal (CPR):    0.000ns
  Clock Uncertainty:      0.035ns  ((TSJ^2 + TIJ^2)^1/2 + DJ) / 2 + PE
    Total System Jitter     (TSJ):    0.071ns
    Total Input Jitter      (TIJ):    0.000ns
    Discrete Jitter          (DJ):    0.000ns
    Phase Error              (PE):    0.000ns

    Location             Delay type                Incr(ns)  Path(ns)    Netlist Resource(s)
  -------------------------------------------------------------------    -------------------
                         (clock core_clk rise edge)
                                                      0.000     0.000 r  
                                                      0.000     0.000 r  clk (IN)
                         net (fo=28818, unset)        0.030     0.030    core/clk
    SLICE_X161Y24        FDRE                                         r  core/s0_reg[0][8][exponent][5]/C
  -------------------------------------------------------------------    -------------------
    SLICE_X161Y24        FDRE (Prop_FFF_SLICEM_C_Q)
                                                      0.076     0.106 f  core/s0_reg[0][8][exponent][5]/Q
                         net (fo=12, routed)          0.932     1.038    core/s0_reg[0][8][exponent][5]
    SLICE_X187Y9         LUT6 (Prop_H6LUT_SLICEM_I1_O)
                                                      0.152     1.190 f  core/s1[0][8][kept][0]_i_9/O
                         net (fo=10, routed)          0.119     1.309    core/s1[0][8][kept][0]_i_9_n_0
    SLICE_X187Y7         LUT6 (Prop_G6LUT_SLICEM_I1_O)
                                                      0.037     1.346 r  core/s1[0][8][increment]_i_26/O
                         net (fo=42, routed)          0.273     1.619    core/s1[0][8][increment]_i_26_n_0
    SLICE_X188Y6         LUT2 (Prop_B5LUT_SLICEL_I0_O)
                                                      0.073     1.692 r  core/s1[0][8][kept][23]_i_5/O
                         net (fo=2, routed)           0.274     1.966    core/s1[0][8][kept][23]_i_5_n_0
    SLICE_X187Y6         CARRY8 (Prop_CARRY8_SLICEM_DI[2]_CO[4])
                                                      0.160     2.126 r  core/s1_reg[0][8][increment]_i_13/CO[4]
                         net (fo=11, routed)          0.282     2.408    core/s1_reg[0][8][increment]_i_13_n_3
    SLICE_X189Y3         LUT6 (Prop_F6LUT_SLICEL_I0_O)
                                                      0.089     2.497 r  core/s1[0][8][increment]_i_35/O
                         net (fo=1, routed)           0.135     2.632    core/s1[0][8][increment]_i_35_n_0
    SLICE_X189Y3         LUT6 (Prop_D6LUT_SLICEL_I2_O)
                                                      0.122     2.754 f  core/s1[0][8][increment]_i_10/O
                         net (fo=1, routed)           0.081     2.835    core/s1[0][8][increment]_i_10_n_0
    SLICE_X190Y3         LUT6 (Prop_D6LUT_SLICEL_I4_O)
                                                      0.050     2.885 r  core/s1[0][8][increment]_i_2/O
                         net (fo=1, routed)           0.091     2.976    core/s1[0][8][increment]_i_2_n_0
    SLICE_X190Y5         LUT6 (Prop_D6LUT_SLICEL_I0_O)
                                                      0.050     3.026 r  core/s1[0][8][increment]_i_1/O
                         net (fo=1, routed)           0.049     3.075    core/pack_next[0][8][increment]
    SLICE_X190Y5         FDRE                                         r  core/s1_reg[0][8][increment]/D
  -------------------------------------------------------------------    -------------------

                         (clock core_clk rise edge)
                                                      4.000     4.000 r  
                                                      0.000     4.000 r  clk (IN)
                         net (fo=28818, unset)        0.020     4.020    core/clk
    SLICE_X190Y5         FDRE                                         r  core/s1_reg[0][8][increment]/C
                         clock pessimism              0.000     4.020    
                         clock uncertainty           -0.035     3.985    
    SLICE_X190Y5         FDRE (Setup_DFF_SLICEL_C_D)
                                                      0.025     4.010    core/s1_reg[0][8][increment]
  -------------------------------------------------------------------
                         required time                          4.010    
                         arrival time                          -3.075    
  -------------------------------------------------------------------
                         slack                                  0.934    





