Copyright 1986-2022 Xilinx, Inc. All Rights Reserved.
------------------------------------------------------------------------------------------------------------------------
| Tool Version      : Vivado v.2022.2 (win64) Build 3671981 Fri Oct 14 05:00:03 MDT 2022
| Date              : Wed Sep 30 18:07:57 2026
| Host              : FLY running 64-bit major release  (build 9200)
| Command           : report_timing -to [get_cells -quiet -hier -filter {NAME =~ *s2_reg*}] -max_paths 1 -return_string
| Design            : DEQACC_3_3ns_timing_shell
| Device            : xcu50-fsvh2104
| Speed File        : -2  PRODUCTION 1.30 05-01-2022
| Temperature Grade : E
------------------------------------------------------------------------------------------------------------------------

Timing Report

Slack (MET) :             1.886ns  (required time - arrival time)
  Source:                 core/s1_reg[1][11][increment]/C
                            (rising edge-triggered cell FDRE clocked by core_clk  {rise@0.000ns fall@2.000ns period=4.000ns})
  Destination:            core/s2_reg[1][11][partial][11]/D
                            (rising edge-triggered cell FDRE clocked by core_clk  {rise@0.000ns fall@2.000ns period=4.000ns})
  Path Group:             core_clk
  Path Type:              Setup (Max at Slow Process Corner)
  Requirement:            4.000ns  (core_clk rise@4.000ns - core_clk rise@0.000ns)
  Data Path Delay:        2.095ns  (logic 0.748ns (35.704%)  route 1.347ns (64.296%))
  Logic Levels:           10  (CARRY8=5 LUT2=1 LUT4=2 LUT5=1 LUT6=1)
  Clock Path Skew:        -0.009ns (DCD - SCD + CPR)
    Destination Clock Delay (DCD):    0.021ns = ( 4.021 - 4.000 ) 
    Source Clock Delay      (SCD):    0.030ns
    Clock Pessimism Removal (CPR):    0.000ns
  Clock Uncertainty:      0.035ns  ((TSJ^2 + TIJ^2)^1/2 + DJ) / 2 + PE
    Total System Jitter     (TSJ):    0.071ns
    Total Input Jitter      (TIJ):    0.000ns
    Discrete Jitter          (DJ):    0.000ns
    Phase Error              (PE):    0.000ns

    Location             Delay type                Incr(ns)  Path(ns)    Netlist Resource(s)
  -------------------------------------------------------------------    -------------------
                         (clock core_clk rise edge)
                                                      0.000     0.000 r  
                                                      0.000     0.000 r  clk (IN)
                         net (fo=29010, unset)        0.030     0.030    core/clk
                         FDRE                                         r  core/s1_reg[1][11][increment]/C
  -------------------------------------------------------------------    -------------------
                         FDRE (Prop_FDRE_C_Q)         0.077     0.107 r  core/s1_reg[1][11][increment]/Q
                         net (fo=1, unplaced)         0.137     0.244    core/s1_reg[1][11][increment]__0
                         LUT2 (Prop_LUT2_I1_O)        0.038     0.282 r  core/s2[1][11][partial][7]_i_3/O
                         net (fo=1, unplaced)         0.020     0.302    core/s2[1][11][partial][7]_i_3_n_0
                         CARRY8 (Prop_CARRY8_S[0]_CO[7])
                                                      0.199     0.501 f  core/s2_reg[1][11][partial][7]_i_2/CO[7]
                         net (fo=1, unplaced)         0.005     0.506    core/s2_reg[1][11][partial][7]_i_2_n_0
                         CARRY8 (Prop_CARRY8_CI_CO[7])
                                                      0.022     0.528 f  core/s2_reg[1][11][partial][15]_i_2/CO[7]
                         net (fo=1, unplaced)         0.005     0.533    core/s2_reg[1][11][partial][15]_i_2_n_0
                         CARRY8 (Prop_CARRY8_CI_CO[7])
                                                      0.022     0.555 f  core/s2_reg[1][11][partial][23]_i_2/CO[7]
                         net (fo=1, unplaced)         0.005     0.560    core/s2_reg[1][11][partial][23]_i_2_n_0
                         CARRY8 (Prop_CARRY8_CI_CO[0])
                                                      0.052     0.612 f  core/s2_reg[1][11][partial][27]_i_4/CO[0]
                         net (fo=10, unplaced)        0.218     0.830    core/s2_reg[1][11][partial][27]_i_4_n_7
                         LUT6 (Prop_LUT6_I3_O)        0.038     0.868 r  core/s2[1][11][partial][30]_i_14/O
                         net (fo=8, unplaced)         0.213     1.081    core/s2[1][11][partial][30]_i_14_n_0
                         LUT4 (Prop_LUT4_I1_O)        0.070     1.151 f  core/s2[1][11][partial][30]_i_10/O
                         net (fo=1, unplaced)         0.242     1.393    core/s2[1][11][partial][30]_i_10_n_0
                         CARRY8 (Prop_CARRY8_DI[0]_CO[2])
                                                      0.090     1.483 f  core/s2_reg[1][11][partial][30]_i_3/CO[2]
                         net (fo=10, unplaced)        0.218     1.701    core/s2_reg[1][11][partial][30]_i_3_n_5
                         LUT5 (Prop_LUT5_I1_O)        0.070     1.771 r  core/s2[1][11][partial][21]_i_3/O
                         net (fo=22, unplaced)        0.236     2.007    core/s2[1][11][partial][21]_i_3_n_0
                         LUT4 (Prop_LUT4_I3_O)        0.070     2.077 r  core/s2[1][11][partial][11]_i_1/O
                         net (fo=1, unplaced)         0.048     2.125    core/finish_pack26_return[11]
                         FDRE                                         r  core/s2_reg[1][11][partial][11]/D
  -------------------------------------------------------------------    -------------------

                         (clock core_clk rise edge)
                                                      4.000     4.000 r  
                                                      0.000     4.000 r  clk (IN)
                         net (fo=29010, unset)        0.021     4.021    core/clk
                         FDRE                                         r  core/s2_reg[1][11][partial][11]/C
                         clock pessimism              0.000     4.021    
                         clock uncertainty           -0.035     3.986    
                         FDRE (Setup_FDRE_C_D)        0.025     4.011    core/s2_reg[1][11][partial][11]
  -------------------------------------------------------------------
                         required time                          4.011    
                         arrival time                          -2.125    
  -------------------------------------------------------------------
                         slack                                  1.886    





