Copyright 1986-2022 Xilinx, Inc. All Rights Reserved.
---------------------------------------------------------------------------------------------------------------------------------------
| Tool Version      : Vivado v.2022.2 (win64) Build 3671981 Fri Oct 14 05:00:03 MDT 2022
| Date              : Wed Sep 30 18:07:57 2026
| Host              : FLY running 64-bit major release  (build 9200)
| Command           : report_timing -to [get_cells -quiet -hier -filter {NAME =~ *lane/result_value_reg*}] -max_paths 1 -return_string
| Design            : DEQACC_3_3ns_timing_shell
| Device            : xcu50-fsvh2104
| Speed File        : -2  PRODUCTION 1.30 05-01-2022
| Temperature Grade : E
---------------------------------------------------------------------------------------------------------------------------------------

Timing Report

Slack (MET) :             2.286ns  (required time - arrival time)
  Source:                 core/genblk1[0].lanes[0].lane/norm_q_reg[norm][sum_norm][1]/C
                            (rising edge-triggered cell FDRE clocked by core_clk  {rise@0.000ns fall@2.000ns period=4.000ns})
  Destination:            core/genblk1[0].lanes[0].lane/result_value_reg[28]/D
                            (rising edge-triggered cell FDRE clocked by core_clk  {rise@0.000ns fall@2.000ns period=4.000ns})
  Path Group:             core_clk
  Path Type:              Setup (Max at Slow Process Corner)
  Requirement:            4.000ns  (core_clk rise@4.000ns - core_clk rise@0.000ns)
  Data Path Delay:        1.695ns  (logic 0.656ns (38.702%)  route 1.039ns (61.298%))
  Logic Levels:           9  (CARRY8=4 LUT3=1 LUT4=1 LUT5=1 LUT6=2)
  Clock Path Skew:        -0.009ns (DCD - SCD + CPR)
    Destination Clock Delay (DCD):    0.021ns = ( 4.021 - 4.000 ) 
    Source Clock Delay      (SCD):    0.030ns
    Clock Pessimism Removal (CPR):    0.000ns
  Clock Uncertainty:      0.035ns  ((TSJ^2 + TIJ^2)^1/2 + DJ) / 2 + PE
    Total System Jitter     (TSJ):    0.071ns
    Total Input Jitter      (TIJ):    0.000ns
    Discrete Jitter          (DJ):    0.000ns
    Phase Error              (PE):    0.000ns

    Location             Delay type                Incr(ns)  Path(ns)    Netlist Resource(s)
  -------------------------------------------------------------------    -------------------
                         (clock core_clk rise edge)
                                                      0.000     0.000 r  
                                                      0.000     0.000 r  clk (IN)
                         net (fo=29010, unset)        0.030     0.030    core/genblk1[0].lanes[0].lane/clk
                         FDRE                                         r  core/genblk1[0].lanes[0].lane/norm_q_reg[norm][sum_norm][1]/C
  -------------------------------------------------------------------    -------------------
                         FDRE (Prop_FDRE_C_Q)         0.077     0.107 r  core/genblk1[0].lanes[0].lane/norm_q_reg[norm][sum_norm][1]/Q
                         net (fo=1, unplaced)         0.092     0.199    core/genblk1[0].lanes[0].lane/norm_q_reg[norm][sum_norm_n_0_][1]
                         LUT4 (Prop_LUT4_I0_O)        0.100     0.299 r  core/genblk1[0].lanes[0].lane/result_value[7]_i_4/O
                         net (fo=1, unplaced)         0.020     0.319    core/genblk1[0].lanes[0].lane/result_value[7]_i_4_n_0
                         CARRY8 (Prop_CARRY8_S[0]_CO[7])
                                                      0.199     0.518 f  core/genblk1[0].lanes[0].lane/result_value_reg[7]_i_3/CO[7]
                         net (fo=1, unplaced)         0.005     0.523    core/genblk1[0].lanes[0].lane/result_value_reg[7]_i_3_n_0
                         CARRY8 (Prop_CARRY8_CI_CO[7])
                                                      0.022     0.545 f  core/genblk1[0].lanes[0].lane/result_value_reg[15]_i_3/CO[7]
                         net (fo=1, unplaced)         0.005     0.550    core/genblk1[0].lanes[0].lane/result_value_reg[15]_i_3_n_0
                         CARRY8 (Prop_CARRY8_CI_CO[7])
                                                      0.022     0.572 f  core/genblk1[0].lanes[0].lane/result_value_reg[22]_i_3/CO[7]
                         net (fo=1, unplaced)         0.005     0.577    core/genblk1[0].lanes[0].lane/result_value_reg[22]_i_3_n_0
                         CARRY8 (Prop_CARRY8_CI_CO[0])
                                                      0.052     0.629 f  core/genblk1[0].lanes[0].lane/result_value_reg[26]_i_3/CO[0]
                         net (fo=33, unplaced)        0.245     0.874    core/genblk1[0].lanes[0].lane/p_0_in__1
                         LUT6 (Prop_LUT6_I1_O)        0.038     0.912 r  core/genblk1[0].lanes[0].lane/result_value[30]_i_3/O
                         net (fo=3, unplaced)         0.191     1.103    core/genblk1[0].lanes[0].lane/result_value[30]_i_3_n_0
                         LUT6 (Prop_LUT6_I5_O)        0.038     1.141 r  core/genblk1[0].lanes[0].lane/result_value[20]_i_3/O
                         net (fo=30, unplaced)        0.243     1.384    core/genblk1[0].lanes[0].lane/result_value[20]_i_3_n_0
                         LUT5 (Prop_LUT5_I1_O)        0.038     1.422 r  core/genblk1[0].lanes[0].lane/result_value[28]_i_2/O
                         net (fo=1, unplaced)         0.185     1.607    core/genblk1[0].lanes[0].lane/result_value[28]_i_2_n_0
                         LUT3 (Prop_LUT3_I2_O)        0.070     1.677 r  core/genblk1[0].lanes[0].lane/result_value[28]_i_1/O
                         net (fo=1, unplaced)         0.048     1.725    core/genblk1[0].lanes[0].lane/result_value[28]_i_1_n_0
                         FDRE                                         r  core/genblk1[0].lanes[0].lane/result_value_reg[28]/D
  -------------------------------------------------------------------    -------------------

                         (clock core_clk rise edge)
                                                      4.000     4.000 r  
                                                      0.000     4.000 r  clk (IN)
                         net (fo=29010, unset)        0.021     4.021    core/genblk1[0].lanes[0].lane/clk
                         FDRE                                         r  core/genblk1[0].lanes[0].lane/result_value_reg[28]/C
                         clock pessimism              0.000     4.021    
                         clock uncertainty           -0.035     3.986    
                         FDRE (Setup_FDRE_C_D)        0.025     4.011    core/genblk1[0].lanes[0].lane/result_value_reg[28]
  -------------------------------------------------------------------
                         required time                          4.011    
                         arrival time                          -1.725    
  -------------------------------------------------------------------
                         slack                                  2.286    





