Copyright 1986-2022 Xilinx, Inc. All Rights Reserved.
---------------------------------------------------------------------------------------------------------------------------
| Tool Version      : Vivado v.2022.2 (win64) Build 3671981 Fri Oct 14 05:00:03 MDT 2022
| Date              : Wed Sep 30 18:07:57 2026
| Host              : FLY running 64-bit major release  (build 9200)
| Command           : report_timing -to [get_cells -quiet -hier -filter {NAME =~ *raw_q_reg*}] -max_paths 1 -return_string
| Design            : DEQACC_3_3ns_timing_shell
| Device            : xcu50-fsvh2104
| Speed File        : -2  PRODUCTION 1.30 05-01-2022
| Temperature Grade : E
---------------------------------------------------------------------------------------------------------------------------

Timing Report

Slack (MET) :             2.814ns  (required time - arrival time)
  Source:                 core/genblk1[0].lanes[0].lane/align_q_reg[pre][subtract]/C
                            (rising edge-triggered cell FDRE clocked by core_clk  {rise@0.000ns fall@2.000ns period=4.000ns})
  Destination:            core/genblk1[0].lanes[0].lane/raw_q_reg[nonzero_group][2]/D
                            (rising edge-triggered cell FDRE clocked by core_clk  {rise@0.000ns fall@2.000ns period=4.000ns})
  Path Group:             core_clk
  Path Type:              Setup (Max at Slow Process Corner)
  Requirement:            4.000ns  (core_clk rise@4.000ns - core_clk rise@0.000ns)
  Data Path Delay:        1.167ns  (logic 0.511ns (43.787%)  route 0.656ns (56.212%))
  Logic Levels:           6  (CARRY8=3 LUT3=1 LUT4=2)
  Clock Path Skew:        -0.009ns (DCD - SCD + CPR)
    Destination Clock Delay (DCD):    0.021ns = ( 4.021 - 4.000 ) 
    Source Clock Delay      (SCD):    0.030ns
    Clock Pessimism Removal (CPR):    0.000ns
  Clock Uncertainty:      0.035ns  ((TSJ^2 + TIJ^2)^1/2 + DJ) / 2 + PE
    Total System Jitter     (TSJ):    0.071ns
    Total Input Jitter      (TIJ):    0.000ns
    Discrete Jitter          (DJ):    0.000ns
    Phase Error              (PE):    0.000ns

    Location             Delay type                Incr(ns)  Path(ns)    Netlist Resource(s)
  -------------------------------------------------------------------    -------------------
                         (clock core_clk rise edge)
                                                      0.000     0.000 r  
                                                      0.000     0.000 r  clk (IN)
                         net (fo=29010, unset)        0.030     0.030    core/genblk1[0].lanes[0].lane/clk
                         FDRE                                         r  core/genblk1[0].lanes[0].lane/align_q_reg[pre][subtract]/C
  -------------------------------------------------------------------    -------------------
                         FDRE (Prop_FDRE_C_Q)         0.077     0.107 r  core/genblk1[0].lanes[0].lane/align_q_reg[pre][subtract]/Q
                         net (fo=29, unplaced)        0.194     0.301    core/genblk1[0].lanes[0].lane/align_q_reg[pre][subtract]__0
                         LUT3 (Prop_LUT3_I2_O)        0.037     0.338 r  core/genblk1[0].lanes[0].lane/raw_q[raw][sum_raw][7]_i_6/O
                         net (fo=1, unplaced)         0.032     0.370    core/genblk1[0].lanes[0].lane/raw_q[raw][sum_raw][7]_i_6_n_0
                         CARRY8 (Prop_CARRY8_S[3]_CO[7])
                                                      0.170     0.540 r  core/genblk1[0].lanes[0].lane/raw_q_reg[raw][sum_raw][7]_i_1/CO[7]
                         net (fo=1, unplaced)         0.005     0.545    core/genblk1[0].lanes[0].lane/raw_q_reg[raw][sum_raw][7]_i_1_n_0
                         CARRY8 (Prop_CARRY8_CI_CO[7])
                                                      0.022     0.567 r  core/genblk1[0].lanes[0].lane/raw_q_reg[raw][sum_raw][15]_i_1/CO[7]
                         net (fo=1, unplaced)         0.005     0.572    core/genblk1[0].lanes[0].lane/raw_q_reg[raw][sum_raw][15]_i_1_n_0
                         CARRY8 (Prop_CARRY8_CI_O[2])
                                                      0.067     0.639 r  core/genblk1[0].lanes[0].lane/raw_q_reg[raw][sum_raw][23]_i_1/O[2]
                         net (fo=2, unplaced)         0.187     0.826    core/genblk1[0].lanes[0].lane/raw_q_reg[raw][sum_raw][23]_i_1_n_13
                         LUT4 (Prop_LUT4_I0_O)        0.100     0.926 r  core/genblk1[0].lanes[0].lane/raw_q[nonzero_group][2]_i_2/O
                         net (fo=1, unplaced)         0.185     1.111    core/genblk1[0].lanes[0].lane/raw_q[nonzero_group][2]_i_2_n_0
                         LUT4 (Prop_LUT4_I3_O)        0.038     1.149 r  core/genblk1[0].lanes[0].lane/raw_q[nonzero_group][2]_i_1/O
                         net (fo=1, unplaced)         0.048     1.197    core/genblk1[0].lanes[0].lane/raw_q[nonzero_group][2]_i_1_n_0
                         FDRE                                         r  core/genblk1[0].lanes[0].lane/raw_q_reg[nonzero_group][2]/D
  -------------------------------------------------------------------    -------------------

                         (clock core_clk rise edge)
                                                      4.000     4.000 r  
                                                      0.000     4.000 r  clk (IN)
                         net (fo=29010, unset)        0.021     4.021    core/genblk1[0].lanes[0].lane/clk
                         FDRE                                         r  core/genblk1[0].lanes[0].lane/raw_q_reg[nonzero_group][2]/C
                         clock pessimism              0.000     4.021    
                         clock uncertainty           -0.035     3.986    
                         FDRE (Setup_FDRE_C_D)        0.025     4.011    core/genblk1[0].lanes[0].lane/raw_q_reg[nonzero_group][2]
  -------------------------------------------------------------------
                         required time                          4.011    
                         arrival time                          -1.197    
  -------------------------------------------------------------------
                         slack                                  2.814    





