Copyright 1986-2022 Xilinx, Inc. All Rights Reserved.
------------------------------------------------------------------------------------------------------------------------
| Tool Version      : Vivado v.2022.2 (win64) Build 3671981 Fri Oct 14 05:00:03 MDT 2022
| Date              : Wed Sep 30 18:07:57 2026
| Host              : FLY running 64-bit major release  (build 9200)
| Command           : report_timing -to [get_cells -quiet -hier -filter {NAME =~ *s0_reg*}] -max_paths 1 -return_string
| Design            : DEQACC_3_3ns_timing_shell
| Device            : xcu50-fsvh2104
| Speed File        : -2  PRODUCTION 1.30 05-01-2022
| Temperature Grade : E
------------------------------------------------------------------------------------------------------------------------

Timing Report

Slack (MET) :             2.056ns  (required time - arrival time)
  Source:                 rsp_q_reg[psum][0][10][2]/C
                            (rising edge-triggered cell FDRE clocked by core_clk  {rise@0.000ns fall@2.000ns period=4.000ns})
  Destination:            core/s0_reg[0][10][is_zero]_srl2/D
                            (rising edge-triggered cell SRL16E clocked by core_clk  {rise@0.000ns fall@2.000ns period=4.000ns})
  Path Group:             core_clk
  Path Type:              Setup (Max at Slow Process Corner)
  Requirement:            4.000ns  (core_clk rise@4.000ns - core_clk rise@0.000ns)
  Data Path Delay:        1.862ns  (logic 0.744ns (39.957%)  route 1.118ns (60.043%))
  Logic Levels:           7  (CARRY8=2 LUT1=1 LUT4=1 LUT5=1 LUT6=2)
  Clock Path Skew:        0.013ns (DCD - SCD + CPR)
    Destination Clock Delay (DCD):    0.043ns = ( 4.043 - 4.000 ) 
    Source Clock Delay      (SCD):    0.030ns
    Clock Pessimism Removal (CPR):    0.000ns
  Clock Uncertainty:      0.035ns  ((TSJ^2 + TIJ^2)^1/2 + DJ) / 2 + PE
    Total System Jitter     (TSJ):    0.071ns
    Total Input Jitter      (TIJ):    0.000ns
    Discrete Jitter          (DJ):    0.000ns
    Phase Error              (PE):    0.000ns

    Location             Delay type                Incr(ns)  Path(ns)    Netlist Resource(s)
  -------------------------------------------------------------------    -------------------
                         (clock core_clk rise edge)
                                                      0.000     0.000 r  
                                                      0.000     0.000 r  clk (IN)
                         net (fo=29010, unset)        0.030     0.030    clk
                         FDRE                                         r  rsp_q_reg[psum][0][10][2]/C
  -------------------------------------------------------------------    -------------------
                         FDRE (Prop_FDRE_C_Q)         0.077     0.107 f  rsp_q_reg[psum][0][10][2]/Q
                         net (fo=5, unplaced)         0.155     0.262    core/magnitude_q_reg[0][10][mag][1]_0[2]
                         LUT1 (Prop_LUT1_I0_O)        0.037     0.299 r  core/magnitude_q[0][10][mag][8]_i_10/O
                         net (fo=1, unplaced)         0.023     0.322    core/magnitude_q[0][10][mag][8]_i_10_n_0
                         CARRY8 (Prop_CARRY8_S[1]_CO[7])
                                                      0.197     0.519 r  core/magnitude_q_reg[0][10][mag][8]_i_2/CO[7]
                         net (fo=1, unplaced)         0.005     0.524    core/magnitude_q_reg[0][10][mag][8]_i_2_n_0
                         CARRY8 (Prop_CARRY8_CI_O[4])
                                                      0.086     0.610 f  core/magnitude_q_reg[0][10][mag][16]_i_2/O[4]
                         net (fo=4, unplaced)         0.197     0.807    core/magnitude_q_reg[0][10][mag][16]_i_2_n_11
                         LUT4 (Prop_LUT4_I0_O)        0.139     0.946 f  core/magnitude_q[0][10][lead][3]_i_13/O
                         net (fo=2, unplaced)         0.185     1.131    core/magnitude_q[0][10][lead][3]_i_13_n_0
                         LUT5 (Prop_LUT5_I4_O)        0.070     1.201 f  core/magnitude_q[0][10][lead][3]_i_12/O
                         net (fo=2, unplaced)         0.141     1.342    core/magnitude_q[0][10][lead][3]_i_12_n_0
                         LUT6 (Prop_LUT6_I0_O)        0.100     1.442 r  core/s0_reg[0][10][is_zero]_srl2_i_5/O
                         net (fo=1, unplaced)         0.185     1.627    core/s0_reg[0][10][is_zero]_srl2_i_5_n_0
                         LUT6 (Prop_LUT6_I5_O)        0.038     1.665 r  core/s0_reg[0][10][is_zero]_srl2_i_1/O
                         net (fo=1, unplaced)         0.227     1.892    core/s0_reg[0][10][is_zero]_srl2_i_1_n_0
                         SRL16E                                       r  core/s0_reg[0][10][is_zero]_srl2/D
  -------------------------------------------------------------------    -------------------

                         (clock core_clk rise edge)
                                                      4.000     4.000 r  
                                                      0.000     4.000 r  clk (IN)
                         net (fo=29010, unset)        0.043     4.043    core/clk
                         SRL16E                                       r  core/s0_reg[0][10][is_zero]_srl2/CLK
                         clock pessimism              0.000     4.043    
                         clock uncertainty           -0.035     4.008    
                         SRL16E (Setup_SRL16E_CLK_D)
                                                     -0.060     3.948    core/s0_reg[0][10][is_zero]_srl2
  -------------------------------------------------------------------
                         required time                          3.948    
                         arrival time                          -1.892    
  -------------------------------------------------------------------
                         slack                                  2.056    





