Copyright 1986-2022 Xilinx, Inc. All Rights Reserved.
---------------------------------------------------------------------------------------------------------------------------------
| Tool Version      : Vivado v.2022.2 (win64) Build 3671981 Fri Oct 14 05:00:03 MDT 2022
| Date              : Wed Sep 30 18:07:56 2026
| Host              : FLY running 64-bit major release  (build 9200)
| Command           : report_timing -to [get_cells -quiet -hier -filter {NAME =~ *magnitude_q_reg*}] -max_paths 1 -return_string
| Design            : DEQACC_3_3ns_timing_shell
| Device            : xcu50-fsvh2104
| Speed File        : -2  PRODUCTION 1.30 05-01-2022
| Temperature Grade : E
---------------------------------------------------------------------------------------------------------------------------------

Timing Report

Slack (MET) :             1.794ns  (required time - arrival time)
  Source:                 rsp_q_reg[psum][1][7][2]/C
                            (rising edge-triggered cell FDRE clocked by core_clk  {rise@0.000ns fall@2.000ns period=4.000ns})
  Destination:            core/magnitude_q_reg[1][7][lead][1]/D
                            (rising edge-triggered cell FDRE clocked by core_clk  {rise@0.000ns fall@2.000ns period=4.000ns})
  Path Group:             core_clk
  Path Type:              Setup (Max at Slow Process Corner)
  Requirement:            4.000ns  (core_clk rise@4.000ns - core_clk rise@0.000ns)
  Data Path Delay:        2.187ns  (logic 0.663ns (30.315%)  route 1.524ns (69.685%))
  Logic Levels:           10  (CARRY8=2 LUT1=1 LUT2=1 LUT3=1 LUT5=2 LUT6=3)
  Clock Path Skew:        -0.009ns (DCD - SCD + CPR)
    Destination Clock Delay (DCD):    0.021ns = ( 4.021 - 4.000 ) 
    Source Clock Delay      (SCD):    0.030ns
    Clock Pessimism Removal (CPR):    0.000ns
  Clock Uncertainty:      0.035ns  ((TSJ^2 + TIJ^2)^1/2 + DJ) / 2 + PE
    Total System Jitter     (TSJ):    0.071ns
    Total Input Jitter      (TIJ):    0.000ns
    Discrete Jitter          (DJ):    0.000ns
    Phase Error              (PE):    0.000ns

    Location             Delay type                Incr(ns)  Path(ns)    Netlist Resource(s)
  -------------------------------------------------------------------    -------------------
                         (clock core_clk rise edge)
                                                      0.000     0.000 r  
                                                      0.000     0.000 r  clk (IN)
                         net (fo=29010, unset)        0.030     0.030    clk
                         FDRE                                         r  rsp_q_reg[psum][1][7][2]/C
  -------------------------------------------------------------------    -------------------
                         FDRE (Prop_FDRE_C_Q)         0.077     0.107 f  rsp_q_reg[psum][1][7][2]/Q
                         net (fo=3, unplaced)         0.143     0.250    rsp_q_reg[psum_n_0_][1][7][2]
                         LUT1 (Prop_LUT1_I0_O)        0.037     0.287 r  magnitude_q[1][7][mag][8]_i_10/O
                         net (fo=1, unplaced)         0.023     0.310    magnitude_q[1][7][mag][8]_i_10_n_0
                         CARRY8 (Prop_CARRY8_S[1]_CO[7])
                                                      0.197     0.507 r  magnitude_q_reg[1][7][mag][8]_i_2/CO[7]
                         net (fo=1, unplaced)         0.005     0.512    magnitude_q_reg[1][7][mag][8]_i_2_n_0
                         CARRY8 (Prop_CARRY8_CI_O[4])
                                                      0.086     0.598 f  magnitude_q_reg[1][7][mag][16]_i_2/O[4]
                         net (fo=2, unplaced)         0.183     0.781    core/magnitude_q_reg[1][7][mag][16]_0[4]
                         LUT3 (Prop_LUT3_I0_O)        0.038     0.819 f  core/magnitude_q[1][7][mag][13]_i_1/O
                         net (fo=4, unplaced)         0.197     1.016    core/magnitude_q[1][7][mag][13]_i_1_n_0
                         LUT2 (Prop_LUT2_I1_O)        0.038     1.054 f  core/magnitude_q[1][7][lead][1]_i_8/O
                         net (fo=1, unplaced)         0.185     1.239    core/magnitude_q[1][7][lead][1]_i_8_n_0
                         LUT6 (Prop_LUT6_I5_O)        0.038     1.277 r  core/magnitude_q[1][7][lead][1]_i_6/O
                         net (fo=1, unplaced)         0.185     1.462    core/magnitude_q[1][7][lead][1]_i_6_n_0
                         LUT5 (Prop_LUT5_I4_O)        0.038     1.500 r  core/magnitude_q[1][7][lead][1]_i_5/O
                         net (fo=1, unplaced)         0.185     1.685    core/magnitude_q[1][7][lead][1]_i_5_n_0
                         LUT5 (Prop_LUT5_I4_O)        0.038     1.723 r  core/magnitude_q[1][7][lead][1]_i_4/O
                         net (fo=1, unplaced)         0.185     1.908    core/magnitude_q[1][7][lead][1]_i_4_n_0
                         LUT6 (Prop_LUT6_I5_O)        0.038     1.946 r  core/magnitude_q[1][7][lead][1]_i_3/O
                         net (fo=1, unplaced)         0.185     2.131    core/magnitude_q[1][7][lead][1]_i_3_n_0
                         LUT6 (Prop_LUT6_I5_O)        0.038     2.169 r  core/magnitude_q[1][7][lead][1]_i_1/O
                         net (fo=1, unplaced)         0.048     2.217    core/magnitude_q[1][7][lead][1]_i_1_n_0
                         FDRE                                         r  core/magnitude_q_reg[1][7][lead][1]/D
  -------------------------------------------------------------------    -------------------

                         (clock core_clk rise edge)
                                                      4.000     4.000 r  
                                                      0.000     4.000 r  clk (IN)
                         net (fo=29010, unset)        0.021     4.021    core/clk
                         FDRE                                         r  core/magnitude_q_reg[1][7][lead][1]/C
                         clock pessimism              0.000     4.021    
                         clock uncertainty           -0.035     3.986    
                         FDRE (Setup_FDRE_C_D)        0.025     4.011    core/magnitude_q_reg[1][7][lead][1]
  -------------------------------------------------------------------
                         required time                          4.011    
                         arrival time                          -2.217    
  -------------------------------------------------------------------
                         slack                                  1.794    





