Copyright 1986-2022 Xilinx, Inc. All Rights Reserved.
-----------------------------------------------------------------------------------------------------------------------------
| Tool Version      : Vivado v.2022.2 (win64) Build 3671981 Fri Oct 14 05:00:03 MDT 2022
| Date              : Wed Sep 30 18:07:57 2026
| Host              : FLY running 64-bit major release  (build 9200)
| Command           : report_timing -to [get_cells -quiet -hier -filter {NAME =~ *align_q_reg*}] -max_paths 1 -return_string
| Design            : DEQACC_3_3ns_timing_shell
| Device            : xcu50-fsvh2104
| Speed File        : -2  PRODUCTION 1.30 05-01-2022
| Temperature Grade : E
-----------------------------------------------------------------------------------------------------------------------------

Timing Report

Slack (MET) :             1.931ns  (required time - arrival time)
  Source:                 core/s2_reg[0][0][partial][25]/C
                            (rising edge-triggered cell FDSE clocked by core_clk  {rise@0.000ns fall@2.000ns period=4.000ns})
  Destination:            core/genblk1[0].lanes[0].lane/align_q_reg[pre][exponent][6]_srl2/D
                            (rising edge-triggered cell SRL16E clocked by core_clk  {rise@0.000ns fall@2.000ns period=4.000ns})
  Path Group:             core_clk
  Path Type:              Setup (Max at Slow Process Corner)
  Requirement:            4.000ns  (core_clk rise@4.000ns - core_clk rise@0.000ns)
  Data Path Delay:        1.987ns  (logic 0.590ns (29.693%)  route 1.397ns (70.307%))
  Logic Levels:           6  (CARRY8=1 LUT3=1 LUT4=2 LUT5=1 LUT6=1)
  Clock Path Skew:        0.013ns (DCD - SCD + CPR)
    Destination Clock Delay (DCD):    0.043ns = ( 4.043 - 4.000 ) 
    Source Clock Delay      (SCD):    0.030ns
    Clock Pessimism Removal (CPR):    0.000ns
  Clock Uncertainty:      0.035ns  ((TSJ^2 + TIJ^2)^1/2 + DJ) / 2 + PE
    Total System Jitter     (TSJ):    0.071ns
    Total Input Jitter      (TIJ):    0.000ns
    Discrete Jitter          (DJ):    0.000ns
    Phase Error              (PE):    0.000ns

    Location             Delay type                Incr(ns)  Path(ns)    Netlist Resource(s)
  -------------------------------------------------------------------    -------------------
                         (clock core_clk rise edge)
                                                      0.000     0.000 r  
                                                      0.000     0.000 r  clk (IN)
                         net (fo=29010, unset)        0.030     0.030    core/clk
                         FDSE                                         r  core/s2_reg[0][0][partial][25]/C
  -------------------------------------------------------------------    -------------------
                         FDSE (Prop_FDSE_C_Q)         0.077     0.107 r  core/s2_reg[0][0][partial][25]/Q
                         net (fo=10, unplaced)        0.125     0.232    core/genblk1[0].lanes[0].lane/partial_value[25]
                         LUT4 (Prop_LUT4_I0_O)        0.100     0.332 r  core/genblk1[0].lanes[0].lane/order_q[pre][big_x][26]_i_11/O
                         net (fo=2, unplaced)         0.185     0.517    core/genblk1[0].lanes[0].lane/order_q[pre][big_x][26]_i_11_n_0
                         LUT5 (Prop_LUT5_I1_O)        0.038     0.555 r  core/genblk1[0].lanes[0].lane/align_q_reg[pre][exponent][0]_srl2_i_4/O
                         net (fo=6, unplaced)         0.207     0.762    core/genblk1[0].lanes[0].lane/align_q_reg[pre][exponent][0]_srl2_i_4_n_0
                         LUT4 (Prop_LUT4_I1_O)        0.070     0.832 r  core/genblk1[0].lanes[0].lane/align_q_reg[pre][exponent][0]_srl2_i_8/O
                         net (fo=1, unplaced)         0.242     1.074    core/genblk1[0].lanes[0].lane/align_q_reg[pre][exponent][0]_srl2_i_8_n_0
                         CARRY8 (Prop_CARRY8_DI[0]_CO[3])
                                                      0.182     1.256 r  core/genblk1[0].lanes[0].lane/align_q_reg[pre][exponent][0]_srl2_i_3/CO[3]
                         net (fo=4, unplaced)         0.149     1.405    core/genblk1[0].lanes[0].lane/p_1_in2_in
                         LUT6 (Prop_LUT6_I0_O)        0.053     1.458 r  core/genblk1[0].lanes[0].lane/order_q[pre][big_x][26]_i_3/O
                         net (fo=68, unplaced)        0.262     1.720    core/genblk1[0].lanes[0].lane/order_q[pre][big_x][26]_i_3_n_0
                         LUT3 (Prop_LUT3_I1_O)        0.070     1.790 r  core/genblk1[0].lanes[0].lane/align_q_reg[pre][exponent][6]_srl2_i_1/O
                         net (fo=1, unplaced)         0.227     2.017    core/genblk1[0].lanes[0].lane/order_d[pre][exponent][6]
                         SRL16E                                       r  core/genblk1[0].lanes[0].lane/align_q_reg[pre][exponent][6]_srl2/D
  -------------------------------------------------------------------    -------------------

                         (clock core_clk rise edge)
                                                      4.000     4.000 r  
                                                      0.000     4.000 r  clk (IN)
                         net (fo=29010, unset)        0.043     4.043    core/genblk1[0].lanes[0].lane/clk
                         SRL16E                                       r  core/genblk1[0].lanes[0].lane/align_q_reg[pre][exponent][6]_srl2/CLK
                         clock pessimism              0.000     4.043    
                         clock uncertainty           -0.035     4.008    
                         SRL16E (Setup_SRL16E_CLK_D)
                                                     -0.060     3.948    core/genblk1[0].lanes[0].lane/align_q_reg[pre][exponent][6]_srl2
  -------------------------------------------------------------------
                         required time                          3.948    
                         arrival time                          -2.017    
  -------------------------------------------------------------------
                         slack                                  1.931    





