Copyright 1986-2022 Xilinx, Inc. All Rights Reserved.
---------------------------------------------------------------------------------------------------------------------------------
| Tool Version      : Vivado v.2022.2 (win64) Build 3671981 Fri Oct 14 05:00:03 MDT 2022
| Date              : Wed Sep 30 18:07:58 2026
| Host              : FLY running 64-bit major release  (build 9200)
| Command           : report_timing -to [get_cells -quiet -hier -filter {NAME =~ *acc_store*banks*}] -max_paths 1 -return_string
| Design            : DEQACC_3_3ns_timing_shell
| Device            : xcu50-fsvh2104
| Speed File        : -2  PRODUCTION 1.30 05-01-2022
| Temperature Grade : E
---------------------------------------------------------------------------------------------------------------------------------

Timing Report

Slack (MET) :             1.832ns  (required time - arrival time)
  Source:                 core/context_q_reg[1][meta][add_old]/C
                            (rising edge-triggered cell FDRE clocked by core_clk  {rise@0.000ns fall@2.000ns period=4.000ns})
  Destination:            core/acc_store/banks[2].parity[0].ram/mem_reg_0/ENARDEN
                            (rising edge-triggered cell RAMB36E2 clocked by core_clk  {rise@0.000ns fall@2.000ns period=4.000ns})
  Path Group:             core_clk
  Path Type:              Setup (Max at Slow Process Corner)
  Requirement:            4.000ns  (core_clk rise@4.000ns - core_clk rise@0.000ns)
  Data Path Delay:        1.800ns  (logic 0.369ns (20.500%)  route 1.431ns (79.500%))
  Logic Levels:           6  (LUT2=3 LUT5=1 LUT6=2)
  Clock Path Skew:        0.009ns (DCD - SCD + CPR)
    Destination Clock Delay (DCD):    0.039ns = ( 4.039 - 4.000 ) 
    Source Clock Delay      (SCD):    0.030ns
    Clock Pessimism Removal (CPR):    0.000ns
  Clock Uncertainty:      0.035ns  ((TSJ^2 + TIJ^2)^1/2 + DJ) / 2 + PE
    Total System Jitter     (TSJ):    0.071ns
    Total Input Jitter      (TIJ):    0.000ns
    Discrete Jitter          (DJ):    0.000ns
    Phase Error              (PE):    0.000ns

    Location             Delay type                Incr(ns)  Path(ns)    Netlist Resource(s)
  -------------------------------------------------------------------    -------------------
                         (clock core_clk rise edge)
                                                      0.000     0.000 r  
                                                      0.000     0.000 r  clk (IN)
                         net (fo=29010, unset)        0.030     0.030    core/clk
                         FDRE                                         r  core/context_q_reg[1][meta][add_old]/C
  -------------------------------------------------------------------    -------------------
                         FDRE (Prop_FDRE_C_Q)         0.077     0.107 f  core/context_q_reg[1][meta][add_old]/Q
                         net (fo=3, unplaced)         0.143     0.250    core/acc_store/banks[1].parity[1].ram/context_q_reg[1][meta][add_old]__0
                         LUT2 (Prop_LUT2_I1_O)        0.038     0.288 f  core/acc_store/banks[1].parity[1].ram/rd_sel_q[1]_i_1/O
                         net (fo=101, unplaced)       0.271     0.559    core/acc_store/banks[1].parity[1].ram/rd_valid
                         LUT5 (Prop_LUT5_I0_O)        0.070     0.629 f  core/acc_store/banks[1].parity[1].ram/result_rd_ready_i_3/O
                         net (fo=1, unplaced)         0.185     0.814    core/acc_store/banks[1].parity[1].ram/result_rd_ready220_out
                         LUT6 (Prop_LUT6_I3_O)        0.038     0.852 r  core/acc_store/banks[1].parity[1].ram/result_rd_ready_i_1/O
                         net (fo=2, unplaced)         0.185     1.037    core/acc_store/banks[1].parity[1].ram/rd_ready_i
                         LUT2 (Prop_LUT2_I1_O)        0.038     1.075 r  core/acc_store/banks[1].parity[1].ram/result_sel_q[1]_i_1/O
                         net (fo=6, unplaced)         0.207     1.282    core/acc_store/banks[2].parity[1].ram/p_25_in
                         LUT6 (Prop_LUT6_I5_O)        0.038     1.320 r  core/acc_store/banks[2].parity[1].ram/mem_reg_0_i_94/O
                         net (fo=4, unplaced)         0.197     1.517    core/acc_store/banks[2].parity[0].ram/rd_en0
                         LUT2 (Prop_LUT2_I0_O)        0.070     1.587 r  core/acc_store/banks[2].parity[0].ram/mem_reg_0_i_1/O
                         net (fo=8, unplaced)         0.243     1.830    core/acc_store/banks[2].parity[0].ram/data_q0
                         RAMB36E2                                     r  core/acc_store/banks[2].parity[0].ram/mem_reg_0/ENARDEN
  -------------------------------------------------------------------    -------------------

                         (clock core_clk rise edge)
                                                      4.000     4.000 r  
                                                      0.000     4.000 r  clk (IN)
                         net (fo=29010, unset)        0.039     4.039    core/acc_store/banks[2].parity[0].ram/clk
                         RAMB36E2                                     r  core/acc_store/banks[2].parity[0].ram/mem_reg_0/CLKARDCLK
                         clock pessimism              0.000     4.039    
                         clock uncertainty           -0.035     4.004    
                         RAMB36E2 (Setup_RAMB36E2_CLKARDCLK_ENARDEN)
                                                     -0.342     3.662    core/acc_store/banks[2].parity[0].ram/mem_reg_0
  -------------------------------------------------------------------
                         required time                          3.662    
                         arrival time                          -1.830    
  -------------------------------------------------------------------
                         slack                                  1.832    





